 ebootnd

 Timestamp is 51ede8b6 (Tue Jul 23 10:21:42 2013)

 Preferred load address is 00000000

 Start         Length     Name                   Class
 0001:00000000 00000250H .astart                 CODE
 0001:00000250 0000f7c4H .rdata                  CODE
 0001:0000fa14 00000024H .rdata$debug            CODE
 0001:0000fa38 0001d290H .text                   CODE
 0001:0002ccc8 0000007cH .xdata                  CODE
 0001:0002cd44 00000000H .edata                  CODE
 0002:00000000 0000106bH .data                   DATA
 0002:00001080 0003fc58H .bss                    DATA
 0003:00000000 00000e88H .pdata                  DATA

  Address         Publics by Value              Rva+Base       Lib:Object

 0000:00000000       ___safe_se_handler_table   00000000     <absolute>
 0000:00000000       ___safe_se_handler_count   00000000     <absolute>
 0001:00000000       StartUp                    00001000 f   startup.obj
 0001:000000e0       g_oalAddressTable          000010e0     startup.obj
 0001:00000188       g_oalAddressTableHynix     00001188     startup.obj
 0001:0000026c       ??_C@_1BK@GNCICGCB@?$AAN?$AAK?$AA?5?$AAf?$AAr?$AAo?$AAm?$AA?5?$AAN?$AAA?$AAN?$AAD?$AA?$AA@ 0000126c     main.obj
 0001:00000288       ??_C@_1BK@NKDLNHPK@?$AAU?$AAS?$AAB?$AAF?$AAn?$AA?5?$AAR?$AAN?$AAD?$AAI?$AAS?$AA?5?$AA?$AA@ 00001288     main.obj
 0001:000002a4       ??_C@_1BI@OOCKPHGK@?$AAL?$AAA?$AAN?$AA9?$AA1?$AA1?$AA5?$AA?5?$AAM?$AAA?$AAC?$AA?$AA@ 000012a4     main.obj
 0001:00000350       dwEbootECCtype             00001350     main.obj
 0001:000004f0       ??_C@_1DO@MGHPPPEE@?$AAT?$AAP?$AAS?$AA6?$AA5?$AA9?$AAX?$AAX?$AA?5?$AAV?$AAe?$AAr?$AAs?$AAi?$AAo?$AAn?$AA?5?$AA0?$AAx?$AA?$CF?$AA0?$AA2?$AAx?$AA?5?$AA?$CI?$AA?$CF?$AAs?$AA?$CJ?$AA?$AN?$AA?6?$AA?$AA@ 000014f0     main.obj
 0001:00000530       ??_C@_1M@OIJGKENB@?$AAE?$AAS?$AA1?$AA?4?$AA3?$AA?$AA@ 00001530     main.obj
 0001:00000540       ??_C@_1EE@KGKCAFPP@?$AAI?$AAN?$AAF?$AAO?$AA?3?$AA?5?$AAU?$AAn?$AAK?$AAn?$AAo?$AAw?$AAn?$AA?5?$AAC?$AAP?$AAU?$AA?5?$AAf?$AAa?$AAm?$AAi?$AAl?$AAy?$AA?3?$AA?$CF?$AAd?$AA?4?$AA?4?$AA?4?$AA?4?$AA?$AN@ 00001540     main.obj
 0001:00000584       ??_C@_08DGJGOJCE@EVM3530?9?$AA@ 00001584     main.obj
 0001:00000590       ??_C@_08EMFGLKEE@EVM3730?9?$AA@ 00001590     main.obj
 0001:000005a0       ??_C@_1EE@EMFEEPJF@?$AA?$AN?$AA?6?$AAT?$AAI?$AA?5?$AAO?$AAM?$AAA?$AAP?$AA?$CF?$AAx?$AA?5?$AAV?$AAe?$AAr?$AAs?$AAi?$AAo?$AAn?$AA?5?$AA0?$AAx?$AA?$CF?$AA0?$AA8?$AAx?$AA?5?$AA?$CI?$AA?$CF?$AAs?$AA?$CJ?$AA?$AN@ 000015a0     main.obj
 0001:000005e4       ??_C@_1BA@LEPJIIOK@?$AAU?$AAn?$AAk?$AAn?$AAo?$AAw?$AAn?$AA?$AA@ 000015e4     main.obj
 0001:000005f4       ??_C@_1M@FACKMDLE@?$AAE?$AAS?$AA1?$AA?4?$AA2?$AA?$AA@ 000015f4     main.obj
 0001:00000600       ??_C@_1M@ECJPGMFK@?$AAE?$AAS?$AA1?$AA?4?$AA1?$AA?$AA@ 00001600     main.obj
 0001:0000060c       ??_C@_1M@LKGLCH@?$AAE?$AAS?$AA3?$AA?4?$AA1?$AA?$AA@ 0000160c     main.obj
 0001:00000618       ??_C@_1M@LIAGAMEC@?$AAE?$AAS?$AA3?$AA?4?$AA0?$AA?$AA@ 00001618     main.obj
 0001:00000624       ??_C@_1DO@OPHFFOFA@?$AAE?$AAS?$AA2?$AA?4?$AA1?$AA?0?$AA?5?$AAI?$AAD?$AA?5?$AAd?$AAe?$AAt?$AAe?$AAr?$AAm?$AAi?$AAn?$AAe?$AAd?$AA?5?$AAu?$AAs?$AAi?$AAn?$AAg?$AA?5?$AAC?$AAR?$AAC?$AA?$AA@ 00001624     main.obj
 0001:00000664       ??_C@_1DO@OONAPHOG@?$AAE?$AAS?$AA2?$AA?4?$AA0?$AA?0?$AA?5?$AAI?$AAD?$AA?5?$AAd?$AAe?$AAt?$AAe?$AAr?$AAm?$AAi?$AAn?$AAe?$AAd?$AA?5?$AAu?$AAs?$AAi?$AAn?$AAg?$AA?5?$AAC?$AAR?$AAC?$AA?$AA@ 00001664     main.obj
 0001:000006a4       ??_C@_1M@MMBAGLLJ@?$AAE?$AAS?$AA2?$AA?4?$AA1?$AA?$AA@ 000016a4     main.obj
 0001:000006b0       ??_C@_1M@HEKMAMNM@?$AAE?$AAS?$AA2?$AA?4?$AA0?$AA?$AA@ 000016b0     main.obj
 0001:000006bc       ??_C@_1M@PKCDALDP@?$AAE?$AAS?$AA1?$AA?4?$AA0?$AA?$AA@ 000016bc     main.obj
 0001:000006c8       ??_C@_08MENJEDLA@13?344?327?$AA@ 000016c8     main.obj
 0001:000006d4       ??_C@_0M@JNJBOCHA@Jul?522?52013?$AA@ 000016d4     main.obj
 0001:000006e0       ??_C@_1IC@KJJJBEEJ@?$AAZ?$AAE?$AAB?$AAE?$AAX?$AA?5?$AAW?$AAi?$AAn?$AAd?$AAo?$AAw?$AAs?$AA?5?$AAC?$AAE?$AA?5?$AAE?$AAB?$AAO?$AAO?$AAT?$AA?5?$AAf?$AAo?$AAr?$AA?5?$AAZ?$AA?9?$AA2?$AA1?$AA7@ 000016e0     main.obj
 0001:00000764       ??_C@_1CK@FDDKFJJE@?$AA?9?$AAO?$AAE?$AAM?$AAM?$AAu?$AAl?$AAt?$AAi?$AAB?$AAi?$AAn?$AAN?$AAo?$AAt?$AAi?$AAf?$AAy?$AA?$AN?$AA?6?$AA?$AA@ 00001764     main.obj
 0001:00000790       ??_C@_1CG@JHMEBKAH@?$AAS?$AAp?$AAi?$AAn?$AA?5?$AAf?$AAo?$AAr?$AA?5?$AAe?$AAv?$AAe?$AAr?$AA?4?$AA?4?$AA?4?$AA?$AN?$AA?6?$AA?$AA@ 00001790     main.obj
 0001:000007b8       ??_C@_1DC@FNKKGJOD@?$AAD?$AAo?$AAw?$AAn?$AAl?$AAo?$AAa?$AAd?$AA?5?$AAf?$AAi?$AAl?$AAe?$AA?5?$AAt?$AAy?$AAp?$AAe?$AA?3?$AA?5?$AA?$CF?$AAd?$AA?$AN?$AA?6?$AA?$AA@ 000017b8     main.obj
 0001:000007ec       ??_C@_1DM@CJMKOEPD@?$AAU?$AAn?$AAs?$AAu?$AAp?$AAp?$AAo?$AAr?$AAt?$AAe?$AAd?$AA?5?$AAd?$AAo?$AAw?$AAn?$AAl?$AAo?$AAa?$AAd?$AAe?$AAd?$AA?5?$AAf?$AAi?$AAl?$AAe?$AA?$AN?$AA?6?$AA?$AA@ 000017ec     main.obj
 0001:00000828       ??_C@_08CMMENMPK@logo?4nb0?$AA@ 00001828     main.obj
 0001:00000838       ??_C@_1FC@BJIBFLEA@?$AAE?$AAR?$AAR?$AAO?$AAR?$AA?3?$AA?5?$AAM?$AAu?$AAl?$AAt?$AAi?$AAX?$AAI?$AAP?$AA?5?$AAi?$AAm?$AAa?$AAg?$AAe?$AA?5?$AAi?$AAs?$AA?5?$AAn?$AAo?$AAt?$AA?5?$AAs?$AAu?$AAp@ 00001838     main.obj
 0001:00000890       ??_C@_1GG@NLHBBJNL@?$AA?$FL?$AA?$CF?$AAd?$AA?$FN?$AA?3?$AA?5?$AAA?$AAd?$AAd?$AAr?$AAe?$AAs?$AAs?$AA?$DN?$AA0?$AAx?$AA?$CF?$AA0?$AA8?$AAx?$AA?5?$AA?5?$AAL?$AAe?$AAn?$AAg?$AAt?$AAh?$AA?$DN?$AA0?$AAx?$AA?$CF@ 00001890     main.obj
 0001:000008f8       ??_C@_1HM@MNPMBDFE@?$AA?9?$AA?9?$AA?9?$AA?9?$AA?9?$AA?9?$AA?9?$AA?9?$AA?9?$AA?9?$AA?9?$AA?9?$AA?9?$AA?9?$AA?9?$AA?9?$AA?9?$AA?9?$AA?9?$AA?9?$AA?9?$AA?9?$AA?9?$AA?9?$AA?9?$AA?9?$AA?9?$AA?9?$AA?9?$AA?9?$AA?9?$AA?9@ 000018f8     main.obj
 0001:00000974       ??_C@_1DK@OFMGKCPE@?$AAD?$AAo?$AAw?$AAn?$AAl?$AAo?$AAa?$AAd?$AA?5?$AAf?$AAi?$AAl?$AAe?$AA?5?$AAi?$AAn?$AAf?$AAo?$AAr?$AAm?$AAa?$AAt?$AAi?$AAo?$AAn?$AA?3?$AA?$AN?$AA?6?$AA?$AA@ 00001974     main.obj
 0001:000009b0       ??_C@_1GC@BMCFFGLH@?$AAE?$AAR?$AAR?$AAO?$AAR?$AA?3?$AA?5?$AAO?$AAE?$AAM?$AAM?$AAa?$AAp?$AAM?$AAe?$AAm?$AAA?$AAd?$AAd?$AAr?$AA?3?$AA?5?$AAI?$AAn?$AAv?$AAa?$AAl?$AAi?$AAd?$AA?5?$AAd?$AAo@ 000019b0     main.obj
 0001:00000a14       ??_C@_1DG@FBKAGMKG@?$AA?9?$AAO?$AAE?$AAM?$AAI?$AAs?$AAF?$AAl?$AAa?$AAs?$AAh?$AAA?$AAd?$AAd?$AAr?$AA?$CI?$AAr?$AAc?$AA?5?$AA?$DN?$AA?5?$AA?$CF?$AAd?$AA?$CJ?$AA?$AN?$AA?6?$AA?$AA@ 00001a14     main.obj
 0001:00000a4c       ??_C@_1DE@JMLJAABG@?$AA?$CL?$AAO?$AAE?$AAM?$AAI?$AAs?$AAF?$AAl?$AAa?$AAs?$AAh?$AAA?$AAd?$AAd?$AAr?$AA?$CI?$AA0?$AAx?$AA?$CF?$AA0?$AA8?$AAx?$AA?$CJ?$AA?$AN?$AA?6?$AA?$AA@ 00001a4c     main.obj
 0001:00000a80       ??_C@_13JOFGPIOO@?$AA?4?$AA?$AA@ 00001a80     main.obj
 0001:00000a88       ??_C@_1KM@MLNPCLLF@?$AA?$AN?$AA?6?$AA?$DO?$AA?$DO?$AA?$DO?$AA?5?$AAF?$AAo?$AAr?$AAc?$AAi?$AAn?$AAg?$AA?5?$AAc?$AAo?$AAl?$AAd?$AA?5?$AAb?$AAo?$AAo?$AAt?$AA?5?$AA?$CI?$AAn?$AAo?$AAn?$AA?9?$AAp?$AAe?$AAr@ 00001a88     main.obj
 0001:00000b34       ??_C@_1O@HJKNOJA@?$AAn?$AAk?$AA?4?$AAb?$AAi?$AAn?$AA?$AA@ 00001b34     main.obj
 0001:00000b48       ??_C@_1EC@IFKCAMGN@?$AAI?$AAN?$AAF?$AAO?$AA?3?$AA?5?$AAS?$AAW?$AA4?$AA?5?$AAb?$AAo?$AAo?$AAt?$AA?5?$AAs?$AAe?$AAt?$AAt?$AAi?$AAn?$AAg?$AA?3?$AA?5?$AA0?$AAx?$AA?$CF?$AA0?$AA2?$AAx?$AA?$AN?$AA?6@ 00001b48     main.obj
 0001:00000b90       ??_C@_1GC@MEIINOMM@?$AAW?$AAA?$AAR?$AAN?$AA?3?$AA?5?$AAB?$AAo?$AAo?$AAt?$AA?5?$AAc?$AAo?$AAn?$AAf?$AAi?$AAg?$AA?5?$AAw?$AAa?$AAs?$AAn?$AA?8?$AAt?$AA?5?$AAf?$AAo?$AAu?$AAn?$AAd?$AA?0?$AA?5@ 00001b90     main.obj
 0001:00000bf8       ??_C@_1EC@IBPJNEAL@?$AAI?$AAN?$AAF?$AAO?$AA?3?$AA?5?$AAB?$AAo?$AAo?$AAt?$AA?5?$AAc?$AAo?$AAn?$AAf?$AAi?$AAg?$AAu?$AAr?$AAa?$AAt?$AAi?$AAo?$AAn?$AA?5?$AAf?$AAo?$AAu?$AAn?$AAd?$AA?$AN?$AA?6@ 00001bf8     main.obj
 0001:00000c3c       ??_C@_1DG@MGGFAEHB@?$AAI?$AAN?$AAF?$AAO?$AA?3?$AA?5?$AAP?$AAr?$AAe?$AAd?$AAo?$AAw?$AAn?$AAl?$AAo?$AAa?$AAd?$AA?4?$AA?4?$AA?4?$AA?4?$AA?4?$AA?4?$AA?4?$AA?$AN?$AA?6?$AA?$AA@ 00001c3c     main.obj
 0001:00000c78       ??_C@_1GI@OMOEGIPN@?$AAL?$AAa?$AAu?$AAn?$AAc?$AAh?$AA?5?$AAW?$AAi?$AAn?$AAd?$AAo?$AAw?$AAs?$AA?5?$AAC?$AAE?$AA?5?$AAi?$AAm?$AAa?$AAg?$AAe?$AA?5?$AAb?$AAy?$AA?5?$AAj?$AAu?$AAm?$AAp?$AAi@ 00001c78     main.obj
 0001:00000ce0       ??_C@_1HO@MGHNOKAM@?$AAE?$AAR?$AAR?$AAO?$AAR?$AA?3?$AA?5?$AAO?$AAE?$AAM?$AAL?$AAa?$AAu?$AAn?$AAc?$AAh?$AA?3?$AA?5?$AAU?$AAn?$AAk?$AAn?$AAo?$AAw?$AAn?$AA?5?$AAi?$AAm?$AAa?$AAg?$AAe?$AA?5@ 00001ce0     main.obj
 0001:00000d60       ??_C@_1GE@FBKDALPO@?$AAE?$AAR?$AAR?$AAO?$AAR?$AA?3?$AA?5?$AAO?$AAE?$AAM?$AAL?$AAa?$AAu?$AAn?$AAc?$AAh?$AA?3?$AA?5?$AAF?$AAl?$AAa?$AAs?$AAh?$AA?5?$AAN?$AAK?$AA?4?$AAb?$AAi?$AAn?$AA?5?$AAf@ 00001d60     main.obj
 0001:00000dc8       ??_C@_1HA@PPNIDEHG@?$AAE?$AAR?$AAR?$AAO?$AAR?$AA?3?$AA?5?$AAO?$AAE?$AAM?$AAL?$AAa?$AAu?$AAn?$AAc?$AAh?$AA?3?$AA?5?$AAU?$AAn?$AAk?$AAn?$AAo?$AAw?$AAn?$AA?5?$AAd?$AAo?$AAw?$AAn?$AAl?$AAo@ 00001dc8     main.obj
 0001:00000e38       ??_C@_1GA@LEGMELFL@?$AAI?$AAN?$AAF?$AAO?$AA?3?$AA?5?$AAX?$AAL?$AAD?$AAR?$AA?1?$AAE?$AAB?$AAO?$AAO?$AAT?$AA?1?$AAI?$AAP?$AAL?$AA?5?$AAd?$AAo?$AAw?$AAn?$AAl?$AAo?$AAa?$AAd?$AAe?$AAd?$AA?0@ 00001e38     main.obj
 0001:00000e98       ??_C@_1HA@LNJPPCBO@?$AAE?$AAR?$AAR?$AAO?$AAR?$AA?3?$AA?5?$AAO?$AAE?$AAM?$AAL?$AAa?$AAu?$AAn?$AAc?$AAh?$AA?3?$AA?5?$AAI?$AAm?$AAa?$AAg?$AAe?$AA?5?$AAl?$AAo?$AAa?$AAd?$AA?5?$AAf?$AAr?$AAo@ 00001e98     main.obj
 0001:00000f08       ??_C@_1GE@FFBNFJNC@?$AAI?$AAN?$AAF?$AAO?$AA?3?$AA?5?$AAS?$AAp?$AAl?$AAa?$AAs?$AAh?$AAc?$AAr?$AAe?$AAe?$AAn?$AA?5?$AAl?$AAo?$AAg?$AAo?$AA?5?$AAd?$AAo?$AAw?$AAn?$AAl?$AAo?$AAa?$AAd?$AAe@ 00001f08     main.obj
 0001:00000f70       ??_C@_1GK@MMIDCEGF@?$AA?$CL?$AAO?$AAE?$AAM?$AAL?$AAa?$AAu?$AAn?$AAc?$AAh?$AA?$CI?$AA0?$AAx?$AA?$CF?$AA0?$AA8?$AAx?$AA?0?$AA?5?$AA0?$AAx?$AA?$CF?$AA0?$AA8?$AAx?$AA?0?$AA?5?$AA0?$AAx?$AA?$CF?$AA0?$AA8@ 00001f70     main.obj
 0001:00001100       ??_C@_1HA@PBOCKLG@?$AAE?$AAR?$AAR?$AAO?$AAR?$AA?3?$AA?5?$AAB?$AAo?$AAo?$AAt?$AA?5?$AAd?$AAe?$AAv?$AAi?$AAc?$AAe?$AA?5?$AAd?$AAo?$AAe?$AAs?$AAn?$AA?8?$AAt?$AA?5?$AAe?$AAx?$AAi?$AAs?$AAt@ 00002100     eth.obj
 0001:00001170       ??_C@_1FK@GCLCJCHA@?$AAE?$AAR?$AAR?$AAO?$AAR?$AA?3?$AA?5?$AAE?$AAb?$AAo?$AAo?$AAt?$AAI?$AAn?$AAi?$AAt?$AAE?$AAt?$AAh?$AAe?$AAr?$AAT?$AAr?$AAa?$AAn?$AAs?$AAp?$AAo?$AAr?$AAt?$AA?5?$AAc@ 00002170     eth.obj
 0001:000011cc       ??_C@_1DO@DBOGGMNK@?$AAI?$AAN?$AAF?$AAO?$AA?3?$AA?5?$AA?$CK?$AA?$CK?$AA?$CK?$AA?5?$AAD?$AAe?$AAv?$AAi?$AAc?$AAe?$AA?5?$AAN?$AAa?$AAm?$AAe?$AA?5?$AA?$CF?$AAS?$AA?5?$AA?$CK?$AA?$CK?$AA?$CK?$AA?$AN?$AA?6?$AA?$AA@ 000021cc     eth.obj
 0001:00001210       ??_C@_1EA@FEAPGDEK@?$AAI?$AAN?$AAF?$AAO?$AA?3?$AA?5?$AAB?$AAo?$AAo?$AAt?$AA?5?$AAd?$AAe?$AAv?$AAi?$AAc?$AAe?$AA?5?$AAu?$AAs?$AAe?$AAs?$AA?5?$AAM?$AAA?$AAC?$AA?5?$AA?$CF?$AAs?$AA?$AN?$AA?6?$AA?$AA@ 00002210     eth.obj
 0001:00001250       ??_C@_1FK@FLKNKOOB@?$AAE?$AAR?$AAR?$AAO?$AAR?$AA?3?$AA?5?$AAB?$AAo?$AAo?$AAt?$AA?5?$AAd?$AAe?$AAv?$AAi?$AAc?$AAe?$AA?5?$AAd?$AAr?$AAi?$AAv?$AAe?$AAr?$AA?5?$AAI?$AAn?$AAi?$AAt?$AA?5?$AAc@ 00002250     eth.obj
 0001:000012b0       ??_C@_1GM@ODLKKIGI@?$AAE?$AAR?$AAR?$AAO?$AAR?$AA?3?$AA?5?$AAB?$AAo?$AAo?$AAt?$AA?5?$AAd?$AAe?$AAv?$AAi?$AAc?$AAe?$AA?5?$AAd?$AAr?$AAi?$AAv?$AAe?$AAr?$AA?5?$AAI?$AAn?$AAi?$AAt?$AAD?$AAm@ 000022b0     eth.obj
 0001:00001320       ??_C@_1FK@IBMDHDI@?$AAM?$AAP?$AAU?$AA?$FL?$AA1?$AA0?$AA0?$AA0?$AAM?$AAh?$AAz?$AA?5?$AA?$EA?$AA?5?$AA1?$AA?4?$AA3?$AA7?$AA5?$AAV?$AA?$FN?$AA?0?$AA?5?$AAI?$AAV?$AAA?$AA2?$AA?$FL?$AA8?$AA0?$AA0?$AAM@ 00002320     menu.obj
 0001:00001380       ??_C@_1FO@MCHCGGFD@?$AAM?$AAP?$AAU?$AA?$FL?$AA8?$AA0?$AA0?$AAM?$AAh?$AAz?$AA?5?$AA?5?$AA?$EA?$AA?5?$AA1?$AA?4?$AA2?$AA6?$AA2?$AA5?$AAV?$AA?$FN?$AA?0?$AA?5?$AAI?$AAV?$AAA?$AA2?$AA?$FL?$AA6?$AA6?$AA0@ 00002380     menu.obj
 0001:000013e0       ??_C@_1FO@CAGHGIKC@?$AAM?$AAP?$AAU?$AA?$FL?$AA6?$AA0?$AA0?$AAM?$AAh?$AAz?$AA?5?$AA?5?$AA?$EA?$AA?5?$AA1?$AA?4?$AA1?$AA0?$AA0?$AA0?$AAV?$AA?$FN?$AA?0?$AA?5?$AAI?$AAV?$AAA?$AA2?$AA?$FL?$AA5?$AA2?$AA0@ 000023e0     menu.obj
 0001:00001440       ??_C@_1FO@ELABMNJD@?$AAM?$AAP?$AAU?$AA?$FL?$AA3?$AA0?$AA0?$AAM?$AAh?$AAz?$AA?5?$AA?5?$AA?$EA?$AA?5?$AA0?$AA?4?$AA9?$AA3?$AA7?$AA5?$AAV?$AA?$FN?$AA?0?$AA?5?$AAI?$AAV?$AAA?$AA2?$AA?$FL?$AA2?$AA6?$AA0@ 00002440     menu.obj
 0001:000014a0       ??_C@_1FG@KPBOKIAA@?$AAM?$AAP?$AAU?$AA?$FL?$AA7?$AA2?$AA0?$AAh?$AAz?$AA?5?$AA?$EA?$AA?5?$AA1?$AA?4?$AA3?$AA5?$AA0?$AA0?$AAV?$AA?$FN?$AA?0?$AA?5?$AAI?$AAV?$AAA?$AA2?$AA?$FL?$AA5?$AA2?$AA0?$AAM?$AAh@ 000024a0     menu.obj
 0001:000014f8       ??_C@_1FI@GKLNGOFA@?$AAM?$AAP?$AAU?$AA?$FL?$AA6?$AA0?$AA0?$AAM?$AAh?$AAz?$AA?5?$AA?$EA?$AA?5?$AA1?$AA?4?$AA3?$AA5?$AA0?$AA0?$AAV?$AA?$FN?$AA?0?$AA?5?$AAI?$AAV?$AAA?$AA2?$AA?$FL?$AA4?$AA3?$AA0?$AAM@ 000024f8     menu.obj
 0001:00001550       ??_C@_1FI@GMIAOKFE@?$AAM?$AAP?$AAU?$AA?$FL?$AA5?$AA5?$AA0?$AAM?$AAh?$AAz?$AA?5?$AA?$EA?$AA?5?$AA1?$AA?4?$AA2?$AA7?$AA5?$AA0?$AAV?$AA?$FN?$AA?0?$AA?5?$AAI?$AAV?$AAA?$AA2?$AA?$FL?$AA4?$AA0?$AA0?$AAM@ 00002550     menu.obj
 0001:000015a8       ??_C@_1FI@LNIHINJA@?$AAM?$AAP?$AAU?$AA?$FL?$AA5?$AA0?$AA0?$AAM?$AAh?$AAz?$AA?5?$AA?$EA?$AA?5?$AA1?$AA?4?$AA2?$AA0?$AA0?$AA0?$AAV?$AA?$FN?$AA?0?$AA?5?$AAI?$AAV?$AAA?$AA2?$AA?$FL?$AA3?$AA6?$AA0?$AAM@ 000025a8     menu.obj
 0001:00001600       ??_C@_1FG@IMGDNCBP@?$AAM?$AAP?$AAU?$AA?$FL?$AA2?$AA5?$AA0?$AAM?$AAh?$AAz?$AA?5?$AA?$EA?$AA?5?$AA1?$AA?4?$AA0?$AA0?$AA0?$AAV?$AA?$FN?$AA?0?$AA?5?$AAI?$AAV?$AAA?$AA2?$AA?$FL?$AA1?$AA8?$AA0?$AAM?$AAh@ 00002600     menu.obj
 0001:00001658       ??_C@_1FI@HKFGBOFG@?$AAM?$AAP?$AAU?$AA?$FL?$AA1?$AA2?$AA5?$AAM?$AAh?$AAz?$AA?5?$AA?$EA?$AA?5?$AA0?$AA?4?$AA9?$AA7?$AA5?$AAV?$AA?$FN?$AA?0?$AA?5?$AAI?$AAV?$AAA?$AA2?$AA?$FL?$AA?5?$AA9?$AA0?$AAM?$AAh@ 00002658     menu.obj
 0001:000016b0       ??_C@_1BM@KBHAINFM@?$AAI?$AAn?$AAv?$AAa?$AAl?$AAi?$AAd?$AA?5?$AAE?$AAn?$AAt?$AAr?$AAy?$AA?$AA@ 000026b0     menu.obj
 0001:000016cc       ??_C@_1CE@BMIKEEML@?$AAD?$AAV?$AAI?$AA?5?$AA1?$AA2?$AA8?$AA0?$AAx?$AA7?$AA2?$AA0?$AA?5?$AA6?$AA0?$AAH?$AAz?$AA?$AA@ 000026cc     menu.obj
 0001:000016f0       ??_C@_1CE@LJDPDOKE@?$AAD?$AAV?$AAI?$AA?5?$AA1?$AA0?$AA2?$AA4?$AAx?$AA7?$AA6?$AA8?$AA?5?$AA6?$AA0?$AAH?$AAz?$AA?$AA@ 000026f0     menu.obj
 0001:00001714       ??_C@_1CE@NBKEBDGN@?$AAD?$AAV?$AAI?$AA?5?$AA?5?$AA8?$AA0?$AA0?$AAx?$AA6?$AA0?$AA0?$AA?5?$AA5?$AA6?$AAH?$AAz?$AA?$AA@ 00002714     menu.obj
 0001:00001738       ??_C@_1CE@PMPMKBOJ@?$AAD?$AAV?$AAI?$AA?5?$AA?5?$AA8?$AA0?$AA0?$AAx?$AA6?$AA0?$AA0?$AA?5?$AA6?$AA0?$AAH?$AAz?$AA?$AA@ 00002738     menu.obj
 0001:0000175c       ??_C@_1CE@IKDLFFCF@?$AAD?$AAV?$AAI?$AA?5?$AA?5?$AA8?$AA0?$AA0?$AAx?$AA4?$AA8?$AA0?$AA?5?$AA6?$AA0?$AAH?$AAz?$AA?$AA@ 0000275c     menu.obj
 0001:00001780       ??_C@_1CE@CECNFHDE@?$AAD?$AAV?$AAI?$AA?5?$AA?5?$AA6?$AA4?$AA0?$AAx?$AA4?$AA8?$AA0?$AA?5?$AA7?$AA2?$AAH?$AAz?$AA?$AA@ 00002780     menu.obj
 0001:000017a4       ??_C@_1CE@IJMKDLHH@?$AAD?$AAV?$AAI?$AA?5?$AA?5?$AA6?$AA4?$AA0?$AAx?$AA4?$AA8?$AA0?$AA?5?$AA6?$AA0?$AAH?$AAz?$AA?$AA@ 000027a4     menu.obj
 0001:000017c8       ??_C@_1CE@FKEPMAF@?$AAL?$AAC?$AAD?$AA?5?$AA?5?$AA4?$AA8?$AA0?$AAx?$AA6?$AA4?$AA0?$AA?5?$AA6?$AA0?$AAH?$AAz?$AA?$AA@ 000027c8     menu.obj
 0001:000017ec       ??_C@_1BE@FNAHCCDL@?$AAM?$AAa?$AAi?$AAn?$AA?5?$AAM?$AAe?$AAn?$AAu?$AA?$AA@ 000027ec     menu.obj
 0001:00001800       ??_C@_1CA@MOPOGELI@?$AAS?$AAe?$AAl?$AAe?$AAc?$AAt?$AA?5?$AAO?$AAP?$AAP?$AA?5?$AAM?$AAo?$AAd?$AAe?$AA?$AA@ 00002800     menu.obj
 0001:00001820       ??_C@_1DE@DBBLEEO@?$AAS?$AAe?$AAl?$AAe?$AAc?$AAt?$AA?5?$AAD?$AAi?$AAs?$AAp?$AAl?$AAa?$AAy?$AA?5?$AAR?$AAe?$AAs?$AAo?$AAl?$AAu?$AAt?$AAi?$AAo?$AAn?$AA?$AA@ 00002820     menu.obj
 0001:00001858       ??_C@_1EG@HMEOLENI@?$AAE?$AAn?$AAa?$AAb?$AAl?$AAe?$AA?1?$AAD?$AAi?$AAs?$AAa?$AAb?$AAl?$AAe?$AA?5?$AAO?$AAA?$AAL?$AA?5?$AAR?$AAe?$AAt?$AAa?$AAi?$AAl?$AA?5?$AAM?$AAe?$AAs?$AAs?$AAa?$AAg@ 00002858     menu.obj
 0001:000018a0       ??_C@_1BM@MOEMNNDE@?$AAS?$AAa?$AAv?$AAe?$AA?5?$AAS?$AAe?$AAt?$AAt?$AAi?$AAn?$AAg?$AAs?$AA?$AA@ 000028a0     menu.obj
 0001:000018bc       ??_C@_1BM@LAACEGCM@?$AAS?$AAe?$AAt?$AA?5?$AAD?$AAe?$AAv?$AAi?$AAc?$AAe?$AA?5?$AAI?$AAD?$AA?$AA@ 000028bc     menu.obj
 0001:000018d8       ??_C@_1CC@GBKCLJHP@?$AAF?$AAl?$AAa?$AAs?$AAh?$AA?5?$AAM?$AAa?$AAn?$AAa?$AAg?$AAe?$AAm?$AAe?$AAn?$AAt?$AA?$AA@ 000028d8     menu.obj
 0001:000018fc       ??_C@_1CC@PCCBMLKB@?$AAN?$AAe?$AAt?$AAw?$AAo?$AAr?$AAk?$AA?5?$AAS?$AAe?$AAt?$AAt?$AAi?$AAn?$AAg?$AAs?$AA?$AA@ 000028fc     menu.obj
 0001:00001920       ??_C@_1M@OPFBIOCF@?$AAD?$AAe?$AAb?$AAu?$AAg?$AA?$AA@ 00002920     menu.obj
 0001:0000192c       ??_C@_1DG@LLAJHPJA@?$AAS?$AAe?$AAl?$AAe?$AAc?$AAt?$AA?5?$AAK?$AAI?$AAT?$AAL?$AA?5?$AA?$CI?$AAD?$AAe?$AAb?$AAu?$AAg?$AA?$CJ?$AA?5?$AAD?$AAe?$AAv?$AAi?$AAc?$AAe?$AA?$AA@ 0000292c     menu.obj
 0001:00001964       ??_C@_19JCAOHIEH@?$AAB?$AAo?$AAo?$AAt?$AA?$AA@ 00002964     menu.obj
 0001:00001970       ??_C@_1CG@BBALNGAE@?$AAS?$AAe?$AAl?$AAe?$AAc?$AAt?$AA?5?$AAB?$AAo?$AAo?$AAt?$AA?5?$AAD?$AAe?$AAv?$AAi?$AAc?$AAe?$AA?$AA@ 00002970     menu.obj
 0001:00001998       ??_C@_1CE@DFLFAFMD@?$AAE?$AAx?$AAi?$AAt?$AA?5?$AAa?$AAn?$AAd?$AA?5?$AAC?$AAo?$AAn?$AAt?$AAi?$AAn?$AAu?$AAe?$AA?$AA@ 00002998     menu.obj
 0001:000019bc       ??_C@_1CA@LLFAIJM@?$AAS?$AAe?$AAt?$AA?5?$AAM?$AAA?$AAC?$AA?5?$AAa?$AAd?$AAd?$AAr?$AAe?$AAs?$AAs?$AA?$AA@ 000029bc     menu.obj
 0001:000019dc       ??_C@_1M@NJLEOPAB@?$AAV?$AAM?$AAI?$AAN?$AAI?$AA?$AA@ 000029dc     menu.obj
 0001:000019e8       ??_C@_1CK@OKOLJFGH@?$AAE?$AAn?$AAa?$AAb?$AAl?$AAe?$AA?1?$AAd?$AAi?$AAs?$AAa?$AAb?$AAl?$AAe?$AA?5?$AAV?$AAM?$AAI?$AAN?$AAI?$AA?$AA@ 000029e8     menu.obj
 0001:00001a14       ??_C@_1BO@BODFGHPI@?$AAD?$AAe?$AAf?$AAa?$AAu?$AAl?$AAt?$AA?5?$AAr?$AAo?$AAu?$AAt?$AAe?$AAr?$AA?$AA@ 00002a14     menu.obj
 0001:00001a34       ??_C@_1CG@PDJPJAON@?$AAS?$AAe?$AAt?$AA?5?$AAd?$AAe?$AAf?$AAa?$AAu?$AAl?$AAt?$AA?5?$AAr?$AAo?$AAu?$AAt?$AAe?$AAr?$AA?$AA@ 00002a34     menu.obj
 0001:00001a5c       ??_C@_1BI@BNFAJPCD@?$AAS?$AAe?$AAt?$AA?5?$AAI?$AAP?$AA?5?$AAm?$AAa?$AAs?$AAk?$AA?$AA@ 00002a5c     menu.obj
 0001:00001a74       ??_C@_1O@HAMLNBEA@?$AAD?$AAe?$AAv?$AAi?$AAc?$AAe?$AA?$AA@ 00002a74     menu.obj
 0001:00001a84       ??_C@_1BO@OBBADFOO@?$AAS?$AAe?$AAt?$AA?5?$AAI?$AAP?$AA?5?$AAa?$AAd?$AAd?$AAr?$AAe?$AAs?$AAs?$AA?$AA@ 00002a84     menu.obj
 0001:00001aa4       ??_C@_19DDJNJOGL@?$AAD?$AAH?$AAC?$AAP?$AA?$AA@ 00002aa4     menu.obj
 0001:00001ab0       ??_C@_1CI@OHHEPHNA@?$AAE?$AAn?$AAa?$AAb?$AAl?$AAe?$AA?1?$AAd?$AAi?$AAs?$AAa?$AAb?$AAl?$AAe?$AA?5?$AAD?$AAH?$AAC?$AAP?$AA?$AA@ 00002ab0     menu.obj
 0001:00001ad8       ??_C@_1DC@FMHJOEGL@?$AAK?$AAI?$AAT?$AAL?$AA?5?$AAA?$AAc?$AAt?$AAi?$AAv?$AAe?$AA?1?$AAP?$AAa?$AAs?$AAs?$AAi?$AAv?$AAe?$AA?5?$AAm?$AAo?$AAd?$AAe?$AA?$AA@ 00002ad8     menu.obj
 0001:00001b0c       ??_C@_1DC@FHPHDMKC@?$AAK?$AAI?$AAT?$AAL?$AA?5?$AAi?$AAn?$AAt?$AAe?$AAr?$AAr?$AAu?$AAp?$AAt?$AA?1?$AAp?$AAo?$AAl?$AAl?$AA?5?$AAm?$AAo?$AAd?$AAe?$AA?$AA@ 00002b0c     menu.obj
 0001:00001b40       ??_C@_19KCABPHM@?$AAK?$AAI?$AAT?$AAL?$AA?$AA@ 00002b40     menu.obj
 0001:00001b4c       ??_C@_1CI@NOMJHGMH@?$AAE?$AAn?$AAa?$AAb?$AAl?$AAe?$AA?1?$AAd?$AAi?$AAs?$AAa?$AAb?$AAl?$AAe?$AA?5?$AAK?$AAI?$AAT?$AAL?$AA?$AA@ 00002b4c     menu.obj
 0001:00001b74       ??_C@_1CM@CFLHLMJF@?$AAS?$AAh?$AAo?$AAw?$AA?5?$AAC?$AAu?$AAr?$AAr?$AAe?$AAn?$AAt?$AA?5?$AAS?$AAe?$AAt?$AAt?$AAi?$AAn?$AAg?$AAs?$AA?$AA@ 00002b74     menu.obj
 0001:00001c30       ??_C@_1FM@KKEGFMMC@?$AAH?$AAi?$AAt?$AA?5?$AAs?$AAp?$AAa?$AAc?$AAe?$AA?5?$AAt?$AAo?$AA?5?$AAe?$AAn?$AAt?$AAe?$AAr?$AA?5?$AAc?$AAo?$AAn?$AAf?$AAi?$AAg?$AAu?$AAr?$AAa?$AAt?$AAi?$AAo?$AAn@ 00002c30     menu.obj
 0001:00001c90       ??_C@_1FI@GAMDHEMA@?$AA?$AN?$AA?6?$AA?5?$AA?5?$AA?5?$AAW?$AAA?$AAR?$AAN?$AAI?$AAN?$AAG?$AA?3?$AA?5?$AAM?$AAA?$AAC?$AA?5?$AAa?$AAd?$AAd?$AAr?$AAe?$AAs?$AAs?$AA?5?$AAn?$AAo?$AAt?$AA?5?$AAp?$AAr@ 00002c90     menu.obj
 0001:00001ce8       ??_C@_1KG@MHFLKBMF@?$AAm?$AAa?$AAc?$AA?5?$AAa?$AAd?$AAd?$AAr?$AAe?$AAs?$AAs?$AA?5?$AAn?$AAo?$AAt?$AA?5?$AAf?$AAo?$AAu?$AAn?$AAd?$AA?5?$AAi?$AAn?$AA?5?$AAE?$AAE?$AAP?$AAR?$AAO?$AAM?$AA?4@ 00002ce8     menu.obj
 0001:00001d90       ??_C@_19OEFLBHKA@?$AAE?$AAV?$AAM?$AA?5?$AA?$AA@ 00002d90     menu.obj
 0001:00001da0       ??_C@_1FC@DDNFDPMF@?$AA?$AN?$AA?6?$AA?5?$AAS?$AAe?$AAt?$AA?5?$AAE?$AAt?$AAh?$AAe?$AAr?$AAn?$AAe?$AAt?$AA?5?$AA?$CI?$AAL?$AAA?$AAN?$AA9?$AAx?$AAx?$AAx?$AA?$CJ?$AA?5?$AAM?$AAA?$AAC?$AA?5?$AAA?$AAd@ 00002da0     menu.obj
 0001:00001df4       ??_C@_1CM@MBNEBDDK@?$AA?5?$AA?5?$AAV?$AAM?$AAI?$AAN?$AAI?$AA?3?$AA?5?$AA?5?$AA?5?$AA?5?$AA?5?$AA?5?$AA?5?$AA?5?$AA?5?$AA?$CF?$AAs?$AA?$AN?$AA?6?$AA?$AA@ 00002df4     menu.obj
 0001:00001e20       ??_C@_1GE@BGIPLJDA@?$AA?5?$AA?5?$AAN?$AAo?$AAt?$AAe?$AA?3?$AA?5?$AAU?$AAS?$AAB?$AAF?$AAN?$AA?5?$AAR?$AAN?$AAD?$AAI?$AAS?$AA?5?$AAM?$AAA?$AAC?$AA?5?$AAA?$AAd?$AAd?$AAr?$AA?5?$AAc?$AAa?$AAn@ 00002e20     menu.obj
 0001:00001e84       ??_C@_1DG@LEIGGFEH@?$AA?5?$AA?5?$AAE?$AAt?$AAh?$AA?5?$AAM?$AAA?$AAC?$AA?5?$AAA?$AAd?$AAd?$AAr?$AA?3?$AA?5?$AA?5?$AA?$CF?$AAs?$AA?5?$AA?$CI?$AA?$CF?$AAs?$AA?$CJ?$AA?$AN?$AA?6?$AA?$AA@ 00002e84     menu.obj
 0001:00001ebc       ??_C@_1BM@HBILLBOB@?$AAB?$AAo?$AAo?$AAt?$AA?5?$AAs?$AAe?$AAt?$AAt?$AAi?$AAn?$AAg?$AAs?$AA?$AA@ 00002ebc     menu.obj
 0001:00001ed8       ??_C@_1O@HKPJJFOO@?$AAE?$AAE?$AAP?$AAR?$AAO?$AAM?$AA?$AA@ 00002ed8     menu.obj
 0001:00001ee8       ??_C@_1CM@ENNBLIDC@?$AA?5?$AA?5?$AAD?$AAH?$AAC?$AAP?$AA?3?$AA?5?$AA?5?$AA?5?$AA?5?$AA?5?$AA?5?$AA?5?$AA?5?$AA?5?$AA?5?$AA?$CF?$AAs?$AA?$AN?$AA?6?$AA?$AA@ 00002ee8     menu.obj
 0001:00001f14       ??_C@_1CM@PFJOPCHK@?$AA?5?$AA?5?$AAI?$AAP?$AA?5?$AAa?$AAd?$AAd?$AAr?$AAe?$AAs?$AAs?$AA?3?$AA?5?$AA?5?$AA?5?$AA?5?$AA?$CF?$AAs?$AA?$AN?$AA?6?$AA?$AA@ 00002f14     menu.obj
 0001:00001f40       ??_C@_1CM@MFPGPOHA@?$AA?5?$AA?5?$AAI?$AAP?$AA?5?$AAm?$AAa?$AAs?$AAk?$AA?3?$AA?5?$AA?5?$AA?5?$AA?5?$AA?5?$AA?5?$AA?5?$AA?$CF?$AAs?$AA?$AN?$AA?6?$AA?$AA@ 00002f40     menu.obj
 0001:00001f6c       ??_C@_1CM@IMEGPKBH@?$AA?5?$AA?5?$AAI?$AAP?$AA?5?$AAr?$AAo?$AAu?$AAt?$AAe?$AAr?$AA?3?$AA?5?$AA?5?$AA?5?$AA?5?$AA?5?$AA?$CF?$AAs?$AA?$AN?$AA?6?$AA?$AA@ 00002f6c     menu.obj
 0001:00001f98       ??_C@_1CM@OEGKHNAF@?$AA?5?$AA?5?$AAK?$AAI?$AAT?$AAL?$AA?5?$AAm?$AAo?$AAd?$AAe?$AA?3?$AA?5?$AA?5?$AA?5?$AA?5?$AA?5?$AA?$CF?$AAs?$AA?$AN?$AA?6?$AA?$AA@ 00002f98     menu.obj
 0001:00001fc4       ??_C@_1BE@OLFPFCKI@?$AAi?$AAn?$AAt?$AAe?$AAr?$AAr?$AAu?$AAp?$AAt?$AA?$AA@ 00002fc4     menu.obj
 0001:00001fd8       ??_C@_1O@DOAPGJLD@?$AAp?$AAo?$AAl?$AAl?$AAe?$AAd?$AA?$AA@ 00002fd8     menu.obj
 0001:00001fe8       ??_C@_1CM@OLFKODG@?$AA?5?$AA?5?$AAK?$AAI?$AAT?$AAL?$AA?5?$AAt?$AAy?$AAp?$AAe?$AA?3?$AA?5?$AA?5?$AA?5?$AA?5?$AA?5?$AA?$CF?$AAs?$AA?$AN?$AA?6?$AA?$AA@ 00002fe8     menu.obj
 0001:00002014       ??_C@_1O@IBNPCBAA@?$AAa?$AAc?$AAt?$AAi?$AAv?$AAe?$AA?$AA@ 00003014     menu.obj
 0001:00002024       ??_C@_1BA@INHNFGAO@?$AAp?$AAa?$AAs?$AAs?$AAi?$AAv?$AAe?$AA?$AA@ 00003024     menu.obj
 0001:00002034       ??_C@_1CM@KKLHLKH@?$AA?5?$AA?5?$AAK?$AAI?$AAT?$AAL?$AA?5?$AAs?$AAt?$AAa?$AAt?$AAe?$AA?3?$AA?5?$AA?5?$AA?5?$AA?5?$AA?$CF?$AAs?$AA?$AN?$AA?6?$AA?$AA@ 00003034     menu.obj
 0001:00002060       ??_C@_1BC@LGPIFEA@?$AAd?$AAi?$AAs?$AAa?$AAb?$AAl?$AAe?$AAd?$AA?$AA@ 00003060     menu.obj
 0001:00002074       ??_C@_1BA@BKMGIBPB@?$AAe?$AAn?$AAa?$AAb?$AAl?$AAe?$AAd?$AA?$AA@ 00003074     menu.obj
 0001:00002084       ??_C@_1BM@NCMLOBGF@?$AA?$AN?$AA?6?$AA?5?$AAN?$AAe?$AAt?$AAw?$AAo?$AAr?$AAk?$AA?3?$AA?$AN?$AA?6?$AA?$AA@ 00003084     menu.obj
 0001:000020a0       ??_C@_1DG@GANBFOFA@?$AA?5?$AAK?$AAI?$AAT?$AAL?$AA?5?$AAs?$AAe?$AAt?$AA?5?$AAt?$AAo?$AA?5?$AAp?$AAo?$AAl?$AAl?$AAe?$AAd?$AA?5?$AAm?$AAo?$AAd?$AAe?$AA?$AN?$AA?6?$AA?$AA@ 000030a0     menu.obj
 0001:000020d8       ??_C@_1DM@IPPCLHEI@?$AA?5?$AAK?$AAI?$AAT?$AAL?$AA?5?$AAs?$AAe?$AAt?$AA?5?$AAt?$AAo?$AA?5?$AAi?$AAn?$AAt?$AAe?$AAr?$AAr?$AAu?$AAp?$AAt?$AA?5?$AAm?$AAo?$AAd?$AAe?$AA?$AN?$AA?6?$AA?$AA@ 000030d8     menu.obj
 0001:00002114       ??_C@_19DIEGALPP@?$AA?$CF?$AAc?$AA?$AN?$AA?6?$AA?$AA@ 00003114     menu.obj
 0001:00002120       ??_C@_1EC@JHPHMHOA@?$AA?5?$AAS?$AAe?$AAt?$AA?5?$AAK?$AAI?$AAT?$AAL?$AA?5?$AAt?$AAo?$AA?5?$AAp?$AAo?$AAl?$AAl?$AAe?$AAd?$AA?5?$AAm?$AAo?$AAd?$AAe?$AA?5?$AA?$FL?$AAy?$AA?1?$AA?9?$AA?$FN?$AA?3?$AA?5@ 00003120     menu.obj
 0001:00002168       ??_C@_1EI@CAADENIK@?$AA?5?$AAS?$AAe?$AAt?$AA?5?$AAK?$AAI?$AAT?$AAL?$AA?5?$AAt?$AAo?$AA?5?$AAi?$AAn?$AAt?$AAe?$AAr?$AAr?$AAu?$AAp?$AAt?$AA?5?$AAm?$AAo?$AAd?$AAe?$AA?5?$AA?$FL?$AAy?$AA?1?$AA?9@ 00003168     menu.obj
 0001:000021b0       ??_C@_1DI@DNJMHDAE@?$AA?5?$AAK?$AAI?$AAT?$AAL?$AA?5?$AAs?$AAe?$AAt?$AA?5?$AAt?$AAo?$AA?5?$AAp?$AAa?$AAs?$AAs?$AAi?$AAv?$AAe?$AA?5?$AAm?$AAo?$AAd?$AAe?$AA?$AN?$AA?6?$AA?$AA@ 000031b0     menu.obj
 0001:000021e8       ??_C@_1DG@EDFECNLC@?$AA?5?$AAK?$AAI?$AAT?$AAL?$AA?5?$AAs?$AAe?$AAt?$AA?5?$AAt?$AAo?$AA?5?$AAa?$AAc?$AAt?$AAi?$AAv?$AAe?$AA?5?$AAm?$AAo?$AAd?$AAe?$AA?$AN?$AA?6?$AA?$AA@ 000031e8     menu.obj
 0001:00002220       ??_C@_1EE@HIABIPBL@?$AA?5?$AAS?$AAe?$AAt?$AA?5?$AAK?$AAI?$AAT?$AAL?$AA?5?$AAt?$AAo?$AA?5?$AAp?$AAa?$AAs?$AAs?$AAi?$AAv?$AAe?$AA?5?$AAm?$AAo?$AAd?$AAe?$AA?5?$AA?$FL?$AAy?$AA?1?$AA?9?$AA?$FN?$AA?3@ 00003220     menu.obj
 0001:00002268       ??_C@_1EC@OPMJBCEG@?$AA?5?$AAS?$AAe?$AAt?$AA?5?$AAK?$AAI?$AAT?$AAL?$AA?5?$AAt?$AAo?$AA?5?$AAa?$AAc?$AAt?$AAi?$AAv?$AAe?$AA?5?$AAm?$AAo?$AAd?$AAe?$AA?5?$AA?$FL?$AAy?$AA?1?$AA?9?$AA?$FN?$AA?3?$AA?5@ 00003268     menu.obj
 0001:000022ac       ??_C@_1DO@IPDMADGH@?$AA?5?$AAO?$AAA?$AAL?$AA?5?$AAR?$AAe?$AAt?$AAa?$AAi?$AAl?$AA?5?$AAM?$AAe?$AAs?$AAs?$AAa?$AAg?$AAe?$AAs?$AA?5?$AAe?$AAn?$AAa?$AAb?$AAl?$AAe?$AAd?$AA?$AN?$AA?6?$AA?$AA@ 000032ac     menu.obj
 0001:000022f0       ??_C@_1EA@EDIKANLP@?$AA?5?$AAO?$AAA?$AAL?$AA?5?$AAR?$AAe?$AAt?$AAa?$AAi?$AAl?$AA?5?$AAM?$AAe?$AAs?$AAs?$AAa?$AAg?$AAe?$AAs?$AA?5?$AAd?$AAi?$AAs?$AAa?$AAb?$AAl?$AAe?$AAd?$AA?$AN?$AA?6?$AA?$AA@ 000032f0     menu.obj
 0001:00002330       ??_C@_1EI@IEOEJKJK@?$AA?5?$AAE?$AAn?$AAa?$AAb?$AAl?$AAe?$AA?5?$AAO?$AAA?$AAL?$AA?5?$AAR?$AAe?$AAt?$AAa?$AAi?$AAl?$AA?5?$AAM?$AAe?$AAs?$AAs?$AAa?$AAg?$AAe?$AAs?$AA?5?$AA?$FL?$AAy?$AA?1?$AA?9@ 00003330     menu.obj
 0001:00002378       ??_C@_1EK@NMKAIECH@?$AA?5?$AAD?$AAi?$AAs?$AAa?$AAb?$AAl?$AAe?$AA?5?$AAO?$AAA?$AAL?$AA?5?$AAR?$AAe?$AAt?$AAa?$AAi?$AAl?$AA?5?$AAM?$AAe?$AAs?$AAs?$AAa?$AAg?$AAe?$AAs?$AA?5?$AA?$FL?$AAy?$AA?1@ 00003378     menu.obj
 0001:000023c4       ??_C@_1DC@KGICMHCL@?$AA?5?$AA?$FL?$AA0?$AA?$FN?$AA?5?$AAE?$AAx?$AAi?$AAt?$AA?5?$AAa?$AAn?$AAd?$AA?5?$AAC?$AAo?$AAn?$AAt?$AAi?$AAn?$AAu?$AAe?$AA?$AN?$AA?6?$AA?$AA@ 000033c4     menu.obj
 0001:000023f8       ??_C@_1DG@FKDJCDHM@?$AA?$AN?$AA?6?$AA?5?$AAS?$AAe?$AAl?$AAe?$AAc?$AAt?$AAi?$AAo?$AAn?$AA?5?$AA?$CI?$AAa?$AAc?$AAt?$AAu?$AAa?$AAl?$AA?5?$AA?$CF?$AAs?$AA?$CJ?$AA?3?$AA?5?$AA?$AA@ 000033f8     menu.obj
 0001:00002430       ??_C@_1BG@LMIBJJCD@?$AA?5?$AA?$FL?$AA?$CF?$AAd?$AA?$FN?$AA?5?$AA?$CF?$AAs?$AA?$AN?$AA?6?$AA?$AA@ 00003430     menu.obj
 0001:00002448       ??_C@_1DK@EBBOCKOO@?$AA?$AN?$AA?6?$AA?5?$AAS?$AAe?$AAl?$AAe?$AAc?$AAt?$AAi?$AAo?$AAn?$AA?5?$AA?$CI?$AAa?$AAc?$AAt?$AAu?$AAa?$AAl?$AA?5?$AA?$FL?$AA?$CF?$AAs?$AA?$FN?$AA?$CJ?$AA?3?$AA?5?$AA?$AA@ 00003448     menu.obj
 0001:00002484       ??_C@_1DO@GCBJIIGC@?$AAE?$AAR?$AAR?$AAO?$AAR?$AA?3?$AA?5?$AAS?$AAe?$AAt?$AAt?$AAi?$AAn?$AAg?$AAs?$AA?5?$AAs?$AAa?$AAv?$AAe?$AA?5?$AAf?$AAa?$AAi?$AAl?$AAe?$AAd?$AA?$CB?$AA?$AN?$AA?6?$AA?$AA@ 00003484     menu.obj
 0001:000024c8       ??_C@_1EG@EPHHPOIA@?$AA?5?$AAC?$AAu?$AAr?$AAr?$AAe?$AAn?$AAt?$AA?5?$AAs?$AAe?$AAt?$AAt?$AAi?$AAn?$AAg?$AAs?$AA?5?$AAh?$AAa?$AAs?$AA?5?$AAb?$AAe?$AAe?$AAn?$AA?5?$AAs?$AAa?$AAv?$AAe?$AAd@ 000034c8     menu.obj
 0001:00002510       ??_C@_1FG@NGGODBPB@?$AA?5?$AAD?$AAo?$AA?5?$AAy?$AAo?$AAu?$AA?5?$AAw?$AAa?$AAn?$AAt?$AA?5?$AAs?$AAa?$AAv?$AAe?$AA?5?$AAc?$AAu?$AAr?$AAr?$AAe?$AAn?$AAt?$AA?5?$AAs?$AAe?$AAt?$AAt?$AAi?$AAn@ 00003510     menu.obj
 0001:00002568       ??_C@_1DE@FKCOLIJA@?$AA?5?$AA?5?$AAF?$AAl?$AAa?$AAs?$AAh?$AAi?$AAn?$AAg?$AA?5?$AAN?$AAK?$AA?4?$AAb?$AAi?$AAn?$AA?3?$AA?5?$AA?5?$AA?5?$AA?$CF?$AAs?$AA?$AN?$AA?6?$AA?$AA@ 00003568     menu.obj
 0001:0000259c       ??_C@_1CG@OIGCIHAG@?$AA?5?$AA?5?$AAO?$AAP?$AAP?$AA?5?$AAM?$AAo?$AAd?$AAe?$AA?3?$AA?5?$AA?5?$AA?5?$AA?$CF?$AAs?$AA?$AN?$AA?6?$AA?$AA@ 0000359c     menu.obj
 0001:000025c4       ??_C@_1CM@JIGPKFND@?$AA?5?$AA?5?$AAR?$AAe?$AAt?$AAa?$AAi?$AAl?$AA?5?$AAM?$AAs?$AAg?$AAs?$AA?3?$AA?5?$AA?5?$AA?5?$AA?$CF?$AAs?$AA?$AN?$AA?6?$AA?$AA@ 000035c4     menu.obj
 0001:000025f0       ??_C@_1CM@NDEIFMBL@?$AA?5?$AA?5?$AAD?$AAe?$AAv?$AAi?$AAc?$AAe?$AA?5?$AAI?$AAD?$AA?3?$AA?5?$AA?5?$AA?5?$AA?5?$AA?5?$AA?$CF?$AAd?$AA?$AN?$AA?6?$AA?$AA@ 000035f0     menu.obj
 0001:0000261c       ??_C@_1CM@FFHNOGK@?$AA?5?$AA?5?$AAD?$AAi?$AAs?$AAp?$AAl?$AAa?$AAy?$AA?5?$AAR?$AAe?$AAs?$AA?3?$AA?5?$AA?5?$AA?5?$AA?$CF?$AAs?$AA?$AN?$AA?6?$AA?$AA@ 0000361c     menu.obj
 0001:00002648       ??_C@_1CM@NPGGEGKD@?$AA?5?$AA?5?$AAD?$AAe?$AAb?$AAu?$AAg?$AA?5?$AAd?$AAe?$AAv?$AAi?$AAc?$AAe?$AA?3?$AA?5?$AA?5?$AA?$CF?$AAs?$AA?$AN?$AA?6?$AA?$AA@ 00003648     menu.obj
 0001:00002674       ??_C@_1BM@PMDNGDGM@?$AAn?$AAo?$AAt?$AA?5?$AAs?$AAp?$AAe?$AAc?$AAi?$AAf?$AAi?$AAe?$AAd?$AA?$AA@ 00003674     menu.obj
 0001:00002690       ??_C@_1BG@CEFCIDHI@?$AA?$AN?$AA?6?$AA?5?$AAM?$AAa?$AAi?$AAn?$AA?3?$AA?$AN?$AA?6?$AA?$AA@ 00003690     menu.obj
 0001:000026a8       ??_C@_1CM@IGJFNOHM@?$AA?5?$AA?5?$AAB?$AAo?$AAo?$AAt?$AA?5?$AAd?$AAe?$AAv?$AAi?$AAc?$AAe?$AA?3?$AA?5?$AA?5?$AA?5?$AA?$CF?$AAs?$AA?$AN?$AA?6?$AA?$AA@ 000036a8     menu.obj
 0001:000026d4       ??_C@_1DE@MLCCPHNO@?$AA?5?$AAC?$AAu?$AAr?$AAr?$AAe?$AAn?$AAt?$AA?5?$AAD?$AAe?$AAv?$AAi?$AAc?$AAe?$AA?5?$AAI?$AAD?$AA?3?$AA?5?$AA?5?$AA?$CF?$AAd?$AA?$AN?$AA?6?$AA?$AA@ 000036d4     menu.obj
 0001:00002708       ??_C@_1CG@DEECOADH@?$AA?$AN?$AA?6?$AA?5?$AAN?$AAe?$AAw?$AA?5?$AAD?$AAe?$AAv?$AAi?$AAc?$AAe?$AA?5?$AAI?$AAD?$AA?3?$AA?5?$AA?$AA@ 00003708     menu.obj
 0001:000027c0       ??_C@_1BK@JPPJHKGA@?$AAS?$AAe?$AAt?$AA?5?$AAE?$AAC?$AAC?$AA?5?$AAm?$AAo?$AAd?$AAe?$AA?$AA@ 000037c0     flashmenu.obj
 0001:000027dc       ??_C@_1CO@EGKANGDF@?$AAE?$AAn?$AAa?$AAb?$AAl?$AAe?$AA?5?$AAf?$AAl?$AAa?$AAs?$AAh?$AAi?$AAn?$AAg?$AA?5?$AAN?$AAK?$AA?4?$AAb?$AAi?$AAn?$AA?$AA@ 000037dc     flashmenu.obj
 0001:0000280c       ??_C@_1BK@GBFAOEGL@?$AAF?$AAo?$AAr?$AAm?$AAa?$AAt?$AA?5?$AAf?$AAl?$AAa?$AAs?$AAh?$AA?$AA@ 0000380c     flashmenu.obj
 0001:00002828       ??_C@_1BM@GCHGGBGE@?$AAS?$AAe?$AAt?$AA?5?$AAb?$AAa?$AAd?$AA?5?$AAb?$AAl?$AAo?$AAc?$AAk?$AA?$AA@ 00003828     flashmenu.obj
 0001:00002844       ??_C@_1CI@NOBBAEFH@?$AAR?$AAe?$AAs?$AAe?$AAr?$AAv?$AAe?$AA?5?$AAb?$AAl?$AAo?$AAc?$AAk?$AA?5?$AAr?$AAa?$AAn?$AAg?$AAe?$AA?$AA@ 00003844     flashmenu.obj
 0001:0000286c       ??_C@_1CE@GGLAHODL@?$AAE?$AAr?$AAa?$AAs?$AAe?$AA?5?$AAb?$AAl?$AAo?$AAc?$AAk?$AA?5?$AAr?$AAa?$AAn?$AAg?$AAe?$AA?$AA@ 0000386c     flashmenu.obj
 0001:00002890       ??_C@_1BI@NDJHIBFP@?$AAE?$AAr?$AAa?$AAs?$AAe?$AA?5?$AAf?$AAl?$AAa?$AAs?$AAh?$AA?$AA@ 00003890     flashmenu.obj
 0001:000028a8       ??_C@_1CE@IKOIJPJI@?$AAD?$AAu?$AAm?$AAp?$AA?5?$AAf?$AAl?$AAa?$AAs?$AAh?$AA?5?$AAs?$AAe?$AAc?$AAt?$AAo?$AAr?$AA?$AA@ 000038a8     flashmenu.obj
 0001:000028cc       ??_C@_1CI@NOIANDIC@?$AAS?$AAh?$AAo?$AAw?$AA?5?$AAf?$AAl?$AAa?$AAs?$AAh?$AA?5?$AAg?$AAe?$AAo?$AAm?$AAe?$AAt?$AAr?$AAy?$AA?$AA@ 000038cc     flashmenu.obj
 0001:00002988       ??_C@_1BA@ICKOCNOC@?$AA?5?$AAD?$AAo?$AAn?$AAe?$AA?$AN?$AA?6?$AA?$AA@ 00003988     flashmenu.obj
 0001:00002998       ??_C@_1BK@NJMFPCLL@?$AA?$AN?$AA?6?$AA?$FL?$AAr?$AAe?$AAs?$AAe?$AAr?$AAv?$AAe?$AAd?$AA?$FN?$AA?$AA@ 00003998     flashmenu.obj
 0001:000029b4       ??_C@_17IAIOLGBB@?$AA?5?$AA?$CF?$AAd?$AA?$AA@ 000039b4     flashmenu.obj
 0001:000029bc       ??_C@_1BK@LJFBNMNP@?$AA?$AN?$AA?6?$AA?$FL?$AAb?$AAa?$AAd?$AA?$FN?$AA?5?$AA?5?$AA?5?$AA?5?$AA?5?$AA?$AA@ 000039bc     flashmenu.obj
 0001:000029d8       ??_C@_1CC@CKACAODM@?$AA?5?$AAE?$AAC?$AAC?$AA?5?$AAm?$AAo?$AAd?$AAe?$AA?3?$AA?5?$AA?5?$AA?$CF?$AAs?$AA?$AN?$AA?6?$AA?$AA@ 000039d8     flashmenu.obj
 0001:000029fc       ??_C@_1CC@EDJAHKCB@?$AAH?$AAa?$AAm?$AAm?$AAi?$AAn?$AAg?$AA?5?$AA1?$AAb?$AAi?$AAt?$AA?5?$AAE?$AAC?$AAC?$AA?$AA@ 000039fc     flashmenu.obj
 0001:00002a20       ??_C@_1BK@HLJGHKLA@?$AAB?$AAC?$AAH?$AA?5?$AA4?$AAb?$AAi?$AAt?$AA?5?$AAE?$AAC?$AAC?$AA?$AA@ 00003a20     flashmenu.obj
 0001:00002a3c       ??_C@_1BK@GHGPADLK@?$AAB?$AAC?$AAH?$AA?5?$AA8?$AAb?$AAi?$AAt?$AA?5?$AAE?$AAC?$AAC?$AA?$AA@ 00003a3c     flashmenu.obj
 0001:00002a58       ??_C@_15JNBOKNOG@?$AA?$AN?$AA?6?$AA?$AA@ 00003a58     flashmenu.obj
 0001:00002a60       ??_C@_1CK@GKLBIPDL@?$AA?5?$AAF?$AAl?$AAa?$AAs?$AAh?$AA?5?$AAT?$AAy?$AAp?$AAe?$AA?3?$AA?5?$AA?5?$AA?5?$AA?5?$AA?$CF?$AAs?$AA?$AN?$AA?6?$AA?$AA@ 00003a60     flashmenu.obj
 0001:00002a8c       ??_C@_1CK@FFMHKDOJ@?$AA?5?$AAB?$AAl?$AAo?$AAc?$AAk?$AAs?$AA?3?$AA?5?$AA?5?$AA?5?$AA?5?$AA?5?$AA?5?$AA?5?$AA?5?$AA?$CF?$AAd?$AA?$AN?$AA?6?$AA?$AA@ 00003a8c     flashmenu.obj
 0001:00002ab8       ??_C@_1CK@IKGPGDPJ@?$AA?5?$AAB?$AAy?$AAt?$AAe?$AAs?$AA?1?$AAb?$AAl?$AAo?$AAc?$AAk?$AA?3?$AA?5?$AA?5?$AA?5?$AA?$CF?$AAd?$AA?$AN?$AA?6?$AA?$AA@ 00003ab8     flashmenu.obj
 0001:00002ae4       ??_C@_1CK@OCGGJEJ@?$AA?5?$AAS?$AAe?$AAc?$AAt?$AAo?$AAr?$AAs?$AA?1?$AAb?$AAl?$AAo?$AAc?$AAk?$AA?3?$AA?5?$AA?$CF?$AAd?$AA?$AN?$AA?6?$AA?$AA@ 00003ae4     flashmenu.obj
 0001:00002b10       ??_C@_1CK@KEDBKDHI@?$AA?5?$AAB?$AAy?$AAt?$AAe?$AAs?$AA?1?$AAs?$AAe?$AAc?$AAt?$AAo?$AAr?$AA?3?$AA?5?$AA?5?$AA?$CF?$AAd?$AA?$AN?$AA?6?$AA?$AA@ 00003b10     flashmenu.obj
 0001:00002b3c       ??_C@_19FIBFMGJP@?$AAN?$AAA?$AAN?$AAD?$AA?$AA@ 00003b3c     flashmenu.obj
 0001:00002b48       ??_C@_17DJMAIPNJ@?$AAN?$AAO?$AAR?$AA?$AA@ 00003b48     flashmenu.obj
 0001:00002b50       ??_C@_1EO@FMHOCAJM@?$AA?5?$AAO?$AAo?$AAp?$AAs?$AA?0?$AA?5?$AAc?$AAa?$AAn?$AA?8?$AAt?$AA?5?$AAg?$AAe?$AAt?$AA?5?$AAf?$AAl?$AAa?$AAs?$AAh?$AA?5?$AAg?$AAe?$AAo?$AAm?$AAe?$AAt?$AAr?$AAy?$AA?5@ 00003b50     flashmenu.obj
 0001:00002ba0       ??_C@_1DO@ECBGAOKH@?$AA?5?$AAO?$AAo?$AAp?$AAs?$AA?0?$AA?5?$AAc?$AAa?$AAn?$AA?8?$AAt?$AA?5?$AAo?$AAp?$AAe?$AAn?$AA?5?$AAF?$AAM?$AAD?$AA?5?$AAd?$AAr?$AAi?$AAv?$AAe?$AAr?$AA?$AN?$AA?6?$AA?$AA@ 00003ba0     flashmenu.obj
 0001:00002be0       ??_C@_1FI@LPGEHBMI@?$AA?5?$AAO?$AAo?$AAp?$AAs?$AA?0?$AA?5?$AAc?$AAa?$AAn?$AA?8?$AAt?$AA?5?$AAe?$AAr?$AAa?$AAs?$AAe?$AA?5?$AAb?$AAl?$AAo?$AAc?$AAk?$AA?5?$AA?$CF?$AAd?$AA?5?$AA?9?$AA?5?$AAm?$AAa@ 00003be0     flashmenu.obj
 0001:00002c38       ??_C@_1DE@FDJBJKAL@?$AA?5?$AAS?$AAk?$AAi?$AAp?$AA?5?$AAr?$AAe?$AAs?$AAe?$AAr?$AAv?$AAe?$AAd?$AA?5?$AAb?$AAl?$AAo?$AAc?$AAk?$AA?5?$AA?$CF?$AAd?$AA?$AN?$AA?6?$AA?$AA@ 00003c38     flashmenu.obj
 0001:00002c6c       ??_C@_1CK@FKCECPDI@?$AA?5?$AAS?$AAk?$AAi?$AAp?$AA?5?$AAb?$AAa?$AAd?$AA?5?$AAb?$AAl?$AAo?$AAc?$AAk?$AA?5?$AA?$CF?$AAd?$AA?$AN?$AA?6?$AA?$AA@ 00003c6c     flashmenu.obj
 0001:00002c98       ??_C@_1GA@KKFAKMFP@?$AA?5?$AAD?$AAo?$AA?5?$AAy?$AAo?$AAu?$AA?5?$AAw?$AAa?$AAn?$AAt?$AA?5?$AAt?$AAo?$AA?5?$AAe?$AAr?$AAa?$AAs?$AAe?$AA?5?$AAu?$AAn?$AAr?$AAe?$AAs?$AAe?$AAr?$AAv?$AAe?$AAd@ 00003c98     flashmenu.obj
 0001:00002cf8       ??_C@_1FG@KMEBKKAG@?$AA?5?$AAD?$AAo?$AA?5?$AAy?$AAo?$AAu?$AA?5?$AAw?$AAa?$AAn?$AAt?$AA?5?$AAt?$AAo?$AA?5?$AAe?$AAr?$AAa?$AAs?$AAe?$AA?5?$AAb?$AAa?$AAd?$AA?5?$AAb?$AAl?$AAo?$AAc?$AAk?$AA?5@ 00003cf8     flashmenu.obj
 0001:00002d50       ??_C@_1GA@IMHNOHDN@?$AA?5?$AAD?$AAo?$AA?5?$AAy?$AAo?$AAu?$AA?5?$AAw?$AAa?$AAn?$AAt?$AA?5?$AAt?$AAo?$AA?5?$AAe?$AAr?$AAa?$AAs?$AAe?$AA?5?$AAr?$AAe?$AAs?$AAe?$AAr?$AAv?$AAe?$AAd?$AA?5?$AAb@ 00003d50     flashmenu.obj
 0001:00002db0       ??_C@_1EO@FLJCJNNB@?$AA?5?$AAD?$AAo?$AA?5?$AAy?$AAo?$AAu?$AA?5?$AAw?$AAa?$AAn?$AAt?$AA?5?$AAe?$AAr?$AAa?$AAs?$AAe?$AA?5?$AAb?$AAl?$AAo?$AAc?$AAk?$AA?5?$AA?$CF?$AAd?$AA?9?$AA?$CF?$AAd?$AA?5?$AA?$FL@ 00003db0     flashmenu.obj
 0001:00002e00       ??_C@_1DM@MPGKHCCK@?$AA?5?$AAO?$AAo?$AAp?$AAs?$AA?0?$AA?5?$AAt?$AAo?$AAo?$AA?5?$AAb?$AAi?$AAg?$AA?5?$AAb?$AAl?$AAo?$AAc?$AAk?$AA?5?$AAn?$AAu?$AAm?$AAb?$AAe?$AAr?$AA?$AN?$AA?6?$AA?$AA@ 00003e00     flashmenu.obj
 0001:00002e3c       ??_C@_1CO@CKBOHOON@?$AA?$AN?$AA?6?$AA?5?$AAL?$AAa?$AAs?$AAt?$AA?5?$AAB?$AAl?$AAo?$AAc?$AAk?$AA?5?$AAN?$AAu?$AAm?$AAb?$AAe?$AAr?$AA?3?$AA?5?$AA?$AA@ 00003e3c     flashmenu.obj
 0001:00002e6c       ??_C@_1DA@LGLONGJJ@?$AA?$AN?$AA?6?$AA?5?$AAF?$AAi?$AAr?$AAs?$AAt?$AA?5?$AAB?$AAl?$AAo?$AAc?$AAk?$AA?5?$AAN?$AAu?$AAm?$AAb?$AAe?$AAr?$AA?3?$AA?5?$AA?$AA@ 00003e6c     flashmenu.obj
 0001:00002ea0       ??_C@_1FG@GECOJCBP@?$AA?5?$AAO?$AAo?$AAp?$AAs?$AA?0?$AA?5?$AAc?$AAa?$AAn?$AA?8?$AAt?$AA?5?$AAm?$AAa?$AAr?$AAk?$AA?5?$AAb?$AAl?$AAo?$AAc?$AAk?$AA?5?$AA?$CF?$AAd?$AA?5?$AA?9?$AA?5?$AAa?$AAs?$AA?5@ 00003ea0     flashmenu.obj
 0001:00002ef8       ??_C@_1GE@KHHGLGPF@?$AA?5?$AAD?$AAo?$AA?5?$AAy?$AAo?$AAu?$AA?5?$AAw?$AAa?$AAn?$AAt?$AA?5?$AAm?$AAa?$AAr?$AAk?$AA?5?$AAa?$AAs?$AA?5?$AAr?$AAe?$AAs?$AAe?$AAr?$AAv?$AAe?$AAd?$AA?5?$AAb?$AAl@ 00003ef8     flashmenu.obj
 0001:00002f5c       ??_C@_15DAMPJCDE@?$AA?$CF?$AAc?$AA?$AA@ 00003f5c     flashmenu.obj
 0001:00002f64       ??_C@_15OJKDPEFE@?$AA?5?$AA?5?$AA?$AA@ 00003f64     flashmenu.obj
 0001:00002f6c       ??_C@_1M@FHJLFHFE@?$AA?5?$AA?$CF?$AA0?$AA2?$AAx?$AA?$AA@ 00003f6c     flashmenu.obj
 0001:00002f78       ??_C@_1M@CKIPGKFF@?$AA?$CF?$AA0?$AA4?$AAx?$AA?5?$AA?$AA@ 00003f78     flashmenu.obj
 0001:00002f88       ??_C@_1EM@JNIBIIAB@?$AA?$AN?$AA?6?$AAS?$AAe?$AAc?$AAt?$AAo?$AAr?$AA?5?$AA?$CF?$AAd?$AA?5?$AA?$CI?$AAs?$AAe?$AAc?$AAt?$AAo?$AAr?$AA?5?$AA?$CF?$AAd?$AA?5?$AAi?$AAn?$AA?5?$AAb?$AAl?$AAo?$AAc?$AAk?$AA?5@ 00003f88     flashmenu.obj
 0001:00002fd8       ??_C@_1HM@NEKLJOFD@?$AAR?$AAe?$AAs?$AAe?$AAr?$AAv?$AAe?$AAd?$AA1?$AA?3?$AA?5?$AA?$CF?$AA0?$AA8?$AAx?$AA?5?$AAO?$AAE?$AAM?$AAR?$AAe?$AAs?$AAe?$AAr?$AAv?$AAe?$AAd?$AA?3?$AA?5?$AA?$CF?$AA0?$AA2@ 00003fd8     flashmenu.obj
 0001:00003054       ??_C@_1DI@NODDJIFB@?$AA?5?$AAO?$AAo?$AAp?$AAs?$AA?0?$AA?5?$AAs?$AAe?$AAc?$AAt?$AAo?$AAr?$AA?5?$AAr?$AAe?$AAa?$AAd?$AA?5?$AAf?$AAa?$AAi?$AAl?$AAe?$AAd?$AA?$AN?$AA?6?$AA?$AA@ 00004054     flashmenu.obj
 0001:0000308c       ??_C@_1DO@OOAFHGFN@?$AA?5?$AAO?$AAo?$AAp?$AAs?$AA?0?$AA?5?$AAt?$AAo?$AAo?$AA?5?$AAb?$AAi?$AAg?$AA?5?$AAs?$AAe?$AAc?$AAt?$AAo?$AAr?$AA?5?$AAn?$AAu?$AAm?$AAb?$AAe?$AAr?$AA?$AN?$AA?6?$AA?$AA@ 0000408c     flashmenu.obj
 0001:000030cc       ??_C@_1CG@KCBMIPD@?$AA?$AN?$AA?6?$AA?5?$AAS?$AAe?$AAc?$AAt?$AAo?$AAr?$AA?5?$AAN?$AAu?$AAm?$AAb?$AAe?$AAr?$AA?3?$AA?5?$AA?$AA@ 000040cc     flashmenu.obj
 0001:000030f8       ??_C@_1FG@IJKIFPEH@?$AA?5?$AAO?$AAo?$AAp?$AAs?$AA?0?$AA?5?$AAs?$AAe?$AAc?$AAt?$AAo?$AAr?$AA?5?$AAs?$AAi?$AAz?$AAe?$AA?5?$AAl?$AAa?$AAr?$AAg?$AAe?$AAr?$AA?5?$AAt?$AAh?$AAa?$AAn?$AA?5?$AAm@ 000040f8     flashmenu.obj
 0001:00003150       ??_C@_1BE@MFBEDOBI@?$AA?$AN?$AA?6?$AA?5?$AAD?$AAo?$AAn?$AAe?$AA?$AN?$AA?6?$AA?$AA@ 00004150     flashmenu.obj
 0001:00003164       ??_C@_1CE@EPPKNNOD@?$AA?$AN?$AA?6?$AA?5?$AAB?$AAl?$AAo?$AAc?$AAk?$AA?5?$AAN?$AAu?$AAm?$AAb?$AAe?$AAr?$AA?3?$AA?5?$AA?$AA@ 00004164     flashmenu.obj
 0001:00003188       ??_C@_1GC@JKKDFPCG@?$AA?5?$AAD?$AAo?$AA?5?$AAy?$AAo?$AAu?$AA?5?$AAw?$AAa?$AAn?$AAt?$AA?5?$AAt?$AAo?$AA?5?$AAf?$AAo?$AAr?$AAm?$AAa?$AAt?$AA?5?$AAu?$AAn?$AAr?$AAe?$AAs?$AAe?$AAr?$AAv?$AAe@ 00004188     flashmenu.obj
 0001:000031ec       ??_C@_1DM@NJFEAFBO@?$AA?5?$AAF?$AAl?$AAa?$AAs?$AAh?$AAi?$AAn?$AAg?$AA?5?$AAN?$AAK?$AA?4?$AAb?$AAi?$AAn?$AA?5?$AAi?$AAs?$AA?5?$AAe?$AAn?$AAa?$AAb?$AAl?$AAe?$AAd?$AA?$AN?$AA?6?$AA?$AA@ 000041ec     flashmenu.obj
 0001:00003228       ??_C@_1DO@FEBEDMFN@?$AA?5?$AAF?$AAl?$AAa?$AAs?$AAh?$AAi?$AAn?$AAg?$AA?5?$AAN?$AAK?$AA?4?$AAb?$AAi?$AAn?$AA?5?$AAi?$AAs?$AA?5?$AAd?$AAi?$AAs?$AAa?$AAb?$AAl?$AAe?$AAd?$AA?$AN?$AA?6?$AA?$AA@ 00004228     flashmenu.obj
 0001:00003268       ??_C@_1EA@POGPJPIN@?$AA?5?$AAE?$AAn?$AAa?$AAb?$AAl?$AAe?$AA?5?$AAF?$AAl?$AAa?$AAs?$AAh?$AAi?$AAn?$AAg?$AA?5?$AAN?$AAK?$AA?4?$AAb?$AAi?$AAn?$AA?5?$AA?$FL?$AAy?$AA?1?$AA?9?$AA?$FN?$AA?3?$AA?5?$AA?$AA@ 00004268     flashmenu.obj
 0001:000032a8       ??_C@_1EC@LIJCOJEF@?$AA?5?$AAD?$AAi?$AAs?$AAa?$AAb?$AAl?$AAe?$AA?5?$AAF?$AAl?$AAa?$AAs?$AAh?$AAi?$AAn?$AAg?$AA?5?$AAN?$AAK?$AA?4?$AAb?$AAi?$AAn?$AA?5?$AA?$FL?$AAy?$AA?1?$AA?9?$AA?$FN?$AA?3?$AA?5@ 000042a8     flashmenu.obj
 0001:000032f0       ??_C@_1GE@EJGAKBM@?$AA?5?$AAI?$AAn?$AAv?$AAa?$AAl?$AAi?$AAd?$AA?5?$AAE?$AAC?$AAC?$AA?5?$AAm?$AAo?$AAd?$AAe?$AA?0?$AA?5?$AAs?$AAe?$AAt?$AA?5?$AAE?$AAC?$AAC?$AA?5?$AAm?$AAo?$AAd?$AAe?$AA?5@ 000042f0     flashmenu.obj
 0001:00003358       ??_C@_1ME@KHCPMAFG@?$AA?5?$AAT?$AAh?$AAi?$AAs?$AA?5?$AAc?$AAo?$AAm?$AAm?$AAa?$AAn?$AAd?$AA?5?$AAi?$AAs?$AA?5?$AAu?$AAs?$AAe?$AAd?$AA?5?$AAt?$AAo?$AA?5?$AAt?$AAe?$AAm?$AAp?$AAo?$AAr?$AAa@ 00004358     flashmenu.obj
 0001:00003420       ??_C@_1HK@NLFNLNJI@?$AA?5?$AAS?$AAe?$AAl?$AAe?$AAc?$AAt?$AA?5?$AAE?$AAC?$AAC?$AA?5?$AAm?$AAo?$AAd?$AAe?$AA?5?$AA?$FL?$AA0?$AA?$CI?$AAH?$AAa?$AAm?$AAm?$AAi?$AAn?$AAg?$AA?5?$AA1?$AAb?$AAi?$AAt@ 00004420     flashmenu.obj
 0001:000035c0       ??_C@_1DO@CGLKJNGE@?$AA?9?$AAO?$AAE?$AAM?$AAS?$AAt?$AAa?$AAr?$AAt?$AAE?$AAr?$AAa?$AAs?$AAe?$AAF?$AAl?$AAa?$AAs?$AAh?$AA?$CI?$AAr?$AAc?$AA?5?$AA?$DN?$AA?5?$AA?$CF?$AAd?$AA?$CJ?$AA?$AN?$AA?6?$AA?$AA@ 000045c0     flash.obj
 0001:00003600       ??_C@_1EM@JLOIOPDF@?$AA?$CL?$AAO?$AAE?$AAM?$AAS?$AAt?$AAa?$AAr?$AAt?$AAE?$AAr?$AAa?$AAs?$AAe?$AAF?$AAl?$AAa?$AAs?$AAh?$AA?$CI?$AA0?$AAx?$AA?$CF?$AA0?$AA8?$AAx?$AA?0?$AA?5?$AA0?$AAx?$AA?$CF?$AA0@ 00004600     flash.obj
 0001:0000364c       ??_C@_1DI@PEICDJAI@?$AAS?$AAp?$AAl?$AAa?$AAs?$AAh?$AAc?$AAr?$AAe?$AAe?$AAn?$AA?5?$AAi?$AAm?$AAa?$AAg?$AAe?$AA?5?$AAw?$AAr?$AAi?$AAt?$AAt?$AAe?$AAn?$AA?$AN?$AA?6?$AA?$AA@ 0000464c     flash.obj
 0001:00003688       ??_C@_1JK@INEHPIOE@?$AAE?$AAR?$AAR?$AAO?$AAR?$AA?3?$AA?5?$AAO?$AAE?$AAM?$AAW?$AAr?$AAi?$AAt?$AAe?$AAF?$AAl?$AAa?$AAs?$AAh?$AA?3?$AA?5?$AAO?$AAA?$AAL?$AAF?$AAl?$AAa?$AAs?$AAh?$AAS?$AAt@ 00004688     flash.obj
 0001:00003728       ??_C@_1JM@NFAJELED@?$AAE?$AAR?$AAR?$AAO?$AAR?$AA?3?$AA?5?$AAO?$AAE?$AAM?$AAW?$AAr?$AAi?$AAt?$AAe?$AAF?$AAl?$AAa?$AAs?$AAh?$AA?3?$AA?5?$AAL?$AAo?$AAg?$AAo?$AA?5?$AAi?$AAm?$AAa?$AAg?$AAe@ 00004728     flash.obj
 0001:000037c8       ??_C@_1GO@DLIAFJMC@?$AAE?$AAR?$AAR?$AAO?$AAR?$AA?3?$AA?5?$AAO?$AAE?$AAM?$AAW?$AAr?$AAi?$AAt?$AAe?$AAF?$AAl?$AAa?$AAs?$AAh?$AA?3?$AA?5?$AAO?$AAA?$AAL?$AAF?$AAl?$AAa?$AAs?$AAh?$AAS?$AAt@ 000047c8     flash.obj
 0001:00003838       ??_C@_1FM@GPKMPIMP@?$AA?$AN?$AA?6?$AAW?$AAr?$AAi?$AAt?$AAi?$AAn?$AAg?$AA?5?$AAS?$AAp?$AAl?$AAa?$AAs?$AAh?$AAc?$AAr?$AAe?$AAe?$AAn?$AA?5?$AAi?$AAm?$AAa?$AAg?$AAe?$AA?5?$AAt?$AAo?$AA?5?$AAf@ 00004838     flash.obj
 0001:00003898       ??_C@_1GG@PLILEPKK@?$AA?9?$AA?9?$AA?9?$AA?9?$AA?9?$AA?9?$AA?9?$AA?9?$AA?9?$AA?9?$AA?9?$AA?9?$AA?9?$AA?9?$AA?9?$AA?9?$AA?9?$AA?9?$AA?9?$AA?9?$AA?9?$AA?9?$AA?9?$AA?9?$AA?9?$AA?9?$AA?9?$AA?9?$AA?9?$AA?9?$AA?9?$AA?9@ 00004898     flash.obj
 0001:00003900       ??_C@_1EC@FHNOBDCD@?$AA?5?$AA?5?$AAT?$AAr?$AAa?$AAc?$AAk?$AAi?$AAn?$AAg?$AA?5?$AAM?$AAe?$AAm?$AA?5?$AAL?$AAe?$AAn?$AAg?$AAt?$AAh?$AA?5?$AA?3?$AA?5?$AA0?$AAx?$AA?$CF?$AA0?$AA8?$AAx?$AA?$AN?$AA?6@ 00004900     flash.obj
 0001:00003948       ??_C@_1EC@OMMGJENJ@?$AA?5?$AA?5?$AAT?$AAr?$AAa?$AAc?$AAk?$AAi?$AAn?$AAg?$AA?5?$AAM?$AAe?$AAm?$AA?5?$AAS?$AAt?$AAa?$AAr?$AAt?$AA?5?$AA?5?$AA?3?$AA?5?$AA0?$AAx?$AA?$CF?$AA0?$AA8?$AAx?$AA?$AN?$AA?6@ 00004948     flash.obj
 0001:00003990       ??_C@_1EC@JNDLGIKF@?$AA?5?$AA?5?$AAE?$AAx?$AAt?$AAe?$AAn?$AAs?$AAi?$AAo?$AAn?$AAs?$AA?5?$AA?5?$AA?5?$AA?5?$AA?5?$AA?5?$AA?5?$AA?5?$AA?5?$AA?5?$AA?3?$AA?5?$AA0?$AAx?$AA?$CF?$AA0?$AA8?$AAx?$AA?$AN?$AA?6@ 00004990     flash.obj
 0001:000039d8       ??_C@_1EK@NKNNLDBD@?$AA?5?$AA?5?$AAM?$AAi?$AAs?$AAc?$AAF?$AAl?$AAa?$AAg?$AAs?$AA?5?$AA?5?$AA?5?$AA?5?$AA?5?$AA?5?$AA?5?$AA?5?$AA?5?$AA?5?$AA?5?$AA?3?$AA?5?$AA?5?$AA?5?$AA?5?$AA?5?$AA0?$AAx?$AA?$CF?$AA0@ 000049d8     flash.obj
 0001:00003a28       ??_C@_1EK@JJJOHJHH@?$AA?5?$AA?5?$AAC?$AAP?$AAU?$AA?5?$AA?5?$AA?5?$AA?5?$AA?5?$AA?5?$AA?5?$AA?5?$AA?5?$AA?5?$AA?5?$AA?5?$AA?5?$AA?5?$AA?5?$AA?5?$AA?5?$AA?3?$AA?5?$AA?5?$AA?5?$AA?5?$AA?5?$AA0?$AAx?$AA?$CF?$AA0@ 00004a28     flash.obj
 0001:00003a78       ??_C@_1EC@CCJIKKIG@?$AA?5?$AA?5?$AAD?$AAr?$AAi?$AAv?$AAe?$AAr?$AA?5?$AAG?$AAl?$AAo?$AAb?$AA?5?$AAL?$AAe?$AAn?$AAg?$AAt?$AAh?$AA?5?$AA?5?$AA?3?$AA?5?$AA0?$AAx?$AA?$CF?$AA0?$AA8?$AAx?$AA?$AN?$AA?6@ 00004a78     flash.obj
 0001:00003ac0       ??_C@_1EC@LPBHAOCK@?$AA?5?$AA?5?$AAD?$AAr?$AAi?$AAv?$AAe?$AAr?$AA?5?$AAG?$AAl?$AAo?$AAb?$AA?5?$AAS?$AAt?$AAa?$AAr?$AAt?$AA?5?$AA?5?$AA?5?$AA?3?$AA?5?$AA0?$AAx?$AA?$CF?$AA0?$AA8?$AAx?$AA?$AN?$AA?6@ 00004ac0     flash.obj
 0001:00003b08       ??_C@_1EC@IABJILGI@?$AA?5?$AA?5?$AAF?$AAi?$AAl?$AAe?$AAS?$AAy?$AAs?$AA?5?$AAR?$AAA?$AAM?$AA?5?$AAP?$AAe?$AAr?$AAc?$AAe?$AAn?$AAt?$AA?5?$AA?3?$AA?5?$AA0?$AAx?$AA?$CF?$AA0?$AA8?$AAx?$AA?$AN?$AA?6@ 00004b08     flash.obj
 0001:00003b50       ??_C@_1EC@GDFJIFCF@?$AA?5?$AA?5?$AAK?$AAe?$AAr?$AAn?$AAe?$AAl?$AA?5?$AAF?$AAl?$AAa?$AAg?$AAs?$AA?5?$AA?5?$AA?5?$AA?5?$AA?5?$AA?5?$AA?5?$AA?5?$AA?3?$AA?5?$AA0?$AAx?$AA?$CF?$AA0?$AA8?$AAx?$AA?$AN?$AA?6@ 00004b50     flash.obj
 0001:00003b94       ??_C@_1DO@NPCIPKAK@?$AA?5?$AA?5?$AAN?$AAu?$AAm?$AA?5?$AAF?$AAi?$AAl?$AAe?$AAs?$AA?5?$AA?5?$AA?5?$AA?5?$AA?5?$AA?5?$AA?5?$AA?5?$AA?5?$AA?5?$AA?5?$AA?3?$AA?5?$AA?$CF?$AA1?$AA0?$AAd?$AA?$AN?$AA?6?$AA?$AA@ 00004b94     flash.obj
 0001:00003bd8       ??_C@_1EC@GLFGIGFP@?$AA?5?$AA?5?$AAP?$AAr?$AAo?$AAf?$AA?5?$AAS?$AAy?$AAm?$AAb?$AAo?$AAl?$AA?5?$AAO?$AAf?$AAf?$AAs?$AAe?$AAt?$AA?5?$AA?5?$AA?3?$AA?5?$AA0?$AAx?$AA?$CF?$AA0?$AA8?$AAx?$AA?$AN?$AA?6@ 00004bd8     flash.obj
 0001:00003c20       ??_C@_1EC@INEFBELC@?$AA?5?$AA?5?$AAP?$AAr?$AAo?$AAf?$AA?5?$AAS?$AAy?$AAm?$AAb?$AAo?$AAl?$AA?5?$AAL?$AAe?$AAn?$AAg?$AAt?$AAh?$AA?5?$AA?5?$AA?3?$AA?5?$AA0?$AAx?$AA?$CF?$AA0?$AA8?$AAx?$AA?$AN?$AA?6@ 00004c20     flash.obj
 0001:00003c68       ??_C@_1EC@FEMDLBGI@?$AA?5?$AA?5?$AAC?$AAo?$AAp?$AAy?$AA?5?$AAE?$AAn?$AAt?$AAr?$AAi?$AAe?$AAs?$AA?5?$AAO?$AAf?$AAf?$AAs?$AAe?$AAt?$AA?5?$AA?3?$AA?5?$AA0?$AAx?$AA?$CF?$AA0?$AA8?$AAx?$AA?$AN?$AA?6@ 00004c68     flash.obj
 0001:00003cac       ??_C@_1DO@LFBMBNAO@?$AA?5?$AA?5?$AAN?$AAu?$AAm?$AA?5?$AAC?$AAo?$AAp?$AAy?$AA?5?$AAE?$AAn?$AAt?$AAr?$AAi?$AAe?$AAs?$AA?5?$AA?5?$AA?5?$AA?5?$AA?3?$AA?5?$AA?$CF?$AA1?$AA0?$AAd?$AA?$AN?$AA?6?$AA?$AA@ 00004cac     flash.obj
 0001:00003cf0       ??_C@_1EC@IKFCIHNK@?$AA?5?$AA?5?$AAR?$AAA?$AAM?$AA?5?$AAE?$AAn?$AAd?$AA?5?$AA?5?$AA?5?$AA?5?$AA?5?$AA?5?$AA?5?$AA?5?$AA?5?$AA?5?$AA?5?$AA?5?$AA?5?$AA?3?$AA?5?$AA0?$AAx?$AA?$CF?$AA0?$AA8?$AAx?$AA?$AN?$AA?6@ 00004cf0     flash.obj
 0001:00003d38       ??_C@_1EC@FMEPNBO@?$AA?5?$AA?5?$AAR?$AAA?$AAM?$AA?5?$AAF?$AAr?$AAe?$AAe?$AA?5?$AA?5?$AA?5?$AA?5?$AA?5?$AA?5?$AA?5?$AA?5?$AA?5?$AA?5?$AA?5?$AA?5?$AA?3?$AA?5?$AA0?$AAx?$AA?$CF?$AA0?$AA8?$AAx?$AA?$AN?$AA?6@ 00004d38     flash.obj
 0001:00003d80       ??_C@_1EC@IKCHAPAE@?$AA?5?$AA?5?$AAR?$AAA?$AAM?$AA?5?$AAS?$AAt?$AAa?$AAr?$AAt?$AA?5?$AA?5?$AA?5?$AA?5?$AA?5?$AA?5?$AA?5?$AA?5?$AA?5?$AA?5?$AA?5?$AA?3?$AA?5?$AA0?$AAx?$AA?$CF?$AA0?$AA8?$AAx?$AA?$AN?$AA?6@ 00004d80     flash.obj
 0001:00003dc4       ??_C@_1DO@OKOEBDCJ@?$AA?5?$AA?5?$AAN?$AAu?$AAm?$AA?5?$AAM?$AAo?$AAd?$AAu?$AAl?$AAe?$AAs?$AA?5?$AA?5?$AA?5?$AA?5?$AA?5?$AA?5?$AA?5?$AA?5?$AA?5?$AA?3?$AA?5?$AA?$CF?$AA1?$AA0?$AAd?$AA?$AN?$AA?6?$AA?$AA@ 00004dc4     flash.obj
 0001:00003e08       ??_C@_1EC@NAHCJOL@?$AA?5?$AA?5?$AAP?$AAh?$AAy?$AAs?$AAi?$AAc?$AAa?$AAl?$AA?5?$AAL?$AAa?$AAs?$AAt?$AA?5?$AA?5?$AA?5?$AA?5?$AA?5?$AA?5?$AA?5?$AA?3?$AA?5?$AA0?$AAx?$AA?$CF?$AA0?$AA8?$AAx?$AA?$AN?$AA?6@ 00004e08     flash.obj
 0001:00003e50       ??_C@_1EC@IJBGHIJL@?$AA?5?$AA?5?$AAP?$AAh?$AAy?$AAs?$AAi?$AAc?$AAa?$AAl?$AA?5?$AAF?$AAi?$AAr?$AAs?$AAt?$AA?5?$AA?5?$AA?5?$AA?5?$AA?5?$AA?5?$AA?3?$AA?5?$AA0?$AAx?$AA?$CF?$AA0?$AA8?$AAx?$AA?$AN?$AA?6@ 00004e50     flash.obj
 0001:00003e98       ??_C@_1EC@OOCEINF@?$AA?5?$AA?5?$AAD?$AAL?$AAL?$AA?5?$AAL?$AAa?$AAs?$AAt?$AA?5?$AA?5?$AA?5?$AA?5?$AA?5?$AA?5?$AA?5?$AA?5?$AA?5?$AA?5?$AA?5?$AA?5?$AA?3?$AA?5?$AA0?$AAx?$AA?$CF?$AA0?$AA8?$AAx?$AA?$AN?$AA?6@ 00004e98     flash.obj
 0001:00003ee0       ??_C@_1EC@FBMKGHCM@?$AA?5?$AA?5?$AAD?$AAL?$AAL?$AA?5?$AAF?$AAi?$AAr?$AAs?$AAt?$AA?5?$AA?5?$AA?5?$AA?5?$AA?5?$AA?5?$AA?5?$AA?5?$AA?5?$AA?5?$AA?5?$AA?3?$AA?5?$AA0?$AAx?$AA?$CF?$AA0?$AA8?$AAx?$AA?$AN?$AA?6@ 00004ee0     flash.obj
 0001:00003f28       ??_C@_1FO@LHJKOBMN@?$AAR?$AAO?$AAM?$AAH?$AAD?$AAR?$AA?5?$AA?$CI?$AAp?$AAT?$AAO?$AAC?$AA?5?$AA?$DN?$AA?5?$AA0?$AAx?$AA?$CF?$AA0?$AA8?$AAx?$AA?$CJ?$AA?5?$AA?9?$AA?9?$AA?9?$AA?9?$AA?9?$AA?9?$AA?9?$AA?9?$AA?9@ 00004f28     flash.obj
 0001:00003f88       ??_C@_1DC@CJMIMBMC@?$AAF?$AAl?$AAa?$AAs?$AAh?$AA?5?$AAf?$AAo?$AAr?$AAm?$AAa?$AAt?$AA?5?$AAc?$AAo?$AAm?$AAp?$AAl?$AAe?$AAt?$AAe?$AA?$CB?$AA?$AN?$AA?6?$AA?$AA@ 00004f88     flash.obj
 0001:00003fc0       ??_C@_1EE@EELLBIAJ@?$AAE?$AAr?$AAr?$AAo?$AAr?$AA?5?$AAc?$AAr?$AAe?$AAa?$AAt?$AAi?$AAn?$AAg?$AA?5?$AAf?$AAi?$AAl?$AAe?$AA?5?$AAp?$AAa?$AAr?$AAt?$AAi?$AAt?$AAi?$AAo?$AAn?$AA?$CB?$AA?$CB?$AA?$AN@ 00004fc0     flash.obj
 0001:00004004       ??_C@_1CO@GFIJHOCH@?$AAN?$AAK?$AA?5?$AAp?$AAa?$AAr?$AAt?$AAi?$AAt?$AAi?$AAo?$AAn?$AA?5?$AAc?$AAr?$AAe?$AAa?$AAt?$AAe?$AAd?$AA?$AN?$AA?6?$AA?$AA@ 00005004     flash.obj
 0001:00004038       ??_C@_1EA@FBHNJDFD@?$AAE?$AAr?$AAr?$AAo?$AAr?$AA?5?$AAc?$AAr?$AAe?$AAa?$AAt?$AAi?$AAn?$AAg?$AA?5?$AAO?$AAS?$AA?5?$AAp?$AAa?$AAr?$AAt?$AAi?$AAt?$AAi?$AAo?$AAn?$AA?$CB?$AA?$CB?$AA?$AN?$AA?6?$AA?$AA@ 00005038     flash.obj
 0001:00004078       ??_C@_1CM@NDGHMEGF@?$AAF?$AAo?$AAr?$AAm?$AAa?$AAt?$AAt?$AAi?$AAn?$AAg?$AA?5?$AAf?$AAl?$AAa?$AAs?$AAh?$AA?4?$AA?4?$AA?4?$AA?$AN?$AA?6?$AA?$AA@ 00005078     flash.obj
 0001:000040a8       ??_C@_1LE@KHIPBHLF@?$AAO?$AAS?$AA?5?$AAp?$AAa?$AAr?$AAt?$AAi?$AAt?$AAi?$AAo?$AAn?$AA?5?$AAd?$AAo?$AAe?$AAs?$AA?5?$AAn?$AAo?$AAt?$AA?5?$AAm?$AAa?$AAt?$AAc?$AAh?$AA?5?$AAc?$AAo?$AAn?$AAf@ 000050a8     flash.obj
 0001:00004160       ??_C@_1EA@PANFDMBA@?$AAO?$AAS?$AA?5?$AAp?$AAa?$AAr?$AAt?$AAi?$AAt?$AAi?$AAo?$AAn?$AA?5?$AAd?$AAo?$AAe?$AAs?$AA?5?$AAn?$AAo?$AAt?$AA?5?$AAe?$AAx?$AAi?$AAs?$AAt?$AA?$CB?$AA?$CB?$AA?$AN?$AA?6?$AA?$AA@ 00005160     flash.obj
 0001:000041a0       ??_C@_1II@PGPDCKHA@?$AAB?$AAL?$AAC?$AAo?$AAn?$AAf?$AAi?$AAg?$AAu?$AAr?$AAe?$AAF?$AAl?$AAa?$AAs?$AAh?$AAP?$AAa?$AAr?$AAt?$AAi?$AAt?$AAi?$AAo?$AAn?$AAs?$AA?3?$AA?5?$AAE?$AAr?$AAr?$AAo@ 000051a0     flash.obj
 0001:00004228       ??_C@_1CE@KBCKFLJM@?$AAN?$AAK?$AA?5?$AAI?$AAm?$AAa?$AAg?$AAe?$AA?5?$AAL?$AAo?$AAa?$AAd?$AAe?$AAd?$AA?$AN?$AA?6?$AA?$AA@ 00005228     flash.obj
 0001:00004250       ??_C@_1FK@HODAKHKA@?$AAE?$AAR?$AAR?$AAO?$AAR?$AA?3?$AA?5?$AAN?$AAK?$AA?5?$AAi?$AAm?$AAa?$AAg?$AAe?$AA?5?$AAd?$AAo?$AAe?$AAs?$AAn?$AA?8?$AAt?$AA?5?$AAh?$AAa?$AAv?$AAe?$AA?5?$AAR?$AAO?$AAM@ 00005250     flash.obj
 0001:000042b0       ??_C@_1EE@FFBJDIJA@?$AAE?$AAR?$AAR?$AAO?$AAR?$AA?3?$AA?5?$AAB?$AAP?$AA_?$AAR?$AAe?$AAa?$AAd?$AAD?$AAa?$AAt?$AAa?$AA?5?$AAc?$AAa?$AAl?$AAl?$AA?5?$AAf?$AAa?$AAi?$AAl?$AAe?$AAd?$AA?$CB?$AA?$AN@ 000052b0     flash.obj
 0001:000042f8       ??_C@_1EG@FNGCHJDC@?$AAE?$AAR?$AAR?$AAO?$AAR?$AA?3?$AA?5?$AAI?$AAm?$AAa?$AAg?$AAe?$AA?5?$AAs?$AAi?$AAg?$AAn?$AAa?$AAt?$AAu?$AAr?$AAe?$AA?5?$AAn?$AAo?$AAt?$AA?5?$AAf?$AAo?$AAu?$AAn?$AAd@ 000052f8     flash.obj
 0001:00004340       ??_C@_1EK@JACEGLCB@?$AAE?$AAR?$AAR?$AAO?$AAR?$AA?3?$AA?5?$AAE?$AAr?$AAr?$AAo?$AAr?$AA?5?$AAr?$AAe?$AAa?$AAd?$AAi?$AAn?$AAg?$AA?5?$AAO?$AAS?$AA?5?$AAp?$AAa?$AAr?$AAt?$AAi?$AAt?$AAi?$AAo@ 00005340     flash.obj
 0001:00004390       ??_C@_1EC@KEKCJKLC@?$AAE?$AAR?$AAR?$AAO?$AAR?$AA?3?$AA?5?$AAO?$AAS?$AA?5?$AAp?$AAa?$AAr?$AAt?$AAi?$AAt?$AAi?$AAo?$AAn?$AA?5?$AAn?$AAo?$AAt?$AA?5?$AAf?$AAo?$AAu?$AAn?$AAd?$AA?$CB?$AA?$AN?$AA?6@ 00005390     flash.obj
 0001:000043d8       ??_C@_1GK@CPEKEJEK@?$AAR?$AAe?$AAa?$AAd?$AAF?$AAl?$AAa?$AAs?$AAh?$AAN?$AAK?$AA?3?$AA?5?$AAE?$AAr?$AAr?$AAo?$AAr?$AA?5?$AAi?$AAn?$AAi?$AAt?$AAi?$AAa?$AAl?$AAi?$AAz?$AAi?$AAn?$AAg?$AA?5@ 000053d8     flash.obj
 0001:00004448       ??_C@_1EI@NJKPEMPA@?$AA?$AN?$AA?6?$AAL?$AAo?$AAa?$AAd?$AA?5?$AAN?$AAK?$AA?5?$AAi?$AAm?$AAa?$AAg?$AAe?$AA?5?$AAf?$AAr?$AAo?$AAm?$AA?5?$AAf?$AAl?$AAa?$AAs?$AAh?$AA?5?$AAm?$AAe?$AAm?$AAo?$AAr@ 00005448     flash.obj
 0001:00004490       ??_C@_1JC@FCHNHAAL@?$AAE?$AAR?$AAR?$AAO?$AAR?$AA?3?$AA?5?$AAO?$AAE?$AAM?$AAW?$AAr?$AAi?$AAt?$AAe?$AAF?$AAl?$AAa?$AAs?$AAh?$AA?3?$AA?5?$AAX?$AAL?$AAD?$AAR?$AA?5?$AAi?$AAm?$AAa?$AAg?$AAe@ 00005490     flash.obj
 0001:00004524       ??_C@_1CK@NJEDFGLK@?$AAX?$AAL?$AAD?$AAR?$AA?5?$AAi?$AAm?$AAa?$AAg?$AAe?$AA?5?$AAw?$AAr?$AAi?$AAt?$AAt?$AAe?$AAn?$AA?$AN?$AA?6?$AA?$AA@ 00005524     flash.obj
 0001:00004550       ??_C@_1KM@GAMGNNOD@?$AAE?$AAR?$AAR?$AAO?$AAR?$AA?3?$AA?5?$AAO?$AAE?$AAM?$AAW?$AAr?$AAi?$AAt?$AAe?$AAF?$AAl?$AAa?$AAs?$AAh?$AA?3?$AA?5?$AAX?$AAL?$AAD?$AAR?$AA?5?$AAi?$AAm?$AAa?$AAg?$AAe@ 00005550     flash.obj
 0001:00004600       ??_C@_1JG@PEMOLGHN@?$AAE?$AAR?$AAR?$AAO?$AAR?$AA?3?$AA?5?$AAO?$AAE?$AAM?$AAW?$AAr?$AAi?$AAt?$AAe?$AAF?$AAl?$AAa?$AAs?$AAh?$AA?3?$AA?5?$AAX?$AAL?$AAD?$AAR?$AA?5?$AAi?$AAm?$AAa?$AAg?$AAe@ 00005600     flash.obj
 0001:00004698       ??_C@_1GO@LKIJELAC@?$AAE?$AAR?$AAR?$AAO?$AAR?$AA?3?$AA?5?$AAO?$AAE?$AAM?$AAW?$AAr?$AAi?$AAt?$AAe?$AAF?$AAl?$AAa?$AAs?$AAh?$AA?3?$AA?5?$AAX?$AAL?$AAD?$AAR?$AA?5?$AAi?$AAm?$AAa?$AAg?$AAe@ 00005698     flash.obj
 0001:00004708       ??_C@_1EO@MFAPGNDN@?$AA?$AN?$AA?6?$AAW?$AAr?$AAi?$AAt?$AAi?$AAn?$AAg?$AA?5?$AAX?$AAL?$AAD?$AAR?$AA?5?$AAi?$AAm?$AAa?$AAg?$AAe?$AA?5?$AAt?$AAo?$AA?5?$AAf?$AAl?$AAa?$AAs?$AAh?$AA?5?$AAm?$AAe@ 00005708     flash.obj
 0001:00004758       ??_C@_1CM@CMHKBBHI@?$AAE?$AAB?$AAO?$AAO?$AAT?$AA?5?$AAi?$AAm?$AAa?$AAg?$AAe?$AA?5?$AAw?$AAr?$AAi?$AAt?$AAt?$AAe?$AAn?$AA?$AN?$AA?6?$AA?$AA@ 00005758     flash.obj
 0001:00004788       ??_C@_1HA@OPDOICMP@?$AAE?$AAR?$AAR?$AAO?$AAR?$AA?3?$AA?5?$AAO?$AAE?$AAM?$AAW?$AAr?$AAi?$AAt?$AAe?$AAF?$AAl?$AAa?$AAs?$AAh?$AA?3?$AA?5?$AAE?$AAB?$AAO?$AAO?$AAT?$AA?5?$AAi?$AAm?$AAa?$AAg@ 00005788     flash.obj
 0001:000047f8       ??_C@_1JO@HOPMBDBI@?$AAE?$AAR?$AAR?$AAO?$AAR?$AA?3?$AA?5?$AAO?$AAE?$AAM?$AAW?$AAr?$AAi?$AAt?$AAe?$AAF?$AAl?$AAa?$AAs?$AAh?$AA?3?$AA?5?$AAE?$AAB?$AAO?$AAO?$AAT?$AA?5?$AAi?$AAm?$AAa?$AAg@ 000057f8     flash.obj
 0001:00004898       ??_C@_1FA@LGNLEKHJ@?$AA?$AN?$AA?6?$AAW?$AAr?$AAi?$AAt?$AAi?$AAn?$AAg?$AA?5?$AAE?$AAB?$AAO?$AAO?$AAT?$AA?5?$AAi?$AAm?$AAa?$AAg?$AAe?$AA?5?$AAt?$AAo?$AA?5?$AAf?$AAl?$AAa?$AAs?$AAh?$AA?5?$AAm@ 00005898     flash.obj
 0001:000048e8       ??_C@_1FC@DLJHBOIG@?$AAE?$AAR?$AAR?$AAO?$AAR?$AA?3?$AA?5?$AAF?$AAa?$AAi?$AAl?$AAe?$AAd?$AA?5?$AAw?$AAr?$AAi?$AAt?$AAi?$AAn?$AAg?$AA?5?$AAt?$AAo?$AA?5?$AAO?$AAS?$AA?5?$AAp?$AAa?$AAr?$AAt@ 000058e8     flash.obj
 0001:00004940       ??_C@_1FM@NBKLFBCM@?$AAE?$AAR?$AAR?$AAO?$AAR?$AA?3?$AA?5?$AAO?$AAS?$AA?5?$AAp?$AAa?$AAr?$AAt?$AAi?$AAt?$AAi?$AAo?$AAn?$AA?5?$AAt?$AAo?$AAo?$AA?5?$AAs?$AAm?$AAa?$AAl?$AAl?$AA?$CB?$AA?5?$AA?5@ 00005940     flash.obj
 0001:0000499c       ??_C@_1CI@BAKEFGCP@?$AAh?$AAP?$AAa?$AAr?$AAt?$AAi?$AAt?$AAi?$AAo?$AAn?$AA?5?$AA?$DN?$AA?5?$AA0?$AAx?$AA?$CF?$AAX?$AA?$AN?$AA?6?$AA?$AA@ 0000599c     flash.obj
 0001:000049c8       ??_C@_1GM@NHAICGBK@?$AAW?$AAr?$AAi?$AAt?$AAe?$AAF?$AAl?$AAa?$AAs?$AAh?$AAN?$AAK?$AA?3?$AA?5?$AAE?$AAr?$AAr?$AAo?$AAr?$AA?5?$AAi?$AAn?$AAi?$AAt?$AAi?$AAa?$AAl?$AAi?$AAz?$AAi?$AAn?$AAg@ 000059c8     flash.obj
 0001:00004a38       ??_C@_1GK@ILFHOAHO@?$AAE?$AAR?$AAR?$AAO?$AAR?$AA?3?$AA?5?$AAO?$AAE?$AAM?$AAW?$AAr?$AAi?$AAt?$AAe?$AAF?$AAl?$AAa?$AAs?$AAh?$AA?3?$AA?5?$AAN?$AAK?$AA?5?$AAi?$AAm?$AAa?$AAg?$AAe?$AA?5?$AAs@ 00005a38     flash.obj
 0001:00004aa8       ??_C@_1HC@KEGBBDA@?$AA?$AN?$AA?6?$AAW?$AAr?$AAi?$AAt?$AAi?$AAn?$AAg?$AA?5?$AAN?$AAK?$AA?5?$AAi?$AAm?$AAa?$AAg?$AAe?$AA?5?$AAt?$AAo?$AA?5?$AAO?$AAS?$AA?5?$AAp?$AAa?$AAr?$AAt?$AAi?$AAt?$AAi@ 00005aa8     flash.obj
 0001:00004bb0       ??_C@_1HE@BDJAOKHO@?$AAE?$AAR?$AAR?$AAO?$AAR?$AA?3?$AA?5?$AAE?$AAB?$AAO?$AAO?$AAT?$AA?$CB?$AAB?$AAL?$AAR?$AAe?$AAa?$AAd?$AAB?$AAo?$AAo?$AAt?$AAC?$AAf?$AAg?$AA?3?$AA?5?$AAF?$AAl?$AAa?$AAs@ 00005bb0     cfg.obj
 0001:00004c28       ??_C@_1IG@EBGBGDAI@?$AAE?$AAR?$AAR?$AAO?$AAR?$AA?3?$AA?5?$AAF?$AAl?$AAa?$AAs?$AAh?$AA?5?$AAs?$AAe?$AAc?$AAt?$AAo?$AAr?$AA?5?$AAs?$AAi?$AAz?$AAe?$AA?5?$AA?$CF?$AAd?$AA?5?$AAb?$AAy?$AAt?$AAe@ 00005c28     cfg.obj
 0001:00004cb0       ??_C@_1EE@MHCJNGAF@?$AAE?$AAR?$AAR?$AAO?$AAR?$AA?3?$AA?5?$AAF?$AAM?$AAD?$AA_?$AAG?$AAe?$AAt?$AAI?$AAn?$AAf?$AAo?$AA?5?$AAc?$AAa?$AAl?$AAl?$AA?5?$AAf?$AAa?$AAi?$AAl?$AAe?$AAd?$AA?$CB?$AA?$AN@ 00005cb0     cfg.obj
 0001:00004cf4       ??_C@_1DO@FFNONGBO@?$AAE?$AAR?$AAR?$AAO?$AAR?$AA?3?$AA?5?$AAF?$AAM?$AAD?$AA_?$AAI?$AAn?$AAi?$AAt?$AA?5?$AAc?$AAa?$AAl?$AAl?$AA?5?$AAf?$AAa?$AAi?$AAl?$AAe?$AAd?$AA?$CB?$AA?$AN?$AA?6?$AA?$AA@ 00005cf4     cfg.obj
 0001:00004d38       ??_C@_1HI@NMGONLPH@?$AAE?$AAR?$AAR?$AAO?$AAR?$AA?3?$AA?5?$AAE?$AAB?$AAO?$AAO?$AAT?$AA?$CB?$AAB?$AAL?$AAW?$AAr?$AAi?$AAt?$AAe?$AAB?$AAo?$AAo?$AAt?$AAC?$AAf?$AAg?$AA?3?$AA?5?$AAF?$AAl?$AAa@ 00005d38     cfg.obj
 0001:00004db0       ??_C@_1HG@CNPKAHCG@?$AAE?$AAR?$AAR?$AAO?$AAR?$AA?3?$AA?5?$AAE?$AAB?$AAO?$AAO?$AAT?$AA?$CB?$AAB?$AAL?$AAW?$AAr?$AAi?$AAt?$AAe?$AAB?$AAo?$AAo?$AAt?$AAC?$AAf?$AAg?$AA?3?$AA?5?$AAF?$AAl?$AAa@ 00005db0     cfg.obj
 0001:00004e28       ??_C@_1IE@IPHMEIA@?$AA?$AN?$AA?6?$AAE?$AAR?$AAR?$AAO?$AAR?$AA?3?$AA?5?$AAE?$AAB?$AAO?$AAO?$AAT?$AA?$CB?$AAB?$AAL?$AAW?$AAr?$AAi?$AAt?$AAe?$AAB?$AAo?$AAo?$AAt?$AAC?$AAf?$AAg?$AA?3?$AA?5?$AAF@ 00005e28     cfg.obj
 0001:00004eb0       ??_C@_1IG@GHABCEAA@?$AAE?$AAR?$AAR?$AAO?$AAR?$AA?3?$AA?5?$AAF?$AAl?$AAa?$AAs?$AAh?$AA?5?$AAs?$AAe?$AAc?$AAt?$AAo?$AAr?$AA?5?$AAs?$AAi?$AAz?$AAe?$AA?5?$AA?$CF?$AAd?$AA?5?$AAb?$AAy?$AAt?$AAe@ 00005eb0     cfg.obj
 0001:00004f38       ??_C@_1HO@MDILHIPB@?$AAC?$AAh?$AAe?$AAc?$AAk?$AAi?$AAn?$AAg?$AA?5?$AAb?$AAo?$AAo?$AAt?$AAl?$AAo?$AAa?$AAd?$AAe?$AAr?$AA?5?$AAb?$AAl?$AAo?$AAc?$AAk?$AAs?$AA?5?$AAa?$AAr?$AAe?$AA?5?$AAm@ 00005f38     cfg.obj
 0001:00005048       ??_C@_0EB@BGCKLDE@?9OALKitlFindDevice?$CIpDevice?5?$DN?50x?$CF@ 00006048     oal_kitl_boot:device.obj
 0001:0000508c       ??_C@_11LOCGONAA@?$AA?$AA@ 0000608c     oal_kitl_boot:device.obj
 0001:00005090       ??_C@_0CJ@GPDFFIKB@?$CLOALKitlFindDevice?$CI?$CFd?1?$CFd?1?$CF08x?0?50@ 00006090     oal_kitl_boot:device.obj
 0001:000050bc       ??_C@_0CJ@MPHJDLPH@?9OALKitlDeviceName?$CIname?5?$DN?50x?$CF08x@ 000060bc     oal_kitl_boot:device.obj
 0001:000050e8       ??_C@_0CJ@OKPKABKG@?$CLOALKitlDeviceName?$CI?$CFd?1?$CFd?1?$CF08x?0?50@ 000060e8     oal_kitl_boot:device.obj
 0001:00005114       ??_C@_0CA@ECNOOFDD@?9OALKitlDeviceType?$CItype?5?$DN?5?$CFd?$CJ?$AN?6?$AA@ 00006114     oal_kitl_boot:device.obj
 0001:00005134       ??_C@_0CJ@HOEFFCBD@?$CLOALKitlDeviceType?$CI?$CFd?1?$CFd?1?$CF08x?0?50@ 00006134     oal_kitl_boot:device.obj
 0001:000051f0       ??_C@_0CG@IHIMJOIA@?9OALKitlCreateName?$CIpBuffer?5?$DN?5?8?$CFh@ 000061f0     oal_kitl_boot:name.obj
 0001:00005218       ??_C@_0CM@BCMDHFLI@?$CLOALKitlCreateName?$CI?8?$CFhs?8?0?50x?$CF04x@ 00006218     oal_kitl_boot:name.obj
 0001:000052d8       ??_C@_1BI@FCMLLAGN@?$AA?$CF?$AAd?$AA?4?$AA?$CF?$AAd?$AA?4?$AA?$CF?$AAd?$AA?4?$AA?$CF?$AAd?$AA?$AA@ 000062d8     oal_kitl_boot:format.obj
 0001:000052f0       ??_C@_1DM@BKFFFBIH@?$AA?$CF?$AA0?$AA2?$AAx?$AA?3?$AA?$CF?$AA0?$AA2?$AAx?$AA?3?$AA?$CF?$AA0?$AA2?$AAx?$AA?3?$AA?$CF?$AA0?$AA2?$AAx?$AA?3?$AA?$CF?$AA0?$AA2?$AAx?$AA?3?$AA?$CF?$AA0?$AA2?$AAx?$AA?$AA@ 000062f0     oal_kitl_boot:format.obj
 0001:000054e0       ??_C@_17HBLJBP@?$AA?$AN?$AA?6?$AA?5?$AA?$AA@ 000064e0     oal_blmenu:menu.obj
 0001:000054e8       ??_C@_13IMODFHAA@?$AA?9?$AA?$AA@ 000064e8     oal_blmenu:menu.obj
 0001:000054ec       ??_C@_1BO@MKGCCJBG@?$AA?$AN?$AA?6?$AA?5?$AAS?$AAe?$AAl?$AAe?$AAc?$AAt?$AAi?$AAo?$AAn?$AA?3?$AA?5?$AA?$AA@ 000064ec     oal_blmenu:menu.obj
 0001:0000550c       ??_C@_1BG@EBHIGBFG@?$AA?5?$AA?$FL?$AA?$CF?$AAc?$AA?$FN?$AA?5?$AA?$CF?$AAs?$AA?$AN?$AA?6?$AA?$AA@ 0000650c     oal_blmenu:menu.obj
 0001:00005524       ??_C@_15GANGMFKL@?$AA?$CF?$AAs?$AA?$AA@ 00006524     oal_blmenu:menu.obj
 0001:00005530       ??_C@_1FI@GPDBNHB@?$AAE?$AAR?$AAR?$AAO?$AAR?$AA?3?$AA?5?$AAO?$AAA?$AAL?$AAB?$AAL?$AAM?$AAe?$AAn?$AAu?$AAE?$AAn?$AAa?$AAb?$AAl?$AAe?$AA?3?$AA?5?$AAI?$AAn?$AAv?$AAa?$AAl?$AAi?$AAd?$AA?5@ 00006530     oal_blmenu:menu.obj
 0001:00005588       ??_C@_1BC@HOHDMONC@?$AA?5?$AA?$CF?$AAs?$AA?5?$AA?$CF?$AAs?$AA?$AN?$AA?6?$AA?$AA@ 00006588     oal_blmenu:menu.obj
 0001:0000559c       ??_C@_1BO@ENGAEJMG@?$AA?5?$AA?$CF?$AAs?$AA?5?$AAs?$AAt?$AAa?$AAy?$AAs?$AA?5?$AA?$CF?$AAs?$AA?$AN?$AA?6?$AA?$AA@ 0000659c     oal_blmenu:menu.obj
 0001:000055bc       ??_C@_1DK@PCLKELEH@?$AA?5?$AA?$CF?$AAs?$AA?5?$AA?$CF?$AAs?$AA?5?$AA?$CI?$AAa?$AAc?$AAt?$AAu?$AAa?$AAl?$AAl?$AAy?$AA?5?$AA?$CF?$AAs?$AA?$CJ?$AA?5?$AA?$FL?$AAy?$AA?1?$AA?9?$AA?$FN?$AA?3?$AA?5?$AA?$AA@ 000065bc     oal_blmenu:menu.obj
 0001:000055f8       ??_C@_1O@PFBIKACK@?$AAE?$AAn?$AAa?$AAb?$AAl?$AAe?$AA?$AA@ 000065f8     oal_blmenu:menu.obj
 0001:00005608       ??_C@_1BA@EHHBCNCC@?$AAD?$AAi?$AAs?$AAa?$AAb?$AAl?$AAe?$AA?$AA@ 00006608     oal_blmenu:menu.obj
 0001:00005618       ??_C@_1GG@GCPJEPA@?$AAE?$AAR?$AAR?$AAO?$AAR?$AA?3?$AA?5?$AAO?$AAA?$AAL?$AAB?$AAL?$AAM?$AAe?$AAn?$AAu?$AAS?$AAe?$AAl?$AAe?$AAc?$AAt?$AAD?$AAe?$AAv?$AAi?$AAc?$AAe?$AA?3?$AA?5?$AAI?$AAn@ 00006618     oal_blmenu:menu.obj
 0001:00005680       ??_C@_1CO@MNGNNHKJ@?$AA?5?$AA?$CF?$AAs?$AA?5?$AAd?$AAe?$AAv?$AAi?$AAc?$AAe?$AA?5?$AAs?$AAe?$AAt?$AA?5?$AAt?$AAo?$AA?5?$AA?$CF?$AAs?$AA?$AN?$AA?6?$AA?$AA@ 00006680     oal_blmenu:menu.obj
 0001:000056b0       ??_C@_1CC@GHCHDPIM@?$AAS?$AAe?$AAl?$AAe?$AAc?$AAt?$AA?5?$AA?$CF?$AAs?$AA?5?$AAD?$AAe?$AAv?$AAi?$AAc?$AAe?$AA?$AA@ 000066b0     oal_blmenu:menu.obj
 0001:000056d4       ??_C@_17ILCABGPK@?$AA?$AI?$AA?5?$AA?$AI?$AA?$AA@ 000066d4     oal_blmenu:menu.obj
 0001:000056e0       ??_C@_1GG@KAOMNNAE@?$AAE?$AAR?$AAR?$AAO?$AAR?$AA?3?$AA?5?$AAO?$AAA?$AAL?$AAB?$AAL?$AAM?$AAe?$AAn?$AAu?$AAS?$AAe?$AAt?$AAM?$AAa?$AAc?$AAA?$AAd?$AAd?$AAr?$AAe?$AAs?$AAs?$AA?3?$AA?5?$AAI@ 000066e0     oal_blmenu:menu.obj
 0001:00005748       ??_C@_1DI@EBJOBKJO@?$AA?5?$AA?$CF?$AAs?$AA?5?$AAM?$AAA?$AAC?$AA?5?$AAa?$AAd?$AAd?$AAr?$AAe?$AAs?$AAs?$AA?5?$AAs?$AAe?$AAt?$AA?5?$AAt?$AAo?$AA?5?$AA?$CF?$AAs?$AA?$AN?$AA?6?$AA?$AA@ 00006748     oal_blmenu:menu.obj
 0001:00005780       ??_C@_1EA@HMINENJO@?$AA?5?$AA?8?$AA?$CF?$AAs?$AA?8?$AA?5?$AAi?$AAs?$AAn?$AA?8?$AAt?$AA?5?$AAv?$AAa?$AAl?$AAi?$AAd?$AA?5?$AAM?$AAA?$AAC?$AA?5?$AAa?$AAd?$AAd?$AAr?$AAe?$AAs?$AAs?$AA?$AN?$AA?6?$AA?$AA@ 00006780     oal_blmenu:menu.obj
 0001:000057c0       ??_C@_1EI@KGHANMNL@?$AA?5?$AAE?$AAn?$AAt?$AAe?$AAr?$AA?5?$AA?$CF?$AAs?$AA?5?$AAM?$AAA?$AAC?$AA?5?$AAa?$AAd?$AAd?$AAr?$AAe?$AAs?$AAs?$AA?5?$AA?$CI?$AAa?$AAc?$AAt?$AAu?$AAa?$AAl?$AA?5?$AA?$CF?$AAs@ 000067c0     oal_blmenu:menu.obj
 0001:00005808       ??_C@_1GG@LBBLODG@?$AAE?$AAR?$AAR?$AAO?$AAR?$AA?3?$AA?5?$AAO?$AAA?$AAL?$AAB?$AAL?$AAM?$AAe?$AAn?$AAu?$AAS?$AAe?$AAt?$AAI?$AAp?$AAA?$AAd?$AAd?$AAr?$AAe?$AAs?$AAs?$AA?3?$AA?5?$AAI?$AAn@ 00006808     oal_blmenu:menu.obj
 0001:00005870       ??_C@_1DG@PKEFPJGM@?$AA?5?$AA?$CF?$AAs?$AA?5?$AAI?$AAP?$AA?5?$AAa?$AAd?$AAd?$AAr?$AAe?$AAs?$AAs?$AA?5?$AAs?$AAe?$AAt?$AA?5?$AAt?$AAo?$AA?5?$AA?$CF?$AAs?$AA?$AN?$AA?6?$AA?$AA@ 00006870     oal_blmenu:menu.obj
 0001:000058a8       ??_C@_1DO@PNGPKAIC@?$AA?5?$AA?8?$AA?$CF?$AAs?$AA?8?$AA?5?$AAi?$AAs?$AAn?$AA?8?$AAt?$AA?5?$AAv?$AAa?$AAl?$AAi?$AAd?$AA?5?$AAI?$AAP?$AA?5?$AAa?$AAd?$AAd?$AAr?$AAe?$AAs?$AAs?$AA?$AN?$AA?6?$AA?$AA@ 000068a8     oal_blmenu:menu.obj
 0001:000058e8       ??_C@_1EG@NJNHINMH@?$AA?5?$AAE?$AAn?$AAt?$AAe?$AAr?$AA?5?$AA?$CF?$AAs?$AA?5?$AAI?$AAP?$AA?5?$AAa?$AAd?$AAd?$AAr?$AAe?$AAs?$AAs?$AA?5?$AA?$CI?$AAa?$AAc?$AAt?$AAu?$AAa?$AAl?$AA?5?$AA?$CF?$AAs?$AA?$CJ@ 000068e8     oal_blmenu:menu.obj
 0001:00005930       ??_C@_1GA@BNPDEIDO@?$AAE?$AAR?$AAR?$AAO?$AAR?$AA?3?$AA?5?$AAO?$AAA?$AAL?$AAB?$AAL?$AAM?$AAe?$AAn?$AAu?$AAS?$AAe?$AAt?$AAI?$AAp?$AAM?$AAa?$AAs?$AAk?$AA?3?$AA?5?$AAI?$AAn?$AAv?$AAa?$AAl@ 00006930     oal_blmenu:menu.obj
 0001:00005990       ??_C@_1DA@MPGAFAD@?$AA?5?$AA?$CF?$AAs?$AA?5?$AAI?$AAP?$AA?5?$AAm?$AAa?$AAs?$AAk?$AA?5?$AAs?$AAe?$AAt?$AA?5?$AAt?$AAo?$AA?5?$AA?$CF?$AAs?$AA?$AN?$AA?6?$AA?$AA@ 00006990     oal_blmenu:menu.obj
 0001:000059c0       ??_C@_1DI@NFENBBKL@?$AA?5?$AA?8?$AA?$CF?$AAs?$AA?8?$AA?5?$AAi?$AAs?$AAn?$AA?8?$AAt?$AA?5?$AAv?$AAa?$AAl?$AAi?$AAd?$AA?5?$AAI?$AAP?$AA?5?$AAm?$AAa?$AAs?$AAk?$AA?$AN?$AA?6?$AA?$AA@ 000069c0     oal_blmenu:menu.obj
 0001:000059f8       ??_C@_1EA@LJMJMOFH@?$AA?5?$AAE?$AAn?$AAt?$AAe?$AAr?$AA?5?$AA?$CF?$AAs?$AA?5?$AAI?$AAP?$AA?5?$AAm?$AAa?$AAs?$AAk?$AA?5?$AA?$CI?$AAa?$AAc?$AAt?$AAu?$AAa?$AAl?$AA?5?$AA?$CF?$AAs?$AA?$CJ?$AA?3?$AA?5?$AA?$AA@ 000069f8     oal_blmenu:menu.obj
 0001:00005b58       ??_C@_1O@INIEDEDF@?$AA?$CI?$AAN?$AAU?$AAL?$AAL?$AA?$CJ?$AA?$AA@ 00006b58     oal_blnk:format.obj
 0001:00005b68       ??_C@_06LHGEHABH@?$CINULL?$CJ?$AA@ 00006b68     oal_blnk:format.obj
 0001:00005c00       pTOC                       00006c00     oal_blcommon:blcommon.obj
 0001:00005c08       NKSignon                   00006c08     oal_blcommon:blcommon.obj
 0001:00005c64       ??_C@_0DJ@LFHEGALA@ERROR?3?5Checksum?5failure?5?$CIexpecte@ 00006c64     oal_blcommon:blcommon.obj
 0001:00005ca0       ??_C@_0BM@DKIOIAMD@?$AN?6BL_IMAGE_TYPE_UNKNOWN?$AN?6?$AN?6?$AA@ 00006ca0     oal_blcommon:blcommon.obj
 0001:00005cbc       ??_C@_0BP@KNNCEABF@?$AN?6BL_IMAGE_TYPE_SIGNED_NB0?$AN?6?$AN?6?$AA@ 00006cbc     oal_blcommon:blcommon.obj
 0001:00005cdc       ??_C@_07LAGBNAEN@R000FF?6?$AA@ 00006cdc     oal_blcommon:blcommon.obj
 0001:00005ce4       ??_C@_0BP@MJFCGNBB@?$AN?6BL_IMAGE_TYPE_SIGNED_BIN?$AN?6?$AN?6?$AA@ 00006ce4     oal_blcommon:blcommon.obj
 0001:00005d04       ??_C@_07HMMLNAND@S000FF?6?$AA@ 00006d04     oal_blcommon:blcommon.obj
 0001:00005d0c       ??_C@_0BI@HBMHAEFD@?$AN?6BL_IMAGE_TYPE_BIN?$AN?6?$AN?6?$AA@ 00006d0c     oal_blcommon:blcommon.obj
 0001:00005d24       ??_C@_07MMNKOBGG@B000FF?6?$AA@ 00006d24     oal_blcommon:blcommon.obj
 0001:00005d2c       ??_C@_0BN@IHLEHBEK@?$AN?6BL_IMAGE_TYPE_MULTIXIP?$AN?6?$AN?6?$AA@ 00006d2c     oal_blcommon:blcommon.obj
 0001:00005d4c       ??_C@_07CBKBMMIF@X000FF?6?$AA@ 00006d4c     oal_blcommon:blcommon.obj
 0001:00005d54       ??_C@_0BN@GCKOHOON@?$AN?6BL_IMAGE_TYPE_MANIFEST?$AN?6?$AN?6?$AA@ 00006d54     oal_blcommon:blcommon.obj
 0001:00005d74       ??_C@_07JLHFPECJ@N000FF?6?$AA@ 00006d74     oal_blcommon:blcommon.obj
 0001:00005d7c       ??_C@_0CL@OKMIEAHJ@?$AN?6ERROR?3?5Unable?5to?5read?5image?5si@ 00006d7c     oal_blcommon:blcommon.obj
 0001:00005da8       ??_C@_0DJ@PIPLIHFI@?$AN?6ERROR?3?5Unable?5to?5read?5download@ 00006da8     oal_blcommon:blcommon.obj
 0001:00005de8       ??_C@_0EC@LAKEOKID@?$AN?6ERROR?3?5Download?5manifest?5packe@ 00006de8     oal_blcommon:blcommon.obj
 0001:00005e2c       ??_C@_0DG@DBBGHEAG@?$AN?6ERROR?3?5Unable?5to?5read?5download@ 00006e2c     oal_blcommon:blcommon.obj
 0001:00005e64       ??_C@_0DL@DCHMDHHD@ImageStart?5?$DN?50x?$CFx?0?5ImageLength?5?$DN@ 00006e64     oal_blcommon:blcommon.obj
 0001:00005ea0       ??_C@_0CO@PFLGIDFG@ERROR?3?5failed?5when?5reading?5raw?5b@ 00006ea0     oal_blcommon:blcommon.obj
 0001:00005ed0       ??_C@_0BP@EOFEMPOO@Invalid?5flash?5address?1length?$AN?6?$AA@ 00006ed0     oal_blcommon:blcommon.obj
 0001:00005ef0       ??_C@_0CC@DNECAMLM@?$CBOEMVERIFYMEMORY?3?5Invalid?5image?$AN@ 00006ef0     oal_blcommon:blcommon.obj
 0001:00005f14       ??_C@_0DH@GJCJAHAP@?$FL?$CFd?$FN?3?5Address?$DN0x?$CFx?5?5Length?$DN0x?$CFx?5@ 00006f14     oal_blcommon:blcommon.obj
 0001:00005f4c       ??_C@_03ILDADBHF@RAM?$AA@  00006f4c     oal_blcommon:blcommon.obj
 0001:00005f50       ??_C@_05HPMNGINJ@FLASH?$AA@ 00006f50     oal_blcommon:blcommon.obj
 0001:00005f58       ??_C@_0BH@FIOKDOBJ@?$AN?6Completed?5file?$CIs?$CJ?3?$AN?6?$AA@ 00006f58     oal_blcommon:blcommon.obj
 0001:00005f70       ??_C@_0FC@PGPOMBFM@?9?9?9?9?9?9?9?9?9?9?9?9?9?9?9?9?9?9?9?9?9?9?9?9?9?9?9?9?9?9?9?9@ 00006f70     oal_blcommon:blcommon.obj
 0001:00005fc4       ??_C@_06OLEINIPO@nk?4exe?$AA@ 00006fc4     oal_blcommon:blcommon.obj
 0001:00005fcc       ??_C@_0CE@NKAMCDHO@Unable?5to?5read?5image?5start?1lengt@ 00006fcc     oal_blcommon:blcommon.obj
 0001:00005ff0       ??_C@_0DI@FDIIHFBA@?$CK?$CK?$CK?$CK?$CK?$CK?5Checksum?5failure?5on?5recor@ 00006ff0     oal_blcommon:blcommon.obj
 0001:00006028       ??_C@_0DD@KHJBCIED@?$CK?$CK?$CK?$CK?$CK?$CK?5Data?5record?5?$CFd?5corrupted?0@ 00007028     oal_blcommon:blcommon.obj
 0001:0000605c       ??_C@_0BD@PHLGNLDI@rom_offset?$DN0x?$CFx?4?$AN?6?$AA@ 0000705c     oal_blcommon:blcommon.obj
 0001:00006070       ??_C@_0EC@NABDPCJO@?$CK?$CK?5ERROR?3?5This?5boot?5loader?5does?5@ 00007070     oal_blcommon:blcommon.obj
 0001:000060b8       ??_C@_0EC@MIGFFFAC@?$CK?$CK?5ERROR?3?5This?5boot?5loader?5does?5@ 000070b8     oal_blcommon:blcommon.obj
 0001:000060fc       ??_C@_06BEBGGBAB@?$AN?6?$CK?$CK?$AN?6?$AA@ 000070fc     oal_blcommon:blcommon.obj
 0001:00006108       ??_C@_0GI@NIAHKKOO@?$CK?$CK?5ERROR?3?5The?5X000FF?5packet?5is?5a@ 00007108     oal_blcommon:blcommon.obj
 0001:00006170       ??_C@_0FO@KDFAPMNM@?$CK?$CK?5Please?5update?5your?5Platform?5B@ 00007170     oal_blcommon:blcommon.obj
 0001:000061d0       ??_C@_04IPBEALME@?$CK?$CK?$AN?6?$AA@ 000071d0     oal_blcommon:blcommon.obj
 0001:000061d8       ??_C@_0BI@OCFAEGPK@ROMHDR?5at?5Address?5?$CFXh?$AN?6?$AA@ 000071d8     oal_blcommon:blcommon.obj
 0001:000061f0       ??_C@_0CL@NOFKHKJC@System?5ready?$CB?$AN?6Preparing?5for?5dow@ 000071f0     oal_blcommon:blcommon.obj
 0001:0000621c       ??_C@_0M@CDHNGIPM@?$CFu?4?$CFu?4?$CFu?4?$CFu?$AA@ 0000721c     oal_blcommon:format.obj
 0001:000062b8       ??_C@_1EE@DLLAKNKJ@?$AA?9?$AAO?$AAA?$AAL?$AAF?$AAl?$AAa?$AAs?$AAh?$AAS?$AAt?$AAo?$AAr?$AAe?$AAO?$AAp?$AAe?$AAn?$AA?$CI?$AAr?$AAc?$AA?5?$AA?$DN?$AA?5?$AA0?$AAx?$AA?$CF?$AA0?$AA8?$AAx?$AA?$CJ?$AA?$AN@ 000072b8     common_ti_oal_flashstore:flashstore.obj
 0001:00006300       ??_C@_1HC@FKJBCKDO@?$AAO?$AAA?$AAL?$AAF?$AAl?$AAa?$AAs?$AAh?$AAS?$AAt?$AAo?$AAr?$AAe?$AAO?$AAp?$AAe?$AAn?$AA?3?$AA?5?$AA?$CF?$AAd?$AA?5?$AAb?$AAy?$AAt?$AAe?$AAs?$AA?1?$AAs?$AAe?$AAc?$AAt@ 00007300     common_ti_oal_flashstore:flashstore.obj
 0001:00006378       ??_C@_1GC@LGNOEKEA@?$AAO?$AAA?$AAL?$AAF?$AAl?$AAa?$AAs?$AAh?$AAS?$AAt?$AAo?$AAr?$AAe?$AAO?$AAp?$AAe?$AAn?$AA?3?$AA?5?$AA?$CF?$AAd?$AA?5?$AAb?$AAl?$AAo?$AAc?$AAk?$AAs?$AA?0?$AA?5?$AA?$CF?$AAd@ 00007378     common_ti_oal_flashstore:flashstore.obj
 0001:000063e0       ??_C@_1GK@DBMLJPHK@?$AAE?$AAR?$AAR?$AAO?$AAR?$AA?3?$AA?5?$AAO?$AAA?$AAL?$AAF?$AAl?$AAa?$AAs?$AAh?$AAS?$AAt?$AAo?$AAr?$AAe?$AAO?$AAp?$AAe?$AAn?$AA?3?$AA?5?$AAF?$AAM?$AAD?$AA_?$AAG?$AAe@ 000073e0     common_ti_oal_flashstore:flashstore.obj
 0001:00006450       ??_C@_1GE@JPMDHDDC@?$AAE?$AAR?$AAR?$AAO?$AAR?$AA?3?$AA?5?$AAO?$AAA?$AAL?$AAF?$AAl?$AAa?$AAs?$AAh?$AAS?$AAt?$AAo?$AAr?$AAe?$AAO?$AAp?$AAe?$AAn?$AA?3?$AA?5?$AAF?$AAM?$AAD?$AA_?$AAI?$AAn@ 00007450     common_ti_oal_flashstore:flashstore.obj
 0001:000064b4       ??_C@_1DK@MODMACFL@?$AA?$CL?$AAO?$AAA?$AAL?$AAF?$AAl?$AAa?$AAs?$AAh?$AAS?$AAt?$AAo?$AAr?$AAe?$AAO?$AAp?$AAe?$AAn?$AA?$CI?$AA0?$AAx?$AA?$CF?$AA0?$AA8?$AAx?$AA?$CJ?$AA?$AN?$AA?6?$AA?$AA@ 000074b4     common_ti_oal_flashstore:flashstore.obj
 0001:000064f0       ??_C@_1DE@JONHLDDF@?$AAW?$AAA?$AAR?$AAN?$AA?3?$AA?5?$AAS?$AAk?$AAi?$AAp?$AA?5?$AAb?$AAa?$AAd?$AA?5?$AAb?$AAl?$AAo?$AAc?$AAk?$AA?5?$AA?$CF?$AAd?$AA?$AN?$AA?6?$AA?$AA@ 000074f0     common_ti_oal_flashstore:flashstore.obj
 0001:00006524       ??_C@_1DO@DHDNAGME@?$AA?9?$AAO?$AAA?$AAL?$AAF?$AAl?$AAa?$AAs?$AAh?$AAS?$AAt?$AAo?$AAr?$AAe?$AAW?$AAr?$AAi?$AAt?$AAe?$AA?$CI?$AAr?$AAc?$AA?5?$AA?$DN?$AA?5?$AA?$CF?$AAd?$AA?$CJ?$AA?$AN?$AA?6?$AA?$AA@ 00007524     common_ti_oal_flashstore:flashstore.obj
 0001:00006568       ??_C@_1KE@CHNFEMEO@?$AAE?$AAR?$AAR?$AAO?$AAR?$AA?3?$AA?5?$AAO?$AAA?$AAL?$AAF?$AAl?$AAa?$AAs?$AAh?$AAS?$AAt?$AAo?$AAr?$AAe?$AAW?$AAr?$AAi?$AAt?$AAe?$AA?3?$AA?5?$AAC?$AAo?$AAr?$AAr?$AAu@ 00007568     common_ti_oal_flashstore:flashstore.obj
 0001:00006610       ??_C@_1HO@CIDFMKMH@?$AAE?$AAR?$AAR?$AAO?$AAR?$AA?3?$AA?5?$AAO?$AAA?$AAL?$AAF?$AAl?$AAa?$AAs?$AAh?$AAS?$AAt?$AAo?$AAr?$AAe?$AAW?$AAr?$AAi?$AAt?$AAe?$AA?3?$AA?5?$AAF?$AAa?$AAi?$AAl?$AAe@ 00007610     common_ti_oal_flashstore:flashstore.obj
 0001:00006690       ??_C@_1HO@FLMJGLLL@?$AAE?$AAR?$AAR?$AAO?$AAR?$AA?3?$AA?5?$AAO?$AAA?$AAL?$AAF?$AAl?$AAa?$AAs?$AAh?$AAS?$AAt?$AAo?$AAr?$AAe?$AAW?$AAr?$AAi?$AAt?$AAe?$AA?3?$AA?5?$AAR?$AAu?$AAn?$AA?5?$AAo@ 00007690     common_ti_oal_flashstore:flashstore.obj
 0001:00006710       ??_C@_1JG@BJDMMIFN@?$AAW?$AAA?$AAR?$AAN?$AA?3?$AA?5?$AAO?$AAA?$AAL?$AAF?$AAl?$AAa?$AAs?$AAh?$AAS?$AAt?$AAo?$AAr?$AAe?$AAW?$AAr?$AAi?$AAt?$AAe?$AA?3?$AA?5?$AAF?$AAa?$AAi?$AAl?$AAe?$AAd@ 00007710     common_ti_oal_flashstore:flashstore.obj
 0001:000067a8       ??_C@_1IE@BDHDNOD@?$AAW?$AAA?$AAR?$AAN?$AA?3?$AA?5?$AAO?$AAA?$AAL?$AAF?$AAl?$AAa?$AAs?$AAh?$AAS?$AAt?$AAo?$AAr?$AAe?$AAW?$AAr?$AAi?$AAt?$AAe?$AA?3?$AA?5?$AAF?$AAa?$AAi?$AAl?$AAe?$AAd@ 000077a8     common_ti_oal_flashstore:flashstore.obj
 0001:00006830       ??_C@_1KK@LPEKIKDN@?$AAE?$AAR?$AAR?$AAO?$AAR?$AA?3?$AA?5?$AAO?$AAA?$AAL?$AAF?$AAl?$AAa?$AAs?$AAh?$AAS?$AAt?$AAo?$AAr?$AAe?$AAW?$AAr?$AAi?$AAt?$AAe?$AA?3?$AA?5?$AAF?$AAa?$AAi?$AAl?$AAe@ 00007830     common_ti_oal_flashstore:flashstore.obj
 0001:000068e0       ??_C@_1LA@OCBPILJB@?$AAE?$AAR?$AAR?$AAO?$AAR?$AA?3?$AA?5?$AAO?$AAA?$AAL?$AAF?$AAl?$AAa?$AAs?$AAh?$AAS?$AAt?$AAo?$AAr?$AAe?$AAR?$AAe?$AAa?$AAd?$AA?3?$AA?5?$AAF?$AAl?$AAa?$AAs?$AAh?$AA?5@ 000078e0     common_ti_oal_flashstore:flashstore.obj
 0001:00006990       ??_C@_1KG@OCIIDMHN@?$AAE?$AAR?$AAR?$AAO?$AAR?$AA?3?$AA?5?$AAO?$AAA?$AAL?$AAF?$AAl?$AAa?$AAs?$AAh?$AAS?$AAt?$AAo?$AAr?$AAe?$AAW?$AAr?$AAi?$AAt?$AAe?$AA?3?$AA?5?$AAF?$AAl?$AAa?$AAs?$AAh@ 00007990     common_ti_oal_flashstore:flashstore.obj
 0001:00006a38       ??_C@_1HM@NGCJEILF@?$AA?$CL?$AAO?$AAA?$AAL?$AAF?$AAl?$AAa?$AAs?$AAh?$AAS?$AAt?$AAo?$AAr?$AAe?$AAW?$AAr?$AAi?$AAt?$AAe?$AA?$CI?$AA0?$AAx?$AA?$CF?$AA0?$AA8?$AAx?$AA?0?$AA?5?$AA0?$AAx?$AA?$CF?$AA0@ 00007a38     common_ti_oal_flashstore:flashstore.obj
 0001:00006ab4       ??_C@_1DM@KJHIDCKC@?$AA?9?$AAO?$AAA?$AAL?$AAF?$AAl?$AAa?$AAs?$AAh?$AAS?$AAt?$AAo?$AAr?$AAe?$AAR?$AAe?$AAa?$AAd?$AA?$CI?$AAr?$AAc?$AA?5?$AA?$DN?$AA?5?$AA?$CF?$AAd?$AA?$CJ?$AA?$AN?$AA?6?$AA?$AA@ 00007ab4     common_ti_oal_flashstore:flashstore.obj
 0001:00006af0       ??_C@_1JE@BGBADADK@?$AAE?$AAR?$AAR?$AAO?$AAR?$AA?3?$AA?5?$AAO?$AAA?$AAL?$AAF?$AAl?$AAa?$AAs?$AAh?$AAS?$AAt?$AAo?$AAr?$AAe?$AAR?$AAe?$AAa?$AAd?$AA?3?$AA?5?$AAF?$AAa?$AAi?$AAl?$AAe?$AAd@ 00007af0     common_ti_oal_flashstore:flashstore.obj
 0001:00006b88       ??_C@_1HM@LNEGDDBN@?$AAE?$AAR?$AAR?$AAO?$AAR?$AA?3?$AA?5?$AAO?$AAA?$AAL?$AAF?$AAl?$AAa?$AAs?$AAh?$AAS?$AAt?$AAo?$AAr?$AAe?$AAR?$AAe?$AAa?$AAd?$AA?3?$AA?5?$AAR?$AAu?$AAn?$AA?5?$AAo?$AAu@ 00007b88     common_ti_oal_flashstore:flashstore.obj
 0001:00006c08       ??_C@_1KI@BBPBIBEF@?$AAE?$AAR?$AAR?$AAO?$AAR?$AA?3?$AA?5?$AAO?$AAA?$AAL?$AAF?$AAl?$AAa?$AAs?$AAh?$AAS?$AAt?$AAo?$AAr?$AAe?$AAR?$AAe?$AAa?$AAd?$AA?3?$AA?5?$AAF?$AAa?$AAi?$AAl?$AAe?$AAd@ 00007c08     common_ti_oal_flashstore:flashstore.obj
 0001:00006cb0       ??_C@_1KC@GLMKKJJO@?$AAE?$AAR?$AAR?$AAO?$AAR?$AA?3?$AA?5?$AAO?$AAA?$AAL?$AAF?$AAl?$AAa?$AAs?$AAh?$AAS?$AAt?$AAo?$AAr?$AAe?$AAR?$AAe?$AAa?$AAd?$AA?3?$AA?5?$AAF?$AAl?$AAa?$AAs?$AAh?$AA?5@ 00007cb0     common_ti_oal_flashstore:flashstore.obj
 0001:00006d58       ??_C@_1HK@HAFKLFGC@?$AA?$CL?$AAO?$AAA?$AAL?$AAF?$AAl?$AAa?$AAs?$AAh?$AAS?$AAt?$AAo?$AAr?$AAe?$AAR?$AAe?$AAa?$AAd?$AA?$CI?$AA0?$AAx?$AA?$CF?$AA0?$AA8?$AAx?$AA?0?$AA?5?$AA0?$AAx?$AA?$CF?$AA0?$AA8@ 00007d58     common_ti_oal_flashstore:flashstore.obj
 0001:00006dd8       ??_C@_1EM@DFFPJPPN@?$AA?9?$AAO?$AAA?$AAL?$AAF?$AAl?$AAa?$AAs?$AAh?$AAS?$AAt?$AAo?$AAr?$AAe?$AAB?$AAu?$AAf?$AAf?$AAe?$AAr?$AAe?$AAd?$AAR?$AAe?$AAa?$AAd?$AA?$CI?$AAr?$AAc?$AA?5?$AA?$DN?$AA?5@ 00007dd8     common_ti_oal_flashstore:flashstore.obj
 0001:00006e28       ??_C@_1HC@PIJOJJGP@?$AA?$CL?$AAO?$AAA?$AAL?$AAF?$AAl?$AAa?$AAs?$AAh?$AAS?$AAt?$AAo?$AAr?$AAe?$AAB?$AAu?$AAf?$AAf?$AAe?$AAr?$AAe?$AAd?$AAR?$AAe?$AAa?$AAd?$AA?$CI?$AA0?$AAx?$AA?$CF?$AA0?$AA8@ 00007e28     common_ti_oal_flashstore:flashstore.obj
 0001:00006f30       ??_C@_1EA@CJMKJJJH@?$AAO?$AAA?$AAL?$AAL?$AAo?$AAc?$AAa?$AAl?$AAA?$AAl?$AAl?$AAo?$AAc?$AA?5?$AAr?$AAe?$AAt?$AAu?$AAr?$AAn?$AAe?$AAd?$AA?5?$AAN?$AAU?$AAL?$AAL?$AA?5?$AA?$CB?$AA?$AN?$AA?6?$AA?$AA@ 00007f30     common_ti_oal_alloc:alloc.obj
 0001:00007000       ??_C@_1KI@MDFCMHMG@?$AAC?$AA?3?$AA?2?$AAW?$AAI?$AAN?$AAC?$AAE?$AA6?$AA0?$AA0?$AA?2?$AAP?$AAL?$AAA?$AAT?$AAF?$AAO?$AAR?$AAM?$AA?2?$AAC?$AAO?$AAM?$AAM?$AAO?$AAN?$AA?2?$AAS?$AAR?$AAC?$AA?2@ 00008000     common_ti_fmd_nand_boot:fmd.obj
 0001:000070a8       ??_C@_1CI@OHCJFJPM@?$AAE?$AAR?$AAR?$AAO?$AAR?$AA?3?$AA?5?$AA?$CF?$AAs?$AA?5?$AAl?$AAi?$AAn?$AAe?$AA?5?$AA?$CF?$AAd?$AA?3?$AA?5?$AA?$AA@ 000080a8     common_ti_fmd_nand_boot:fmd.obj
 0001:000070d0       ??_C@_1HG@DCOIKHPB@?$AAF?$AAM?$AAD?$AA?5?$AAd?$AAr?$AAi?$AAv?$AAe?$AAr?$AA?5?$AAs?$AAu?$AAp?$AAp?$AAo?$AAr?$AAt?$AAs?$AA?5?$AAo?$AAn?$AAl?$AAy?$AA?5?$AA1?$AA6?$AAb?$AAi?$AAt?$AAs?$AA?5@ 000080d0     common_ti_fmd_nand_boot:fmd.obj
 0001:00007148       ??_C@_1DK@CAAJGKFH@?$AAI?$AAn?$AAc?$AAo?$AAr?$AAr?$AAe?$AAc?$AAt?$AA?5?$AAE?$AAC?$AAC?$AA?5?$AAt?$AAy?$AAp?$AAe?$AA?5?$AAs?$AAe?$AAt?$AAt?$AAi?$AAn?$AAg?$AA?$AN?$AA?6?$AA?$AA@ 00008148     common_ti_fmd_nand_boot:fmd.obj
 0001:00007218       ??_C@_1EA@JNFKONCC@?$AAE?$AAr?$AAr?$AAo?$AAr?$AA?3?$AA?5?$AAU?$AAn?$AAr?$AAe?$AAc?$AAo?$AAg?$AAn?$AAi?$AAz?$AAe?$AAd?$AA?5?$AAM?$AAo?$AAd?$AAe?$AA?$FL?$AA?$CF?$AAd?$AA?$FN?$AA?$CB?$AA?$AN?$AA?6?$AA?$AA@ 00008218     common_ti_fmd_nand_boot:gpmc_ecc.obj
 0001:00007258       ??_C@_1EI@LMGHLBK@?$AAE?$AAC?$AAC?$AA_?$AAI?$AAn?$AAi?$AAt?$AA?3?$AA?5?$AAu?$AAn?$AAs?$AAu?$AAp?$AAp?$AAo?$AAr?$AAt?$AAe?$AAd?$AA?5?$AAe?$AAc?$AAc?$AA?5?$AAm?$AAo?$AAd?$AAe?$AA?3?$AA?$CF@ 00008258     common_ti_fmd_nand_boot:gpmc_ecc.obj
 0001:000073c8       ??_C@_1KM@EEHAFCCJ@?$AAC?$AA?3?$AA?2?$AAW?$AAI?$AAN?$AAC?$AAE?$AA6?$AA0?$AA0?$AA?2?$AAP?$AAL?$AAA?$AAT?$AAF?$AAO?$AAR?$AAM?$AA?2?$AAC?$AAO?$AAM?$AAM?$AAO?$AAN?$AA?2?$AAS?$AAR?$AAC?$AA?2@ 000083c8     common_ti_oali2c:oali2c.obj
 0001:00007474       ??_C@_1CC@EHKJMBJI@?$AAD?$AAe?$AAv?$AAi?$AAc?$AAe?$AA?5?$AAn?$AAo?$AAt?$AA?5?$AAf?$AAo?$AAu?$AAn?$AAd?$AA?$AA@ 00008474     common_ti_oali2c:oali2c.obj
 0001:00007498       ??_C@_1KA@GOKKFLEJ@?$AAW?$AAA?$AAR?$AAN?$AA?3?$AA?5?$AAI?$AA2?$AAC?$AA?3?$AA?3?$AAI?$AA2?$AAC?$AAP?$AAo?$AAl?$AAl?$AAS?$AAt?$AAa?$AAt?$AAu?$AAs?$AA?5?$AA?9?$AA?5?$AAc?$AAh?$AAe?$AAc?$AAk@ 00008498     common_ti_oali2c:oali2c.obj
 0001:00007538       ??_C@_1GK@FLELOHLG@?$AAW?$AAA?$AAR?$AAN?$AA?3?$AA?5?$AAI?$AA2?$AAC?$AA?3?$AA?3?$AAI?$AA2?$AAC?$AAR?$AAe?$AAs?$AAe?$AAt?$AAD?$AAe?$AAv?$AAi?$AAc?$AAe?$AA?5?$AA?9?$AA?5?$AAf?$AAa?$AAi?$AAl@ 00008538     common_ti_oali2c:oali2c.obj
 0001:000075a8       ??_C@_1GO@NCGHHJFM@?$AAW?$AAA?$AAR?$AAN?$AA?3?$AA?5?$AAI?$AA2?$AAC?$AA?3?$AA?5?$AAW?$AAr?$AAi?$AAt?$AAe?$AA?5?$AAf?$AAa?$AAi?$AAl?$AAe?$AAd?$AA?5?$AA?$CI?$AAS?$AAA?$AA?$DN?$AA0?$AAx?$AA?$CF?$AA0@ 000085a8     common_ti_oali2c:oali2c.obj
 0001:00007618       ??_C@_1CO@EBLPIMOB@?$AAW?$AAr?$AAi?$AAt?$AAe?$AA?3?$AA?5?$AAA?$AAt?$AAt?$AAe?$AAm?$AAp?$AAt?$AAs?$AA?5?$AA?$DN?$AA?5?$AA?$CF?$AAd?$AA?$AN?$AA?6?$AA?$AA@ 00008618     common_ti_oali2c:oali2c.obj
 0001:00007648       ??_C@_1HM@LEOLDKCA@?$AAW?$AAA?$AAR?$AAN?$AA?3?$AA?5?$AAI?$AA2?$AAC?$AA?3?$AA?5?$AAR?$AAe?$AAa?$AAd?$AA?5?$AAf?$AAa?$AAi?$AAl?$AAe?$AAd?$AA?5?$AA?$CI?$AAs?$AAl?$AAa?$AAv?$AAe?$AA?5?$AAa?$AAd@ 00008648     common_ti_oali2c:oali2c.obj
 0001:000076c4       ??_C@_1CM@HPEFBBEG@?$AAR?$AAe?$AAa?$AAd?$AA?3?$AA?5?$AAA?$AAt?$AAt?$AAe?$AAm?$AAp?$AAt?$AAs?$AA?5?$AA?$DN?$AA?5?$AA?$CF?$AAd?$AA?$AN?$AA?6?$AA?$AA@ 000086c4     common_ti_oali2c:oali2c.obj
 0001:000076f0       ??_C@_1CO@IKDMELMO@?$AAI?$AA2?$AAC?$AA?3?$AA?5?$AAR?$AAE?$AAS?$AAE?$AAT?$AA?5?$AAd?$AAe?$AAv?$AAi?$AAc?$AAe?$AA?5?$AA?$CF?$AAd?$AA?$AN?$AA?6?$AA?$AA@ 000086f0     common_ti_oali2c:oali2c.obj
 0001:000077b0       ??_C@_1CO@BANOFPG@?$AAG?$AAe?$AAt?$AA_?$AAC?$AAP?$AAU?$AAV?$AAe?$AAr?$AAs?$AAi?$AAo?$AAn?$AA?3?$AA?5?$AA0?$AAx?$AA?$CF?$AAx?$AA?$AN?$AA?6?$AA?$AA@ 000087b0     OMAP3530_oalcpuver:oalcpuver.obj
 0001:00007900       ??_C@_1HK@FIHOCGBD@?$AAE?$AAR?$AAR?$AAO?$AAR?$AA?3?$AA?5?$AAG?$AAI?$AAO?$AA_?$AAI?$AAn?$AAi?$AAt?$AA?3?$AA?5?$AAF?$AAa?$AAi?$AAl?$AAe?$AAd?$AA?5?$AAt?$AAo?$AA?5?$AAi?$AAn?$AAi?$AAt?$AAi@ 00008900     common_ti_oal_gpiodispatch:gpio_dispatch.obj
 0001:0000797c       ??_C@_19NNFDHLJH@?$AAb?$AAo?$AAo?$AAt?$AA?$AA@ 0000897c     common_ti_oal_gpiodispatch:gpio_dispatch.obj
 0001:00007988       DEVICE_IFC_TWL_GUID        00008988     TPS659xx_oal_gpio:tps659xx_gpio.obj
 0001:00007ab8       ??_C@_15BMCNAON@?$AAR?$AAX?$AA?$AA@ 00008ab8     OMAP3530_soccfg:devicemap.obj
[...]
 0001:0002c958       UfnPdd_IsEndpointSupportable 0002d958 f   common_ti_ethdrv_usbfn:pdd.obj
 0001:0002c974       UfnPdd_IsConfigurationSupportable 0002d974 f   common_ti_ethdrv_usbfn:pdd.obj
 0001:0002ca60       UfnPdd_Init                0002da60 f   common_ti_ethdrv_usbfn:pdd.obj
 0002:00000000       g_kitlEthLan911x           0002e000     main.obj
 0002:0000002c       g_kitlUsbRndis             0002e02c     main.obj
 0002:00000058       g_kitlDevices              0002e058     main.obj
 0002:000000a0       g_bootDevices              0002e0a0     main.obj
 0002:00000100       DefaultMacAddress          0002e100     main.obj
 0002:00000360       dispResMenu                0002e360     menu.obj
 0002:000003a8       oppModeMenu35x             0002e3a8     menu.obj
 0002:000003c0       oppModeMenu37x             0002e3c0     menu.obj
 0002:000003d0       g_menuFlash                0002e3d0     flashmenu.obj
 0002:000004d8       g_ulFlashBase              0002e4d8     flash.obj
 0002:000004dc       g_ulFlashLengthBytes       0002e4dc     flash.obj
 0002:000004e0       g_ulBPartBase              0002e4e0     flash.obj
 0002:000004e4       g_ulBPartLengthBytes       0002e4e4     flash.obj
 0002:000004e8       initialOALLogZones         0002e4e8     oal_log:debug.obj
 0002:000004f0       dpCurSettings              0002e4f0     oal_log:debug.obj
 0002:0000097c       gpmc_ecc_hamming_code      0002e97c     common_ti_fmd_nand_boot:gpmc_ecc.obj
 0002:0000098c       gpmc_ecc_bch_4bits         0002e98c     common_ti_fmd_nand_boot:gpmc_ecc.obj
 0002:0000099c       gpmc_ecc_bch_8bits         0002e99c     common_ti_fmd_nand_boot:gpmc_ecc.obj
 0002:000009b0       OMAPCpuInfo                0002e9b0     OMAP3530_oalcpuver:oalcpuver.obj
 0002:000009f8       CPUMaxSpeed                0002e9f8     OMAP3530_oalcpuver:oalcpuver.obj
 0002:00000a08       Omap_Gpio                  0002ea08     common_ti_oal_omap_gpio:omap35xx_gpio.obj
 0002:00000b10       Tps659xx_Gpio              0002eb10     TPS659xx_oal_gpio:tps659xx_gpio.obj
 0002:00000b58       bRndisSendPacketEmpty      0002eb58     rne_mdd:rndis.obj
 0002:00000b90       RNdisMddSupportedOids      0002eb90     rne_mdd:hostmini.obj
 0002:00000c20       __security_cookie          0002ec20     gsnull:gsnull.obj
 0002:00000c24       __security_cookie_complement 0002ec24     gsnull:gsnull.obj
 0002:00000c28       ?g_dwMBRSectorNum@@3KA     0002ec28     bootpart:bootpart.obj
 0002:00000c38       g_dwMeasuredSysClkFreq     0002ec38     bspcfg:bspcfg.obj
 0002:00000c3c       _rgScaleTable              0002ec3c     bspcfg:bspcfg.obj
 0002:00000c60       _rgI2CDevice               0002ec60     bspcfg:bspcfg.obj
 0002:00000d40       SupportedNands             0002ed40     bspcfg:bspcfg.obj
 0002:00000d7c       BSPGpioTables              0002ed7c     bspcfg:bspcfg.obj
 0002:00000d98       lcd_res_params             0002ed98     bsp_display_init:lcd_qvga.obj
 0002:00001024       g_InterruptData            0002f024     common_ti_ethdrv_rndis:rndis.obj
 0002:00001280       g_CPUFamily                0002f280     main.obj
 0002:00011298       EdbgDebugZone              0003f298     eth.obj
 0002:0003458c       gpmc_ecc_func              0006258c     common_ti_fmd_nand_boot:gpmc_ecc.obj
 0002:000345a0       ?csGpio@@3UCRITICAL_SECTION@@A 000625a0     TPS659xx_oal_gpio:tps659xx_gpio.obj
 0002:000345b8       ?g_fGpioPostInit@@3HA      000625b8     TPS659xx_oal_gpio:tps659xx_gpio.obj
 0002:0003e420       ?g_partStateTable@@3PAU_PARTSTATE@@A 0006c420     bootpart:bootpart.obj
 0002:0003e440       ?g_FlashInfo@@3U_FlashInfo@@A 0006c440     bootpart:bootpart.obj
 0002:0003e450       ?g_dwDataBytesPerBlock@@3KA 0006c450     bootpart:bootpart.obj
 0002:0003e454       ?g_dwLastWrittenLoc@@3KA   0006c454     bootpart:bootpart.obj
 0002:0003e458       ?g_dwLastLogSector@@3KA    0006c458     bootpart:bootpart.obj
 0002:0003e45c       ?g_pSectorInfoBuf@@3PAU_SectorInfo@@A 0006c45c     bootpart:bootpart.obj
 0002:0003e460       ?g_pbMBRSector@@3PAEA      0006c460     bootpart:bootpart.obj
 0002:0003e464       ?g_pbBlock@@3PAEA          0006c464     bootpart:bootpart.obj
 0002:0003ea80       bDoLaunch                  0006ca80     eboot:tftpd.obj
 0002:0003ea84       TftpPeerAddr               0006ca84     eboot:tftpd.obj
 0002:0003f06c       g_pEP1DataWrapper          0006d06c     common_ti_ethdrv_rndis:rndis.obj
 0002:0003f070       g_devState                 0006d070     common_ti_ethdrv_rndis:rndis.obj
 0002:0003f074       g_EP0TransferState         0006d074     common_ti_ethdrv_rndis:rndis.obj
 0002:0003f078       g_EP1TransferState         0006d078     common_ti_ethdrv_rndis:rndis.obj
 0002:0003f07c       g_EP2TransferState         0006d07c     common_ti_ethdrv_rndis:rndis.obj
 0002:0003f080       g_EP3TransferState         0006d080     common_ti_ethdrv_rndis:rndis.obj
 0002:0003f084       gDevice_prefix             0006d084     <common>
 0002:0003f0a0       g_eboot                    0006d0a0     <common>
 0002:0003f1e8       g_ecctype                  0006d1e8     <common>
 0002:0003f200       g_bootCfg                  0006d200     <common>
 0002:0003f27c       szSprintf                  0006d27c     <common>
 0002:0003f280       g_pOEMVerifyMemory         0006d280     <common>
 0002:0003f284       g_dwROMOffset              0006d284     <common>
 0002:0003f288       g_pOEMReportError          0006d288     <common>
 0002:0003f28c       g_pOEMMultiBINNotify       0006d28c     <common>
 0002:0003f290       g_pOEMCheckSignature       0006d290     <common>
 0002:0003f2a0       g_oalCacheInfo             0006d2a0     <common>
 0002:0003f2e8       map                        0006d2e8     <common>
 0002:0003f2ec       nbBlock                    0006d2ec     <common>
 0002:0003f2f0       poolSize                   0006d2f0     <common>
 0002:0003f2f4       pool                       0006d2f4     <common>
 0002:0003f2f8       ExtendedPartionBaseSector  0006d2f8     <common>
 0002:0003f300       MMCcmd                     0006d300     <common>
 0002:0003f380       File                       0006d380     <common>
 0002:0003f5a4       pFile                      0006d5a4     <common>
 0002:0003f5c0       Request                    0006d5c0     <common>
 0002:0003f620       fileio_ops                 0006d620     <common>
 0002:0003f640       Disk                       0006d640     <common>
 0002:0003f678       m_fFirstTime               0006d678     <common>
 0002:0003f67c       m_dwCPURev                 0006d67c     <common>
 0002:0003f680       m_fMMCMode                 0006d680     <common>
 0002:0003f684       m_dwSlot                   0006d684     <common>
 0002:0003f688       m_fCardPresent             0006d688     <common>
 0002:0003f68c       m_dwMaxTimeout             0006d68c     <common>
 0002:0003f690       m_fInitialized             0006d690     <common>
 0002:0003f694       m_fAppCmdMode              0006d694     <common>
 0002:0003f698       m_fCardInitialized         0006d698     <common>
 0002:0003f69c       g_hGPIO                    0006d69c     <common>
 0002:0003f6a0       m_dwSDIOCard               0006d6a0     <common>
 0002:0003f6a4       m_pbRegisters              0006d6a4     <common>
 0002:0003f6a8       m_TransferClass            0006d6a8     <common>
 0002:0003f6ac       m_dwMaxClockRate           0006d6ac     <common>
 0002:0003f6c0       g_usbfnpdd                 0006d6c0     <common>
 0002:0003f840       g_EP0DataWrapper           0006d840     <common>
 0002:0003f850       MDDZONE5                   0006d850     <common>
 0002:0003f858       g_mddInterface             0006d858     <common>
 0002:0003f860       g_EP1Transfer              0006d860     <common>
 0002:0003f880       g_RndisKitlDev             0006d880     <common>
 0002:0003fcc8       g_udr                      0006dcc8     <common>
 0002:0003fcd0       MDDZONE4                   0006dcd0     <common>
 0002:0003fcd4       PDDZONE                    0006dcd4     <common>
 0002:0003fce0       g_EP3Transfer              0006dce0     <common>
 0002:0003fd00       g_pddInterface             0006dd00     <common>
 0002:0003fd60       MDDZONE3                   0006dd60     <common>
 0002:0003fd80       g_EP2Transfer              0006dd80     <common>
 0002:0003fda0       PDDZONE0                   0006dda0     <common>
 0002:0003fdc0       g_EP0Transfer              0006ddc0     <common>
 0002:0003fde0       MDDZONE0                   0006dde0     <common>
 0002:0003fde4       MDDZONE                    0006dde4     <common>
 0002:0003fde8       MDDZONE2                   0006dde8     <common>
 0002:0003fe00       RndisMdd                   0006de00     <common>
 0002:0003fee0       TFtpLinks                  0006dee0     <common>
 0002:000407a0       wOdoWellKnownServerPort    0006e7a0     <common>
 0002:000407a2       wHostWellKnownServerPort   0006e7a2     <common>
 0002:000407a4       nNumTFtpLinksInUse         0006e7a4     <common>
 0002:000407c0       TFTPFrameBuffer            0006e7c0     <common>
 0002:00040c00       TFtpdServerRegistry        0006ec00     <common>
 0002:00040cc8       g_dwLogoPosX               0006ecc8     <common>
 0002:00040ccc       g_dwLogoPosY               0006eccc     <common>
 0002:00040cd0       g_dwLogoHeight             0006ecd0     <common>
 0002:00040cd4       g_dwLogoWidth              0006ecd4     <common>

 entry point at        0001:00000000

 Static symbols

 0001:0000fdd0       OEMPlatformDeinit          00010dd0 f   main.obj
 0001:00010c98       SetMacAddress              00011c98 f   menu.obj
 0001:00010e34       ShowNetworkSettings        00011e34 f   menu.obj
 0001:00011020       SetKitlMode                00012020 f   menu.obj
 0001:000110a8       SetKitlType                000120a8 f   menu.obj
 0001:00011130       SetRetailMsgMode           00012130 f   menu.obj
 0001:000111b8       SetDisplayResolution       000121b8 f   menu.obj
 0001:00011270       SetOPPmode                 00012270 f   menu.obj
 0001:00011344       SaveSettings               00012344 f   menu.obj
 0001:000113f0       ShowSettings               000123f0 f   menu.obj
 0001:0001151c       SetDeviceID                0001251c f   menu.obj
 0001:000115ac       ShowFlashGeometry          000125ac f   flashmenu.obj
 0001:000117a8       EraseFlash                 000127a8 f   flashmenu.obj
 0001:00011910       EraseBlock                 00012910 f   flashmenu.obj
 0001:00011b44       ReserveBlock               00012b44 f   flashmenu.obj
 0001:00011d08       DumpFlash                  00012d08 f   flashmenu.obj
 0001:00011fcc       SetBadBlock                00012fcc f   flashmenu.obj
 0001:000120a0       FormatFlash                000130a0 f   flashmenu.obj
 0001:000120f0       EnableFlashNK              000130f0 f   flashmenu.obj
 0001:00012178       SetECCType                 00013178 f   flashmenu.obj
 0001:00012438       WriteFlashLogo             00013438 f   flash.obj
 0001:00012578       DumpTOC                    00013578 f   flash.obj
 0001:00012854       VerifyImage                00013854 f   flash.obj
 0001:00012ac8       ReadFlashNK                00013ac8 f   flash.obj
 0001:00012d1c       WriteFlashXLDR             00013d1c f   flash.obj
 0001:00012f04       WriteFlashEBOOT            00013f04 f   flash.obj
 0001:000147dc       GetFormatValue             000157dc f   oal_blnk:format.obj
 0001:000151a8       GetImageType               000161a8 f   oal_blcommon:blcommon.obj
 0001:000152e8       CheckImageManifest         000162e8 f   oal_blcommon:blcommon.obj
 0001:00015414       DownloadNB0                00016414 f   oal_blcommon:blcommon.obj
 0001:00015614       WriteImageToFlash          00016614 f   oal_blcommon:blcommon.obj
 0001:000156f4       IsKernelRegion             000166f4 f   oal_blcommon:blcommon.obj
 0001:000157b0       DownloadBin                000167b0 f   oal_blcommon:blcommon.obj
 0001:00015bc8       DownloadImage              00016bc8 f   oal_blcommon:blcommon.obj
 0001:00016024       pOutputByte                00017024 f   oal_blcommon:format.obj
 0001:00016054       pOutputNumHex              00017054 f   oal_blcommon:format.obj
 0001:0001609c       pOutputNumDecimal          0001709c f   oal_blcommon:format.obj
 0001:000167c4       SeekToBlock                000177c4 f   common_ti_oal_flashstore:flashstore.obj
 0001:000171ec       NAND_Read                  000181ec f   common_ti_fmd_nand_boot:fmd.obj
 0001:000172ec       NAND_Write                 000182ec f   common_ti_fmd_nand_boot:fmd.obj
 0001:000173f4       NAND_Enable                000183f4 f   common_ti_fmd_nand_boot:fmd.obj
 0001:00017fb4       NAND_Initialize            00018fb4 f   common_ti_fmd_nand_boot:fmd.obj
 0001:000182f0       Hamming_ECC_Init           000192f0 f   common_ti_fmd_nand_boot:gpmc_ecc.obj
 0001:00018320       Hamming_ECC_Calculate      00019320 f   common_ti_fmd_nand_boot:gpmc_ecc.obj
 0001:00018388       Hamming_ECC_Reset          00019388 f   common_ti_fmd_nand_boot:gpmc_ecc.obj
 0001:00018398       Hamming_ECC_CorrectData    00019398 f   common_ti_fmd_nand_boot:gpmc_ecc.obj
 0001:000184b0       BCH4_ECC_Init              000194b0 f   common_ti_fmd_nand_boot:gpmc_ecc.obj
 0001:00018528       BCH4_ECC_Calculate         00019528 f   common_ti_fmd_nand_boot:gpmc_ecc.obj
 0001:000185c8       BCH4_ECC_Reset             000195c8 f   common_ti_fmd_nand_boot:gpmc_ecc.obj
 0001:000185d8       BCH8_ECC_Init              000195d8 f   common_ti_fmd_nand_boot:gpmc_ecc.obj
 0001:00018650       BCH8_ECC_Calculate         00019650 f   common_ti_fmd_nand_boot:gpmc_ecc.obj
 0001:00018750       BCH8_ECC_Reset             00019750 f   common_ti_fmd_nand_boot:gpmc_ecc.obj
 0001:00018890       BCH_correct_data           00019890 f   common_ti_fmd_nand_boot:gpmc_ecc.obj
 0001:000189ec       BCH4_ECC_CorrectData       000199ec f   common_ti_fmd_nand_boot:gpmc_ecc.obj
 0001:00018a20       BCH8_ECC_CorrectData       00019a20 f   common_ti_fmd_nand_boot:gpmc_ecc.obj
 0001:00018a54       mpy_mod_gf                 00019a54 f   common_ti_fmd_nand_boot:omap_bch_decoder.obj
 0001:00018ab4       chien                      00019ab4 f   common_ti_fmd_nand_boot:omap_bch_decoder.obj
 0001:00018d14       berlekamp                  00019d14 f   common_ti_fmd_nand_boot:omap_bch_decoder.obj
 0001:00018f84       syndrome                   00019f84 f   common_ti_fmd_nand_boot:omap_bch_decoder.obj
 0001:000194c0       I2CResetDevice             0001a4c0 f   common_ti_oali2c:oali2c.obj
 0001:00019778       I2CTransaction             0001a778 f   common_ti_oali2c:oali2c.obj
 0001:0001a1dc       GetGroupByID               0001b1dc f   common_ti_oal_gpiodispatch:gpio_dispatch.obj
 0001:0001a4a8       ?OmapGpioPostInit@@YAHPAX@Z 0001b4a8 f   common_ti_oal_omap_gpio:omap35xx_gpio.obj
 0001:0001a500       ?OmapGpioDeinit@@YAHPAX@Z  0001b500 f   common_ti_oal_omap_gpio:omap35xx_gpio.obj
 0001:0001a5d0       ?OmapGpioSetMode@@YAHPAXII@Z 0001b5d0 f   common_ti_oal_omap_gpio:omap35xx_gpio.obj
 0001:0001a6f8       ?OmapGpioGetMode@@YAKPAXI@Z 0001b6f8 f   common_ti_oal_omap_gpio:omap35xx_gpio.obj
 0001:0001a7ec       ?OmapGpioPullup@@YAHPAXII@Z 0001b7ec f   common_ti_oal_omap_gpio:omap35xx_gpio.obj
 0001:0001a7f4       ?OmapGpioPulldown@@YAHPAXII@Z 0001b7f4 f   common_ti_oal_omap_gpio:omap35xx_gpio.obj
 0001:0001a7fc       ?OmapGpioSetBit@@YAHPAXI@Z 0001b7fc f   common_ti_oal_omap_gpio:omap35xx_gpio.obj
 0001:0001a8b4       ?OmapGpioClrBit@@YAHPAXI@Z 0001b8b4 f   common_ti_oal_omap_gpio:omap35xx_gpio.obj
 0001:0001a96c       ?OmapGpioGetBit@@YAKPAXI@Z 0001b96c f   common_ti_oal_omap_gpio:omap35xx_gpio.obj
 0001:0001aa18       ?OmapGpioIoControl@@YAHPAXIPAEI1IPAK@Z 0001ba18 f   common_ti_oal_omap_gpio:omap35xx_gpio.obj
 0001:0001aa20       ?OmapGpioInit@@YAHPBGPAPAXPAI@Z 0001ba20 f   common_ti_oal_omap_gpio:omap35xx_gpio.obj
 0001:0001ab78       ?WriteTwlReg@@YAHKPAEI@Z   0001bb78 f   TPS659xx_oal_gpio:tps659xx_gpio.obj
 0001:0001abd0       ?ReadTwlReg@@YAHKPAEI@Z    0001bbd0 f   TPS659xx_oal_gpio:tps659xx_gpio.obj
 0001:0001ac28       ?Tps659xxGpioInit@@YAHPBGPAPAXPAI@Z 0001bc28 f   TPS659xx_oal_gpio:tps659xx_gpio.obj
 0001:0001ac38       ?Tps659xxGpioPostInit@@YAHPAX@Z 0001bc38 f   TPS659xx_oal_gpio:tps659xx_gpio.obj
 0001:0001ac60       ?Tps659xxGpioDeinit@@YAHPAX@Z 0001bc60 f   TPS659xx_oal_gpio:tps659xx_gpio.obj
 0001:0001aca0       ?Tps659xxGpioSetMode@@YAHPAXII@Z 0001bca0 f   TPS659xx_oal_gpio:tps659xx_gpio.obj
 0001:0001ae08       ?Tps659xxGpioGetMode@@YAKPAXI@Z 0001be08 f   TPS659xx_oal_gpio:tps659xx_gpio.obj
 0001:0001aed8       ?Tps659xxGpioPullup@@YAHPAXII@Z 0001bed8 f   TPS659xx_oal_gpio:tps659xx_gpio.obj
 0001:0001af8c       ?Tps659xxGpioPulldown@@YAHPAXII@Z 0001bf8c f   TPS659xx_oal_gpio:tps659xx_gpio.obj
 0001:0001b040       ?Tps659xxGpioSetBit@@YAHPAXI@Z 0001c040 f   TPS659xx_oal_gpio:tps659xx_gpio.obj
 0001:0001b098       ?Tps659xxGpioClrBit@@YAHPAXI@Z 0001c098 f   TPS659xx_oal_gpio:tps659xx_gpio.obj
 0001:0001b0f0       ?Tps659xxGpioGetBit@@YAKPAXI@Z 0001c0f0 f   TPS659xx_oal_gpio:tps659xx_gpio.obj
 0001:0001b14c       ?Tps659xxGpioIoControl@@YAHPAXIPAEI1IPAK@Z 0001c14c f   TPS659xx_oal_gpio:tps659xx_gpio.obj
 0001:0001cdcc       InitializeHardware         0001ddcc f   common_ti_boot_sdhc:sdhc.obj
 0001:0001cf08       MmcReset                   0001df08 f   common_ti_boot_sdhc:sdhc.obj
 0001:0001d0e0       SendInitSequence           0001e0e0 f   common_ti_boot_sdhc:sdhc.obj
 0001:0001d1ac       SendCommand                0001e1ac f   common_ti_boot_sdhc:sdhc.obj
 0001:0001d464       GetCommandResponse         0001e464 f   common_ti_boot_sdhc:sdhc.obj
 0001:0001d5c0       SDIPollingReceive          0001e5c0 f   common_ti_boot_sdhc:sdhc.obj
 0001:0001d8b4       CommandCompleteHandler     0001e8b4 f   common_ti_boot_sdhc:sdhc.obj
 0001:0001db6c       SdhcControllerInit         0001eb6c f   common_ti_boot_sdhc:sdhc.obj
 0001:0001dd18       ReadPhy                    0001ed18 f   common_ti_ethdrv_lan911x:lan911x.obj
 0001:0001e1a0       LAN911XEepromWrite         0001f1a0 f   common_ti_ethdrv_lan911x:lan911x.obj
 0001:000226ec       LBAtoCHS                   000236ec f   bootpart:bootpart.obj
 0001:00022774       AddPartitionTableEntry     00023774 f   bootpart:bootpart.obj
 0001:00022894       LastLogSector              00023894 f   bootpart:bootpart.obj
 0001:00022928       Log2Phys                   00023928 f   bootpart:bootpart.obj
 0001:00022a14       FindFreeSector             00023a14 f   bootpart:bootpart.obj
 0001:00022ad4       ?AreSectorsFree@@YAHKK@Z   00023ad4 f   bootpart:bootpart.obj
 0001:00022bbc       ReadBlock                  00023bbc f   bootpart:bootpart.obj
 0001:00022c3c       WriteBlock                 00023c3c f   bootpart:bootpart.obj
 0001:000233dc       ?WriteMBR@@YAHXZ           000243dc f   bootpart:bootpart.obj
 0001:000234f8       WriteLogicalNumbers        000244f8 f   bootpart:bootpart.obj
 0001:00023624       CreatePartition            00024624 f   bootpart:bootpart.obj
 0001:00023e34       EbootSimpleCallback        00024e34 f   eboot:ebsimp.obj
 0001:000255d0       CRC                        000265d0 f   eboot:udp.obj
 0001:00025d8c       FormatDHCPName             00026d8c f   eboot:dhcp.obj
 0001:00028384       BpbCopy                    00029384 f   common_ti_boot_fatfs:fileio.obj
 0001:000284f4       FileIoReadNextSectors      000294f4 f   common_ti_boot_fatfs:fileio.obj
 0001:00028f1c       PDD_SendNotification       00029f1c f   common_ti_ethdrv_rndis:rndis.obj
 0001:00028f48       PDD_RecvNotification       00029f48 f   common_ti_ethdrv_rndis:rndis.obj
 0001:0002a444       xtoa                       0002b444 f   fulllibc:xtoa.obj
 0001:0002ad98       ContinueTxTransfer         0002bd98 f   common_ti_ethdrv_usbfn:pdd.obj
 0001:0002b0c8       StartRxTransfer            0002c0c8 f   common_ti_ethdrv_usbfn:pdd.obj
