 oal

 Timestamp is 51ecf49b (Mon Jul 22 17:00:11 2013)

 Preferred load address is 00010000

 Start         Length     Name                   Class
 0001:00000000 00010f38H .rdata                  CODE
 0001:00010f38 00000020H .rdata$debug            CODE
 0001:00010f58 0001abccH .text                   CODE
 0001:0002bb24 0000001cH .xdata                  CODE
 0001:0002bb40 00000000H .edata                  CODE
 0002:00000000 00006000H .KDATA                  DATA
 0003:00000000 00005598H .data                   DATA
 0003:000055a0 000044f0H .bss                    DATA
 0004:00000000 00000f90H .pdata                  DATA

  Address         Publics by Value              Rva+Base       Lib:Object

 0000:00000000       ___safe_se_handler_table   00000000     <absolute>
 0000:00000000       ___safe_se_handler_count   00000000     <absolute>
 0001:000000b0       dwOEMDrWatsonSize          000110b0     oal:init.obj
 0001:000000b4       dwOEMHighSecurity          000110b4     oal:init.obj
 0001:000000b8       dwBank1Enabled             000110b8     oal:init.obj
 0001:000000bc       dwCMemDSPEnabled           000110bc     oal:init.obj
 0001:000000c0       dwDSP720pEnabled           000110c0     oal:init.obj
 0001:000000c4       dwOEMPRCMCLKSSetupTime     000110c4     oal:init.obj
 0001:000000c8       dwOEMMPUContextRestore     000110c8     oal:init.obj
 0001:00000110       ??_C@_1EI@GLIPCMCH@?$AAS?$AAy?$AAs?$AAC?$AAl?$AAo?$AAc?$AAk?$AA?5?$AAc?$AAa?$AAl?$AAi?$AAb?$AAr?$AAa?$AAt?$AAe?$AA?5?$AAF?$AAr?$AAe?$AAq?$AAu?$AAe?$AAn?$AAc?$AAy?$AA?5?$AA?$DN?$AA?5?$AA?$CF@ 00011110     oal:init.obj
 0001:00000158       ??_C@_1CO@GBOCCPHF@?$AAO?$AAA?$AAL?$AAC?$AAa?$AAl?$AAi?$AAb?$AAr?$AAa?$AAt?$AAe?$AAS?$AAy?$AAs?$AAC?$AAl?$AAk?$AA?$CI?$AA?$CJ?$AA?$AN?$AA?6?$AA?$AA@ 00011158     oal:init.obj
 0001:00000188       ??_C@_1CA@MCLKGBIP@?$AAB?$AAS?$AAP?$AAG?$AAp?$AAi?$AAo?$AAI?$AAn?$AAi?$AAt?$AA?$CI?$AA?$CJ?$AA?$AN?$AA?6?$AA?$AA@ 00011188     oal:init.obj
 0001:000001a8       ??_C@_1DI@EKHPOAB@?$AAO?$AAA?$AAL?$AAG?$AAP?$AAI?$AAO?$AAS?$AAe?$AAt?$AAD?$AAe?$AAf?$AAa?$AAu?$AAl?$AAt?$AAV?$AAa?$AAl?$AAu?$AAe?$AAs?$AA?$CI?$AA?$CJ?$AA?$AN?$AA?6?$AA?$AA@ 000111a8     oal:init.obj
 0001:000001e0       ??_C@_1DC@LBJFKMIA@?$AAO?$AAE?$AAM?$AAE?$AAn?$AAu?$AAm?$AAE?$AAx?$AAt?$AAe?$AAn?$AAs?$AAi?$AAo?$AAn?$AAD?$AAR?$AAA?$AAM?$AA?$CI?$AA?$CJ?$AA?$AN?$AA?6?$AA?$AA@ 000111e0     oal:init.obj
 0001:00000214       ??_C@_1BG@OFOAIMMC@?$AA?9?$AAO?$AAE?$AAM?$AAI?$AAn?$AAi?$AAt?$AA?$AN?$AA?6?$AA?$AA@ 00011214     oal:init.obj
 0001:00000230       ??_C@_1GC@DDKEAEKM@?$AAE?$AAR?$AAR?$AAO?$AAR?$AA?3?$AA?5?$AAO?$AAE?$AAM?$AAI?$AAn?$AAi?$AAt?$AA?3?$AA?5?$AAC?$AAP?$AAU?$AA?5?$AAf?$AAa?$AAm?$AAi?$AAl?$AAy?$AA?5?$AA?$CF?$AAd?$AA?5?$AAi?$AAs@ 00011230     oal:init.obj
 0001:00000298       ??_C@_1EO@POAKKMOD@?$AAF?$AAa?$AAi?$AAl?$AAe?$AAd?$AA?5?$AAt?$AAo?$AA?5?$AAr?$AAe?$AAq?$AAu?$AAe?$AAs?$AAt?$AA?5?$AAp?$AAa?$AAd?$AAs?$AA?5?$AAf?$AAo?$AAr?$AA?5?$AAt?$AAh?$AAe?$AA?5?$AAG@ 00011298     oal:init.obj
 0001:000002e8       ??_C@_1EE@PJJENIL@?$AAF?$AAa?$AAi?$AAl?$AAe?$AAd?$AA?5?$AAt?$AAo?$AA?5?$AAr?$AAe?$AAq?$AAu?$AAe?$AAs?$AAt?$AA?5?$AAp?$AAa?$AAd?$AAs?$AA?5?$AAf?$AAo?$AAr?$AA?5?$AAI?$AA2?$AAC?$AA3?$AA?$AN@ 000112e8     oal:init.obj
 0001:00000330       ??_C@_1EE@MDDDENBF@?$AAF?$AAa?$AAi?$AAl?$AAe?$AAd?$AA?5?$AAt?$AAo?$AA?5?$AAr?$AAe?$AAq?$AAu?$AAe?$AAs?$AAt?$AA?5?$AAp?$AAa?$AAd?$AAs?$AA?5?$AAf?$AAo?$AAr?$AA?5?$AAI?$AA2?$AAC?$AA2?$AA?$AN@ 00011330     oal:init.obj
 0001:00000378       ??_C@_1EE@ENLMEKPG@?$AAF?$AAa?$AAi?$AAl?$AAe?$AAd?$AA?5?$AAt?$AAo?$AA?5?$AAr?$AAe?$AAq?$AAu?$AAe?$AAs?$AAt?$AA?5?$AAp?$AAa?$AAd?$AAs?$AA?5?$AAf?$AAo?$AAr?$AA?5?$AAI?$AA2?$AAC?$AA1?$AA?$AN@ 00011378     oal:init.obj
 0001:000003c0       ??_C@_1GI@LGFJGPEK@?$AAE?$AAR?$AAR?$AAO?$AAR?$AA?3?$AA?5?$AAO?$AAE?$AAM?$AAI?$AAn?$AAi?$AAt?$AA?3?$AA?5?$AAF?$AAa?$AAi?$AAl?$AAe?$AAd?$AA?5?$AAt?$AAo?$AA?5?$AAi?$AAn?$AAi?$AAt?$AAi?$AAa@ 000113c0     oal:init.obj
 0001:00000428       ??_C@_1CC@CNJHJBMI@?$AAO?$AAA?$AAL?$AAT?$AAi?$AAm?$AAe?$AAr?$AAI?$AAn?$AAi?$AAt?$AA?$CI?$AA?$CJ?$AA?$AN?$AA?6?$AA?$AA@ 00011428     oal:init.obj
 0001:00000450       ??_C@_1GE@OIDINFAG@?$AAE?$AAR?$AAR?$AAO?$AAR?$AA?3?$AA?5?$AAO?$AAE?$AAM?$AAI?$AAn?$AAi?$AAt?$AA?3?$AA?5?$AAf?$AAa?$AAi?$AAl?$AAe?$AAd?$AA?5?$AAt?$AAo?$AA?5?$AAi?$AAn?$AAi?$AAt?$AAi?$AAa@ 00011450     oal:init.obj
 0001:000004b4       ??_C@_1CK@MBAMBBI@?$AAO?$AAA?$AAL?$AAV?$AAF?$AAP?$AAI?$AAn?$AAi?$AAt?$AAi?$AAa?$AAl?$AAi?$AAz?$AAe?$AA?$CI?$AA?$CJ?$AA?$AN?$AA?6?$AA?$AA@ 000114b4     oal:init.obj
 0001:000004e0       ??_C@_1CM@GMBACFCE@?$AAC?$AAo?$AAn?$AAf?$AAi?$AAg?$AAu?$AAr?$AAe?$AAP?$AAa?$AAd?$AAA?$AAr?$AAr?$AAa?$AAy?$AA?$CI?$AA?$CJ?$AA?$AN?$AA?6?$AA?$AA@ 000114e0     oal:init.obj
 0001:0000050c       ??_C@_1CI@JBFGJLCD@?$AAO?$AAA?$AAL?$AAP?$AAa?$AAd?$AAC?$AAf?$AAg?$AAI?$AAn?$AAi?$AAt?$AA?4?$AA?4?$AA?$CI?$AA?$CJ?$AA?$AN?$AA?6?$AA?$AA@ 0001150c     oal:init.obj
 0001:00000534       ??_C@_1DE@FIOLGOIE@?$AAE?$AAn?$AAa?$AAb?$AAl?$AAe?$AAU?$AAn?$AAa?$AAl?$AAi?$AAg?$AAn?$AAe?$AAd?$AAA?$AAc?$AAc?$AAe?$AAs?$AAs?$AA?$CI?$AA?$CJ?$AA?$AN?$AA?6?$AA?$AA@ 00011534     oal:init.obj
 0001:00000568       ??_C@_1DA@LLBIDJEF@?$AAO?$AAA?$AAL?$AAC?$AAa?$AAc?$AAh?$AAe?$AAG?$AAl?$AAo?$AAb?$AAa?$AAl?$AAs?$AAI?$AAn?$AAi?$AAt?$AA?$CI?$AA?$CJ?$AA?$AN?$AA?6?$AA?$AA@ 00011568     oal:init.obj
 0001:00000598       ??_C@_1CA@FBJJOHIA@?$AAO?$AAA?$AAL?$AA?3?$AA?5?$AAC?$AAP?$AAU?$AA?5?$AA?$DN?$AA?5?$AA?$CF?$AAx?$AA?$AN?$AA?6?$AA?$AA@ 00011598     oal:init.obj
 0001:000005b8       ??_C@_1EA@GGPFFMPF@?$AAO?$AAA?$AAL?$AA?3?$AA?5?$AAC?$AAP?$AAU?$AA?5?$AAL?$AA2?$AA?5?$AAA?$AAu?$AAx?$AA?5?$AAr?$AAe?$AAg?$AAi?$AAs?$AAt?$AAe?$AAr?$AA?5?$AA0?$AAx?$AA?$CF?$AAx?$AA?$AN?$AA?6?$AA?$AA@ 000115b8     oal:init.obj
 0001:000005f8       ??_C@_17EIAJIHBF@?$AAE?$AAV?$AAM?$AA?$AA@ 000115f8     oal:init.obj
 0001:00000600       ??_C@_1M@KGLOAAMK@?$AAO?$AAM?$AAA?$AAP?$AA3?$AA?$AA@ 00011600     oal:init.obj
 0001:0000060c       ??_C@_04BPMAMLNJ@EVM?9?$AA@ 0001160c     oal:init.obj
 0001:00000618       ??_C@_1EA@KPKHFCLF@?$AAO?$AAE?$AAM?$AAI?$AAn?$AAi?$AAt?$AA?3?$AA?5?$AAu?$AAn?$AAk?$AAn?$AAo?$AAw?$AA?5?$AAC?$AAP?$AAU?$AA?5?$AAF?$AAa?$AAm?$AAi?$AAl?$AAy?$AA?5?$AA?$CF?$AAd?$AA?$AN?$AA?6?$AA?$AA@ 00011618     oal:init.obj
 0001:00000658       ??_C@_1BA@KEKEAPD@?$AAE?$AAV?$AAM?$AA3?$AA5?$AA3?$AA0?$AA?$AA@ 00011658     oal:init.obj
 0001:00000668       ??_C@_1BC@CPMDPFBC@?$AAO?$AAM?$AAA?$AAP?$AA3?$AA5?$AA3?$AA0?$AA?$AA@ 00011668     oal:init.obj
 0001:0000067c       ??_C@_08DGJGOJCE@EVM3530?9?$AA@ 0001167c     oal:init.obj
 0001:00000688       ??_C@_1BA@EIGPEHIO@?$AAE?$AAV?$AAM?$AA3?$AA7?$AA3?$AA0?$AA?$AA@ 00011688     oal:init.obj
 0001:00000698       ??_C@_1O@KGJEKGDB@?$AAD?$AAM?$AA3?$AA7?$AA3?$AA0?$AA?$AA@ 00011698     oal:init.obj
 0001:000006a8       ??_C@_08EMFGLKEE@EVM3730?9?$AA@ 000116a8     oal:init.obj
 0001:000006b4       ??_C@_1BG@JHBBNGEC@?$AA?$CL?$AAO?$AAE?$AAM?$AAI?$AAn?$AAi?$AAt?$AA?$AN?$AA?6?$AA?$AA@ 000116b4     oal:init.obj
 0001:00000760       ??_C@_1CC@DGKOMBLF@?$AAT?$AA2?$AA?5?$AA?$CF?$AAs?$AA?5?$AA?$DN?$AA?5?$AA0?$AAx?$AA?$CF?$AA0?$AA2?$AAx?$AA?$AN?$AA?6?$AA?$AA@ 00011760     oal:oem_pm.obj
 0001:00000784       ??_C@_1CM@MNPFNCNH@?$AAT?$AAW?$AAL?$AA_?$AAC?$AAF?$AAG?$AA_?$AAP?$AA1?$AA_?$AAT?$AAR?$AAA?$AAN?$AAS?$AAI?$AAT?$AAI?$AAO?$AAN?$AA?$AA@ 00011784     oal:oem_pm.obj
 0001:000007b0       ??_C@_1CM@DPKCDPCP@?$AAT?$AAW?$AAL?$AA_?$AAC?$AAF?$AAG?$AA_?$AAP?$AA2?$AA_?$AAT?$AAR?$AAA?$AAN?$AAS?$AAI?$AAT?$AAI?$AAO?$AAN?$AA?$AA@ 000117b0     oal:oem_pm.obj
 0001:000007dc       ??_C@_1CM@NILPJJLI@?$AAT?$AAW?$AAL?$AA_?$AAC?$AAF?$AAG?$AA_?$AAP?$AA3?$AA_?$AAT?$AAR?$AAA?$AAN?$AAS?$AAI?$AAT?$AAI?$AAO?$AAN?$AA?$AA@ 000117dc     oal:oem_pm.obj
 0001:00000808       ??_C@_1DA@HDPMAPEI@?$AAT?$AAW?$AAL?$AA_?$AAC?$AAF?$AAG?$AA_?$AAP?$AA1?$AA2?$AA3?$AA_?$AAT?$AAR?$AAA?$AAN?$AAS?$AAI?$AAT?$AAI?$AAO?$AAN?$AA?$AA@ 00011808     oal:oem_pm.obj
 0001:00000838       ??_C@_1BK@FNHLMNDA@?$AAT?$AAW?$AAL?$AA_?$AAS?$AAT?$AAS?$AA_?$AAB?$AAO?$AAO?$AAT?$AA?$AA@ 00011838     oal:oem_pm.obj
 0001:00000854       ??_C@_1BK@GNEBDJKC@?$AAT?$AAW?$AAL?$AA_?$AAC?$AAF?$AAG?$AA_?$AAB?$AAO?$AAO?$AAT?$AA?$AA@ 00011854     oal:oem_pm.obj
 0001:00000870       ??_C@_1BI@ELLCNJKN@?$AAT?$AAW?$AAL?$AA_?$AAS?$AAH?$AAU?$AAN?$AAD?$AAA?$AAN?$AA?$AA@ 00011870     oal:oem_pm.obj
 0001:00000888       ??_C@_1BK@IBEHGLBF@?$AAT?$AAW?$AAL?$AA_?$AAB?$AAO?$AAO?$AAT?$AA_?$AAB?$AAC?$AAI?$AA?$AA@ 00011888     oal:oem_pm.obj
 0001:000008a4       ??_C@_1CA@EMJKAEPC@?$AAT?$AAW?$AAL?$AA_?$AAC?$AAF?$AAG?$AA_?$AAP?$AAW?$AAR?$AAA?$AAN?$AAA?$AA1?$AA?$AA@ 000118a4     oal:oem_pm.obj
 0001:000008c4       ??_C@_1CA@FOCPKLBM@?$AAT?$AAW?$AAL?$AA_?$AAC?$AAF?$AAG?$AA_?$AAP?$AAW?$AAR?$AAA?$AAN?$AAA?$AA2?$AA?$AA@ 000118c4     oal:oem_pm.obj
 0001:000008e4       ??_C@_1BM@DAHFEIMF@?$AAT?$AAW?$AAL?$AA_?$AAB?$AAG?$AAA?$AAP?$AA_?$AAT?$AAR?$AAI?$AAM?$AA?$AA@ 000118e4     oal:oem_pm.obj
 0001:00000900       ??_C@_1CI@OCABEEAE@?$AAT?$AAW?$AAL?$AA_?$AAB?$AAA?$AAC?$AAK?$AAU?$AAP?$AA_?$AAM?$AAI?$AAS?$AAC?$AA_?$AAS?$AAT?$AAS?$AA?$AA@ 00011900     oal:oem_pm.obj
 0001:00000928       ??_C@_1CI@PNPBGHH@?$AAT?$AAW?$AAL?$AA_?$AAB?$AAA?$AAC?$AAK?$AAU?$AAP?$AA_?$AAM?$AAI?$AAS?$AAC?$AA_?$AAC?$AAF?$AAG?$AA?$AA@ 00011928     oal:oem_pm.obj
 0001:00000950       ??_C@_1CI@GIBGEFBM@?$AAT?$AAW?$AAL?$AA_?$AAB?$AAA?$AAC?$AAK?$AAU?$AAP?$AA_?$AAM?$AAI?$AAS?$AAC?$AA_?$AAT?$AAS?$AAT?$AA?$AA@ 00011950     oal:oem_pm.obj
 0001:00000978       ??_C@_1CA@OGGMHJKA@?$AAT?$AAW?$AAL?$AA_?$AAP?$AAR?$AAO?$AAT?$AAE?$AAC?$AAT?$AA_?$AAK?$AAE?$AAY?$AA?$AA@ 00011978     oal:oem_pm.obj
 0001:00000998       ??_C@_1CM@INKDNOIM@?$AAT?$AAW?$AAL?$AA_?$AAS?$AAT?$AAS?$AA_?$AAH?$AAW?$AA_?$AAC?$AAO?$AAN?$AAD?$AAI?$AAT?$AAI?$AAO?$AAN?$AAS?$AA?$AA@ 00011998     oal:oem_pm.obj
 0001:000009c4       ??_C@_1CC@GFJKHABJ@?$AAT?$AAW?$AAL?$AA_?$AAP?$AA1?$AA_?$AAS?$AAW?$AA_?$AAE?$AAV?$AAE?$AAN?$AAT?$AAS?$AA?$AA@ 000119c4     oal:oem_pm.obj
 0001:000009e8       ??_C@_1CC@DNIENJDB@?$AAT?$AAW?$AAL?$AA_?$AAP?$AA2?$AA_?$AAS?$AAW?$AA_?$AAE?$AAV?$AAE?$AAN?$AAT?$AAS?$AA?$AA@ 000119e8     oal:oem_pm.obj
 0001:00000a0c       ??_C@_1CC@LMKBLMBG@?$AAT?$AAW?$AAL?$AA_?$AAP?$AA3?$AA_?$AAS?$AAW?$AA_?$AAE?$AAV?$AAE?$AAN?$AAT?$AAS?$AA?$AA@ 00011a0c     oal:oem_pm.obj
 0001:00000a30       ??_C@_1CG@ICBMDMK@?$AAT?$AAW?$AAL?$AA_?$AAS?$AAT?$AAS?$AA_?$AAP?$AA1?$AA2?$AA3?$AA_?$AAS?$AAT?$AAA?$AAT?$AAE?$AA?$AA@ 00011a30     oal:oem_pm.obj
 0001:00000a58       ??_C@_1BG@HHOPMMMB@?$AAT?$AAW?$AAL?$AA_?$AAP?$AAB?$AA_?$AAC?$AAF?$AAG?$AA?$AA@ 00011a58     oal:oem_pm.obj
 0001:00000a70       ??_C@_1CA@NCDFPHPD@?$AAT?$AAW?$AAL?$AA_?$AAP?$AAB?$AA_?$AAW?$AAO?$AAR?$AAD?$AA_?$AAM?$AAS?$AAB?$AA?$AA@ 00011a70     oal:oem_pm.obj
 0001:00000a90       ??_C@_1CA@BOJPPHGN@?$AAT?$AAW?$AAL?$AA_?$AAP?$AAB?$AA_?$AAW?$AAO?$AAR?$AAD?$AA_?$AAL?$AAS?$AAB?$AA?$AA@ 00011a90     oal:oem_pm.obj
 0001:00000ab0       ??_C@_1BO@HCLKMPEO@?$AAT?$AAW?$AAL?$AA_?$AAR?$AAE?$AAS?$AAE?$AAR?$AAV?$AAE?$AAD?$AA_?$AAA?$AA?$AA@ 00011ab0     oal:oem_pm.obj
 0001:00000ad0       ??_C@_1BO@GAAPGAKA@?$AAT?$AAW?$AAL?$AA_?$AAR?$AAE?$AAS?$AAE?$AAR?$AAV?$AAE?$AAD?$AA_?$AAB?$AA?$AA@ 00011ad0     oal:oem_pm.obj
 0001:00000af0       ??_C@_1BO@NILDAHMF@?$AAT?$AAW?$AAL?$AA_?$AAR?$AAE?$AAS?$AAE?$AAR?$AAV?$AAE?$AAD?$AA_?$AAC?$AA?$AA@ 00011af0     oal:oem_pm.obj
 0001:00000b10       ??_C@_1BO@EFGEDPHM@?$AAT?$AAW?$AAL?$AA_?$AAR?$AAE?$AAS?$AAE?$AAR?$AAV?$AAE?$AAD?$AA_?$AAD?$AA?$AA@ 00011b10     oal:oem_pm.obj
 0001:00000b30       ??_C@_1BO@PNNIFIBJ@?$AAT?$AAW?$AAL?$AA_?$AAR?$AAE?$AAS?$AAE?$AAR?$AAV?$AAE?$AAD?$AA_?$AAE?$AA?$AA@ 00011b30     oal:oem_pm.obj
 0001:00000b50       ??_C@_1CA@ILGKGKIJ@?$AAT?$AAW?$AAL?$AA_?$AAS?$AAE?$AAQ?$AA_?$AAA?$AAD?$AAD?$AA_?$AAW?$AA2?$AAP?$AA?$AA@ 00011b50     oal:oem_pm.obj
 0001:00000b70       ??_C@_1CA@GJAKFDGK@?$AAT?$AAW?$AAL?$AA_?$AAS?$AAE?$AAQ?$AA_?$AAA?$AAD?$AAD?$AA_?$AAP?$AA2?$AAA?$AA?$AA@ 00011b70     oal:oem_pm.obj
 0001:00000b90       ??_C@_1CA@KMGJGKJM@?$AAT?$AAW?$AAL?$AA_?$AAS?$AAE?$AAQ?$AA_?$AAA?$AAD?$AAD?$AA_?$AAA?$AA2?$AAW?$AA?$AA@ 00011b90     oal:oem_pm.obj
 0001:00000bb0       ??_C@_1CA@CDALPNML@?$AAT?$AAW?$AAL?$AA_?$AAS?$AAE?$AAQ?$AA_?$AAA?$AAD?$AAD?$AA_?$AAA?$AA2?$AAS?$AA?$AA@ 00011bb0     oal:oem_pm.obj
 0001:00000bd0       ??_C@_1CE@BGHKIACK@?$AAT?$AAW?$AAL?$AA_?$AAS?$AAE?$AAQ?$AA_?$AAA?$AAD?$AAD?$AA_?$AAS?$AA2?$AAA?$AA1?$AA2?$AA?$AA@ 00011bd0     oal:oem_pm.obj
 0001:00000bf4       ??_C@_1CC@GENJAGCF@?$AAT?$AAW?$AAL?$AA_?$AAS?$AAE?$AAQ?$AA_?$AAA?$AAD?$AAD?$AA_?$AAS?$AA2?$AAA?$AA3?$AA?$AA@ 00011bf4     oal:oem_pm.obj
 0001:00000c18       ??_C@_1CC@EBEPJHLG@?$AAT?$AAW?$AAL?$AA_?$AAS?$AAE?$AAQ?$AA_?$AAA?$AAD?$AAD?$AA_?$AAW?$AAA?$AAR?$AAM?$AA?$AA@ 00011c18     oal:oem_pm.obj
 0001:00000c3c       ??_C@_1CG@MNNGICG@?$AAT?$AAW?$AAL?$AA_?$AAM?$AAE?$AAM?$AAO?$AAR?$AAY?$AA_?$AAA?$AAD?$AAD?$AAR?$AAE?$AAS?$AAS?$AA?$AA@ 00011c3c     oal:oem_pm.obj
 0001:00000c64       ??_C@_1CA@LLNNKACL@?$AAT?$AAW?$AAL?$AA_?$AAM?$AAE?$AAM?$AAO?$AAR?$AAY?$AA_?$AAD?$AAA?$AAT?$AAA?$AA?$AA@ 00011c64     oal:oem_pm.obj
 0001:00000c84       ??_C@_1BM@MJNCPNEK@?$AAT?$AAW?$AAL?$AA_?$AAS?$AAC?$AA_?$AAC?$AAO?$AAN?$AAF?$AAI?$AAG?$AA?$AA@ 00011c84     oal:oem_pm.obj
 0001:00000ca0       ??_C@_1BO@LHFJIPLF@?$AAT?$AAW?$AAL?$AA_?$AAS?$AAC?$AA_?$AAD?$AAE?$AAT?$AAE?$AAC?$AAT?$AA1?$AA?$AA@ 00011ca0     oal:oem_pm.obj
 0001:00000cc0       ??_C@_1BO@KFOMCAFL@?$AAT?$AAW?$AAL?$AA_?$AAS?$AAC?$AA_?$AAD?$AAE?$AAT?$AAE?$AAC?$AAT?$AA2?$AA?$AA@ 00011cc0     oal:oem_pm.obj
 0001:00000ce0       ??_C@_1CC@GBIDKBFL@?$AAT?$AAW?$AAL?$AA_?$AAW?$AAA?$AAT?$AAC?$AAH?$AAD?$AAO?$AAG?$AA_?$AAC?$AAF?$AAG?$AA?$AA@ 00011ce0     oal:oem_pm.obj
 0001:00000d04       ??_C@_1CC@DHMCEIBG@?$AAT?$AAW?$AAL?$AA_?$AAI?$AAT?$AA_?$AAC?$AAH?$AAE?$AAC?$AAK?$AA_?$AAC?$AAF?$AAG?$AA?$AA@ 00011d04     oal:oem_pm.obj
 0001:00000d28       ??_C@_1CC@IAKLAHEP@?$AAT?$AAW?$AAL?$AA_?$AAV?$AAI?$AAB?$AAR?$AAA?$AAT?$AAO?$AAR?$AA_?$AAC?$AAF?$AAG?$AA?$AA@ 00011d28     oal:oem_pm.obj
 0001:00000d4c       ??_C@_1CI@ENEBFMGG@?$AAT?$AAW?$AAL?$AA_?$AAD?$AAC?$AAD?$AAC?$AA_?$AAG?$AAL?$AAO?$AAB?$AAA?$AAL?$AA_?$AAC?$AAF?$AAG?$AA?$AA@ 00011d4c     oal:oem_pm.obj
 0001:00000d74       ??_C@_1BO@KPDBKMGC@?$AAT?$AAW?$AAL?$AA_?$AAV?$AAD?$AAD?$AA1?$AA_?$AAT?$AAR?$AAI?$AAM?$AA1?$AA?$AA@ 00011d74     oal:oem_pm.obj
 0001:00000d94       ??_C@_1BO@LNIEADIM@?$AAT?$AAW?$AAL?$AA_?$AAV?$AAD?$AAD?$AA1?$AA_?$AAT?$AAR?$AAI?$AAM?$AA2?$AA?$AA@ 00011d94     oal:oem_pm.obj
 0001:00000db4       ??_C@_1BO@IGPJBIJA@?$AAT?$AAW?$AAL?$AA_?$AAV?$AAD?$AAD?$AA2?$AA_?$AAT?$AAR?$AAI?$AAM?$AA1?$AA?$AA@ 00011db4     oal:oem_pm.obj
 0001:00000dd4       ??_C@_1BO@JEEMLHHO@?$AAT?$AAW?$AAL?$AA_?$AAV?$AAD?$AAD?$AA2?$AA_?$AAT?$AAR?$AAI?$AAM?$AA2?$AA?$AA@ 00011dd4     oal:oem_pm.obj
 0001:00000df4       ??_C@_1BM@BGEAPMGL@?$AAT?$AAW?$AAL?$AA_?$AAV?$AAI?$AAO?$AA_?$AAT?$AAR?$AAI?$AAM?$AA1?$AA?$AA@ 00011df4     oal:oem_pm.obj
 0001:00000e10       ??_C@_1BM@EPFFDIF@?$AAT?$AAW?$AAL?$AA_?$AAV?$AAI?$AAO?$AA_?$AAT?$AAR?$AAI?$AAM?$AA2?$AA?$AA@ 00011e10     oal:oem_pm.obj
 0001:00000e2c       ??_C@_1BK@GMNGOJLF@?$AAT?$AAW?$AAL?$AA_?$AAM?$AAI?$AAS?$AAC?$AA_?$AAC?$AAF?$AAG?$AA?$AA@ 00011e2c     oal:oem_pm.obj
 0001:00000e48       ??_C@_1BK@KOJFJKIL@?$AAT?$AAW?$AAL?$AA_?$AAL?$AAS?$AA_?$AAT?$AAS?$AAT?$AA_?$AAA?$AA?$AA@ 00011e48     oal:oem_pm.obj
 0001:00000e64       ??_C@_1BK@LMCADFGF@?$AAT?$AAW?$AAL?$AA_?$AAL?$AAS?$AA_?$AAT?$AAS?$AAT?$AA_?$AAB?$AA?$AA@ 00011e64     oal:oem_pm.obj
 0001:00000e80       ??_C@_1BK@EJMFCAA@?$AAT?$AAW?$AAL?$AA_?$AAL?$AAS?$AA_?$AAT?$AAS?$AAT?$AA_?$AAC?$AA?$AA@ 00011e80     oal:oem_pm.obj
 0001:00000e9c       ??_C@_1BK@JJELGKLJ@?$AAT?$AAW?$AAL?$AA_?$AAL?$AAS?$AA_?$AAT?$AAS?$AAT?$AA_?$AAD?$AA?$AA@ 00011e9c     oal:oem_pm.obj
 0001:00000eb8       ??_C@_1BG@PADDDEAA@?$AAT?$AAW?$AAL?$AA_?$AAB?$AAB?$AA_?$AAC?$AAF?$AAG?$AA?$AA@ 00011eb8     oal:oem_pm.obj
 0001:00000ed0       ??_C@_1BK@LBPLKNO@?$AAT?$AAW?$AAL?$AA_?$AAM?$AAI?$AAS?$AAC?$AA_?$AAT?$AAS?$AAT?$AA?$AA@ 00011ed0     oal:oem_pm.obj
 0001:00000eec       ??_C@_1BE@KJCFJAOL@?$AAT?$AAW?$AAL?$AA_?$AAT?$AAR?$AAI?$AAM?$AA1?$AA?$AA@ 00011eec     oal:oem_pm.obj
 0001:00000f00       ??_C@_1BE@LLJADPAF@?$AAT?$AAW?$AAL?$AA_?$AAT?$AAR?$AAI?$AAM?$AA2?$AA?$AA@ 00011f00     oal:oem_pm.obj
 0001:00000f14       ??_C@_1CC@NCNINGIK@?$AAT?$AAW?$AAL?$AA_?$AAD?$AAC?$AAD?$AAC?$AA_?$AAT?$AAI?$AAM?$AAE?$AAO?$AAU?$AAT?$AA?$AA@ 00011f14     oal:oem_pm.obj
 0001:00000f38       ??_C@_1CE@PKPKJOBA@?$AAT?$AAW?$AAL?$AA_?$AAV?$AAA?$AAU?$AAX?$AA1?$AA_?$AAD?$AAE?$AAV?$AA_?$AAG?$AAR?$AAP?$AA?$AA@ 00011f38     oal:oem_pm.obj
 0001:00000f5c       ??_C@_1BO@LNBEAMJI@?$AAT?$AAW?$AAL?$AA_?$AAV?$AAA?$AAU?$AAX?$AA1?$AA_?$AAT?$AAY?$AAP?$AAE?$AA?$AA@ 00011f5c     oal:oem_pm.obj
 0001:00000f7c       ??_C@_1CA@NFKDFMOF@?$AAT?$AAW?$AAL?$AA_?$AAV?$AAA?$AAU?$AAX?$AA1?$AA_?$AAR?$AAE?$AAM?$AAA?$AAP?$AA?$AA@ 00011f7c     oal:oem_pm.obj
 0001:00000f9c       ??_C@_1CI@OLGOOHKM@?$AAT?$AAW?$AAL?$AA_?$AAV?$AAA?$AAU?$AAX?$AA1?$AA_?$AAD?$AAE?$AAD?$AAI?$AAC?$AAA?$AAT?$AAE?$AAD?$AA?$AA@ 00011f9c     oal:oem_pm.obj
 0001:00000fc4       ??_C@_1CE@FFFDNDNK@?$AAT?$AAW?$AAL?$AA_?$AAV?$AAA?$AAU?$AAX?$AA2?$AA_?$AAD?$AAE?$AAV?$AA_?$AAG?$AAR?$AAP?$AA?$AA@ 00011fc4     oal:oem_pm.obj
 0001:00000fe8       ??_C@_1BO@MBHFCJED@?$AAT?$AAW?$AAL?$AA_?$AAV?$AAA?$AAU?$AAX?$AA2?$AA_?$AAT?$AAY?$AAP?$AAE?$AA?$AA@ 00011fe8     oal:oem_pm.obj
 0001:00001008       ??_C@_1CA@PMGLOIBH@?$AAT?$AAW?$AAL?$AA_?$AAV?$AAA?$AAU?$AAX?$AA2?$AA_?$AAR?$AAE?$AAM?$AAA?$AAP?$AA?$AA@ 00012008     oal:oem_pm.obj
 0001:00001028       ??_C@_1CI@LDHAEOIE@?$AAT?$AAW?$AAL?$AA_?$AAV?$AAA?$AAU?$AAX?$AA2?$AA_?$AAD?$AAE?$AAD?$AAI?$AAC?$AAA?$AAT?$AAE?$AAD?$AA?$AA@ 00012028     oal:oem_pm.obj
 0001:00001050       ??_C@_1CE@DADEOIJM@?$AAT?$AAW?$AAL?$AA_?$AAV?$AAA?$AAU?$AAX?$AA3?$AA_?$AAD?$AAE?$AAV?$AA_?$AAG?$AAR?$AAP?$AA?$AA@ 00012050     oal:oem_pm.obj
 0001:00001074       ??_C@_1BO@FMHKMIDF@?$AAT?$AAW?$AAL?$AA_?$AAV?$AAA?$AAU?$AAX?$AA3?$AA_?$AAT?$AAY?$AAP?$AAE?$AA?$AA@ 00012074     oal:oem_pm.obj
 0001:00001094       ??_C@_1CA@FCADHJIG@?$AAT?$AAW?$AAL?$AA_?$AAV?$AAA?$AAU?$AAX?$AA3?$AA_?$AAR?$AAE?$AAM?$AAA?$AAP?$AA?$AA@ 00012094     oal:oem_pm.obj
 0001:000010b4       ??_C@_1CI@DCFFCLKD@?$AAT?$AAW?$AAL?$AA_?$AAV?$AAA?$AAU?$AAX?$AA3?$AA_?$AAD?$AAE?$AAD?$AAI?$AAC?$AAA?$AAT?$AAE?$AAD?$AA?$AA@ 000120b4     oal:oem_pm.obj
 0001:000010dc       ??_C@_1CE@NBHAEOAP@?$AAT?$AAW?$AAL?$AA_?$AAV?$AAA?$AAU?$AAX?$AA4?$AA_?$AAD?$AAE?$AAV?$AA_?$AAG?$AAR?$AAP?$AA?$AA@ 000120dc     oal:oem_pm.obj
 0001:00001100       ??_C@_1BO@DJLHGCPF@?$AAT?$AAW?$AAL?$AA_?$AAV?$AAA?$AAU?$AAX?$AA4?$AA_?$AAT?$AAY?$AAP?$AAE?$AA?$AA@ 00012100     oal:oem_pm.obj
 0001:00001120       ??_C@_1CA@KPPKIBPD@?$AAT?$AAW?$AAL?$AA_?$AAV?$AAA?$AAU?$AAX?$AA4?$AA_?$AAR?$AAE?$AAM?$AAA?$AAP?$AA?$AA@ 00012120     oal:oem_pm.obj
 0001:00001140       ??_C@_1CI@DENBMNE@?$AAT?$AAW?$AAL?$AA_?$AAV?$AAA?$AAU?$AAX?$AA4?$AA_?$AAD?$AAE?$AAD?$AAI?$AAC?$AAA?$AAT?$AAE?$AAD?$AA?$AA@ 00012140     oal:oem_pm.obj
 0001:00001168       ??_C@_1CE@BONKHPA@?$AAT?$AAW?$AAL?$AA_?$AAV?$AAM?$AAM?$AAC?$AA1?$AA_?$AAD?$AAE?$AAV?$AA_?$AAG?$AAR?$AAP?$AA?$AA@ 00012168     oal:oem_pm.obj
 0001:0000118c       ??_C@_1BO@OLCMNGEE@?$AAT?$AAW?$AAL?$AA_?$AAV?$AAM?$AAM?$AAC?$AA1?$AA_?$AAT?$AAY?$AAP?$AAE?$AA?$AA@ 0001218c     oal:oem_pm.obj
 0001:000011ac       ??_C@_1CA@JOCILLAE@?$AAT?$AAW?$AAL?$AA_?$AAV?$AAM?$AAM?$AAC?$AA1?$AA_?$AAR?$AAE?$AAM?$AAA?$AAP?$AA?$AA@ 000121ac     oal:oem_pm.obj
 0001:000011cc       ??_C@_1CI@DJEHNHIJ@?$AAT?$AAW?$AAL?$AA_?$AAV?$AAM?$AAM?$AAC?$AA1?$AA_?$AAD?$AAE?$AAD?$AAI?$AAC?$AAA?$AAT?$AAE?$AAD?$AA?$AA@ 000121cc     oal:oem_pm.obj
 0001:000011f4       ??_C@_1CE@KOEEOKDK@?$AAT?$AAW?$AAL?$AA_?$AAV?$AAM?$AAM?$AAC?$AA2?$AA_?$AAD?$AAE?$AAV?$AA_?$AAG?$AAR?$AAP?$AA?$AA@ 000121f4     oal:oem_pm.obj
 0001:00001218       ??_C@_1BO@JHENPDJP@?$AAT?$AAW?$AAL?$AA_?$AAV?$AAM?$AAM?$AAC?$AA2?$AA_?$AAT?$AAY?$AAP?$AAE?$AA?$AA@ 00012218     oal:oem_pm.obj
 0001:00001238       ??_C@_1CA@LHOAAPPG@?$AAT?$AAW?$AAL?$AA_?$AAV?$AAM?$AAM?$AAC?$AA2?$AA_?$AAR?$AAE?$AAM?$AAA?$AAP?$AA?$AA@ 00012238     oal:oem_pm.obj
 0001:00001258       ??_C@_1CI@GBFJHOKB@?$AAT?$AAW?$AAL?$AA_?$AAV?$AAM?$AAM?$AAC?$AA2?$AA_?$AAD?$AAE?$AAD?$AAI?$AAC?$AAA?$AAT?$AAE?$AAD?$AA?$AA@ 00012258     oal:oem_pm.obj
 0001:00001280       ??_C@_1CE@GOKAJMBK@?$AAT?$AAW?$AAL?$AA_?$AAV?$AAP?$AAL?$AAL?$AA1?$AA_?$AAD?$AAE?$AAV?$AA_?$AAG?$AAR?$AAP?$AA?$AA@ 00012280     oal:oem_pm.obj
 0001:000012a4       ??_C@_1BO@NMADKKBH@?$AAT?$AAW?$AAL?$AA_?$AAV?$AAP?$AAL?$AAL?$AA1?$AA_?$AAT?$AAY?$AAP?$AAE?$AA?$AA@ 000122a4     oal:oem_pm.obj
 0001:000012c4       ??_C@_1CA@FGANLPKL@?$AAT?$AAW?$AAL?$AA_?$AAV?$AAP?$AAL?$AAL?$AA1?$AA_?$AAR?$AAE?$AAM?$AAA?$AAP?$AA?$AA@ 000122c4     oal:oem_pm.obj
 0001:000012e4       ??_C@_1CI@DAGBDBCF@?$AAT?$AAW?$AAL?$AA_?$AAV?$AAP?$AAL?$AAL?$AA1?$AA_?$AAD?$AAE?$AAD?$AAI?$AAC?$AAA?$AAT?$AAE?$AAD?$AA?$AA@ 000122e4     oal:oem_pm.obj
 0001:0000130c       ??_C@_1CE@MBAJNBNA@?$AAT?$AAW?$AAL?$AA_?$AAV?$AAP?$AAL?$AAL?$AA2?$AA_?$AAD?$AAE?$AAV?$AA_?$AAG?$AAR?$AAP?$AA?$AA@ 0001230c     oal:oem_pm.obj
 0001:00001330       ??_C@_1BO@KAGCIPMM@?$AAT?$AAW?$AAL?$AA_?$AAV?$AAP?$AAL?$AAL?$AA2?$AA_?$AAT?$AAY?$AAP?$AAE?$AA?$AA@ 00012330     oal:oem_pm.obj
 0001:00001350       ??_C@_1CA@HPMFALFJ@?$AAT?$AAW?$AAL?$AA_?$AAV?$AAP?$AAL?$AAL?$AA2?$AA_?$AAR?$AAE?$AAM?$AAA?$AAP?$AA?$AA@ 00012350     oal:oem_pm.obj
 0001:00001370       ??_C@_1CI@GIHPJIAN@?$AAT?$AAW?$AAL?$AA_?$AAV?$AAP?$AAL?$AAL?$AA2?$AA_?$AAD?$AAE?$AAD?$AAI?$AAC?$AAA?$AAT?$AAE?$AAD?$AA?$AA@ 00012370     oal:oem_pm.obj
 0001:00001398       ??_C@_1CC@DJMPGIDN@?$AAT?$AAW?$AAL?$AA_?$AAV?$AAS?$AAI?$AAM?$AA_?$AAD?$AAE?$AAV?$AA_?$AAG?$AAR?$AAP?$AA?$AA@ 00012398     oal:oem_pm.obj
 0001:000013bc       ??_C@_1BM@KFAJDHDF@?$AAT?$AAW?$AAL?$AA_?$AAV?$AAS?$AAI?$AAM?$AA_?$AAT?$AAY?$AAP?$AAE?$AA?$AA@ 000123bc     oal:oem_pm.obj
 0001:000013d8       ??_C@_1BO@HPABGPHI@?$AAT?$AAW?$AAL?$AA_?$AAV?$AAS?$AAI?$AAM?$AA_?$AAR?$AAE?$AAM?$AAA?$AAP?$AA?$AA@ 000123d8     oal:oem_pm.obj
 0001:000013f8       ??_C@_1CG@KICDMOJB@?$AAT?$AAW?$AAL?$AA_?$AAV?$AAS?$AAI?$AAM?$AA_?$AAD?$AAE?$AAD?$AAI?$AAC?$AAA?$AAT?$AAE?$AAD?$AA?$AA@ 000123f8     oal:oem_pm.obj
 0001:00001420       ??_C@_1CC@NHAHENBA@?$AAT?$AAW?$AAL?$AA_?$AAV?$AAD?$AAA?$AAC?$AA_?$AAD?$AAE?$AAV?$AA_?$AAG?$AAR?$AAP?$AA?$AA@ 00012420     oal:oem_pm.obj
 0001:00001444       ??_C@_1BM@NCAMKLIG@?$AAT?$AAW?$AAL?$AA_?$AAV?$AAD?$AAA?$AAC?$AA_?$AAT?$AAY?$AAP?$AAE?$AA?$AA@ 00012444     oal:oem_pm.obj
 0001:00001460       ??_C@_1BO@EJFADKGJ@?$AAT?$AAW?$AAL?$AA_?$AAV?$AAD?$AAA?$AAC?$AA_?$AAR?$AAE?$AAM?$AAA?$AAP?$AA?$AA@ 00012460     oal:oem_pm.obj
 0001:00001480       ??_C@_1CG@IAGMKPEA@?$AAT?$AAW?$AAL?$AA_?$AAV?$AAD?$AAA?$AAC?$AA_?$AAD?$AAE?$AAD?$AAI?$AAC?$AAA?$AAT?$AAE?$AAD?$AA?$AA@ 00012480     oal:oem_pm.obj
 0001:000014a8       ??_C@_1CK@PDAFKBJG@?$AAT?$AAW?$AAL?$AA_?$AAV?$AAI?$AAN?$AAT?$AAA?$AAN?$AAA?$AA1?$AA_?$AAD?$AAE?$AAV?$AA_?$AAG?$AAR?$AAP?$AA?$AA@ 000124a8     oal:oem_pm.obj
 0001:000014d4       ??_C@_1CE@BOJHFIFH@?$AAT?$AAW?$AAL?$AA_?$AAV?$AAI?$AAN?$AAT?$AAA?$AAN?$AAA?$AA1?$AA_?$AAT?$AAY?$AAP?$AAE?$AA?$AA@ 000124d4     oal:oem_pm.obj
 0001:000014f8       ??_C@_1CG@PFMHKBAK@?$AAT?$AAW?$AAL?$AA_?$AAV?$AAI?$AAN?$AAT?$AAA?$AAN?$AAA?$AA1?$AA_?$AAR?$AAE?$AAM?$AAA?$AAP?$AA?$AA@ 000124f8     oal:oem_pm.obj
 0001:00001520       ??_C@_1CO@OGJDOJDA@?$AAT?$AAW?$AAL?$AA_?$AAV?$AAI?$AAN?$AAT?$AAA?$AAN?$AAA?$AA1?$AA_?$AAD?$AAE?$AAD?$AAI?$AAC?$AAA?$AAT?$AAE?$AAD?$AA?$AA@ 00012520     oal:oem_pm.obj
 0001:00001550       ??_C@_1CK@FMKMOMFM@?$AAT?$AAW?$AAL?$AA_?$AAV?$AAI?$AAN?$AAT?$AAA?$AAN?$AAA?$AA2?$AA_?$AAD?$AAE?$AAV?$AA_?$AAG?$AAR?$AAP?$AA?$AA@ 00012550     oal:oem_pm.obj
 0001:0000157c       ??_C@_1CE@GCPGHNIM@?$AAT?$AAW?$AAL?$AA_?$AAV?$AAI?$AAN?$AAT?$AAA?$AAN?$AAA?$AA2?$AA_?$AAT?$AAY?$AAP?$AAE?$AA?$AA@ 0001257c     oal:oem_pm.obj
 0001:000015a0       ??_C@_1CG@NMAPBFPI@?$AAT?$AAW?$AAL?$AA_?$AAV?$AAI?$AAN?$AAT?$AAA?$AAN?$AAA?$AA2?$AA_?$AAR?$AAE?$AAM?$AAA?$AAP?$AA?$AA@ 000125a0     oal:oem_pm.obj
 0001:000015c8       ??_C@_1CO@LOINEABI@?$AAT?$AAW?$AAL?$AA_?$AAV?$AAI?$AAN?$AAT?$AAA?$AAN?$AAA?$AA2?$AA_?$AAD?$AAE?$AAD?$AAI?$AAC?$AAA?$AAT?$AAE?$AAD?$AA?$AA@ 000125c8     oal:oem_pm.obj
 0001:000015f8       ??_C@_1CI@LPFEGHP@?$AAT?$AAW?$AAL?$AA_?$AAV?$AAI?$AAN?$AAT?$AAD?$AAI?$AAG?$AA_?$AAD?$AAE?$AAV?$AA_?$AAG?$AAR?$AAP?$AA?$AA@ 000125f8     oal:oem_pm.obj
 0001:00001620       ??_C@_1CC@CNBGNCHL@?$AAT?$AAW?$AAL?$AA_?$AAV?$AAI?$AAN?$AAT?$AAD?$AAI?$AAG?$AA_?$AAT?$AAY?$AAP?$AAE?$AA?$AA@ 00012620     oal:oem_pm.obj
 0001:00001644       ??_C@_1CE@MBJLJDBL@?$AAT?$AAW?$AAL?$AA_?$AAV?$AAI?$AAN?$AAT?$AAD?$AAI?$AAG?$AA_?$AAR?$AAE?$AAM?$AAA?$AAP?$AA?$AA@ 00012644     oal:oem_pm.obj
 0001:00001668       ??_C@_1CM@EGJDLKDE@?$AAT?$AAW?$AAL?$AA_?$AAV?$AAI?$AAN?$AAT?$AAD?$AAI?$AAG?$AA_?$AAD?$AAE?$AAD?$AAI?$AAC?$AAA?$AAT?$AAE?$AAD?$AA?$AA@ 00012668     oal:oem_pm.obj
 0001:00001694       ??_C@_1CA@MKPLFMB@?$AAT?$AAW?$AAL?$AA_?$AAV?$AAI?$AAO?$AA_?$AAD?$AAE?$AAV?$AA_?$AAG?$AAR?$AAP?$AA?$AA@ 00012694     oal:oem_pm.obj
 0001:000016b4       ??_C@_1BK@JAOKDEOG@?$AAT?$AAW?$AAL?$AA_?$AAV?$AAI?$AAO?$AA_?$AAT?$AAY?$AAP?$AAE?$AA?$AA@ 000126b4     oal:oem_pm.obj
 0001:000016d0       ??_C@_1BM@EMBNJNPN@?$AAT?$AAW?$AAL?$AA_?$AAV?$AAI?$AAO?$AA_?$AAR?$AAE?$AAM?$AAA?$AAP?$AA?$AA@ 000126d0     oal:oem_pm.obj
 0001:000016ec       ??_C@_1BI@OIGPHMKN@?$AAT?$AAW?$AAL?$AA_?$AAV?$AAI?$AAO?$AA_?$AAC?$AAF?$AAG?$AA?$AA@ 000126ec     oal:oem_pm.obj
 0001:00001704       ??_C@_1CC@OMFONJDN@?$AAT?$AAW?$AAL?$AA_?$AAV?$AAI?$AAO?$AA_?$AAM?$AAI?$AAS?$AAC?$AA_?$AAC?$AAF?$AAG?$AA?$AA@ 00012704     oal:oem_pm.obj
 0001:00001728       ??_C@_1BM@BKJABIEK@?$AAT?$AAW?$AAL?$AA_?$AAV?$AAI?$AAO?$AA_?$AAT?$AAE?$AAS?$AAT?$AA1?$AA?$AA@ 00012728     oal:oem_pm.obj
 0001:00001744       ??_C@_1BM@ICFLHKE@?$AAT?$AAW?$AAL?$AA_?$AAV?$AAI?$AAO?$AA_?$AAT?$AAE?$AAS?$AAT?$AA2?$AA?$AA@ 00012744     oal:oem_pm.obj
 0001:00001760       ??_C@_1BI@GDLJGNJN@?$AAT?$AAW?$AAL?$AA_?$AAV?$AAI?$AAO?$AA_?$AAO?$AAS?$AAC?$AA?$AA@ 00012760     oal:oem_pm.obj
 0001:00001778       ??_C@_1CC@CJBJDONK@?$AAT?$AAW?$AAL?$AA_?$AAV?$AAI?$AAO?$AA_?$AAR?$AAE?$AAS?$AAE?$AAR?$AAV?$AAE?$AAD?$AA?$AA@ 00012778     oal:oem_pm.obj
 0001:0000179c       ??_C@_1BK@CLMMCELB@?$AAT?$AAW?$AAL?$AA_?$AAV?$AAI?$AAO?$AA_?$AAV?$AAS?$AAE?$AAL?$AA?$AA@ 0001279c     oal:oem_pm.obj
 0001:000017b8       ??_C@_1CC@JJICJHGE@?$AAT?$AAW?$AAL?$AA_?$AAV?$AAD?$AAD?$AA1?$AA_?$AAD?$AAE?$AAV?$AA_?$AAG?$AAR?$AAP?$AA?$AA@ 000127b8     oal:oem_pm.obj
 0001:000017dc       ??_C@_1BM@KDFEABHI@?$AAT?$AAW?$AAL?$AA_?$AAV?$AAD?$AAD?$AA1?$AA_?$AAT?$AAY?$AAP?$AAE?$AA?$AA@ 000127dc     oal:oem_pm.obj
 0001:000017f8       ??_C@_1BO@PFGMMNPE@?$AAT?$AAW?$AAL?$AA_?$AAV?$AAD?$AAD?$AA1?$AA_?$AAR?$AAE?$AAM?$AAA?$AAP?$AA?$AA@ 000127f8     oal:oem_pm.obj
 0001:00001818       ??_C@_1BK@HNOGANFN@?$AAT?$AAW?$AAL?$AA_?$AAV?$AAD?$AAD?$AA1?$AA_?$AAC?$AAF?$AAG?$AA?$AA@ 00012818     oal:oem_pm.obj
 0001:00001834       ??_C@_1CE@OKEOEFFI@?$AAT?$AAW?$AAL?$AA_?$AAV?$AAD?$AAD?$AA1?$AA_?$AAM?$AAI?$AAS?$AAC?$AA_?$AAC?$AAF?$AAG?$AA?$AA@ 00012834     oal:oem_pm.obj
 0001:00001858       ??_C@_1BO@KDOBEIED@?$AAT?$AAW?$AAL?$AA_?$AAV?$AAD?$AAD?$AA1?$AA_?$AAT?$AAE?$AAS?$AAT?$AA1?$AA?$AA@ 00012858     oal:oem_pm.obj
 0001:00001878       ??_C@_1BO@LBFEOHKN@?$AAT?$AAW?$AAL?$AA_?$AAV?$AAD?$AAD?$AA1?$AA_?$AAT?$AAE?$AAS?$AAT?$AA2?$AA?$AA@ 00012878     oal:oem_pm.obj
 0001:00001898       ??_C@_1BK@PGDABMGN@?$AAT?$AAW?$AAL?$AA_?$AAV?$AAD?$AAD?$AA1?$AA_?$AAO?$AAS?$AAC?$AA?$AA@ 00012898     oal:oem_pm.obj
 0001:000018b4       ??_C@_1CE@CPAJKCLP@?$AAT?$AAW?$AAL?$AA_?$AAV?$AAD?$AAD?$AA1?$AA_?$AAR?$AAE?$AAS?$AAE?$AAR?$AAV?$AAE?$AAD?$AA?$AA@ 000128b4     oal:oem_pm.obj
 0001:000018d8       ??_C@_1BM@BIHCBBCP@?$AAT?$AAW?$AAL?$AA_?$AAV?$AAD?$AAD?$AA1?$AA_?$AAV?$AAS?$AAE?$AAL?$AA?$AA@ 000128d8     oal:oem_pm.obj
 0001:000018f4       ??_C@_1CG@NHMCPBHO@?$AAT?$AAW?$AAL?$AA_?$AAV?$AAD?$AAD?$AA1?$AA_?$AAV?$AAM?$AAO?$AAD?$AAE?$AA_?$AAC?$AAF?$AAG?$AA?$AA@ 000128f4     oal:oem_pm.obj
 0001:0000191c       ??_C@_1CA@JCPLDMFI@?$AAT?$AAW?$AAL?$AA_?$AAV?$AAD?$AAD?$AA1?$AA_?$AAV?$AAF?$AAL?$AAO?$AAO?$AAR?$AA?$AA@ 0001291c     oal:oem_pm.obj
 0001:0000193c       ??_C@_1BO@DOEFACFE@?$AAT?$AAW?$AAL?$AA_?$AAV?$AAD?$AAD?$AA1?$AA_?$AAV?$AAR?$AAO?$AAO?$AAF?$AA?$AA@ 0001293c     oal:oem_pm.obj
 0001:0000195c       ??_C@_1BM@OOFBDLFF@?$AAT?$AAW?$AAL?$AA_?$AAV?$AAD?$AAD?$AA1?$AA_?$AAS?$AAT?$AAE?$AAP?$AA?$AA@ 0001295c     oal:oem_pm.obj
 0001:00001978       ??_C@_1CC@DGCLNKKO@?$AAT?$AAW?$AAL?$AA_?$AAV?$AAD?$AAD?$AA2?$AA_?$AAD?$AAE?$AAV?$AA_?$AAG?$AAR?$AAP?$AA?$AA@ 00012978     oal:oem_pm.obj
 0001:0000199c       ??_C@_1BM@NPDFCEKD@?$AAT?$AAW?$AAL?$AA_?$AAV?$AAD?$AAD?$AA2?$AA_?$AAT?$AAY?$AAP?$AAE?$AA?$AA@ 0001299c     oal:oem_pm.obj
 0001:000019b8       ??_C@_1BO@NMKEHJAG@?$AAT?$AAW?$AAL?$AA_?$AAV?$AAD?$AAD?$AA2?$AA_?$AAR?$AAE?$AAM?$AAA?$AAP?$AA?$AA@ 000129b8     oal:oem_pm.obj
 0001:000019d8       ??_C@_1BK@KHINPKN@?$AAT?$AAW?$AAL?$AA_?$AAV?$AAD?$AAD?$AA2?$AA_?$AAC?$AAF?$AAG?$AA?$AA@ 000129d8     oal:oem_pm.obj
 0001:000019f4       ??_C@_1CE@NDDGOIBI@?$AAT?$AAW?$AAL?$AA_?$AAV?$AAD?$AAD?$AA2?$AA_?$AAM?$AAI?$AAS?$AAC?$AA_?$AAC?$AAF?$AAG?$AA?$AA@ 000129f4     oal:oem_pm.obj
 0001:00001a18       ??_C@_1BO@IKCJPMLB@?$AAT?$AAW?$AAL?$AA_?$AAV?$AAD?$AAD?$AA2?$AA_?$AAT?$AAE?$AAS?$AAT?$AA1?$AA?$AA@ 00012a18     oal:oem_pm.obj
 0001:00001a38       ??_C@_1BO@JIJMFDFP@?$AAT?$AAW?$AAL?$AA_?$AAV?$AAD?$AAD?$AA2?$AA_?$AAT?$AAE?$AAS?$AAT?$AA2?$AA?$AA@ 00012a38     oal:oem_pm.obj
 0001:00001a58       ??_C@_1BK@IBKOMOJN@?$AAT?$AAW?$AAL?$AA_?$AAV?$AAD?$AAD?$AA2?$AA_?$AAO?$AAS?$AAC?$AA?$AA@ 00012a58     oal:oem_pm.obj
 0001:00001a74       ??_C@_1CE@BGHBAPPP@?$AAT?$AAW?$AAL?$AA_?$AAV?$AAD?$AAD?$AA2?$AA_?$AAR?$AAE?$AAS?$AAE?$AAR?$AAV?$AAE?$AAD?$AA?$AA@ 00012a74     oal:oem_pm.obj
 0001:00001a98       ??_C@_1BM@GEBDDEPE@?$AAT?$AAW?$AAL?$AA_?$AAV?$AAD?$AAD?$AA2?$AA_?$AAV?$AAS?$AAE?$AAL?$AA?$AA@ 00012a98     oal:oem_pm.obj
 0001:00001ab4       ??_C@_1CG@IPNMFIFG@?$AAT?$AAW?$AAL?$AA_?$AAV?$AAD?$AAD?$AA2?$AA_?$AAV?$AAM?$AAO?$AAD?$AAE?$AA_?$AAC?$AAF?$AAG?$AA?$AA@ 00012ab4     oal:oem_pm.obj
 0001:00001adc       ??_C@_1CA@HIHNOBDK@?$AAT?$AAW?$AAL?$AA_?$AAV?$AAD?$AAD?$AA2?$AA_?$AAV?$AAF?$AAL?$AAO?$AAO?$AAR?$AA?$AA@ 00012adc     oal:oem_pm.obj
 0001:00001afc       ??_C@_1BO@BHINLGKG@?$AAT?$AAW?$AAL?$AA_?$AAV?$AAD?$AAD?$AA2?$AA_?$AAV?$AAR?$AAO?$AAO?$AAF?$AA?$AA@ 00012afc     oal:oem_pm.obj
 0001:00001b1c       ??_C@_1BM@JCDABOIO@?$AAT?$AAW?$AAL?$AA_?$AAV?$AAD?$AAD?$AA2?$AA_?$AAS?$AAT?$AAE?$AAP?$AA?$AA@ 00012b1c     oal:oem_pm.obj
 0001:00001b38       ??_C@_1CI@JNBKBPL@?$AAT?$AAW?$AAL?$AA_?$AAV?$AAU?$AAS?$AAB?$AA1?$AAV?$AA5?$AA_?$AAD?$AAE?$AAV?$AA_?$AAG?$AAR?$AAP?$AA?$AA@ 00012b38     oal:oem_pm.obj
 0001:00001b60       ??_C@_1CC@JIPAHJDF@?$AAT?$AAW?$AAL?$AA_?$AAV?$AAU?$AAS?$AAB?$AA1?$AAV?$AA5?$AA_?$AAT?$AAY?$AAP?$AAE?$AA?$AA@ 00012b60     oal:oem_pm.obj
 0001:00001b84       ??_C@_1CE@OOGFDOBG@?$AAT?$AAW?$AAL?$AA_?$AAV?$AAU?$AAS?$AAB?$AA1?$AAV?$AA5?$AA_?$AAR?$AAE?$AAM?$AAA?$AAP?$AA?$AA@ 00012b84     oal:oem_pm.obj
 0001:00001ba8       ??_C@_1CI@LPIAKHFG@?$AAT?$AAW?$AAL?$AA_?$AAV?$AAU?$AAS?$AAB?$AA1?$AAV?$AA8?$AA_?$AAD?$AAE?$AAV?$AA_?$AAG?$AAR?$AAP?$AA?$AA@ 00012ba8     oal:oem_pm.obj
 0001:00001bd0       ??_C@_1CC@CPAKAJGO@?$AAT?$AAW?$AAL?$AA_?$AAV?$AAU?$AAS?$AAB?$AA1?$AAV?$AA8?$AA_?$AAT?$AAY?$AAP?$AAE?$AA?$AA@ 00012bd0     oal:oem_pm.obj
 0001:00001bf4       ??_C@_1CE@OHCPHMEP@?$AAT?$AAW?$AAL?$AA_?$AAV?$AAU?$AAS?$AAB?$AA1?$AAV?$AA8?$AA_?$AAR?$AAE?$AAM?$AAA?$AAP?$AA?$AA@ 00012bf4     oal:oem_pm.obj
 0001:00001c18       ??_C@_1CI@JOAHIGKN@?$AAT?$AAW?$AAL?$AA_?$AAV?$AAU?$AAS?$AAB?$AA3?$AAV?$AA1?$AA_?$AAD?$AAE?$AAV?$AA_?$AAG?$AAR?$AAP?$AA?$AA@ 00012c18     oal:oem_pm.obj
 0001:00001c40       ??_C@_1CC@IEIIJNKN@?$AAT?$AAW?$AAL?$AA_?$AAV?$AAU?$AAS?$AAB?$AA3?$AAV?$AA1?$AA_?$AAT?$AAY?$AAP?$AAE?$AA?$AA@ 00012c40     oal:oem_pm.obj
 0001:00001c64       ??_C@_1CE@PAJKAEBN@?$AAT?$AAW?$AAL?$AA_?$AAV?$AAU?$AAS?$AAB?$AA3?$AAV?$AA1?$AA_?$AAR?$AAE?$AAM?$AAA?$AAP?$AA?$AA@ 00012c64     oal:oem_pm.obj
 0001:00001c88       ??_C@_1CG@MOBGKOKO@?$AAT?$AAW?$AAL?$AA_?$AAV?$AAU?$AAS?$AAB?$AAC?$AAP?$AA_?$AAD?$AAE?$AAV?$AA_?$AAG?$AAR?$AAP?$AA?$AA@ 00012c88     oal:oem_pm.obj
 0001:00001cb0       ??_C@_1CA@JHNNABBA@?$AAT?$AAW?$AAL?$AA_?$AAV?$AAU?$AAS?$AAB?$AAC?$AAP?$AA_?$AAT?$AAY?$AAP?$AAE?$AA?$AA@ 00012cb0     oal:oem_pm.obj
 0001:00001cd0       ??_C@_1CC@FIEIBINC@?$AAT?$AAW?$AAL?$AA_?$AAV?$AAU?$AAS?$AAB?$AAC?$AAP?$AA_?$AAR?$AAE?$AAM?$AAA?$AAP?$AA?$AA@ 00012cd0     oal:oem_pm.obj
 0001:00001cf4       ??_C@_1CI@ENCCLMKD@?$AAT?$AAW?$AAL?$AA_?$AAV?$AAU?$AAS?$AAB?$AA_?$AAD?$AAE?$AAD?$AAI?$AAC?$AAA?$AAT?$AAE?$AAD?$AA1?$AA?$AA@ 00012cf4     oal:oem_pm.obj
 0001:00001d1c       ??_C@_1CI@FPJHBDEN@?$AAT?$AAW?$AAL?$AA_?$AAV?$AAU?$AAS?$AAB?$AA_?$AAD?$AAE?$AAD?$AAI?$AAC?$AAA?$AAT?$AAE?$AAD?$AA2?$AA?$AA@ 00012d1c     oal:oem_pm.obj
 0001:00001d44       ??_C@_1CE@JIIJPPBA@?$AAT?$AAW?$AAL?$AA_?$AAR?$AAE?$AAG?$AAE?$AAN?$AA_?$AAD?$AAE?$AAV?$AA_?$AAG?$AAR?$AAP?$AA?$AA@ 00012d44     oal:oem_pm.obj
 0001:00001d68       ??_C@_1BO@NHLJDICO@?$AAT?$AAW?$AAL?$AA_?$AAR?$AAE?$AAG?$AAE?$AAN?$AA_?$AAT?$AAY?$AAP?$AAE?$AA?$AA@ 00012d68     oal:oem_pm.obj
 0001:00001d88       ??_C@_1CA@EGIIMLMD@?$AAT?$AAW?$AAL?$AA_?$AAR?$AAE?$AAG?$AAE?$AAN?$AA_?$AAR?$AAE?$AAM?$AAA?$AAP?$AA?$AA@ 00012d88     oal:oem_pm.obj
 0001:00001da8       ??_C@_1CM@MDBMJOFI@?$AAT?$AAW?$AAL?$AA_?$AAN?$AAR?$AAE?$AAS?$AAP?$AAW?$AAR?$AAO?$AAN?$AA_?$AAD?$AAE?$AAV?$AA_?$AAG?$AAR?$AAP?$AA?$AA@ 00012da8     oal:oem_pm.obj
 0001:00001dd4       ??_C@_1CG@FILDJJNN@?$AAT?$AAW?$AAL?$AA_?$AAN?$AAR?$AAE?$AAS?$AAP?$AAW?$AAR?$AAO?$AAN?$AA_?$AAT?$AAY?$AAP?$AAE?$AA?$AA@ 00012dd4     oal:oem_pm.obj
 0001:00001dfc       ??_C@_1CI@NIMIGFMJ@?$AAT?$AAW?$AAL?$AA_?$AAN?$AAR?$AAE?$AAS?$AAP?$AAW?$AAR?$AAO?$AAN?$AA_?$AAR?$AAE?$AAM?$AAA?$AAP?$AA?$AA@ 00012dfc     oal:oem_pm.obj
 0001:00001e24       ??_C@_1CE@ILFMPKBH@?$AAT?$AAW?$AAL?$AA_?$AAC?$AAL?$AAK?$AAE?$AAN?$AA_?$AAD?$AAE?$AAV?$AA_?$AAG?$AAR?$AAP?$AA?$AA@ 00012e24     oal:oem_pm.obj
 0001:00001e48       ??_C@_1BO@INCDICFB@?$AAT?$AAW?$AAL?$AA_?$AAC?$AAL?$AAK?$AAE?$AAN?$AA_?$AAT?$AAY?$AAP?$AAE?$AA?$AA@ 00012e48     oal:oem_pm.obj
 0001:00001e68       ??_C@_1CA@MFJLKOPC@?$AAT?$AAW?$AAL?$AA_?$AAC?$AAL?$AAK?$AAE?$AAN?$AA_?$AAR?$AAE?$AAM?$AAA?$AAP?$AA?$AA@ 00012e68     oal:oem_pm.obj
 0001:00001e88       ??_C@_1CE@FKLOADHF@?$AAT?$AAW?$AAL?$AA_?$AAS?$AAY?$AAS?$AAE?$AAN?$AA_?$AAD?$AAE?$AAV?$AA_?$AAG?$AAR?$AAP?$AA?$AA@ 00012e88     oal:oem_pm.obj
 0001:00001eac       ??_C@_1BO@NGGKEBDO@?$AAT?$AAW?$AAL?$AA_?$AAS?$AAY?$AAS?$AAE?$AAN?$AA_?$AAT?$AAY?$AAP?$AAE?$AA?$AA@ 00012eac     oal:oem_pm.obj
 0001:00001ecc       ??_C@_1CA@CFJDBBNJ@?$AAT?$AAW?$AAL?$AA_?$AAS?$AAY?$AAS?$AAE?$AAN?$AA_?$AAR?$AAE?$AAM?$AAA?$AAP?$AA?$AA@ 00012ecc     oal:oem_pm.obj
 0001:00001eec       ??_C@_1CK@HKKHEFBH@?$AAT?$AAW?$AAL?$AA_?$AAH?$AAF?$AAC?$AAL?$AAK?$AAO?$AAU?$AAT?$AA_?$AAD?$AAE?$AAV?$AA_?$AAG?$AAR?$AAP?$AA?$AA@ 00012eec     oal:oem_pm.obj
 0001:00001f18       ??_C@_1CE@CIIEBHLO@?$AAT?$AAW?$AAL?$AA_?$AAH?$AAF?$AAC?$AAL?$AAK?$AAO?$AAU?$AAT?$AA_?$AAT?$AAY?$AAP?$AAE?$AA?$AA@ 00012f18     oal:oem_pm.obj
 0001:00001f3c       ??_C@_1CG@JMBIIDLN@?$AAT?$AAW?$AAL?$AA_?$AAH?$AAF?$AAC?$AAL?$AAK?$AAO?$AAU?$AAT?$AA_?$AAR?$AAE?$AAM?$AAA?$AAP?$AA?$AA@ 00012f3c     oal:oem_pm.obj
 0001:00001f64       ??_C@_1CM@NLHAPHPH@?$AAT?$AAW?$AAL?$AA_?$AA3?$AA2?$AAK?$AAC?$AAL?$AAK?$AAO?$AAU?$AAT?$AA_?$AAD?$AAE?$AAV?$AA_?$AAG?$AAR?$AAP?$AA?$AA@ 00012f64     oal:oem_pm.obj
 0001:00001f90       ??_C@_1CG@GOHDKJFC@?$AAT?$AAW?$AAL?$AA_?$AA3?$AA2?$AAK?$AAC?$AAL?$AAK?$AAO?$AAU?$AAT?$AA_?$AAT?$AAY?$AAP?$AAE?$AA?$AA@ 00012f90     oal:oem_pm.obj
 0001:00001fb8       ??_C@_1CI@ECAKOHCB@?$AAT?$AAW?$AAL?$AA_?$AA3?$AA2?$AAK?$AAC?$AAL?$AAK?$AAO?$AAU?$AAT?$AA_?$AAR?$AAE?$AAM?$AAA?$AAP?$AA?$AA@ 00012fb8     oal:oem_pm.obj
 0001:00001fe0       ??_C@_1DC@IKLKMIKH@?$AAT?$AAW?$AAL?$AA_?$AAT?$AAR?$AAI?$AAT?$AAO?$AAN?$AA_?$AAR?$AAE?$AAS?$AAE?$AAT?$AA_?$AAD?$AAE?$AAV?$AA_?$AAG?$AAR?$AAP?$AA?$AA@ 00012fe0     oal:oem_pm.obj
 0001:00002014       ??_C@_1CM@LCHEGJFI@?$AAT?$AAW?$AAL?$AA_?$AAT?$AAR?$AAI?$AAT?$AAO?$AAN?$AA_?$AAR?$AAE?$AAS?$AAE?$AAT?$AA_?$AAT?$AAY?$AAP?$AAE?$AA?$AA@ 00013014     oal:oem_pm.obj
 0001:00002040       ??_C@_1CO@CDIBBBBM@?$AAT?$AAW?$AAL?$AA_?$AAT?$AAR?$AAI?$AAT?$AAO?$AAN?$AA_?$AAR?$AAE?$AAS?$AAE?$AAT?$AA_?$AAR?$AAE?$AAM?$AAA?$AAP?$AA?$AA@ 00013040     oal:oem_pm.obj
 0001:00002070       ??_C@_1CI@KFDKGHKP@?$AAT?$AAW?$AAL?$AA_?$AAM?$AAA?$AAI?$AAN?$AAR?$AAE?$AAF?$AA_?$AAD?$AAE?$AAV?$AA_?$AAG?$AAR?$AAP?$AA?$AA@ 00013070     oal:oem_pm.obj
 0001:00002098       ??_C@_1CC@DKMPJCIB@?$AAT?$AAW?$AAL?$AA_?$AAM?$AAA?$AAI?$AAN?$AAR?$AAE?$AAF?$AA_?$AAT?$AAY?$AAP?$AAE?$AA?$AA@ 00013098     oal:oem_pm.obj
 0001:000020bc       ??_C@_1CE@FJBEMMGF@?$AAT?$AAW?$AAL?$AA_?$AAM?$AAA?$AAI?$AAN?$AAR?$AAE?$AAF?$AA_?$AAR?$AAE?$AAM?$AAA?$AAP?$AA?$AA@ 000130bc     oal:oem_pm.obj
 0001:000020e0       ??_C@_1FM@LBIPKPNP@?$AA?9?$AAO?$AAA?$AAL?$AAI?$AAo?$AAC?$AAt?$AAl?$AAP?$AAr?$AAc?$AAm?$AAD?$AAe?$AAv?$AAi?$AAc?$AAe?$AAG?$AAe?$AAt?$AAD?$AAe?$AAv?$AAi?$AAc?$AAe?$AAS?$AAt?$AAa?$AAt@ 000130e0     oal:oem_pm.obj
 0001:00002140       ??_C@_1EK@IDKGDIPB@?$AA?$CL?$AAO?$AAA?$AAL?$AAI?$AAo?$AAC?$AAt?$AAl?$AAP?$AAr?$AAc?$AAm?$AAD?$AAe?$AAv?$AAi?$AAc?$AAe?$AAG?$AAe?$AAt?$AAD?$AAe?$AAv?$AAi?$AAc?$AAe?$AAS?$AAt?$AAa?$AAt@ 00013140     oal:oem_pm.obj
 0001:00002190       ??_C@_1GC@PIMMNGGL@?$AA?9?$AAO?$AAA?$AAL?$AAI?$AAo?$AAC?$AAt?$AAl?$AAP?$AAr?$AAc?$AAm?$AAD?$AAe?$AAv?$AAi?$AAc?$AAe?$AAG?$AAe?$AAt?$AAS?$AAo?$AAu?$AAr?$AAc?$AAe?$AAC?$AAl?$AAo?$AAc@ 00013190     oal:oem_pm.obj
 0001:000021f8       ??_C@_1FA@ECEPPKCB@?$AA?$CL?$AAO?$AAA?$AAL?$AAI?$AAo?$AAC?$AAt?$AAl?$AAP?$AAr?$AAc?$AAm?$AAD?$AAe?$AAv?$AAi?$AAc?$AAe?$AAG?$AAe?$AAt?$AAS?$AAo?$AAu?$AAr?$AAc?$AAe?$AAC?$AAl?$AAo?$AAc@ 000131f8     oal:oem_pm.obj
 0001:00002248       ??_C@_1GA@NDMNMIPM@?$AA?9?$AAO?$AAA?$AAL?$AAI?$AAo?$AAC?$AAt?$AAl?$AAP?$AAr?$AAc?$AAm?$AAC?$AAl?$AAo?$AAc?$AAk?$AAG?$AAe?$AAt?$AAS?$AAo?$AAu?$AAr?$AAc?$AAe?$AAC?$AAl?$AAo?$AAc?$AAk@ 00013248     oal:oem_pm.obj
 0001:000022a8       ??_C@_1EO@HHGONEEA@?$AA?$CL?$AAO?$AAA?$AAL?$AAI?$AAo?$AAC?$AAt?$AAl?$AAP?$AAr?$AAc?$AAm?$AAC?$AAl?$AAo?$AAc?$AAk?$AAG?$AAe?$AAt?$AAS?$AAo?$AAu?$AAr?$AAc?$AAe?$AAC?$AAl?$AAo?$AAc?$AAk@ 000132a8     oal:oem_pm.obj
 0001:000022f8       ??_C@_1FI@LHKECLHF@?$AA?9?$AAO?$AAA?$AAL?$AAI?$AAo?$AAC?$AAt?$AAl?$AAP?$AAr?$AAc?$AAm?$AAC?$AAl?$AAo?$AAc?$AAk?$AAS?$AAe?$AAt?$AAS?$AAo?$AAu?$AAr?$AAc?$AAe?$AAC?$AAl?$AAo?$AAc?$AAk@ 000132f8     oal:oem_pm.obj
 0001:00002350       ??_C@_1EG@GJHFLHDM@?$AA?$CL?$AAO?$AAA?$AAL?$AAI?$AAo?$AAC?$AAt?$AAl?$AAP?$AAr?$AAc?$AAm?$AAC?$AAl?$AAo?$AAc?$AAk?$AAS?$AAe?$AAt?$AAS?$AAo?$AAu?$AAr?$AAc?$AAe?$AAC?$AAl?$AAo?$AAc?$AAk@ 00013350     oal:oem_pm.obj
 0001:00002398       ??_C@_1GG@PFIOPLFN@?$AA?9?$AAO?$AAA?$AAL?$AAI?$AAo?$AAC?$AAt?$AAl?$AAP?$AAr?$AAc?$AAm?$AAC?$AAl?$AAo?$AAc?$AAk?$AAS?$AAe?$AAt?$AAS?$AAo?$AAu?$AAr?$AAc?$AAe?$AAC?$AAl?$AAo?$AAc?$AAk@ 00013398     oal:oem_pm.obj
 0001:00002400       ??_C@_1FE@OMCINOEK@?$AA?$CL?$AAO?$AAA?$AAL?$AAI?$AAo?$AAC?$AAt?$AAl?$AAP?$AAr?$AAc?$AAm?$AAC?$AAl?$AAo?$AAc?$AAk?$AAS?$AAe?$AAt?$AAS?$AAo?$AAu?$AAr?$AAc?$AAe?$AAC?$AAl?$AAo?$AAc?$AAk@ 00013400     oal:oem_pm.obj
 0001:00002458       ??_C@_1FE@GNONCHJN@?$AA?9?$AAO?$AAA?$AAL?$AAI?$AAo?$AAC?$AAt?$AAl?$AAP?$AAr?$AAc?$AAm?$AAC?$AAl?$AAo?$AAc?$AAk?$AAS?$AAe?$AAt?$AAD?$AAp?$AAl?$AAl?$AAS?$AAt?$AAa?$AAt?$AAe?$AA?$CI?$AAr@ 00013458     oal:oem_pm.obj
 0001:000024b0       ??_C@_1EC@CIFBIGJI@?$AA?$CL?$AAO?$AAA?$AAL?$AAI?$AAo?$AAC?$AAt?$AAl?$AAP?$AAr?$AAc?$AAm?$AAC?$AAl?$AAo?$AAc?$AAk?$AAS?$AAe?$AAt?$AAD?$AAp?$AAl?$AAl?$AAS?$AAt?$AAa?$AAt?$AAe?$AA?$AN?$AA?6@ 000134b0     oal:oem_pm.obj
 0001:000024f8       ??_C@_1GE@IAGKICDJ@?$AA?9?$AAO?$AAA?$AAL?$AAI?$AAo?$AAC?$AAt?$AAl?$AAP?$AAr?$AAc?$AAm?$AAD?$AAo?$AAm?$AAa?$AAi?$AAn?$AAS?$AAe?$AAt?$AAW?$AAa?$AAk?$AAe?$AAu?$AAp?$AAD?$AAe?$AAp?$AAe@ 000134f8     oal:oem_pm.obj
 0001:00002560       ??_C@_1FC@IFJLFJMC@?$AA?$CL?$AAO?$AAA?$AAL?$AAI?$AAo?$AAC?$AAt?$AAl?$AAP?$AAr?$AAc?$AAm?$AAD?$AAo?$AAm?$AAa?$AAi?$AAn?$AAS?$AAe?$AAt?$AAW?$AAa?$AAk?$AAe?$AAu?$AAp?$AAD?$AAe?$AAp?$AAe@ 00013560     oal:oem_pm.obj
 0001:000025b8       ??_C@_1GC@OENIKAAG@?$AA?9?$AAO?$AAA?$AAL?$AAI?$AAo?$AAC?$AAt?$AAl?$AAP?$AAr?$AAc?$AAm?$AAD?$AAo?$AAm?$AAa?$AAi?$AAn?$AAS?$AAe?$AAt?$AAS?$AAl?$AAe?$AAe?$AAp?$AAD?$AAe?$AAp?$AAe?$AAn@ 000135b8     oal:oem_pm.obj
 0001:00002620       ??_C@_1FA@DCKFFJGO@?$AA?$CL?$AAO?$AAA?$AAL?$AAI?$AAo?$AAC?$AAt?$AAl?$AAP?$AAr?$AAc?$AAm?$AAD?$AAo?$AAm?$AAa?$AAi?$AAn?$AAS?$AAe?$AAt?$AAS?$AAl?$AAe?$AAe?$AAp?$AAD?$AAe?$AAp?$AAe?$AAn@ 00013620     oal:oem_pm.obj
 0001:00002670       ??_C@_1FI@HLFNCHGP@?$AA?9?$AAO?$AAA?$AAL?$AAI?$AAo?$AAC?$AAt?$AAl?$AAP?$AAr?$AAc?$AAm?$AAD?$AAo?$AAm?$AAa?$AAi?$AAn?$AAS?$AAe?$AAt?$AAP?$AAo?$AAw?$AAe?$AAr?$AAS?$AAt?$AAa?$AAt?$AAe@ 00013670     oal:oem_pm.obj
 0001:000026c8       ??_C@_1EG@FCCADHII@?$AA?$CL?$AAO?$AAA?$AAL?$AAI?$AAo?$AAC?$AAt?$AAl?$AAP?$AAr?$AAc?$AAm?$AAD?$AAo?$AAm?$AAa?$AAi?$AAn?$AAS?$AAe?$AAt?$AAP?$AAo?$AAw?$AAe?$AAr?$AAS?$AAt?$AAa?$AAt?$AAe@ 000136c8     oal:oem_pm.obj
 0001:00002710       ??_C@_1FA@LOEOCPDH@?$AA?9?$AAO?$AAA?$AAL?$AAI?$AAo?$AAC?$AAt?$AAl?$AAP?$AAr?$AAc?$AAm?$AAS?$AAe?$AAt?$AAS?$AAu?$AAs?$AAp?$AAe?$AAn?$AAd?$AAS?$AAt?$AAa?$AAt?$AAe?$AA?$CI?$AAr?$AAc?$AA?5@ 00013710     oal:oem_pm.obj
 0001:00002760       ??_C@_1DO@DKNNCPML@?$AA?$CL?$AAO?$AAA?$AAL?$AAI?$AAo?$AAC?$AAt?$AAl?$AAP?$AAr?$AAc?$AAm?$AAS?$AAe?$AAt?$AAS?$AAu?$AAs?$AAp?$AAe?$AAn?$AAd?$AAS?$AAt?$AAa?$AAt?$AAe?$AA?$AN?$AA?6?$AA?$AA@ 00013760     oal:oem_pm.obj
 0001:000027a0       ??_C@_1DO@PHDKNHBH@?$AA?9?$AAO?$AAA?$AAL?$AAI?$AAo?$AAC?$AAt?$AAl?$AAO?$AAp?$AAp?$AAR?$AAe?$AAq?$AAu?$AAe?$AAs?$AAt?$AA?$CI?$AAr?$AAc?$AA?5?$AA?$DN?$AA?5?$AA?$CF?$AAd?$AA?$CJ?$AA?$AN?$AA?6?$AA?$AA@ 000137a0     oal:oem_pm.obj
 0001:000027e0       ??_C@_1CM@LGFHCAO@?$AA?$CL?$AAO?$AAA?$AAL?$AAI?$AAo?$AAC?$AAt?$AAl?$AAO?$AAp?$AAp?$AAR?$AAe?$AAq?$AAu?$AAe?$AAs?$AAt?$AA?$AN?$AA?6?$AA?$AA@ 000137e0     oal:oem_pm.obj
 0001:00002810       ??_C@_1EO@KHFBABJJ@?$AA?9?$AAO?$AAA?$AAL?$AAI?$AAo?$AAC?$AAt?$AAl?$AAS?$AAm?$AAa?$AAr?$AAt?$AAR?$AAe?$AAf?$AAl?$AAe?$AAx?$AAC?$AAo?$AAn?$AAt?$AAr?$AAo?$AAl?$AA?$CI?$AAr?$AAc?$AA?5?$AA?$DN@ 00013810     oal:oem_pm.obj
 0001:00002860       ??_C@_1DM@DBFHMFOM@?$AA?$CL?$AAO?$AAA?$AAL?$AAI?$AAo?$AAC?$AAt?$AAl?$AAS?$AAm?$AAa?$AAr?$AAt?$AAR?$AAe?$AAf?$AAl?$AAe?$AAx?$AAC?$AAo?$AAn?$AAt?$AAr?$AAo?$AAl?$AA?$AN?$AA?6?$AA?$AA@ 00013860     oal:oem_pm.obj
 0001:000028a0       ??_C@_1FI@NIAMEIGG@?$AA?9?$AAO?$AAA?$AAL?$AAI?$AAo?$AAC?$AAt?$AAl?$AAU?$AAp?$AAd?$AAa?$AAt?$AAe?$AAR?$AAe?$AAt?$AAe?$AAn?$AAt?$AAi?$AAo?$AAn?$AAV?$AAo?$AAl?$AAt?$AAa?$AAg?$AAe?$AAs@ 000138a0     oal:oem_pm.obj
 0001:000028f8       ??_C@_1EG@LLINCBJK@?$AA?$CL?$AAO?$AAA?$AAL?$AAI?$AAo?$AAC?$AAt?$AAl?$AAU?$AAp?$AAd?$AAa?$AAt?$AAe?$AAR?$AAe?$AAt?$AAe?$AAn?$AAt?$AAi?$AAo?$AAn?$AAV?$AAo?$AAl?$AAt?$AAa?$AAg?$AAe?$AAs@ 000138f8     oal:oem_pm.obj
 0001:00002940       ??_C@_1FI@JNLFHLFE@?$AA?9?$AAO?$AAA?$AAL?$AAI?$AAo?$AAC?$AAt?$AAl?$AAH?$AAa?$AAl?$AAC?$AAo?$AAn?$AAt?$AAe?$AAx?$AAt?$AAS?$AAa?$AAv?$AAe?$AAG?$AAe?$AAt?$AAB?$AAu?$AAf?$AAf?$AAe?$AAr@ 00013940     oal:oem_pm.obj
 0001:00002998       ??_C@_1EG@NGBNIFNG@?$AA?$CL?$AAO?$AAA?$AAL?$AAI?$AAo?$AAC?$AAt?$AAl?$AAH?$AAa?$AAl?$AAC?$AAo?$AAn?$AAt?$AAe?$AAx?$AAt?$AAS?$AAa?$AAv?$AAe?$AAG?$AAe?$AAt?$AAB?$AAu?$AAf?$AAf?$AAe?$AAr@ 00013998     oal:oem_pm.obj
 0001:000029e0       ??_C@_1FK@FIFKBPFK@?$AAE?$AAr?$AAr?$AAo?$AAr?$AA?3?$AA?5?$AAI?$AAV?$AAA?$AA2?$AA?5?$AAp?$AAo?$AAw?$AAe?$AAr?$AA?5?$AAd?$AAo?$AAm?$AAa?$AAi?$AAn?$AA?5?$AAf?$AAu?$AAn?$AAc?$AAa?$AAt?$AAi@ 000139e0     oal:oem_pm.obj
 0001:00002a40       ??_C@_1EM@HMFNDBFB@?$AAE?$AAr?$AAr?$AAo?$AAr?$AA?3?$AA?5?$AAI?$AAV?$AAA?$AA2?$AA?5?$AAp?$AAo?$AAw?$AAe?$AAr?$AA?5?$AAd?$AAo?$AAm?$AAa?$AAi?$AAn?$AA?5?$AAn?$AAo?$AAt?$AA?5?$AAO?$AAF?$AAF@ 00013a40     oal:oem_pm.obj
 0001:00002a90       ??_C@_1GE@ELNCGKNN@?$AAl?$AAp?$AAm?$AA?4?$AAk?$AAo?$AA?3?$AA?5?$AAE?$AAr?$AAr?$AAo?$AAr?$AA?3?$AA?5?$AAI?$AAV?$AAA?$AA2?$AA_?$AAR?$AAS?$AAT?$AA1?$AA?5?$AAs?$AAi?$AAg?$AAn?$AAa?$AAl?$AA?5@ 00013a90     oal:oem_pm.obj
 0001:00002af8       ??_C@_1FG@PFIDHFBP@?$AAl?$AAp?$AAm?$AA?4?$AAk?$AAo?$AA?3?$AA?5?$AAE?$AAr?$AAr?$AAo?$AAr?$AA?3?$AA?5?$AAI?$AAV?$AAA?$AA2?$AA?5?$AAd?$AAi?$AAd?$AA?5?$AAn?$AAo?$AAt?$AA?5?$AAb?$AAe?$AAc?$AAo@ 00013af8     oal:oem_pm.obj
 0001:00002b50       ??_C@_1FG@ENJPGDMG@?$AAE?$AAr?$AAr?$AAo?$AAr?$AA?3?$AA?5?$AAI?$AAV?$AAA?$AA2?$AA?5?$AAp?$AAo?$AAw?$AAe?$AAr?$AA?5?$AAd?$AAo?$AAm?$AAa?$AAi?$AAn?$AA?5?$AAn?$AAo?$AAt?$AA?5?$AAO?$AAN?$AA?5@ 00013b50     oal:oem_pm.obj
 0001:00002ba8       ??_C@_1DI@GEPKCEFA@?$AA?9?$AAO?$AAA?$AAL?$AA?3?$AA?5?$AAI?$AAn?$AAi?$AAt?$AAT?$AA2?$AAP?$AAo?$AAw?$AAe?$AAr?$AAS?$AAe?$AAq?$AAu?$AAe?$AAn?$AAc?$AAe?$AA?$AN?$AA?6?$AA?$AA@ 00013ba8     oal:oem_pm.obj
 0001:00002be0       ??_C@_1FI@HMIHMJMI@?$AA?$CL?$AAO?$AAA?$AAL?$AA?3?$AA?5?$AAw?$AAr?$AAi?$AAt?$AAe?$AA?5?$AAW?$AAA?$AAR?$AAM?$AA?5?$AAR?$AAE?$AAS?$AAE?$AAT?$AA?5?$AAS?$AAE?$AAQ?$AA?5?$AAt?$AAo?$AA?5?$AAm?$AAe@ 00013be0     oal:oem_pm.obj
 0001:00002c38       ??_C@_1GM@MPAJFJKN@?$AA?$CL?$AAO?$AAA?$AAL?$AA?3?$AA?5?$AAw?$AAr?$AAi?$AAt?$AAe?$AA?5?$AAS?$AAl?$AAe?$AAe?$AAp?$AA?5?$AAt?$AAo?$AA?5?$AAA?$AAc?$AAt?$AAi?$AAv?$AAe?$AA?5?$AAs?$AAe?$AAq?$AAu@ 00013c38     oal:oem_pm.obj
 0001:00002ca4       ??_C@_1CE@NAGNGIJH@?$AA?$CL?$AAO?$AAA?$AAL?$AA?3?$AA?5?$AA?$CF?$AAd?$AA?5?$AA?9?$AA?5?$AA0?$AAx?$AA?$CF?$AAx?$AA?$AN?$AA?6?$AA?$AA@ 00013ca4     oal:oem_pm.obj
 0001:00002cc8       ??_C@_1GK@DPCKBHCM@?$AA?$CL?$AAO?$AAA?$AAL?$AA?3?$AA?5?$AAr?$AAi?$AAt?$AAe?$AA?5?$AAA?$AAc?$AAt?$AAi?$AAv?$AAe?$AA?5?$AAt?$AAo?$AA?5?$AAS?$AAl?$AAe?$AAe?$AAp?$AA?5?$AAs?$AAe?$AAq?$AAu?$AAe@ 00013cc8     oal:oem_pm.obj
 0001:00002d34       ??_C@_1DI@CJIEEMKC@?$AA?$CL?$AAO?$AAA?$AAL?$AA?3?$AA?5?$AAI?$AAn?$AAi?$AAt?$AAT?$AA2?$AAP?$AAo?$AAw?$AAe?$AAr?$AAS?$AAe?$AAq?$AAu?$AAe?$AAn?$AAc?$AAe?$AA?$AN?$AA?6?$AA?$AA@ 00013d34     oal:oem_pm.obj
 0001:00002d6c       ??_C@_1CM@JBCMAKOK@?$AA?9?$AAO?$AAA?$AAL?$AAP?$AAr?$AAc?$AAm?$AAI?$AAn?$AAt?$AAr?$AAH?$AAa?$AAn?$AAd?$AAl?$AAe?$AAr?$AA?$AN?$AA?6?$AA?$AA@ 00013d6c     oal:oem_pm.obj
 0001:00002d98       ??_C@_1CM@GNNMJLKG@?$AA?$CL?$AAO?$AAA?$AAL?$AAP?$AAr?$AAc?$AAm?$AAI?$AAn?$AAt?$AAr?$AAH?$AAa?$AAn?$AAd?$AAl?$AAe?$AAr?$AA?$AN?$AA?6?$AA?$AA@ 00013d98     oal:oem_pm.obj
 0001:00002dc4       ??_C@_1CO@OILFLAEL@?$AA?9?$AAO?$AAA?$AAL?$AAS?$AAm?$AAa?$AAr?$AAt?$AAR?$AAe?$AAf?$AAl?$AAe?$AAx?$AA1?$AAI?$AAn?$AAt?$AAr?$AA?$AN?$AA?6?$AA?$AA@ 00013dc4     oal:oem_pm.obj
 0001:00002df8       ??_C@_1FA@BPEDMOIJ@?$AAO?$AAA?$AAL?$AAS?$AAm?$AAa?$AAr?$AAt?$AAR?$AAe?$AAf?$AAl?$AAe?$AAx?$AA1?$AAI?$AAn?$AAt?$AAr?$AA?5?$AAi?$AAn?$AAt?$AAr?$AAS?$AAt?$AAa?$AAt?$AAu?$AAs?$AA?$DN?$AA0@ 00013df8     oal:oem_pm.obj
 0001:00002e48       ??_C@_1CO@DDHBOPGA@?$AA?$CL?$AAO?$AAA?$AAL?$AAS?$AAm?$AAa?$AAr?$AAt?$AAR?$AAe?$AAf?$AAl?$AAe?$AAx?$AA1?$AAI?$AAn?$AAt?$AAr?$AA?$AN?$AA?6?$AA?$AA@ 00013e48     oal:oem_pm.obj
 0001:00002e78       ??_C@_1CO@MBHNAELJ@?$AA?9?$AAO?$AAA?$AAL?$AAS?$AAm?$AAa?$AAr?$AAt?$AAR?$AAe?$AAf?$AAl?$AAe?$AAx?$AA2?$AAI?$AAn?$AAt?$AAr?$AA?$AN?$AA?6?$AA?$AA@ 00013e78     oal:oem_pm.obj
 0001:00002ea8       ??_C@_1FA@KFBGMKJO@?$AAO?$AAA?$AAL?$AAS?$AAm?$AAa?$AAr?$AAt?$AAR?$AAe?$AAf?$AAl?$AAe?$AAx?$AA2?$AAI?$AAn?$AAt?$AAr?$AA?5?$AAi?$AAn?$AAt?$AAr?$AAS?$AAt?$AAa?$AAt?$AAu?$AAs?$AA?$DN?$AA0@ 00013ea8     oal:oem_pm.obj
 0001:00002ef8       ??_C@_1CO@BKLJFLJC@?$AA?$CL?$AAO?$AAA?$AAL?$AAS?$AAm?$AAa?$AAr?$AAt?$AAR?$AAe?$AAf?$AAl?$AAe?$AAx?$AA2?$AAI?$AAn?$AAt?$AAr?$AA?$AN?$AA?6?$AA?$AA@ 00013ef8     oal:oem_pm.obj
 0001:00002f28       ??_C@_1CE@IPHHBGKL@?$AA?9?$AAO?$AAA?$AAL?$AAP?$AAo?$AAw?$AAe?$AAr?$AAI?$AAn?$AAi?$AAt?$AA?$CI?$AA?$CJ?$AA?$AN?$AA?6?$AA?$AA@ 00013f28     oal:oem_pm.obj
 0001:00002f50       ??_C@_1EE@NIHPAAL@?$AA?5?$AAS?$AAe?$AAr?$AAi?$AAa?$AAl?$AA?5?$AAd?$AAe?$AAb?$AAu?$AAg?$AA?5?$AAm?$AAe?$AAs?$AAs?$AAa?$AAg?$AAe?$AAs?$AA?5?$AAr?$AAe?$AAn?$AAa?$AAb?$AAl?$AAe?$AAd?$AA?$AN@ 00013f50     oal:oem_pm.obj
 0001:00002f98       ??_C@_1HO@BBDDKKCD@?$AA?5?$AAD?$AAi?$AAs?$AAa?$AAb?$AAl?$AAe?$AA?5?$AAs?$AAe?$AAr?$AAi?$AAa?$AAl?$AA?5?$AAd?$AAe?$AAb?$AAu?$AAg?$AA?5?$AAm?$AAe?$AAs?$AAs?$AAa?$AAg?$AAe?$AAs?$AA?5?$AAd@ 00013f98     oal:oem_pm.obj
 0001:00003018       ??_C@_1CE@EGLHOBFH@?$AA?$CL?$AAO?$AAA?$AAL?$AAP?$AAo?$AAw?$AAe?$AAr?$AAI?$AAn?$AAi?$AAt?$AA?$CI?$AA?$CJ?$AA?$AN?$AA?6?$AA?$AA@ 00014018     oal:oem_pm.obj
 0001:0000303c       ??_C@_1CI@CGLJHOCE@?$AA?9?$AAO?$AAA?$AAL?$AAP?$AAo?$AAw?$AAe?$AAr?$AAP?$AAo?$AAs?$AAt?$AAI?$AAn?$AAi?$AAt?$AA?$AN?$AA?6?$AA?$AA@ 0001403c     oal:oem_pm.obj
 0001:00003068       ??_C@_1EG@KBFDMENB@?$AAC?$AAP?$AAU?$AA?5?$AAf?$AAa?$AAm?$AAi?$AAl?$AAy?$AA?$CI?$AA?$CF?$AAd?$AA?$CJ?$AA?5?$AAi?$AAs?$AA?5?$AAn?$AAo?$AAt?$AA?5?$AAS?$AAu?$AAp?$AAp?$AAo?$AAr?$AAt?$AAe?$AAd?$AA?4@ 00014068     oal:oem_pm.obj
 0001:000030b0       ??_C@_1CI@HDMABPDE@?$AA?$CL?$AAO?$AAA?$AAL?$AAP?$AAo?$AAw?$AAe?$AAr?$AAP?$AAo?$AAs?$AAt?$AAI?$AAn?$AAi?$AAt?$AA?$AN?$AA?6?$AA?$AA@ 000140b0     oal:oem_pm.obj
 0001:000030d8       ??_C@_1BE@BGENOPMG@?$AAC?$AAo?$AAr?$AAt?$AAe?$AAx?$AA?9?$AAA?$AA8?$AA?$AA@ 000140d8     oal:ioctl.obj
 0001:000030ec       ??_C@_1BK@BOKKCMKO@?$AAE?$AAV?$AAM?$AA?5?$AAO?$AAM?$AAA?$AAP?$AA3?$AA5?$AAx?$AAx?$AA?$AA@ 000140ec     oal:ioctl.obj
 0001:00003108       ??_C@_1CE@GIKKEBKH@?$AAT?$AAe?$AAx?$AAa?$AAs?$AA?5?$AAI?$AAn?$AAs?$AAt?$AAr?$AAu?$AAm?$AAe?$AAn?$AAt?$AAs?$AA?$AA@ 00014108     oal:ioctl.obj
 0001:0000312c       ??_C@_1BC@BEPMHPGP@?$AAO?$AAM?$AAA?$AAP?$AA3?$AA5?$AAx?$AAx?$AA?$AA@ 0001412c     oal:ioctl.obj
 0001:000031d0       g_oalIoCtlTable            000141d0     oal:ioctl.obj
 0001:00003498       ??_C@_1EK@JCLHBELH@?$AA?9?$AAO?$AAA?$AAL?$AAI?$AAo?$AAC?$AAt?$AAl?$AAH?$AAa?$AAl?$AAD?$AAu?$AAm?$AAp?$AAR?$AAe?$AAg?$AAi?$AAs?$AAt?$AAe?$AAr?$AAs?$AA?$CI?$AAr?$AAc?$AA?5?$AA?$DN?$AA?5?$AA?$CF@ 00014498     oal:ioctl.obj
 0001:000034e4       ??_C@_1DI@KDMFLNNO@?$AA?$CL?$AAO?$AAA?$AAL?$AAI?$AAo?$AAC?$AAt?$AAl?$AAH?$AAa?$AAl?$AAD?$AAu?$AAm?$AAp?$AAR?$AAe?$AAg?$AAi?$AAs?$AAt?$AAe?$AAr?$AAs?$AA?$AN?$AA?6?$AA?$AA@ 000144e4     oal:ioctl.obj
 0001:00003520       ??_C@_1EK@GKGINFBN@?$AA?9?$AAO?$AAA?$AAL?$AAI?$AAo?$AAC?$AAt?$AAl?$AAH?$AAa?$AAl?$AAG?$AAe?$AAt?$AAB?$AAs?$AAp?$AAV?$AAe?$AAr?$AAs?$AAi?$AAo?$AAn?$AA?$CI?$AAr?$AAc?$AA?5?$AA?$DN?$AA?5?$AA?$CF@ 00014520     oal:ioctl.obj
 0001:00003570       ??_C@_1HC@CCPGBKDI@?$AAW?$AAA?$AAR?$AAN?$AA?3?$AA?5?$AAI?$AAO?$AAC?$AAT?$AAL?$AA_?$AAH?$AAA?$AAL?$AA_?$AAG?$AAE?$AAT?$AA_?$AAB?$AAS?$AAP?$AA_?$AAV?$AAE?$AAR?$AAS?$AAI?$AAO?$AAN?$AA_@ 00014570     oal:ioctl.obj
 0001:000035e4       ??_C@_1DI@NINGCKCM@?$AA?$CL?$AAO?$AAA?$AAL?$AAI?$AAo?$AAC?$AAt?$AAl?$AAH?$AAa?$AAl?$AAG?$AAe?$AAt?$AAB?$AAs?$AAp?$AAV?$AAe?$AAr?$AAs?$AAi?$AAo?$AAn?$AA?$AN?$AA?6?$AA?$AA@ 000145e4     oal:ioctl.obj
 0001:000036b0       k32khzFrequency            000146b0     oal:oem_latency.obj
 0001:000036b8       ??_C@_1BBK@MCBACDBJ@?$AAo?$AAp?$AAm?$AA?$CF?$AAd?$AA?3?$AA?5?$AAc?$AAh?$AAi?$AAp?$AAO?$AAf?$AAf?$AAO?$AAf?$AAf?$AAs?$AAe?$AAt?$AA?3?$AA?$CF?$AAd?$AA?0?$AA?$CF?$AAd?$AA?5?$AAc?$AAh?$AAi?$AAp?$AAO@ 000146b8     oal:oem_latency.obj
 0001:000037d8       ??_C@_1FO@DPCMIAE@?$AA?9?$AAO?$AAA?$AAL?$AAI?$AAo?$AAC?$AAt?$AAl?$AAI?$AAn?$AAt?$AAe?$AAr?$AAr?$AAu?$AAp?$AAt?$AAL?$AAa?$AAt?$AAe?$AAn?$AAc?$AAy?$AAC?$AAo?$AAn?$AAs?$AAt?$AAr?$AAa@ 000147d8     oal:oem_latency.obj
 0001:00003838       ??_C@_1EM@HALJGOAC@?$AA?$CL?$AAO?$AAA?$AAL?$AAI?$AAo?$AAC?$AAt?$AAl?$AAI?$AAn?$AAt?$AAe?$AAr?$AAr?$AAu?$AAp?$AAt?$AAL?$AAa?$AAt?$AAe?$AAn?$AAc?$AAy?$AAC?$AAo?$AAn?$AAs?$AAt?$AAr?$AAa@ 00014838     oal:oem_latency.obj
 0001:00003918       ??_C@_1IA@BDMNHBLK@?$AAC?$AAo?$AAm?$AAp?$AAe?$AAn?$AAs?$AAa?$AAt?$AAi?$AAn?$AAg?$AA?5?$AAO?$AAP?$AAP?$AA?$CF?$AAd?$AA?5?$AAf?$AAo?$AAr?$AA?5?$AA?$CF?$AAd?$AAm?$AAV?$AA?5?$AAO?$AAr?$AAi?$AAg@ 00014918     oal:opp_map.obj
 0001:00003998       ??_C@_1FG@JEKJNIJ@?$AAU?$AAp?$AAd?$AAa?$AAt?$AAe?$AAR?$AAe?$AAt?$AAe?$AAn?$AAt?$AAi?$AAo?$AAn?$AAV?$AAo?$AAl?$AAt?$AAa?$AAg?$AAe?$AAs?$AA?3?$AA?5?$AAV?$AAD?$AAD?$AA?$CF?$AAd?$AA?5?$AA?$CF@ 00014998     oal:opp_map.obj
 0001:000039f0       ??_C@_1CE@DELMDCMO@?$AAV?$AAD?$AAD?$AA?$CF?$AAd?$AA?5?$AA?$CF?$AAd?$AA?4?$AA?$CF?$AA0?$AA4?$AAd?$AAV?$AA?5?$AA?$AN?$AA?6?$AA?$AA@ 000149f0     oal:opp_map.obj
 0001:00003a14       ??_C@_1BO@NNGOGLGP@?$AAV?$AAd?$AAd?$AA?$CF?$AAd?$AA?$DN?$AA0?$AAx?$AA?$CF?$AA0?$AA2?$AAX?$AA?$AN?$AA?6?$AA?$AA@ 00014a14     oal:opp_map.obj
 0001:00003a34       ??_C@_1CA@OACLPOKB@?$AAS?$AAe?$AAt?$AAO?$AAp?$AAp?$AA?5?$AAt?$AAo?$AA?5?$AA?$CF?$AAd?$AA?5?$AA?$AN?$AA?6?$AA?$AA@ 00014a34     oal:opp_map.obj
 0001:00003a58       ??_C@_1HM@FDKIOMPF@?$AA?$AN?$AA?6?$AAS?$AAm?$AAa?$AAr?$AAt?$AAR?$AAe?$AAf?$AAl?$AAe?$AAx?$AA_?$AAI?$AAn?$AAi?$AAt?$AAi?$AAa?$AAl?$AAi?$AAz?$AAe?$AA?3?$AA?5?$AAN?$AAU?$AAL?$AAL?$AA?5?$AAS@ 00014a58     oal:opp_map.obj
 0001:00003b68       ??_C@_1EA@KOAOAACA@?$AA?9?$AAO?$AAA?$AAL?$AAI?$AAo?$AAC?$AAt?$AAl?$AAH?$AAA?$AAL?$AAP?$AAr?$AAo?$AAf?$AAi?$AAl?$AAe?$AAr?$AA?$CI?$AAr?$AAc?$AA?5?$AA?$DN?$AA?5?$AA?$CF?$AAd?$AA?$CJ?$AA?$AN?$AA?6?$AA?$AA@ 00014b68     oal:oem_prof.obj
 0001:00003ba8       ??_C@_1CO@JAMDPBAN@?$AA?$CL?$AAO?$AAA?$AAL?$AAI?$AAo?$AAC?$AAt?$AAl?$AAH?$AAA?$AAL?$AAP?$AAr?$AAo?$AAf?$AAi?$AAl?$AAe?$AAr?$AA?$AN?$AA?6?$AA?$AA@ 00014ba8     oal:oem_prof.obj
 0001:00003cf8       ??_C@_1DO@JHJONFOE@?$AA?9?$AAO?$AAA?$AAL?$AAI?$AAo?$AAC?$AAt?$AAl?$AAH?$AAa?$AAl?$AAD?$AAd?$AAk?$AAC?$AAa?$AAl?$AAl?$AA?$CI?$AAr?$AAc?$AA?5?$AA?$DN?$AA?5?$AA?$CF?$AAd?$AA?$CJ?$AA?$AN?$AA?6?$AA?$AA@ 00014cf8     oal_io:ioctl.obj
 0001:00003d38       ??_C@_1FM@IFHLCDE@?$AAE?$AAR?$AAR?$AAO?$AAR?$AA?3?$AAO?$AAA?$AAL?$AAI?$AAo?$AAc?$AAt?$AAl?$AAH?$AAa?$AAl?$AAD?$AAd?$AAk?$AAC?$AAa?$AAl?$AAl?$AA?3?$AA?5?$AAI?$AAN?$AAV?$AAA?$AAL?$AAI@ 00014d38     oal_io:ioctl.obj
 0001:00003d98       ??_C@_1HM@DONGDDHM@?$AAE?$AAR?$AAR?$AAO?$AAR?$AA?3?$AA?5?$AAO?$AAA?$AAL?$AAI?$AAo?$AAc?$AAt?$AAl?$AAH?$AAa?$AAl?$AAD?$AAd?$AAk?$AAC?$AAa?$AAl?$AAl?$AA?3?$AA?5?$AAU?$AAn?$AAs?$AAu?$AAp@ 00014d98     oal_io:ioctl.obj
 0001:00003e18       ??_C@_1GE@BFODAIDF@?$AAE?$AAR?$AAR?$AAO?$AAR?$AA?3?$AA?5?$AAO?$AAA?$AAL?$AAI?$AAo?$AAc?$AAt?$AAl?$AAH?$AAa?$AAl?$AAD?$AAd?$AAk?$AAC?$AAa?$AAl?$AAl?$AA?3?$AA?5?$AAU?$AAn?$AAs?$AAu?$AAp@ 00014e18     oal_io:ioctl.obj
 0001:00003e7c       ??_C@_1DG@HOFDDFMH@?$AA?$CL?$AAO?$AAA?$AAL?$AAI?$AAo?$AAC?$AAt?$AAl?$AAH?$AAa?$AAl?$AAD?$AAd?$AAk?$AAC?$AAa?$AAl?$AAl?$AA?$CI?$AA?4?$AA?4?$AA?4?$AA?$CJ?$AA?$AN?$AA?6?$AA?$AA@ 00014e7c     oal_io:ioctl.obj
 0001:00003f48       ??_C@_1DK@DKAHFGMP@?$AA?9?$AAO?$AAA?$AAL?$AAI?$AAo?$AAB?$AAu?$AAs?$AAP?$AAo?$AAw?$AAe?$AAr?$AAO?$AAf?$AAf?$AA?$CI?$AAr?$AAc?$AA?5?$AA?$DN?$AA?5?$AA?$CF?$AAd?$AA?$CJ?$AA?$AN?$AA?6?$AA?$AA@ 00014f48     oal_io:power.obj
 0001:00003f84       ??_C@_1DI@PEAMECNB@?$AA?$CL?$AAO?$AAA?$AAL?$AAI?$AAo?$AAB?$AAu?$AAs?$AAP?$AAo?$AAw?$AAe?$AAr?$AAO?$AAf?$AAf?$AA?$CI?$AA?$CF?$AAd?$AA?0?$AA?5?$AA?$CF?$AAd?$AA?$CJ?$AA?$AN?$AA?6?$AA?$AA@ 00014f84     oal_io:power.obj
 0001:00003fbc       ??_C@_1DI@BEKMCAGI@?$AA?9?$AAO?$AAA?$AAL?$AAI?$AAo?$AAB?$AAu?$AAs?$AAP?$AAo?$AAw?$AAe?$AAr?$AAO?$AAn?$AA?$CI?$AAr?$AAc?$AA?5?$AA?$DN?$AA?5?$AA?$CF?$AAd?$AA?$CJ?$AA?$AN?$AA?6?$AA?$AA@ 00014fbc     oal_io:power.obj
 0001:00003ff4       ??_C@_1DG@BNAKMMEE@?$AA?$CL?$AAO?$AAA?$AAL?$AAI?$AAo?$AAB?$AAu?$AAs?$AAP?$AAo?$AAw?$AAe?$AAr?$AAO?$AAn?$AA?$CI?$AA?$CF?$AAd?$AA?0?$AA?5?$AA?$CF?$AAd?$AA?$CJ?$AA?$AN?$AA?6?$AA?$AA@ 00014ff4     oal_io:power.obj
 0001:000040c0       ??_C@_1KE@FCFGNLKM@?$AA?9?$AAO?$AAA?$AAL?$AAT?$AAr?$AAa?$AAn?$AAs?$AAl?$AAa?$AAt?$AAe?$AAB?$AAu?$AAs?$AAA?$AAd?$AAd?$AAr?$AAe?$AAs?$AAs?$AA?$CI?$AAa?$AAd?$AAd?$AAr?$AAe?$AAs?$AAs?$AAS@ 000150c0     oal_io:trans.obj
 0001:00004168       ??_C@_1GI@BPOGFGAB@?$AA?$CL?$AAO?$AAA?$AAL?$AAI?$AAo?$AAT?$AAr?$AAa?$AAn?$AAs?$AAl?$AAa?$AAt?$AAe?$AAB?$AAu?$AAs?$AAA?$AAd?$AAd?$AAr?$AAe?$AAs?$AAs?$AA?$CI?$AA?$CF?$AAd?$AA?0?$AA?5?$AA?$CF?$AAd@ 00015168     oal_io:trans.obj
 0001:000041d0       ??_C@_1HM@IKCJOCJL@?$AA?9?$AAO?$AAA?$AAL?$AAT?$AAr?$AAa?$AAn?$AAs?$AAl?$AAa?$AAt?$AAe?$AAS?$AAy?$AAs?$AAt?$AAe?$AAm?$AAA?$AAd?$AAd?$AAr?$AAe?$AAs?$AAs?$AA?$CI?$AAb?$AAu?$AAs?$AAA?$AAd@ 000151d0     oal_io:trans.obj
 0001:00004250       ??_C@_1GC@GKDDBMML@?$AA?$CL?$AAO?$AAA?$AAL?$AAT?$AAr?$AAa?$AAn?$AAs?$AAl?$AAa?$AAt?$AAe?$AAS?$AAy?$AAs?$AAt?$AAe?$AAm?$AAA?$AAd?$AAd?$AAr?$AAe?$AAs?$AAs?$AA?$CI?$AA?$CF?$AAd?$AA?0?$AA?5?$AA?$CF@ 00015250     oal_io:trans.obj
 0001:00004348       ??_C@_1GA@HKIKBELC@?$AAE?$AAR?$AAR?$AAO?$AAR?$AA?3?$AA?5?$AAO?$AAA?$AAL?$AAI?$AAo?$AAC?$AAt?$AAl?$AAH?$AAa?$AAl?$AAI?$AAL?$AAT?$AAi?$AAm?$AAi?$AAn?$AAg?$AA?3?$AA?5?$AAI?$AAn?$AAv?$AAa@ 00015348     oal_ilt:ilt.obj
 0001:000044c8       ??_C@_1GM@LBPDAPNJ@?$AAI?$AAN?$AAF?$AAO?$AA?3?$AAO?$AAA?$AAL?$AAL?$AAo?$AAg?$AAS?$AAe?$AAt?$AAZ?$AAo?$AAn?$AAe?$AAs?$AA?3?$AA?5?$AAd?$AAp?$AAC?$AAu?$AAr?$AAS?$AAe?$AAt?$AAt?$AAi?$AAn@ 000154c8     oal_log:debug.obj
 0001:000045c8       ??_C@_1EM@KGGHBFBJ@?$AA?$CL?$AAO?$AAA?$AAL?$AAI?$AAo?$AAC?$AAt?$AAl?$AAH?$AAa?$AAl?$AAR?$AAe?$AAq?$AAu?$AAe?$AAs?$AAt?$AAS?$AAy?$AAs?$AAI?$AAn?$AAt?$AAr?$AA?$CI?$AAr?$AAc?$AA?5?$AA?$DN?$AA?5@ 000155c8     oal_intr_common:ioctl.obj
 0001:00004618       ??_C@_1GK@HKEIPOOO@?$AAW?$AAA?$AAR?$AAN?$AA?3?$AA?5?$AAI?$AAO?$AAC?$AAT?$AAL?$AA_?$AAH?$AAA?$AAL?$AA_?$AAR?$AAE?$AAQ?$AAU?$AAE?$AAS?$AAT?$AA_?$AAS?$AAY?$AAS?$AAI?$AAN?$AAT?$AAR?$AA?5@ 00015618     oal_intr_common:ioctl.obj
 0001:00004684       ??_C@_1DK@BMKLIPKJ@?$AA?$CL?$AAO?$AAA?$AAL?$AAI?$AAo?$AAC?$AAt?$AAl?$AAH?$AAa?$AAl?$AAR?$AAe?$AAq?$AAu?$AAe?$AAs?$AAt?$AAS?$AAy?$AAs?$AAI?$AAn?$AAt?$AAr?$AA?$AN?$AA?6?$AA?$AA@ 00015684     oal_intr_common:ioctl.obj
 0001:000046c0       ??_C@_1GK@LIJAJEGD@?$AAW?$AAA?$AAR?$AAN?$AA?3?$AA?5?$AAI?$AAO?$AAC?$AAT?$AAL?$AA_?$AAH?$AAA?$AAL?$AA_?$AAR?$AAE?$AAL?$AAE?$AAA?$AAS?$AAE?$AA_?$AAS?$AAY?$AAS?$AAI?$AAN?$AAT?$AAR?$AA?5@ 000156c0     oal_intr_common:ioctl.obj
 0001:00004730       ??_C@_1EM@DFAKLPBP@?$AA?9?$AAO?$AAA?$AAL?$AAI?$AAo?$AAC?$AAt?$AAl?$AAH?$AAa?$AAl?$AAR?$AAe?$AAq?$AAu?$AAe?$AAs?$AAt?$AAS?$AAy?$AAs?$AAI?$AAn?$AAt?$AAr?$AA?$CI?$AAr?$AAc?$AA?5?$AA?$DN?$AA?5@ 00015730     oal_intr_common:ioctl.obj
 0001:00004780       ??_C@_1GC@BACPHDPH@?$AAW?$AAA?$AAR?$AAN?$AA?3?$AA?5?$AAI?$AAO?$AAC?$AAT?$AAL?$AA_?$AAH?$AAA?$AAL?$AA_?$AAR?$AAE?$AAQ?$AAU?$AAE?$AAS?$AAT?$AA_?$AAI?$AAR?$AAQ?$AA?5?$AAi?$AAn?$AAv?$AAa@ 00015780     oal_intr_common:ioctl.obj
 0001:000047e4       ??_C@_1DC@DIKJBBIL@?$AA?$CL?$AAO?$AAA?$AAL?$AAI?$AAo?$AAC?$AAt?$AAl?$AAH?$AAa?$AAl?$AAR?$AAe?$AAq?$AAu?$AAe?$AAs?$AAt?$AAI?$AAr?$AAq?$AA?$AN?$AA?6?$AA?$AA@ 000157e4     oal_intr_common:ioctl.obj
 0001:000048a8       ??_C@_1EE@EOJLKFMG@?$AA?$CL?$AAO?$AAA?$AAL?$AAI?$AAo?$AAC?$AAt?$AAl?$AAH?$AAa?$AAl?$AAE?$AAn?$AAa?$AAb?$AAl?$AAe?$AAW?$AAa?$AAk?$AAe?$AA?$CI?$AAr?$AAc?$AA?5?$AA?$DN?$AA?5?$AA?$CF?$AAd?$AA?$CJ?$AA?$AN@ 000158a8     oal_power:ioctl.obj
 0001:000048ec       ??_C@_1DG@KKNHDHOB@?$AAI?$AAn?$AAv?$AAa?$AAl?$AAi?$AAd?$AA?5?$AAS?$AAY?$AAS?$AAI?$AAN?$AAT?$AAR?$AA?5?$AAv?$AAa?$AAl?$AAu?$AAe?$AA?5?$AA?$CF?$AAd?$AA?$AN?$AA?6?$AA?$AA@ 000158ec     oal_power:ioctl.obj
 0001:00004924       ??_C@_1DO@BLFFHCCO@?$AAE?$AAR?$AAR?$AAO?$AAR?$AA?3?$AA?5?$AAO?$AAA?$AAL?$AAI?$AAo?$AAC?$AAt?$AAl?$AAH?$AAa?$AAl?$AAE?$AAn?$AAa?$AAb?$AAl?$AAe?$AAW?$AAa?$AAk?$AAe?$AA?3?$AA?5?$AA?$AA@ 00015924     oal_power:ioctl.obj
 0001:00004968       ??_C@_1EO@OMKOKHHJ@?$AA?$CL?$AAO?$AAA?$AAL?$AAI?$AAo?$AAC?$AAt?$AAl?$AAH?$AAa?$AAl?$AAE?$AAn?$AAa?$AAb?$AAl?$AAe?$AAW?$AAa?$AAk?$AAe?$AA?$CI?$AAs?$AAy?$AAs?$AAI?$AAn?$AAt?$AAr?$AA?5?$AA?$DN@ 00015968     oal_power:ioctl.obj
 0001:000049b8       ??_C@_1EG@KJIPIGDP@?$AA?$CL?$AAO?$AAA?$AAL?$AAI?$AAo?$AAC?$AAt?$AAl?$AAH?$AAa?$AAl?$AAD?$AAi?$AAs?$AAa?$AAb?$AAl?$AAe?$AAW?$AAa?$AAk?$AAe?$AA?$CI?$AAr?$AAc?$AA?5?$AA?$DN?$AA?5?$AA?$CF?$AAd?$AA?$CJ@ 000159b8     oal_power:ioctl.obj
 0001:00004a00       ??_C@_1EA@ENICBBFD@?$AAE?$AAR?$AAR?$AAO?$AAR?$AA?3?$AA?5?$AAO?$AAA?$AAL?$AAI?$AAo?$AAC?$AAt?$AAl?$AAH?$AAa?$AAl?$AAD?$AAi?$AAs?$AAa?$AAb?$AAl?$AAe?$AAW?$AAa?$AAk?$AAe?$AA?3?$AA?5?$AA?$AA@ 00015a00     oal_power:ioctl.obj
 0001:00004a40       ??_C@_1FA@IFHNBJAE@?$AA?$CL?$AAO?$AAA?$AAL?$AAI?$AAo?$AAC?$AAt?$AAl?$AAH?$AAa?$AAl?$AAD?$AAi?$AAs?$AAa?$AAb?$AAl?$AAe?$AAW?$AAa?$AAk?$AAe?$AA?$CI?$AAs?$AAy?$AAs?$AAI?$AAn?$AAt?$AAr?$AA?5@ 00015a40     oal_power:ioctl.obj
 0001:00004a90       ??_C@_1GG@MBGEPMGD@?$AA?$CL?$AAO?$AAA?$AAL?$AAI?$AAo?$AAC?$AAt?$AAl?$AAH?$AAa?$AAl?$AAG?$AAe?$AAt?$AAW?$AAa?$AAk?$AAe?$AAS?$AAo?$AAu?$AAr?$AAc?$AAe?$AA?$CI?$AAr?$AAc?$AA?5?$AA?$DN?$AA?5?$AA?$CF@ 00015a90     oal_power:ioctl.obj
 0001:00004af8       ??_C@_1DI@DFOIFPDM@?$AA?$CL?$AAO?$AAA?$AAL?$AAI?$AAo?$AAC?$AAt?$AAl?$AAH?$AAa?$AAl?$AAG?$AAe?$AAt?$AAW?$AAa?$AAk?$AAe?$AAS?$AAo?$AAu?$AAr?$AAc?$AAe?$AA?$AN?$AA?6?$AA?$AA@ 00015af8     oal_power:ioctl.obj
 0001:00004bc0       ??_C@_1FA@KIKMJANO@?$AA?9?$AAO?$AAA?$AAL?$AAI?$AAo?$AAC?$AAt?$AAl?$AAH?$AAa?$AAl?$AAG?$AAe?$AAt?$AAR?$AAe?$AAg?$AAS?$AAe?$AAc?$AAu?$AAr?$AAe?$AAK?$AAe?$AAy?$AAs?$AA?$CI?$AAr?$AAc?$AA?5@ 00015bc0     oal_ioctl:securekeys.obj
 0001:00004ca0       ??_C@_1GK@GKDOOKDE@?$AAE?$AAR?$AAR?$AAO?$AAR?$AA?3?$AA?5?$AAO?$AAA?$AAL?$AAI?$AAo?$AAC?$AAt?$AAl?$AAH?$AAa?$AAl?$AAU?$AAp?$AAd?$AAa?$AAt?$AAe?$AAM?$AAo?$AAd?$AAe?$AA?3?$AA?5?$AAI?$AAn@ 00015ca0     oal_ioctl:imgupd.obj
 0001:00004d10       ??_C@_1IG@BENIAHFO@?$AAE?$AAR?$AAR?$AAO?$AAR?$AA?3?$AA?5?$AAO?$AAA?$AAL?$AAI?$AAo?$AAC?$AAt?$AAl?$AAH?$AAa?$AAl?$AAU?$AAp?$AAd?$AAa?$AAt?$AAe?$AAM?$AAo?$AAd?$AAe?$AA?3?$AA?5?$AAD?$AAe@ 00015d10     oal_ioctl:imgupd.obj
 0001:00004e28       ??_C@_1EE@LLJFHFAM@?$AA?9?$AAO?$AAA?$AAL?$AAI?$AAo?$AAC?$AAt?$AAl?$AAP?$AAr?$AAo?$AAc?$AAe?$AAs?$AAs?$AAo?$AAr?$AAI?$AAn?$AAf?$AAo?$AA?$CI?$AAr?$AAc?$AA?5?$AA?$DN?$AA?5?$AA?$CF?$AAd?$AA?$CJ?$AA?$AN@ 00015e28     oal_ioctl:procinfo.obj
 0001:00004e70       ??_C@_1GA@EACFLEMI@?$AAW?$AAA?$AAR?$AAN?$AA?3?$AA?5?$AAO?$AAA?$AAL?$AAI?$AAo?$AAC?$AAt?$AAl?$AAP?$AAr?$AAo?$AAc?$AAe?$AAs?$AAs?$AAo?$AAr?$AAI?$AAn?$AAf?$AAo?$AA?3?$AA?5?$AAB?$AAu?$AAf@ 00015e70     oal_ioctl:procinfo.obj
 0001:00004ed0       ??_C@_1GI@EFCEJCLG@?$AAE?$AAR?$AAR?$AAO?$AAR?$AA?3?$AAO?$AAA?$AAL?$AAI?$AAo?$AAC?$AAt?$AAl?$AAP?$AAr?$AAo?$AAc?$AAe?$AAs?$AAs?$AAo?$AAr?$AAI?$AAn?$AAf?$AAo?$AA?3?$AA?5?$AAV?$AAe?$AAn@ 00015ed0     oal_ioctl:procinfo.obj
 0001:00004f38       ??_C@_1GE@JPAPEENG@?$AAE?$AAR?$AAR?$AAO?$AAR?$AA?3?$AAO?$AAA?$AAL?$AAI?$AAo?$AAC?$AAt?$AAl?$AAP?$AAr?$AAo?$AAc?$AAe?$AAs?$AAs?$AAo?$AAr?$AAI?$AAn?$AAf?$AAo?$AA?3?$AA?5?$AAN?$AAa?$AAm@ 00015f38     oal_ioctl:procinfo.obj
 0001:00004fa0       ??_C@_1GE@OFFJPJMM@?$AAE?$AAR?$AAR?$AAO?$AAR?$AA?3?$AAO?$AAA?$AAL?$AAI?$AAo?$AAC?$AAt?$AAl?$AAP?$AAr?$AAo?$AAc?$AAe?$AAs?$AAs?$AAo?$AAr?$AAI?$AAn?$AAf?$AAo?$AA?3?$AA?5?$AAC?$AAo?$AAr@ 00015fa0     oal_ioctl:procinfo.obj
 0001:00005008       ??_C@_1GK@MJNAOGCM@?$AAW?$AAA?$AAR?$AAN?$AA?3?$AA?5?$AAO?$AAA?$AAL?$AAI?$AAo?$AAC?$AAt?$AAl?$AAP?$AAr?$AAo?$AAc?$AAe?$AAs?$AAs?$AAo?$AAr?$AAI?$AAn?$AAf?$AAo?$AA?3?$AA?5?$AAI?$AAn?$AAv@ 00016008     oal_ioctl:procinfo.obj
 0001:00005074       ??_C@_1DM@NEACNOML@?$AA?$CL?$AAO?$AAA?$AAL?$AAI?$AAo?$AAC?$AAt?$AAl?$AAP?$AAr?$AAo?$AAc?$AAe?$AAs?$AAs?$AAo?$AAr?$AAI?$AAn?$AAf?$AAo?$AA?$CI?$AA?4?$AA?4?$AA?4?$AA?$CJ?$AA?$AN?$AA?6?$AA?$AA@ 00016074     oal_ioctl:procinfo.obj
 0001:00005150       ??_C@_1FK@JJDHOCFD@?$AAW?$AAA?$AAR?$AAN?$AA?3?$AA?5?$AAO?$AAA?$AAL?$AAI?$AAo?$AAC?$AAt?$AAl?$AAH?$AAa?$AAl?$AAG?$AAe?$AAt?$AAU?$AAU?$AAI?$AAD?$AA?3?$AA?5?$AAB?$AAu?$AAf?$AAf?$AAe?$AAr@ 00016150     oal_ioctl:uuid.obj
 0001:000051b0       ??_C@_1NA@DANHDCDJ@?$AAW?$AAa?$AAr?$AAn?$AAi?$AAn?$AAg?$AA?3?$AA?5?$AAI?$AAO?$AAC?$AAT?$AAL?$AA_?$AAH?$AAA?$AAL?$AA_?$AAG?$AAE?$AAT?$AA_?$AAU?$AAU?$AAI?$AAD?$AA?5?$AAi?$AAs?$AA?5?$AAu@ 000161b0     oal_ioctl:uuid.obj
 0001:00005280       ??_C@_1HC@GCDGDEMK@?$AAE?$AAR?$AAR?$AAO?$AAR?$AA?3?$AA?5?$AAO?$AAA?$AAL?$AAI?$AAo?$AAC?$AAt?$AAl?$AAH?$AAa?$AAl?$AAG?$AAe?$AAt?$AAU?$AAU?$AAI?$AAD?$AA?3?$AA?5?$AAD?$AAe?$AAv?$AAi?$AAc@ 00016280     oal_ioctl:uuid.obj
 0001:000052f8       ??_C@_1GE@PBBGNNAO@?$AAW?$AAA?$AAR?$AAN?$AA?3?$AA?5?$AAO?$AAA?$AAL?$AAI?$AAo?$AAC?$AAt?$AAl?$AAH?$AAa?$AAl?$AAG?$AAe?$AAt?$AAU?$AAU?$AAI?$AAD?$AA?3?$AA?5?$AAI?$AAn?$AAv?$AAa?$AAl?$AAi@ 000162f8     oal_ioctl:uuid.obj
 0001:00005360       ??_C@_1OE@KFAEFCPB@?$AAW?$AAa?$AAr?$AAn?$AAi?$AAn?$AAg?$AA?3?$AA?5?$AAy?$AAo?$AAu?$AA?5?$AAa?$AAr?$AAe?$AA?5?$AAc?$AAa?$AAl?$AAl?$AAi?$AAn?$AAg?$AA?5?$AAI?$AAO?$AAC?$AAT?$AAL?$AA_?$AAH@ 00016360     oal_ioctl:uuid.obj
 0001:000054d8       ??_C@_1EG@HKOJPLNE@?$AA?9?$AAO?$AAA?$AAL?$AAI?$AAo?$AAC?$AAt?$AAl?$AAH?$AAa?$AAl?$AAG?$AAe?$AAt?$AAD?$AAe?$AAv?$AAi?$AAc?$AAe?$AAI?$AAD?$AA?$CI?$AAr?$AAc?$AA?5?$AA?$DN?$AA?5?$AA?$CF?$AAd?$AA?$CJ@ 000164d8     oal_ioctl:deviceid.obj
 0001:00005520       ??_C@_1GE@GPJLHAFO@?$AAW?$AAA?$AAR?$AAN?$AA?3?$AA?5?$AAO?$AAA?$AAL?$AAI?$AAo?$AAC?$AAt?$AAl?$AAH?$AAa?$AAl?$AAG?$AAe?$AAt?$AAD?$AAe?$AAv?$AAi?$AAc?$AAe?$AAI?$AAD?$AA?3?$AA?5?$AAI?$AAn@ 00016520     oal_ioctl:deviceid.obj
 0001:00005588       ??_C@_1LK@FOLPDAJB@?$AAW?$AAA?$AAR?$AAN?$AA?3?$AA?5?$AAO?$AAA?$AAL?$AAI?$AAo?$AAC?$AAt?$AAl?$AAH?$AAa?$AAl?$AAG?$AAe?$AAt?$AAD?$AAe?$AAv?$AAi?$AAc?$AAe?$AAI?$AAD?$AA?3?$AA?5?$AAC?$AAa@ 00016588     oal_ioctl:deviceid.obj
 0001:00005648       ??_C@_1LO@DFJMJCEI@?$AAW?$AAA?$AAR?$AAN?$AA?3?$AA?5?$AAO?$AAA?$AAL?$AAI?$AAo?$AAC?$AAt?$AAl?$AAH?$AAa?$AAl?$AAG?$AAe?$AAt?$AAD?$AAe?$AAv?$AAi?$AAc?$AAe?$AAI?$AAD?$AA?3?$AA?5?$AAC?$AAa@ 00016648     oal_ioctl:deviceid.obj
 0001:00005708       ??_C@_1PC@IHJIIKFF@?$AAW?$AAa?$AAr?$AAn?$AAi?$AAn?$AAg?$AA?3?$AA?5?$AAy?$AAo?$AAu?$AA?5?$AAa?$AAr?$AAe?$AA?5?$AAr?$AAe?$AAq?$AAu?$AAe?$AAs?$AAt?$AAi?$AAn?$AAg?$AA?5?$AAI?$AAO?$AAC?$AAT@ 00016708     oal_ioctl:deviceid.obj
 0001:000057fc       ??_C@_1DO@MLDPBFAO@?$AA?$CL?$AAO?$AAA?$AAL?$AAI?$AAo?$AAc?$AAt?$AAl?$AAH?$AAa?$AAl?$AAG?$AAe?$AAt?$AAD?$AAe?$AAv?$AAi?$AAc?$AAe?$AAI?$AAD?$AA?$CI?$AA?4?$AA?4?$AA?4?$AA?$CJ?$AA?$AN?$AA?6?$AA?$AA@ 000167fc     oal_ioctl:deviceid.obj
 0001:00005854       ??_C@_1CI@DNLIPKLH@?$AAS?$AAP?$AAI?$AA_?$AAG?$AAE?$AAT?$AAP?$AAL?$AAA?$AAT?$AAF?$AAO?$AAR?$AAM?$AAT?$AAY?$AAP?$AAE?$AA?$AA@ 00016854     oal_ioctl:deviceinfo.obj
 0001:00005880       ??_C@_1BEM@IMHNFGHE@?$AAW?$AAa?$AAr?$AAn?$AAi?$AAn?$AAg?$AA?3?$AA?5?$AAy?$AAo?$AAu?$AA?5?$AAa?$AAr?$AAe?$AA?5?$AAr?$AAe?$AAq?$AAu?$AAe?$AAs?$AAt?$AAi?$AAn?$AAg?$AA?5?$AAI?$AAO?$AAC?$AAT@ 00016880     oal_ioctl:deviceinfo.obj
 0001:000059d0       ??_C@_1GO@GEFDPJAG@?$AAW?$AAA?$AAR?$AAN?$AA?3?$AA?5?$AAO?$AAA?$AAL?$AAI?$AAo?$AAC?$AAt?$AAl?$AAH?$AAa?$AAl?$AAG?$AAe?$AAt?$AAD?$AAe?$AAv?$AAi?$AAc?$AAe?$AAi?$AAn?$AAf?$AAo?$AA?3?$AA?3@ 000169d0     oal_ioctl:deviceinfo.obj
 0001:00005a40       ??_C@_1NG@HBFOMIME@?$AAE?$AAR?$AAR?$AAO?$AAR?$AA?3?$AA?5?$AAO?$AAA?$AAL?$AAI?$AAo?$AAC?$AAt?$AAl?$AAH?$AAa?$AAl?$AAG?$AAe?$AAt?$AAD?$AAe?$AAv?$AAi?$AAc?$AAe?$AAi?$AAn?$AAf?$AAo?$AA?3@ 00016a40     oal_ioctl:deviceinfo.obj
 0001:00005b18       ??_C@_1LA@BNOICHNN@?$AAE?$AAR?$AAR?$AAO?$AAR?$AA?3?$AA?5?$AAO?$AAA?$AAL?$AAI?$AAo?$AAC?$AAt?$AAl?$AAH?$AAa?$AAl?$AAG?$AAe?$AAt?$AAD?$AAe?$AAv?$AAi?$AAc?$AAe?$AAI?$AAn?$AAf?$AAo?$AA?3@ 00016b18     oal_ioctl:deviceinfo.obj
 0001:00005bc8       ??_C@_1BO@MIPEKPNN@?$AAS?$AAP?$AAI?$AA_?$AAG?$AAE?$AAT?$AAO?$AAE?$AAM?$AAI?$AAN?$AAF?$AAO?$AA?$AA@ 00016bc8     oal_ioctl:deviceinfo.obj
 0001:00005be8       ??_C@_1CO@EPEFNCOE@?$AAS?$AAP?$AAI?$AA_?$AAG?$AAE?$AAT?$AAP?$AAL?$AAA?$AAT?$AAF?$AAO?$AAR?$AAM?$AAV?$AAE?$AAR?$AAS?$AAI?$AAO?$AAN?$AA?$AA@ 00016be8     oal_ioctl:deviceinfo.obj
 0001:00005c18       ??_C@_1CG@NCDPNLLL@?$AAS?$AAP?$AAI?$AA_?$AAG?$AAE?$AAT?$AAP?$AAR?$AAO?$AAJ?$AAE?$AAC?$AAT?$AAN?$AAA?$AAM?$AAE?$AA?$AA@ 00016c18     oal_ioctl:deviceinfo.obj
 0001:00005c40       ??_C@_1CI@BNCCNAEN@?$AAS?$AAP?$AAI?$AA_?$AAG?$AAE?$AAT?$AAP?$AAL?$AAA?$AAT?$AAF?$AAO?$AAR?$AAM?$AAN?$AAA?$AAM?$AAE?$AA?$AA@ 00016c40     oal_ioctl:deviceinfo.obj
 0001:00005c68       ??_C@_1CE@JLAPMINP@?$AAS?$AAP?$AAI?$AA_?$AAG?$AAE?$AAT?$AAB?$AAO?$AAO?$AAT?$AAM?$AAE?$AAN?$AAA?$AAM?$AAE?$AA?$AA@ 00016c68     oal_ioctl:deviceinfo.obj
 0001:00005c8c       ??_C@_1BI@MGABGHAL@?$AAS?$AAP?$AAI?$AA_?$AAG?$AAE?$AAT?$AAU?$AAU?$AAI?$AAD?$AA?$AA@ 00016c8c     oal_ioctl:deviceinfo.obj
 0001:00005cb4       ??_C@_1CG@IIMMCNFM@?$AAS?$AAP?$AAI?$AA_?$AAG?$AAE?$AAT?$AAG?$AAU?$AAI?$AAD?$AAP?$AAA?$AAT?$AAT?$AAE?$AAR?$AAN?$AA?$AA@ 00016cb4     oal_ioctl:deviceinfo.obj
 0001:00005ce0       ??_C@_1FO@DMDJMEMA@?$AA?9?$AAO?$AAA?$AAL?$AAI?$AAo?$AAC?$AAt?$AAl?$AAH?$AAa?$AAl?$AAG?$AAe?$AAt?$AAD?$AAe?$AAv?$AAi?$AAc?$AAe?$AAI?$AAn?$AAf?$AAo?$AA?$CI?$AAS?$AAP?$AAI?$AA?5?$AA?$DN?$AA?5@ 00016ce0     oal_ioctl:deviceinfo.obj
 0001:00005d40       ??_C@_1GK@FDHCLEBC@?$AAE?$AAR?$AAR?$AAO?$AAR?$AA?3?$AA?5?$AAO?$AAA?$AAL?$AAI?$AAo?$AAC?$AAt?$AAl?$AAH?$AAa?$AAl?$AAG?$AAe?$AAt?$AAD?$AAe?$AAv?$AAi?$AAc?$AAe?$AAI?$AAn?$AAf?$AAo?$AA?3@ 00016d40     oal_ioctl:deviceinfo.obj
 0001:00005db0       ??_C@_1GG@BAANNGGI@?$AAE?$AAR?$AAR?$AAO?$AAR?$AA?3?$AA?5?$AAO?$AAA?$AAL?$AAI?$AAo?$AAC?$AAt?$AAl?$AAH?$AAa?$AAl?$AAG?$AAe?$AAt?$AAD?$AAe?$AAv?$AAi?$AAc?$AAe?$AAI?$AAn?$AAf?$AAo?$AA?3@ 00016db0     oal_ioctl:deviceinfo.obj
 0001:00005e18       ??_C@_1EC@NLAFOPGI@?$AA?$CL?$AAO?$AAA?$AAL?$AAI?$AAo?$AAC?$AAt?$AAl?$AAH?$AAa?$AAl?$AAG?$AAe?$AAt?$AAD?$AAe?$AAv?$AAi?$AAc?$AAe?$AAI?$AAn?$AAf?$AAo?$AA?$CI?$AA?4?$AA?4?$AA?4?$AA?$CJ?$AA?$AN?$AA?6@ 00016e18     oal_ioctl:deviceinfo.obj
 0001:00005e5c       ??_C@_11LOCGONAA@?$AA?$AA@ 00016e5c     oal_ioctl:deviceinfo.obj
 0001:00005ef0       ??_C@_1DC@EGGJEANK@?$AA?9?$AAO?$AAE?$AAM?$AAI?$AAo?$AAC?$AAo?$AAn?$AAt?$AAr?$AAo?$AAl?$AA?$CI?$AAr?$AAc?$AA?5?$AA?$DN?$AA?5?$AA?$CF?$AAd?$AA?$CJ?$AA?$AN?$AA?6?$AA?$AA@ 00016ef0     oal_ioctl:ioctl.obj
 0001:00005f28       ??_C@_1HM@LHHDIECD@?$AAO?$AAE?$AAM?$AAI?$AAo?$AAC?$AAo?$AAn?$AAt?$AAr?$AAo?$AAl?$AA?3?$AA?5?$AAU?$AAn?$AAs?$AAu?$AAp?$AAp?$AAo?$AAr?$AAt?$AAe?$AAd?$AA?5?$AAC?$AAo?$AAd?$AAe?$AA?5?$AA0@ 00016f28     oal_ioctl:ioctl.obj
 0001:00005fa8       ??_C@_1GA@KJDOLNLD@?$AA?$CL?$AAO?$AAE?$AAM?$AAI?$AAo?$AAC?$AAo?$AAn?$AAt?$AAr?$AAo?$AAl?$AA?$CI?$AA0?$AAx?$AA?$CF?$AAx?$AA?0?$AA?5?$AA0?$AAx?$AA?$CF?$AAx?$AA?0?$AA?5?$AA?$CF?$AAd?$AA?0?$AA?5?$AA0?$AAx@ 00016fa8     oal_ioctl:ioctl.obj
 0001:00006008       ??_C@_1DE@DAHNLBLJ@?$AA?9?$AAO?$AAA?$AAL?$AAP?$AAA?$AAt?$AAo?$AAV?$AAA?$AA?$CI?$AAv?$AAa?$AA?5?$AA?$DN?$AA?5?$AA0?$AAx?$AA?$CF?$AA0?$AA8?$AAx?$AA?$CJ?$AA?$AN?$AA?6?$AA?$AA@ 00017008     oal_memory_arm:memory.obj
 0001:0000603c       ??_C@_1CO@JEIJEAKF@?$AA?$CL?$AAO?$AAA?$AAL?$AAP?$AAA?$AAt?$AAo?$AAV?$AAA?$AA?$CI?$AA0?$AAx?$AA?$CF?$AAx?$AA?0?$AA?5?$AA?$CF?$AAd?$AA?$CJ?$AA?$AN?$AA?6?$AA?$AA@ 0001703c     oal_memory_arm:memory.obj
 0001:0000606c       ??_C@_1DA@BBOHBBNH@?$AA?9?$AAO?$AAA?$AAL?$AAV?$AAA?$AAt?$AAo?$AAP?$AAA?$AA?$CI?$AAp?$AAa?$AA?5?$AA?$DN?$AA?5?$AA0?$AAx?$AA?$CF?$AAx?$AA?$CJ?$AA?$AN?$AA?6?$AA?$AA@ 0001706c     oal_memory_arm:memory.obj
 0001:0000609c       ??_C@_1CK@LKNIEAFP@?$AA?$CL?$AAO?$AAA?$AAL?$AAV?$AAA?$AAt?$AAo?$AAP?$AAA?$AA?$CI?$AA0?$AAx?$AA?$CF?$AA0?$AA8?$AAx?$AA?$CJ?$AA?$AN?$AA?6?$AA?$AA@ 0001709c     oal_memory_arm:memory.obj
 0001:000060c8       pTOC                       000170c8     nkldr:ldrcmn.obj
 0001:000060cc       RomExt                     000170cc     nkldr:ldrcmn.obj
 0001:000060f8       ??_C@_0L@CPPPICDM@kernel?4dll?$AA@ 000170f8     nkldr:ldrcmn.obj
 0001:00006198       ??_C@_1EA@CJMKJJJH@?$AAO?$AAA?$AAL?$AAL?$AAo?$AAc?$AAa?$AAl?$AAA?$AAl?$AAl?$AAo?$AAc?$AA?5?$AAr?$AAe?$AAt?$AAu?$AAr?$AAn?$AAe?$AAd?$AA?5?$AAN?$AAU?$AAL?$AAL?$AA?5?$AA?$CB?$AA?$AN?$AA?6?$AA?$AA@ 00017198     common_ti_oal_alloc:alloc.obj
 0001:00006268       ??_C@_1EA@BFGMCCBB@?$AA?$AN?$AA?6?$AA?5?$AAO?$AAA?$AAL?$AAT?$AAi?$AAm?$AAe?$AAr?$AAG?$AAe?$AAt?$AAR?$AAe?$AAg?$AA?3?$AA?5?$AAw?$AAa?$AAi?$AAt?$AA?5?$AAt?$AAi?$AAm?$AAe?$AAo?$AAu?$AAt?$AA?$AA@ 00017268     common_ti_gpt_systimer:timer.obj
 0001:000062a8       ??_C@_1EA@OPCPFCAE@?$AA?$AN?$AA?6?$AA?5?$AAO?$AAA?$AAL?$AAT?$AAi?$AAm?$AAe?$AAr?$AAS?$AAe?$AAt?$AAR?$AAe?$AAg?$AA?3?$AA?5?$AAw?$AAa?$AAi?$AAt?$AA?5?$AAt?$AAi?$AAm?$AAe?$AAo?$AAu?$AAt?$AA?$AA@ 000172a8     common_ti_gpt_systimer:timer.obj
 0001:000062e8       ??_C@_1DC@BNLGCJKD@?$AA?9?$AAO?$AAA?$AAL?$AAT?$AAi?$AAm?$AAe?$AAr?$AAI?$AAn?$AAi?$AAt?$AA?$CI?$AAr?$AAc?$AA?5?$AA?$DN?$AA?5?$AA?$CF?$AAd?$AA?$CJ?$AA?$AN?$AA?6?$AA?$AA@ 000172e8     common_ti_gpt_systimer:timer.obj
 0001:00006320       ??_C@_1HM@CJGLDOPJ@?$AAE?$AAR?$AAR?$AAO?$AAR?$AA?3?$AA?5?$AAO?$AAA?$AAL?$AAT?$AAi?$AAm?$AAe?$AAr?$AAI?$AAn?$AAi?$AAt?$AA?3?$AA?5?$AAI?$AAn?$AAt?$AAe?$AAr?$AAr?$AAu?$AAp?$AAt?$AA?5?$AAe@ 00017320     common_ti_gpt_systimer:timer.obj
 0001:0000639c       ??_C@_1CC@DKAIBEIO@?$AA?5?$AAT?$AAi?$AAm?$AAe?$AAr?$AAU?$AAA?$AA?3?$AA?5?$AA0?$AAx?$AA?$CF?$AAx?$AA?$AN?$AA?6?$AA?$AA@ 0001739c     common_ti_gpt_systimer:timer.obj
 0001:000063c0       ??_C@_1CC@HBIBODEO@?$AA?5?$AAT?$AAi?$AAm?$AAe?$AAr?$AAP?$AAA?$AA?3?$AA?5?$AA0?$AAx?$AA?$CF?$AAx?$AA?$AN?$AA?6?$AA?$AA@ 000173c0     common_ti_gpt_systimer:timer.obj
 0001:000063e4       ??_C@_1DI@BBHLNDEO@?$AA?$CL?$AAO?$AAA?$AAL?$AAT?$AAi?$AAm?$AAe?$AAr?$AAI?$AAn?$AAi?$AAt?$AA?$CI?$AA?$CF?$AAd?$AA?0?$AA?5?$AA?$CF?$AAd?$AA?0?$AA?5?$AA?$CF?$AAd?$AA?$CJ?$AA?$AN?$AA?6?$AA?$AA@ 000173e4     common_ti_gpt_systimer:timer.obj
 0001:000064b0       ??_C@_1EC@LAOAOKI@?$AAO?$AAA?$AAL?$AAP?$AAe?$AAr?$AAf?$AAo?$AAr?$AAm?$AAa?$AAn?$AAc?$AAe?$AAT?$AAi?$AAm?$AAe?$AAr?$AAI?$AAn?$AAi?$AAt?$AA?$CI?$AA?$CJ?$AA?5?$AAe?$AAn?$AAd?$AA?$CB?$AA?$AN?$AA?6@ 000174b0     common_ti_gpt_profiler:profiler.obj
 0001:000064f4       ??_C@_1DC@FFGFMCFN@?$AA?$CK?$AA?$CK?$AA?$CK?$AA?$CK?$AAP?$AAr?$AAo?$AAf?$AAi?$AAl?$AAe?$AAr?$AA?5?$AAB?$AAu?$AAi?$AAl?$AAd?$AA?$CK?$AA?$CK?$AA?$CK?$AA?$CK?$AA?$AN?$AA?6?$AA?$AA@ 000174f4     common_ti_gpt_profiler:profiler.obj
 0001:00006528       ??_C@_1FI@JOODGIBI@?$AA?9?$AA?9?$AA?9?$AAH?$AAi?$AAg?$AAh?$AA?5?$AAP?$AAe?$AAr?$AAf?$AAo?$AAr?$AAm?$AAa?$AAn?$AAc?$AAe?$AA?5?$AAF?$AAr?$AAe?$AAq?$AAu?$AAe?$AAn?$AAc?$AAy?$AA?5?$AAi?$AAs@ 00017528     common_ti_gpt_profiler:profiler.obj
 0001:00006580       ??_C@_1FO@HBGAIADK@?$AA?9?$AA?9?$AA?9?$AAH?$AAi?$AAg?$AAh?$AA?5?$AAP?$AAe?$AAr?$AAf?$AAo?$AAr?$AAm?$AAa?$AAn?$AAc?$AAe?$AA?5?$AAF?$AAr?$AAe?$AAq?$AAu?$AAe?$AAn?$AAc?$AAy?$AA?5?$AAi?$AAs@ 00017580     common_ti_gpt_profiler:profiler.obj
 0001:00006790       ??_C@_1DO@NDIEKHNP@?$AA?9?$AAO?$AAA?$AAL?$AAI?$AAn?$AAt?$AAr?$AAR?$AAe?$AAq?$AAu?$AAe?$AAs?$AAt?$AAI?$AAr?$AAq?$AAs?$AA?$CI?$AAr?$AAc?$AA?5?$AA?$DN?$AA?5?$AA?$CF?$AAd?$AA?$CJ?$AA?$AN?$AA?6?$AA?$AA@ 00017790     common_ti_intr:intr.obj
 0001:000067d0       ??_C@_1HO@EBPJKEJJ@?$AA?$CL?$AAO?$AAA?$AAL?$AAI?$AAn?$AAt?$AAr?$AAR?$AAe?$AAq?$AAu?$AAe?$AAs?$AAt?$AAI?$AAr?$AAq?$AAs?$AA?$CI?$AA0?$AAx?$AA?$CF?$AA0?$AA8?$AAx?$AA?9?$AA?$DO?$AA?$CF?$AAd?$AA?1?$AA?$CF@ 000177d0     common_ti_intr:intr.obj
 0001:00006850       ??_C@_1DM@INNHDHDJ@?$AA?9?$AAO?$AAA?$AAL?$AAI?$AAn?$AAt?$AAr?$AAE?$AAn?$AAa?$AAb?$AAl?$AAe?$AAI?$AAr?$AAq?$AAs?$AA?$CI?$AAr?$AAc?$AA?5?$AA?$DN?$AA?5?$AA?$CF?$AAd?$AA?$CJ?$AA?$AN?$AA?6?$AA?$AA@ 00017850     common_ti_intr:intr.obj
 0001:0000688c       ??_C@_1DO@NFPLDJIE@?$AA?5?$AAO?$AAA?$AAL?$AAI?$AAn?$AAt?$AAr?$AAE?$AAn?$AAa?$AAb?$AAl?$AAe?$AAI?$AAr?$AAq?$AAs?$AA?3?$AA?5?$AAi?$AAr?$AAq?$AA?5?$AA?$DN?$AA?5?$AA?$CF?$AAd?$AA?$AN?$AA?6?$AA?$AA@ 0001788c     common_ti_intr:intr.obj
 0001:000068d0       ??_C@_1EC@MDFPIGAB@?$AA?$CL?$AAO?$AAA?$AAL?$AAI?$AAn?$AAt?$AAr?$AAE?$AAn?$AAa?$AAb?$AAl?$AAe?$AAI?$AAr?$AAq?$AAs?$AA?$CI?$AA?$CF?$AAd?$AA?0?$AA?5?$AA0?$AAx?$AA?$CF?$AA0?$AA8?$AAx?$AA?$CJ?$AA?$AN?$AA?6@ 000178d0     common_ti_intr:intr.obj
 0001:00006914       ??_C@_1CM@GPENGBBP@?$AA?9?$AAO?$AAA?$AAL?$AAI?$AAn?$AAt?$AAr?$AAD?$AAi?$AAs?$AAa?$AAb?$AAl?$AAe?$AAI?$AAr?$AAq?$AAs?$AA?$AN?$AA?6?$AA?$AA@ 00017914     common_ti_intr:intr.obj
 0001:00006940       ??_C@_1EE@NIPMEMC@?$AA?$CL?$AAO?$AAA?$AAL?$AAI?$AAn?$AAt?$AAr?$AAD?$AAi?$AAs?$AAa?$AAb?$AAl?$AAe?$AAI?$AAr?$AAq?$AAs?$AA?$CI?$AA?$CF?$AAd?$AA?0?$AA?5?$AA0?$AAx?$AA?$CF?$AA0?$AA8?$AAx?$AA?$CJ?$AA?$AN@ 00017940     common_ti_intr:intr.obj
 0001:00006984       ??_C@_1DK@JEFKKIKI@?$AA?9?$AAO?$AAA?$AAL?$AAI?$AAn?$AAt?$AAe?$AAr?$AAr?$AAu?$AAp?$AAt?$AAI?$AAn?$AAi?$AAt?$AA?$CI?$AAr?$AAc?$AA?5?$AA?$DN?$AA?5?$AA?$CF?$AAd?$AA?$CJ?$AA?$AN?$AA?6?$AA?$AA@ 00017984     common_ti_intr:intr.obj
 0001:000069c0       ??_C@_1BO@LPHAJPMJ@?$AAp?$AAR?$AAe?$AAg?$AAs?$AA?5?$AA?$DN?$AA?5?$AA0?$AAx?$AA?$CF?$AAx?$AA?$AN?$AA?6?$AA?$AA@ 000179c0     common_ti_intr:intr.obj
 0001:000069e0       ??_C@_1BM@OBLALAFK@?$AAd?$AAe?$AAv?$AAi?$AAc?$AAe?$AA?5?$AA?$DN?$AA?5?$AA?$CF?$AAd?$AA?$AN?$AA?6?$AA?$AA@ 000179e0     common_ti_intr:intr.obj
 0001:000069fc       ??_C@_1BO@BDPBDKNF@?$AAi?$AAr?$AAq?$AA_?$AAe?$AAn?$AAd?$AA?5?$AA?$DN?$AA?5?$AA?$CF?$AAd?$AA?$AN?$AA?6?$AA?$AA@ 000179fc     common_ti_intr:intr.obj
 0001:00006a1c       ??_C@_1CA@KDMGMKHJ@?$AAb?$AAa?$AAn?$AAk?$AA_?$AAi?$AAr?$AAq?$AA?5?$AA?$DN?$AA?5?$AA?$CF?$AAd?$AA?$AN?$AA?6?$AA?$AA@ 00017a1c     common_ti_intr:intr.obj
 0001:00006a3c       ??_C@_1CC@GKAPPPLK@?$AAi?$AAr?$AAq?$AA_?$AAs?$AAt?$AAa?$AAr?$AAt?$AA?5?$AA?$DN?$AA?5?$AA?$CF?$AAd?$AA?$AN?$AA?6?$AA?$AA@ 00017a3c     common_ti_intr:intr.obj
 0001:00006a60       ??_C@_1CA@IIOFCDAO@?$AAG?$AAp?$AAi?$AAo?$AAB?$AAa?$AAn?$AAk?$AA?5?$AA?$DN?$AA?5?$AA?$CF?$AAd?$AA?$AN?$AA?6?$AA?$AA@ 00017a60     common_ti_intr:intr.obj
 0001:00006a80       ??_C@_1KE@IBNEHINB@?$AAC?$AA?3?$AA?2?$AAW?$AAI?$AAN?$AAC?$AAE?$AA6?$AA0?$AA0?$AA?2?$AAP?$AAL?$AAA?$AAT?$AAF?$AAO?$AAR?$AAM?$AA?2?$AAC?$AAO?$AAM?$AAM?$AAO?$AAN?$AA?2?$AAS?$AAR?$AAC?$AA?2@ 00017a80     common_ti_intr:intr.obj
 0001:00006b24       ??_C@_1CI@OHCJFJPM@?$AAE?$AAR?$AAR?$AAO?$AAR?$AA?3?$AA?5?$AA?$CF?$AAs?$AA?5?$AAl?$AAi?$AAn?$AAe?$AA?5?$AA?$CF?$AAd?$AA?3?$AA?5?$AA?$AA@ 00017b24     common_ti_intr:intr.obj
 0001:00006b50       ??_C@_1GE@GDDCDNKG@?$AAu?$AAn?$AAa?$AAb?$AAl?$AAe?$AA?5?$AAt?$AAo?$AA?5?$AAa?$AAl?$AAl?$AAo?$AAc?$AAa?$AAt?$AAe?$AA?5?$AAi?$AAn?$AAt?$AAe?$AAr?$AAr?$AAu?$AAp?$AAt?$AA?5?$AAf?$AAo?$AAr@ 00017b50     common_ti_intr:intr.obj
 0001:00006bb4       ??_C@_1CI@LJHDCJDG@?$AA?$CL?$AAO?$AAA?$AAL?$AAI?$AAn?$AAt?$AAe?$AAr?$AAr?$AAu?$AAp?$AAt?$AAI?$AAn?$AAi?$AAt?$AA?$AN?$AA?6?$AA?$AA@ 00017bb4     common_ti_intr:intr.obj
 0001:00006c70       ??_C@_1CO@DBMFJBPK@?$AA?9?$AAO?$AAE?$AAM?$AAI?$AAn?$AAt?$AAe?$AAr?$AAr?$AAu?$AAp?$AAt?$AAM?$AAa?$AAp?$AAI?$AAn?$AAi?$AAt?$AA?$AN?$AA?6?$AA?$AA@ 00017c70     common_ti_intr:map.obj
 0001:00006ca0       ??_C@_1CO@OKABMONB@?$AA?$CL?$AAO?$AAE?$AAM?$AAI?$AAn?$AAt?$AAe?$AAr?$AAr?$AAu?$AAp?$AAt?$AAM?$AAa?$AAp?$AAI?$AAn?$AAi?$AAt?$AA?$AN?$AA?6?$AA?$AA@ 00017ca0     common_ti_intr:map.obj
 0001:00006cd0       ??_C@_1EA@JDMBMDEN@?$AA?9?$AAO?$AAA?$AAL?$AAT?$AAr?$AAa?$AAn?$AAs?$AAl?$AAa?$AAt?$AAe?$AAS?$AAy?$AAs?$AAI?$AAn?$AAt?$AAr?$AA?$CI?$AAr?$AAc?$AA?5?$AA?$DN?$AA?5?$AA?$CF?$AAd?$AA?$CJ?$AA?$AN?$AA?6?$AA?$AA@ 00017cd0     common_ti_intr:map.obj
 0001:00006d10       ??_C@_1DG@HAMHNOBJ@?$AA?$CL?$AAO?$AAA?$AAL?$AAT?$AAr?$AAa?$AAn?$AAs?$AAl?$AAa?$AAt?$AAe?$AAS?$AAy?$AAs?$AAI?$AAn?$AAt?$AAr?$AA?$CI?$AA?$CF?$AAd?$AA?$CJ?$AA?$AN?$AA?6?$AA?$AA@ 00017d10     common_ti_intr:map.obj
 0001:00006d48       ??_C@_1EK@JOJPHPGP@?$AA?9?$AAO?$AAA?$AAL?$AAI?$AAn?$AAt?$AAr?$AAT?$AAr?$AAa?$AAn?$AAs?$AAl?$AAa?$AAt?$AAe?$AAI?$AAr?$AAq?$AA?$CI?$AAs?$AAy?$AAs?$AAI?$AAn?$AAt?$AAr?$AA?5?$AA?$DN?$AA?5?$AA?$CF@ 00017d48     common_ti_intr:map.obj
 0001:00006d94       ??_C@_1DG@IAFKCJEB@?$AA?$CL?$AAO?$AAA?$AAL?$AAI?$AAn?$AAt?$AAr?$AAT?$AAr?$AAa?$AAn?$AAs?$AAl?$AAa?$AAt?$AAe?$AAI?$AAr?$AAq?$AA?$CI?$AA?$CF?$AAd?$AA?$CJ?$AA?$AN?$AA?6?$AA?$AA@ 00017d94     common_ti_intr:map.obj
 0001:00006dd0       ??_C@_1EO@CCPDBEFN@?$AA?9?$AAO?$AAA?$AAL?$AAI?$AAn?$AAt?$AAr?$AAR?$AAe?$AAq?$AAu?$AAe?$AAs?$AAt?$AAS?$AAy?$AAs?$AAI?$AAn?$AAt?$AAr?$AA?$CI?$AAs?$AAy?$AAs?$AAI?$AAn?$AAt?$AAr?$AA?5?$AA?$DN@ 00017dd0     common_ti_intr:map.obj
 0001:00006e20       ??_C@_1HG@GANLJKGD@?$AAE?$AAR?$AAR?$AAO?$AAR?$AA?3?$AA?5?$AAO?$AAA?$AAL?$AAI?$AAn?$AAt?$AAr?$AAR?$AAe?$AAq?$AAu?$AAe?$AAs?$AAt?$AAS?$AAy?$AAs?$AAI?$AAn?$AAt?$AAr?$AA?3?$AA?5?$AAN?$AAo@ 00017e20     common_ti_intr:map.obj
 0001:00006e98       ??_C@_1JG@CKDDKDGB@?$AAE?$AAR?$AAR?$AAO?$AAR?$AA?3?$AA?5?$AAO?$AAA?$AAL?$AAI?$AAn?$AAt?$AAr?$AAR?$AAe?$AAq?$AAu?$AAe?$AAs?$AAt?$AAS?$AAy?$AAs?$AAI?$AAn?$AAt?$AAr?$AA?3?$AA?5?$AAS?$AAt@ 00017e98     common_ti_intr:map.obj
 0001:00006f30       ??_C@_1GI@NODFOAGP@?$AAE?$AAR?$AAR?$AAO?$AAR?$AA?3?$AA?5?$AAO?$AAA?$AAL?$AAI?$AAn?$AAt?$AAr?$AAR?$AAe?$AAq?$AAu?$AAe?$AAs?$AAt?$AAS?$AAy?$AAs?$AAI?$AAn?$AAt?$AAr?$AA?3?$AA?5?$AAI?$AAR@ 00017f30     common_ti_intr:map.obj
[...]
 0003:00001f58       _fclk_GPIO3                00044f58     OMAP3530_oal_prcm:prcm_device.obj
 0003:00001f68       _fclk_GPIO4                00044f68     OMAP3530_oal_prcm:prcm_device.obj
 0003:00001f78       _fclk_GPIO5                00044f78     OMAP3530_oal_prcm:prcm_device.obj
 0003:00001f88       _fclk_GPIO6                00044f88     OMAP3530_oal_prcm:prcm_device.obj
 0003:00001f98       _fclk_MCBSP2               00044f98     OMAP3530_oal_prcm:prcm_device.obj
 0003:00001fa8       _fclk_MCBSP3               00044fa8     OMAP3530_oal_prcm:prcm_device.obj
 0003:00001fb8       _fclk_MCBSP4               00044fb8     OMAP3530_oal_prcm:prcm_device.obj
 0003:00001fc8       _fclk_GPT2                 00044fc8     OMAP3530_oal_prcm:prcm_device.obj
 0003:00001fd8       _fclk_GPT3                 00044fd8     OMAP3530_oal_prcm:prcm_device.obj
 0003:00001fe8       _fclk_GPT4                 00044fe8     OMAP3530_oal_prcm:prcm_device.obj
 0003:00001ff8       _fclk_GPT5                 00044ff8     OMAP3530_oal_prcm:prcm_device.obj
 0003:00002008       _fclk_GPT6                 00045008     OMAP3530_oal_prcm:prcm_device.obj
 0003:00002018       _fclk_GPT7                 00045018     OMAP3530_oal_prcm:prcm_device.obj
 0003:00002028       _fclk_GPT8                 00045028     OMAP3530_oal_prcm:prcm_device.obj
 0003:00002038       _fclk_GPT9                 00045038     OMAP3530_oal_prcm:prcm_device.obj
 0003:00002048       _fclk_UART4                00045048     OMAP3530_oal_prcm:prcm_device.obj
 0003:00002058       _fclk_DSS                  00045058     OMAP3530_oal_prcm:prcm_device.obj
 0003:00002068       _fclk_DSS1                 00045068     OMAP3530_oal_prcm:prcm_device.obj
 0003:00002078       _fclk_DSS2                 00045078     OMAP3530_oal_prcm:prcm_device.obj
 0003:00002088       _fclk_TVOUT                00045088     OMAP3530_oal_prcm:prcm_device.obj
 0003:00002098       _fclk_CAM                  00045098     OMAP3530_oal_prcm:prcm_device.obj
 0003:000020a8       _fclk_CSI2                 000450a8     OMAP3530_oal_prcm:prcm_device.obj
 0003:000020b8       _fclk_3D                   000450b8     OMAP3530_oal_prcm:prcm_device.obj
 0003:000020c8       _fclk_SGX                  000450c8     OMAP3530_oal_prcm:prcm_device.obj
 0003:000020d8       _fclk_IVA2                 000450d8     OMAP3530_oal_prcm:prcm_device.obj
 0003:000020e8       _fclk_HSUSB2               000450e8     OMAP3530_oal_prcm:prcm_device.obj
 0003:000020f8       _fclk_HSUSB1               000450f8     OMAP3530_oal_prcm:prcm_device.obj
 0003:00002108       _wken_D2D                  00045108     OMAP3530_oal_prcm:prcm_device.obj
 0003:00002110       _wken_I2C1                 00045110     OMAP3530_oal_prcm:prcm_device.obj
 0003:00002118       _wken_I2C2                 00045118     OMAP3530_oal_prcm:prcm_device.obj
 0003:00002120       _wken_I2C3                 00045120     OMAP3530_oal_prcm:prcm_device.obj
 0003:00002128       _wken_MMC1                 00045128     OMAP3530_oal_prcm:prcm_device.obj
 0003:00002130       _wken_MMC2                 00045130     OMAP3530_oal_prcm:prcm_device.obj
 0003:00002138       _wken_MMC3                 00045138     OMAP3530_oal_prcm:prcm_device.obj
 0003:00002140       _wken_UART1                00045140     OMAP3530_oal_prcm:prcm_device.obj
 0003:00002148       _wken_UART2                00045148     OMAP3530_oal_prcm:prcm_device.obj
 0003:00002150       _wken_MCBSP1               00045150     OMAP3530_oal_prcm:prcm_device.obj
 0003:00002158       _wken_MCBSP5               00045158     OMAP3530_oal_prcm:prcm_device.obj
 0003:00002160       _wken_MCSPI1               00045160     OMAP3530_oal_prcm:prcm_device.obj
 0003:00002168       _wken_MCSPI2               00045168     OMAP3530_oal_prcm:prcm_device.obj
 0003:00002170       _wken_MCSPI3               00045170     OMAP3530_oal_prcm:prcm_device.obj
 0003:00002178       _wken_MCSPI4               00045178     OMAP3530_oal_prcm:prcm_device.obj
 0003:00002180       _wken_GPT10                00045180     OMAP3530_oal_prcm:prcm_device.obj
 0003:00002188       _wken_GPT11                00045188     OMAP3530_oal_prcm:prcm_device.obj
 0003:00002190       _wken_HSOTGUSB             00045190     OMAP3530_oal_prcm:prcm_device.obj
 0003:00002198       _wken_USBTLL               00045198     OMAP3530_oal_prcm:prcm_device.obj
 0003:000021a0       _wken_GPT1                 000451a0     OMAP3530_oal_prcm:prcm_device.obj
 0003:000021a8       _wken_GPIO1                000451a8     OMAP3530_oal_prcm:prcm_device.obj
 0003:000021b0       _wken_SR1                  000451b0     OMAP3530_oal_prcm:prcm_device.obj
 0003:000021b8       _wken_SR2                  000451b8     OMAP3530_oal_prcm:prcm_device.obj
 0003:000021c0       _wken_IO                   000451c0     OMAP3530_oal_prcm:prcm_device.obj
 0003:000021c8       _wken_USIM                 000451c8     OMAP3530_oal_prcm:prcm_device.obj
 0003:000021d0       _wken_UART3                000451d0     OMAP3530_oal_prcm:prcm_device.obj
 0003:000021d8       _wken_GPIO2                000451d8     OMAP3530_oal_prcm:prcm_device.obj
 0003:000021e0       _wken_GPIO3                000451e0     OMAP3530_oal_prcm:prcm_device.obj
 0003:000021e8       _wken_GPIO4                000451e8     OMAP3530_oal_prcm:prcm_device.obj
 0003:000021f0       _wken_GPIO5                000451f0     OMAP3530_oal_prcm:prcm_device.obj
 0003:000021f8       _wken_GPIO6                000451f8     OMAP3530_oal_prcm:prcm_device.obj
 0003:00002200       _wken_MCBSP2               00045200     OMAP3530_oal_prcm:prcm_device.obj
 0003:00002208       _wken_MCBSP3               00045208     OMAP3530_oal_prcm:prcm_device.obj
 0003:00002210       _wken_MCBSP4               00045210     OMAP3530_oal_prcm:prcm_device.obj
 0003:00002218       _wken_GPT2                 00045218     OMAP3530_oal_prcm:prcm_device.obj
 0003:00002220       _wken_GPT3                 00045220     OMAP3530_oal_prcm:prcm_device.obj
 0003:00002228       _wken_GPT4                 00045228     OMAP3530_oal_prcm:prcm_device.obj
 0003:00002230       _wken_GPT5                 00045230     OMAP3530_oal_prcm:prcm_device.obj
 0003:00002238       _wken_GPT6                 00045238     OMAP3530_oal_prcm:prcm_device.obj
 0003:00002240       _wken_GPT7                 00045240     OMAP3530_oal_prcm:prcm_device.obj
 0003:00002248       _wken_GPT8                 00045248     OMAP3530_oal_prcm:prcm_device.obj
 0003:00002250       _wken_GPT9                 00045250     OMAP3530_oal_prcm:prcm_device.obj
 0003:00002258       _wken_UART4                00045258     OMAP3530_oal_prcm:prcm_device.obj
 0003:00002260       _wken_DSS                  00045260     OMAP3530_oal_prcm:prcm_device.obj
 0003:00002268       _wken_USBHOST              00045268     OMAP3530_oal_prcm:prcm_device.obj
 0003:00002270       s_rgDeviceLookupTable      00045270     OMAP3530_oal_prcm:prcm_device.obj
 0003:00002cc8       _ssr_fclk                  00045cc8     OMAP3530_oal_prcm:prcm_clock.obj
 0003:00002cd4       _cam_fclk                  00045cd4     OMAP3530_oal_prcm:prcm_clock.obj
 0003:00002ce0       _dss1_fclk                 00045ce0     OMAP3530_oal_prcm:prcm_clock.obj
 0003:00002cec       _usim_fclk                 00045cec     OMAP3530_oal_prcm:prcm_clock.obj
 0003:00002d00       _cm_usim_fclk              00045d00     OMAP3530_oal_prcm:prcm_clock.obj
 0003:00002d14       _sgx_fclk                  00045d14     OMAP3530_oal_prcm:prcm_clock.obj
 0003:00002d38       _tv_fclk                   00045d38     OMAP3530_oal_prcm:prcm_clock.obj
 0003:00002d50       s_DpllTable                00045d50     OMAP3530_oal_prcm:prcm_clock.obj
 0003:00002d98       s_DpllClkOutTable          00045d98     OMAP3530_oal_prcm:prcm_clock.obj
 0003:00002e18       s_SrcClockTable            00045e18     OMAP3530_oal_prcm:prcm_clock.obj
 0003:00003574       s_VddNameTable             00046574     OMAP3530_oal_prcm:prcm_clock.obj
 0003:0000359c       s_DpllNameTable            0004659c     OMAP3530_oal_prcm:prcm_clock.obj
 0003:000035e8       s_DpllClkOutNameTable      000465e8     OMAP3530_oal_prcm:prcm_clock.obj
 0003:00003628       s_SrcClockNameTable        00046628     OMAP3530_oal_prcm:prcm_clock.obj
 0003:00003780       DeviceNames                00046780     OMAP3530_oal_prcm:prcm_clock.obj
 0003:000038c8       DumpRegArray               000468c8     OMAP3530_oal_prcm:prcm_clock.obj
 0003:000046c8       _CoreClockDomain           000476c8     OMAP3530_oal_prcm:prcm_domain.obj
 0003:000046f0       _PeripheralClockDomain     000476f0     OMAP3530_oal_prcm:prcm_domain.obj
 0003:00004700       _UsbHostClockDomain        00047700     OMAP3530_oal_prcm:prcm_domain.obj
 0003:00004710       _EmulationClockDomain      00047710     OMAP3530_oal_prcm:prcm_domain.obj
 0003:00004720       _MpuClockDomain            00047720     OMAP3530_oal_prcm:prcm_domain.obj
 0003:00004730       _DssClockDomain            00047730     OMAP3530_oal_prcm:prcm_domain.obj
 0003:00004740       _NeonClockDomain           00047740     OMAP3530_oal_prcm:prcm_domain.obj
 0003:00004750       _Iva2ClockDomain           00047750     OMAP3530_oal_prcm:prcm_domain.obj
 0003:00004760       _CameraClockDomain         00047760     OMAP3530_oal_prcm:prcm_domain.obj
 0003:00004770       _SgxClockDomain            00047770     OMAP3530_oal_prcm:prcm_domain.obj
 0003:00004780       _WakeupPowerDomain         00047780     OMAP3530_oal_prcm:prcm_domain.obj
 0003:00004790       _CorePowerDomain           00047790     OMAP3530_oal_prcm:prcm_domain.obj
 0003:000047a0       _PeripheralPowerDomain     000477a0     OMAP3530_oal_prcm:prcm_domain.obj
 0003:000047b0       _UsbHostPowerDomain        000477b0     OMAP3530_oal_prcm:prcm_domain.obj
 0003:000047c0       _MpuPowerDomain            000477c0     OMAP3530_oal_prcm:prcm_domain.obj
 0003:000047d0       _DssPowerDomain            000477d0     OMAP3530_oal_prcm:prcm_domain.obj
 0003:000047e0       _NeonPowerDomain           000477e0     OMAP3530_oal_prcm:prcm_domain.obj
 0003:000047f0       _Iva2PowerDomain           000477f0     OMAP3530_oal_prcm:prcm_domain.obj
 0003:00004800       _CameraPowerDomain         00047800     OMAP3530_oal_prcm:prcm_domain.obj
 0003:00004810       _SgxPowerDomain            00047810     OMAP3530_oal_prcm:prcm_domain.obj
 0003:00004820       s_DomainTable              00047820     OMAP3530_oal_prcm:prcm_domain.obj
 0003:00004a50       Tps659xx_Gpio              00047a50     TPS659xx_oal_gpio:tps659xx_gpio.obj
 0003:00004a98       Omap_Gpio                  00047a98     common_ti_oal_omap_gpio:omap35xx_gpio.obj
 0003:00004af8       g_dwMeasuredSysClkFreq     00047af8     bspcfg:bspcfg.obj
 0003:00004afc       _rgScaleTable              00047afc     bspcfg:bspcfg.obj
 0003:00004b20       _rgI2CDevice               00047b20     bspcfg:bspcfg.obj
 0003:00004c00       SupportedNands             00047c00     bspcfg:bspcfg.obj
 0003:00004c3c       BSPGpioTables              00047c3c     bspcfg:bspcfg.obj
 0003:000054f8       s_rgClockDomainDependency  000484f8     oal:oem_prcm_device.obj
 0003:00005da0       g_oalRetailMsgEnable       00048da0     oal:init.obj
 0003:00005da4       g_ResumeRTC                00048da4     oal:init.obj
 0003:00007b20       g_pTimerRegs               0004ab20     oal:oem_pm.obj
 0003:00007b24       g_pGPMCRegs                0004ab24     oal:oem_pm.obj
 0003:00007b28       g_pSDRCRegs                0004ab28     oal:oem_pm.obj
 0003:00007b2c       g_pSMSRegs                 0004ab2c     oal:oem_pm.obj
 0003:00007b30       g_pVRFBRegs                0004ab30     oal:oem_pm.obj
 0003:00007b34       g_pContextRestore          0004ab34     oal:oem_pm.obj
 0003:00007b38       g_pSdrcRestore             0004ab38     oal:oem_pm.obj
 0003:00007b3c       g_pPrcmRestore             0004ab3c     oal:oem_pm.obj
 0003:00007b40       g_ffContextSaveMask        0004ab40     oal:oem_pm.obj
 0003:00007b48       g_pSyscPadWkupRegs         0004ab48     oal:oem_pm.obj
 0003:00007b4c       g_pSyscPadConfsRegs        0004ab4c     oal:oem_pm.obj
 0003:00007b58       g_oalIoCtlClockSpeed       0004ab58     oal:ioctl.obj
 0003:00007e64       g_oalProfilerEnabled       0004ae64     common_ti_gpt_profiler:profiler.obj
 0003:00007e68       g_pPerfTimer               0004ae68     common_ti_gpt_profiler:profiler.obj
 0003:00007e84       g_oalNeonStat              0004ae84     common_ti_vfpneon:vfphandler.obj
 0003:00008984       _fclk_USBHOST1             0004b984     OMAP3530_oal_prcm:prcm_device.obj
 0003:00008994       _fclk_USBHOST2             0004b994     OMAP3530_oal_prcm:prcm_device.obj
 0003:000089a4       _fclk_USBHOST3             0004b9a4     OMAP3530_oal_prcm:prcm_device.obj
 0003:000089fc       g_pSysCtrlGenReg           0004b9fc     OMAP3530_oal_prcm:prcm.obj
 0003:00008a00       g_PrcmPostInit             0004ba00     OMAP3530_oal_prcm:prcm.obj
 0003:00008a04       g_bSingleThreaded          0004ba04     OMAP3530_oal_prcm:prcm.obj
 0003:00008a08       g_pCPUInfo                 0004ba08     OMAP3530_oal_prcm:prcm.obj
 0003:00008a0c       fnCpuStart                 0004ba0c     OMAP3530_oal_prcm:prcm.obj
 0003:00008a10       fnOALCPUIdle               0004ba10     OMAP3530_oal_prcm:prcm.obj
 0003:00008a14       fnOALUpdateCoreFreq        0004ba14     OMAP3530_oal_prcm:prcm.obj
 0003:00008a18       fnOALCPUWarmReset          0004ba18     OMAP3530_oal_prcm:prcm.obj
 0003:000094d4       s_VddTable                 0004c4d4     OMAP3530_oal_prcm:prcm_clock.obj
 0003:00009640       ?csGpio@@3UCRITICAL_SECTION@@A 0004c640     TPS659xx_oal_gpio:tps659xx_gpio.obj
 0003:00009658       ?g_fGpioPostInit@@3HA      0004c658     TPS659xx_oal_gpio:tps659xx_gpio.obj
 0003:0000973c       map                        0004c73c     <common>
 0003:00009740       nbBlock                    0004c740     <common>
 0003:00009744       poolSize                   0004c744     <common>
 0003:00009748       pool                       0004c748     <common>
 0003:00009760       g_oalTimerContext          0004c760     <common>
 0003:00009780       g_TimerDevice              0004c780     <common>
 0003:00009784       g_oalProfilerIncrement     0004c784     <common>
 0003:000097a0       g_oalCacheInfo             0004c7a0     <common>
 0003:000097e8       g_dwRangeLimit             0004c7e8     <common>
 0003:00009800       VfpNeonSave                0004c800     <common>
 0003:00009908       g_pPrcmCm                  0004c908     <common>
 0003:00009920       g_rgPrcmMutex              0004c920     <common>
 0003:00009998       g_pPrcmPrm                 0004c998     <common>
 0003:0000999c       SmartReflex_funcs          0004c99c     <common>
 0003:000099a0       g_PrcmPrm                  0004c9a0     <common>
 0003:000099d8       g_pIdCodeReg               0004c9d8     <common>
 0003:000099e0       g_PrcmCm                   0004c9e0     <common>
 0003:00009a18       g_dwCpuFamily              0004ca18     <common>
 0003:00009a1c       gDevice_prefix             0004ca1c     <common>
 0003:00009a20       g_oalKitlEnabled           0004ca20     <common>
 0003:00009a40       g_oalILT                   0004ca40     <common>
 0003:00009a60       g_oalTimer                 0004ca60     <common>
 0003:00009a88       _soft_fp_control           0004ca88     <common>
 0003:00009a8c       g_pNKGlobal                0004ca8c     <common>

 entry point at        0001:00010f58

 Static symbols

 0001:000111a4       ConfigurePadArray          000221a4 f   oal:init.obj
 0001:000111fc       OALCalibrateSysClk         000221fc f   oal:init.obj
 0001:00011460       OALGPIOSetDefaultValues    00022460 f   oal:init.obj
 0001:00011530       OEMEnumExtensionDRAM       00022530 f   oal:init.obj
 0001:00011a8c       ShowT2Reg                  00022a8c f   oal:oem_pm.obj
 0001:000134d8       InitT2PowerSequence        000244d8 f   oal:oem_pm.obj
 0001:00016ba8       SmartReflex_Adjust_EFUSE_nvalue 00027ba8 f   oal:opp_map.obj
 0001:00019118       ?CheckBufferSize@@YAHPBXABIPAI1PBG@Z 0002a118 f   oal_ioctl:deviceinfo.obj
 0001:000191c4       ?GetBootMeName@@YAHPAXIPAIPAPBG@Z 0002a1c4 f   oal_ioctl:deviceinfo.obj
 0001:0001993c       ReturnFalse                0002a93c f   oemmain:oemglobal.obj
 0001:00019944       ReturnSelf                 0002a944 f   oemmain:oemglobal.obj
 0001:00019948       FakeCalcPage               0002a948 f   oemmain:oemglobal.obj
 0001:0001f7e0       I2CResetDevice             000307e0 f   common_ti_oali2c:oali2c.obj
 0001:0001faf8       I2CTransaction             00030af8 f   common_ti_oali2c:oali2c.obj
 0001:00020680       FindPad                    00031680 f   common_ti_oalpadcfg:oalpadcfg.obj
 0001:0002260c       _PrcmDeviceAddrefDeviceDomain 0003360c f   OMAP3530_oal_prcm:prcm_device.obj
 0001:000226b0       _PrcmDeviceReleaseDeviceDomain 000336b0 f   OMAP3530_oal_prcm:prcm_device.obj
 0001:00024dc4       _ClockHwUpdateParentClock  00035dc4 f   OMAP3530_oal_prcm:prcm_clock.obj
 0001:0002565c       _ClockHwUpdateDpllState    0003665c f   OMAP3530_oal_prcm:prcm_clock.obj
 0001:0002595c       _ClockUpdateDpllOutput     0003695c f   OMAP3530_oal_prcm:prcm_clock.obj
 0001:0002711c       _DomainClockRestore        0003811c f   OMAP3530_oal_prcm:prcm_domain.obj
 0001:000272d0       _PrcmDomainHwUpdate        000382d0 f   OMAP3530_oal_prcm:prcm_domain.obj
 0001:00029ba0       ?WriteTwlReg@@YAHKPAEI@Z   0003aba0 f   TPS659xx_oal_gpio:tps659xx_gpio.obj
 0001:00029bf8       ?ReadTwlReg@@YAHKPAEI@Z    0003abf8 f   TPS659xx_oal_gpio:tps659xx_gpio.obj
 0001:00029c50       ?Tps659xxGpioInit@@YAHPBGPAPAXPAI@Z 0003ac50 f   TPS659xx_oal_gpio:tps659xx_gpio.obj
 0001:00029c60       ?Tps659xxGpioPostInit@@YAHPAX@Z 0003ac60 f   TPS659xx_oal_gpio:tps659xx_gpio.obj
 0001:00029c88       ?Tps659xxGpioDeinit@@YAHPAX@Z 0003ac88 f   TPS659xx_oal_gpio:tps659xx_gpio.obj
 0001:00029cc8       ?Tps659xxGpioSetMode@@YAHPAXII@Z 0003acc8 f   TPS659xx_oal_gpio:tps659xx_gpio.obj
 0001:00029e30       ?Tps659xxGpioGetMode@@YAKPAXI@Z 0003ae30 f   TPS659xx_oal_gpio:tps659xx_gpio.obj
 0001:00029f00       ?Tps659xxGpioPullup@@YAHPAXII@Z 0003af00 f   TPS659xx_oal_gpio:tps659xx_gpio.obj
 0001:00029fb4       ?Tps659xxGpioPulldown@@YAHPAXII@Z 0003afb4 f   TPS659xx_oal_gpio:tps659xx_gpio.obj
 0001:0002a068       ?Tps659xxGpioSetBit@@YAHPAXI@Z 0003b068 f   TPS659xx_oal_gpio:tps659xx_gpio.obj
 0001:0002a0c0       ?Tps659xxGpioClrBit@@YAHPAXI@Z 0003b0c0 f   TPS659xx_oal_gpio:tps659xx_gpio.obj
 0001:0002a118       ?Tps659xxGpioGetBit@@YAKPAXI@Z 0003b118 f   TPS659xx_oal_gpio:tps659xx_gpio.obj
 0001:0002a174       ?Tps659xxGpioIoControl@@YAHPAXIPAEI1IPAK@Z 0003b174 f   TPS659xx_oal_gpio:tps659xx_gpio.obj
 0001:0002a330       ?OmapGpioPostInit@@YAHPAX@Z 0003b330 f   common_ti_oal_omap_gpio:omap35xx_gpio.obj
 0001:0002a388       ?OmapGpioDeinit@@YAHPAX@Z  0003b388 f   common_ti_oal_omap_gpio:omap35xx_gpio.obj
 0001:0002a458       ?OmapGpioSetMode@@YAHPAXII@Z 0003b458 f   common_ti_oal_omap_gpio:omap35xx_gpio.obj
 0001:0002a580       ?OmapGpioGetMode@@YAKPAXI@Z 0003b580 f   common_ti_oal_omap_gpio:omap35xx_gpio.obj
 0001:0002a674       ?OmapGpioPullup@@YAHPAXII@Z 0003b674 f   common_ti_oal_omap_gpio:omap35xx_gpio.obj
 0001:0002a67c       ?OmapGpioPulldown@@YAHPAXII@Z 0003b67c f   common_ti_oal_omap_gpio:omap35xx_gpio.obj
 0001:0002a684       ?OmapGpioSetBit@@YAHPAXI@Z 0003b684 f   common_ti_oal_omap_gpio:omap35xx_gpio.obj
 0001:0002a73c       ?OmapGpioClrBit@@YAHPAXI@Z 0003b73c f   common_ti_oal_omap_gpio:omap35xx_gpio.obj
 0001:0002a7f4       ?OmapGpioGetBit@@YAKPAXI@Z 0003b7f4 f   common_ti_oal_omap_gpio:omap35xx_gpio.obj
 0001:0002a8a0       ?OmapGpioIoControl@@YAHPAXIPAEI1IPAK@Z 0003b8a0 f   common_ti_oal_omap_gpio:omap35xx_gpio.obj
 0001:0002a8a8       ?OmapGpioInit@@YAHPBGPAPAXPAI@Z 0003b8a8 f   common_ti_oal_omap_gpio:omap35xx_gpio.obj
 0001:0002aa00       GetGroupByID               0003ba00 f   common_ti_oal_gpiodispatch:gpio_dispatch.obj
