 omap_shell

 Timestamp is 51ede8d0 (Tue Jul 23 10:22:08 2013)

 Preferred load address is 10000000

 Start         Length     Name                   Class
 0001:00000000 00000004H .CRT$XCA                CODE
 0001:00000004 00000004H .CRT$XCU                CODE
 0001:00000008 00000004H .CRT$XCZ                CODE
 0001:0000000c 00000004H .CRT$XIA                CODE
 0001:00000010 00000004H .CRT$XIZ                CODE
 0001:00000014 00000004H .CRT$XPA                CODE
 0001:00000018 00000004H .CRT$XPZ                CODE
 0001:0000001c 00000004H .CRT$XTA                CODE
 0001:00000020 00000004H .CRT$XTZ                CODE
 0001:00000030 00013110H .rdata                  CODE
 0001:00013140 00000027H .rdata$debug            CODE
 0001:00013168 000099c0H .text                   CODE
 0001:0001cb28 00000010H .text$yc                CODE
 0001:0001cb38 00000018H .text$yd                CODE
 0001:0001cb50 00000090H .xdata                  CODE
 0001:0001cbe0 00000028H .idata$2                CODE
 0001:0001cc08 00000014H .idata$3                CODE
 0001:0001cc1c 000000f0H .idata$4                CODE
 0001:0001cd0c 00000016H .idata$6                CODE
 0001:0001cd30 0000004eH .edata                  CODE
 0002:00000000 000000f0H .idata$5                DATA
 0002:000000f0 00008d0cH .data                   DATA
 0002:00008dfc 000000a4H .bss                    DATA
 0003:00000000 00000270H .pdata                  DATA

  Address         Publics by Value              Rva+Base       Lib:Object

 0000:00000000       ___safe_se_handler_table   00000000     <absolute>
 0000:00000000       ___safe_se_handler_count   00000000     <absolute>
 0001:00000000       __xc_a                     10001000     corelib0:crt0init.obj
 0001:00000008       __xc_z                     10001008     corelib0:crt0init.obj
 0001:0000000c       __xi_a                     1000100c     corelib0:crt0init.obj
 0001:00000010       __xi_z                     10001010     corelib0:crt0init.obj
 0001:00000014       __xp_a                     10001014     corelib0:crt0init.obj
 0001:00000018       __xp_z                     10001018     corelib0:crt0init.obj
 0001:0000001c       __xt_a                     1000101c     corelib0:crt0init.obj
 0001:00000020       __xt_z                     10001020     corelib0:crt0init.obj
 0001:0000004c       ??_C@_1BC@FJNGPCKG@?$AAu?$AAs?$AAb?$AAF?$AAn?$AAS?$AAe?$AAt?$AA?$AA@ 1000104c     shell.obj
 0001:00000060       ??_C@_1BC@GDPMHHCG@?$AAn?$AAe?$AAo?$AAn?$AAS?$AAt?$AAa?$AAt?$AA?$AA@ 10001060     shell.obj
 0001:00000074       ??_C@_1CC@JMGGIPGM@?$AAi?$AAn?$AAt?$AAe?$AAr?$AAr?$AAu?$AAp?$AAt?$AAl?$AAa?$AAt?$AAe?$AAn?$AAc?$AAy?$AA?$AA@ 10001074     shell.obj
 0001:00000098       ??_C@_1BG@PDCHJDCF@?$AAh?$AAa?$AAl?$AAp?$AAr?$AAo?$AAf?$AAi?$AAl?$AAe?$AA?$AA@ 10001098     shell.obj
 0001:000000b0       ??_C@_17FFCJNIIC@?$AAd?$AAv?$AAi?$AA?$AA@ 100010b0     shell.obj
 0001:000000b8       ??_C@_1BI@BDIICHAD@?$AAp?$AAo?$AAw?$AAe?$AAr?$AAd?$AAo?$AAm?$AAa?$AAi?$AAn?$AA?$AA@ 100010b8     shell.obj
 0001:000000d0       ??_C@_1M@OOEIGPGK@?$AAt?$AAv?$AAo?$AAu?$AAt?$AA?$AA@ 100010d0     shell.obj
 0001:000000dc       ??_C@_1BA@CLPJFFEC@?$AAd?$AAi?$AAs?$AAp?$AAl?$AAa?$AAy?$AA?$AA@ 100010dc     shell.obj
 0001:000000ec       ??_C@_1O@FEJCAGNG@?$AAr?$AAe?$AAb?$AAo?$AAo?$AAt?$AA?$AA@ 100010ec     shell.obj
 0001:000000fc       ??_C@_1BI@IICNPHGG@?$AAs?$AAm?$AAa?$AAr?$AAt?$AAr?$AAe?$AAf?$AAl?$AAe?$AAx?$AA?$AA@ 100010fc     shell.obj
 0001:00000114       ??_C@_1BI@HGMMDDCJ@?$AAs?$AAe?$AAt?$AAc?$AAo?$AAn?$AAt?$AAr?$AAa?$AAs?$AAt?$AA?$AA@ 10001114     shell.obj
 0001:0000012c       ??_C@_17FBHILAJO@?$AAo?$AAp?$AAm?$AA?$AA@ 1000112c     shell.obj
 0001:00000134       ??_C@_1BA@JCLAPGKD@?$AAo?$AAb?$AAs?$AAe?$AAr?$AAv?$AAe?$AA?$AA@ 10001134     shell.obj
 0001:00000144       ??_C@_1O@LNKPKJJI@?$AAd?$AAe?$AAv?$AAi?$AAc?$AAe?$AA?$AA@ 10001144     shell.obj
 0001:00000154       ??_C@_1O@CLMPII@?$AAr?$AAo?$AAt?$AAa?$AAt?$AAe?$AA?$AA@ 10001154     shell.obj
 0001:00000164       ??_C@_1M@FCCEIOJM@?$AAt?$AAs?$AAc?$AAa?$AAl?$AA?$AA@ 10001164     shell.obj
 0001:00000170       ??_C@_19PPJMBAGP@?$AAd?$AAu?$AAm?$AAp?$AA?$AA@ 10001170     shell.obj
 0001:0000017c       ??_C@_1BA@FPNGIBJF@?$AAc?$AAp?$AAu?$AAi?$AAd?$AAl?$AAe?$AA?$AA@ 1000117c     shell.obj
 0001:0000018c       ??_C@_1O@BIMDCLDK@?$AAo?$AAu?$AAt?$AAi?$AA2?$AAc?$AA?$AA@ 1000118c     shell.obj
 0001:0000019c       ??_C@_1M@DOFKFOHG@?$AAo?$AAu?$AAt?$AA3?$AA2?$AA?$AA@ 1000119c     shell.obj
 0001:000001a8       ??_C@_1M@PMPAGICK@?$AAo?$AAu?$AAt?$AA1?$AA6?$AA?$AA@ 100011a8     shell.obj
 0001:000001b4       ??_C@_19HNAFMIBJ@?$AAo?$AAu?$AAt?$AA8?$AA?$AA@ 100011b4     shell.obj
 0001:000001c0       ??_C@_1M@FBHKBOBB@?$AAi?$AAn?$AAi?$AA2?$AAc?$AA?$AA@ 100011c0     shell.obj
 0001:000001cc       ??_C@_19CMCKEPJD@?$AAi?$AAn?$AA3?$AA2?$AA?$AA@ 100011cc     shell.obj
 0001:000001d8       ??_C@_19OOIAHJMP@?$AAi?$AAn?$AA1?$AA6?$AA?$AA@ 100011d8     shell.obj
 0001:000001e4       ??_C@_17FCBICFGC@?$AAi?$AAn?$AA8?$AA?$AA@ 100011e4     shell.obj
 0001:000001ec       ??_C@_13HGPDMIBE@?$AA?$DP?$AA?$AA@ 100011ec     shell.obj
 0001:000001f0       ??_C@_1CG@GPNGBDNC@?$AAP?$AAR?$AAC?$AAM?$AA_?$AAW?$AAK?$AAU?$AAP?$AA_?$AAL?$AA4?$AA_?$AAG?$AAI?$AAC?$AAL?$AAK?$AA?$AA@ 100011f0     shell.obj
 0001:00000218       ??_C@_1DA@IKJDKGPA@?$AAP?$AAR?$AAC?$AAM?$AA_?$AAU?$AAS?$AAB?$AAT?$AAL?$AAL?$AA_?$AAR?$AAE?$AAS?$AAT?$AAO?$AAR?$AAE?$AAD?$AAO?$AAN?$AAE?$AA?$AA@ 10001218     shell.obj
 0001:00000248       ??_C@_1BO@EBGPMHGD@?$AAP?$AAR?$AAC?$AAM?$AA_?$AAl?$AAd?$AAo?$AAe?$AAm?$AAu?$AAo?$AAn?$AAz?$AA?$AA@ 10001248     shell.obj
 0001:00000268       ??_C@_1CE@LNIMBELI@?$AAP?$AAR?$AAC?$AAM?$AA_?$AAP?$AAE?$AAR?$AA_?$AAP?$AAO?$AAW?$AAE?$AAR?$AA_?$AAO?$AAN?$AA?$AA@ 10001268     shell.obj
 0001:0000028c       ??_C@_1CC@KNGOAOK@?$AAP?$AAR?$AAC?$AAM?$AA_?$AAS?$AAR?$AA_?$AAP?$AAO?$AAW?$AAE?$AAR?$AA_?$AAO?$AAN?$AA?$AA@ 1000128c     shell.obj
 0001:000002b0       ??_C@_1DA@EKKKAEIH@?$AAP?$AAR?$AAC?$AAM?$AA_?$AAD?$AAS?$AAS?$AA_?$AAS?$AAR?$AAA?$AAM?$AAR?$AAE?$AAT?$AAG?$AAO?$AAO?$AAD?$AAO?$AAU?$AAT?$AA?$AA@ 100012b0     shell.obj
 0001:000002e0       ??_C@_1CG@JADEKBBB@?$AAP?$AAR?$AAC?$AAM?$AA_?$AAS?$AAG?$AAX?$AA_?$AAP?$AAO?$AAW?$AAE?$AAR?$AA_?$AAI?$AAS?$AAO?$AA?$AA@ 100012e0     shell.obj
 0001:00000308       ??_C@_1CO@DKJBJALH@?$AAP?$AAR?$AAC?$AAM?$AA_?$AAC?$AAO?$AAR?$AAE?$AA_?$AAS?$AAR?$AAA?$AAM?$AAA?$AAG?$AAO?$AAO?$AAD?$AAO?$AAU?$AAT?$AA?$AA@ 10001308     shell.obj
 0001:00000338       ??_C@_1CG@KGDJMLKG@?$AAP?$AAR?$AAC?$AAM?$AA_?$AAC?$AAO?$AAR?$AAE?$AA_?$AAP?$AAO?$AAW?$AAE?$AAR?$AA_?$AAO?$AAN?$AA?$AA@ 10001338     shell.obj
 0001:00000360       ??_C@_1DE@KFKJBHNO@?$AAP?$AAR?$AAC?$AAM?$AA_?$AAI?$AAV?$AAA?$AA2?$AA_?$AAS?$AAR?$AAA?$AAM?$AAA?$AAO?$AAN?$AAI?$AAN?$AA_?$AAM?$AAU?$AAX?$AA1?$AA7?$AA?$AA@ 10001360     shell.obj
 0001:00000394       ??_C@_1DC@PHBHIJHG@?$AAP?$AAR?$AAC?$AAM?$AA_?$AAM?$AAP?$AAU?$AA_?$AAS?$AAR?$AAA?$AAM?$AAA?$AAO?$AAN?$AAI?$AAN?$AA_?$AAM?$AAU?$AAX?$AA1?$AA7?$AA?$AA@ 10001394     shell.obj
 0001:000003c8       ??_C@_1CO@HDNAKKPP@?$AAP?$AAR?$AAC?$AAM?$AA_?$AAp?$AAe?$AAr?$AA_?$AAd?$AAo?$AAm?$AAa?$AAi?$AAn?$AA_?$AAi?$AAs?$AA_?$AAo?$AAf?$AAf?$AA?$AA@ 100013c8     shell.obj
 0001:000003f8       ??_C@_1DK@LFCCHFHI@?$AAP?$AAR?$AAC?$AAM?$AA_?$AAp?$AAe?$AAr?$AA_?$AAd?$AAo?$AAm?$AAa?$AAi?$AAn?$AA_?$AAi?$AAs?$AA_?$AAr?$AAe?$AAt?$AAe?$AAn?$AAt?$AAi?$AAo?$AAn?$AA?$AA@ 100013f8     shell.obj
 0001:00000434       ??_C@_1DI@ONLLCDKB@?$AAP?$AAR?$AAC?$AAM?$AA_?$AAp?$AAe?$AAr?$AA_?$AAd?$AAo?$AAm?$AAa?$AAi?$AAn?$AA_?$AAi?$AAs?$AA_?$AAi?$AAn?$AAa?$AAc?$AAt?$AAi?$AAv?$AAe?$AA?$AA@ 10001434     shell.obj
 0001:0000046c       ??_C@_1CI@HJBHHDCL@?$AAP?$AAR?$AAC?$AAM?$AA_?$AAP?$AAE?$AAR?$AA_?$AAd?$AAo?$AAm?$AAa?$AAi?$AAn?$AAI?$AAs?$AAO?$AAn?$AA?$AA@ 1000146c     shell.obj
 0001:00000494       ??_C@_1DC@PBCBPAB@?$AAP?$AAR?$AAC?$AAM?$AA_?$AAC?$AAO?$AAR?$AAE?$AAC?$AAM?$AA_?$AAd?$AAo?$AAm?$AAa?$AAi?$AAn?$AAW?$AAa?$AAk?$AAe?$AAu?$AAp?$AA?$AA@ 10001494     shell.obj
 0001:000004c8       ??_C@_1CI@OCMGMAMO@?$AAP?$AAR?$AAC?$AAM?$AA_?$AAI?$AAC?$AAE?$AAC?$AAR?$AAU?$AAS?$AAH?$AAE?$AAR?$AA_?$AAR?$AAS?$AAT?$AA?$AA@ 100014c8     shell.obj
 0001:000004f0       ??_C@_1CI@DDKBBNCA@?$AAP?$AAR?$AAC?$AAM?$AA_?$AAD?$AAP?$AAL?$AAL?$AA5?$AA_?$AAR?$AAS?$AAT?$AAP?$AAW?$AAR?$AAO?$AAN?$AA?$AA@ 100014f0     shell.obj
 0001:00000518       ??_C@_1CA@CJIGNHHE@?$AAP?$AAR?$AAC?$AAM?$AA_?$AAU?$AAS?$AAB?$AAT?$AAL?$AAL?$AA_?$AAR?$AAS?$AAT?$AA?$AA@ 10001518     shell.obj
 0001:00000538       ??_C@_1CK@LBBIFOCL@?$AAP?$AAR?$AAC?$AAM?$AA_?$AAG?$AAP?$AAT?$AA4?$AA_?$AAA?$AAL?$AAW?$AAO?$AAN?$AA_?$AAF?$AAC?$AAL?$AAK?$AA?$AA@ 10001538     shell.obj
 0001:00000564       ??_C@_1CI@GKEEKLDI@?$AAP?$AAR?$AAC?$AAM?$AA_?$AAW?$AAK?$AAU?$AAP?$AA_?$AA3?$AA2?$AAK?$AA_?$AAG?$AAF?$AAC?$AAL?$AAK?$AA?$AA@ 10001564     shell.obj
 0001:0000058c       ??_C@_1DC@DLNHAEMC@?$AAP?$AAR?$AAC?$AAM?$AA_?$AAU?$AAS?$AAB?$AAT?$AAL?$AAL?$AA_?$AAS?$AAT?$AAA?$AAR?$AAT?$AAR?$AAE?$AAS?$AAT?$AAO?$AAR?$AAE?$AA?$AA@ 1000158c     shell.obj
 0001:000005c0       ??_C@_1DI@IHAKMIGG@?$AAP?$AAR?$AAC?$AAM?$AA_?$AAU?$AAS?$AAB?$AAH?$AAO?$AAS?$AAT?$AA_?$AAS?$AAR?$AAA?$AAM?$AAR?$AAE?$AAT?$AAG?$AAO?$AAO?$AAD?$AAO?$AAU?$AAT?$AA?$AA@ 100015c0     shell.obj
 0001:000005f8       ??_C@_1CM@PIFBEKDN@?$AAP?$AAR?$AAC?$AAM?$AA_?$AAD?$AAP?$AAL?$AAL?$AA5?$AA_?$AAP?$AAO?$AAW?$AAE?$AAR?$AA_?$AAG?$AAO?$AAO?$AAD?$AA?$AA@ 100015f8     shell.obj
 0001:00000624       ??_C@_1DA@EEAODLFP@?$AAP?$AAR?$AAC?$AAM?$AA_?$AAE?$AAM?$AAU?$AA_?$AAS?$AAR?$AAA?$AAM?$AAR?$AAE?$AAT?$AAG?$AAO?$AAO?$AAD?$AAO?$AAU?$AAT?$AA?$AA@ 10001624     shell.obj
 0001:00000654       ??_C@_1CK@KEOJPBGN@?$AAP?$AAR?$AAC?$AAM?$AA_?$AAD?$AAS?$AAS?$AA_?$AAS?$AAR?$AAA?$AAM?$AAR?$AAE?$AAT?$AAO?$AAN?$AAI?$AAN?$AA?$AA@ 10001654     shell.obj
 0001:00000680       ??_C@_1CE@BPDNKMP@?$AAP?$AAR?$AAC?$AAM?$AA_?$AAS?$AAG?$AAX?$AA_?$AAP?$AAO?$AAW?$AAE?$AAR?$AA_?$AAO?$AAN?$AA?$AA@ 10001680     shell.obj
 0001:000006a4       ??_C@_1DK@FANMPHNL@?$AAP?$AAR?$AAC?$AAM?$AA_?$AAC?$AAO?$AAR?$AAE?$AA_?$AAS?$AAR?$AAA?$AAM?$AAA?$AAG?$AAO?$AAO?$AAD?$AAO?$AAU?$AAT?$AA_?$AAM?$AAU?$AAX?$AA1?$AA6?$AA?$AA@ 100016a4     shell.obj
 0001:000006e0       ??_C@_1DO@GBOMLPCB@?$AAP?$AAR?$AAC?$AAM?$AA_?$AAI?$AAV?$AAA?$AA2?$AA_?$AAS?$AAR?$AAA?$AAM?$AAR?$AAE?$AAT?$AAG?$AAO?$AAO?$AAD?$AAO?$AAU?$AAT?$AA_?$AAM?$AAU?$AAX?$AA1?$AA6?$AA?$AA@ 100016e0     shell.obj
 0001:00000720       ??_C@_1DE@BNBFHALL@?$AAP?$AAR?$AAC?$AAM?$AA_?$AAI?$AAV?$AAA?$AA2?$AA_?$AAS?$AAR?$AAA?$AAM?$AAA?$AAO?$AAN?$AAI?$AAN?$AA_?$AAM?$AAU?$AAX?$AA1?$AA6?$AA?$AA@ 10001720     shell.obj
 0001:00000754       ??_C@_1DE@OAJIJILH@?$AAP?$AAR?$AAC?$AAM?$AA_?$AAM?$AAP?$AAU?$AA_?$AAP?$AAO?$AAW?$AAE?$AAR?$AA_?$AAG?$AAO?$AAO?$AAD?$AA_?$AAM?$AAU?$AAX?$AA1?$AA6?$AA?$AA@ 10001754     shell.obj
 0001:00000788       ??_C@_1CE@MEIBHGMH@?$AAP?$AAR?$AAC?$AAM?$AA_?$AAP?$AAR?$AAM?$AA2?$AAI?$AAV?$AAA?$AA2?$AA_?$AAI?$AAR?$AAQ?$AA?$AA@ 10001788     shell.obj
 0001:000007ac       ??_C@_1DA@CLJPHGGO@?$AAP?$AAR?$AAC?$AAM?$AA_?$AAv?$AAd?$AAd?$AA5?$AA_?$AAd?$AAo?$AAm?$AAa?$AAi?$AAn?$AA_?$AAi?$AAs?$AA_?$AAo?$AAf?$AAf?$AA?$AA@ 100017ac     shell.obj
 0001:000007dc       ??_C@_1DA@JDAKGEPL@?$AAP?$AAR?$AAC?$AAM?$AA_?$AAv?$AAd?$AAd?$AA2?$AA_?$AAd?$AAo?$AAm?$AAa?$AAi?$AAn?$AA_?$AAi?$AAs?$AA_?$AAo?$AAf?$AAf?$AA?$AA@ 100017dc     shell.obj
 0001:0000080c       ??_C@_1CM@GLNICKKF@?$AAP?$AAR?$AAC?$AAM?$AA_?$AAP?$AAE?$AAR?$AA_?$AAd?$AAo?$AAm?$AAa?$AAi?$AAn?$AAW?$AAa?$AAk?$AAe?$AAu?$AAp?$AA?$AA@ 1000180c     shell.obj
 0001:00000838       ??_C@_1DG@FMCBPPBH@?$AAP?$AAR?$AAC?$AAM?$AA_?$AAM?$AAP?$AAU?$AA_?$AAS?$AAE?$AAC?$AAU?$AAR?$AAI?$AAT?$AAY?$AA_?$AAV?$AAI?$AAO?$AAL?$AA_?$AAR?$AAS?$AAT?$AA?$AA@ 10001838     shell.obj
 0001:00000870       ??_C@_1CI@CEIJHJOA@?$AAP?$AAR?$AAC?$AAM?$AA_?$AAD?$AAP?$AAL?$AAL?$AA4?$AA_?$AAR?$AAS?$AAT?$AAP?$AAW?$AAR?$AAO?$AAN?$AA?$AA@ 10001870     shell.obj
 0001:00000898       ??_C@_1CC@OCJCFNAC@?$AAP?$AAR?$AAC?$AAM?$AA_?$AAC?$AAP?$AAE?$AAF?$AAU?$AAS?$AAE?$AA_?$AAR?$AAS?$AAT?$AA?$AA@ 10001898     shell.obj
 0001:000008bc       ??_C@_1CK@GJNLCFAN@?$AAP?$AAR?$AAC?$AAM?$AA_?$AAG?$AAP?$AAT?$AA3?$AA_?$AAA?$AAL?$AAW?$AAO?$AAN?$AA_?$AAF?$AAC?$AAL?$AAK?$AA?$AA@ 100018bc     shell.obj
 0001:000008e8       ??_C@_1CK@HJLKOENJ@?$AAP?$AAR?$AAC?$AAM?$AA_?$AAU?$AAS?$AAB?$AAT?$AAL?$AAL?$AA_?$AAS?$AAA?$AAV?$AAE?$AAD?$AAO?$AAN?$AAE?$AA?$AA@ 100018e8     shell.obj
 0001:00000914       ??_C@_1DC@NGFEJFFK@?$AAP?$AAR?$AAC?$AAM?$AA_?$AAU?$AAS?$AAB?$AAH?$AAO?$AAS?$AAT?$AA_?$AAS?$AAR?$AAA?$AAM?$AAR?$AAE?$AAT?$AAO?$AAN?$AAI?$AAN?$AA?$AA@ 10001914     shell.obj
 0001:00000948       ??_C@_1CK@BCMCGCLO@?$AAP?$AAR?$AAC?$AAM?$AA_?$AAD?$AAP?$AAL?$AAL?$AA5?$AA_?$AAP?$AAO?$AAW?$AAE?$AAR?$AA_?$AAI?$AAS?$AAO?$AA?$AA@ 10001948     shell.obj
 0001:00000974       ??_C@_1CK@JBFHJCLK@?$AAP?$AAR?$AAC?$AAM?$AA_?$AAE?$AAM?$AAU?$AA_?$AAS?$AAR?$AAA?$AAM?$AAR?$AAE?$AAT?$AAO?$AAN?$AAI?$AAN?$AA?$AA@ 10001974     shell.obj
 0001:000009a0       ??_C@_1CM@IMNFCDPC@?$AAP?$AAR?$AAC?$AAM?$AA_?$AAD?$AAS?$AAS?$AA_?$AAS?$AAR?$AAA?$AAM?$AAA?$AAG?$AAO?$AAO?$AAD?$AAO?$AAU?$AAT?$AA?$AA@ 100019a0     shell.obj
 0001:000009cc       ??_C@_1DG@DLEJFMF@?$AAP?$AAR?$AAC?$AAM?$AA_?$AAN?$AAE?$AAO?$AAN?$AA_?$AAP?$AAO?$AAW?$AAE?$AAR?$AA_?$AAG?$AAO?$AAO?$AAD?$AA_?$AAM?$AAU?$AAX?$AA1?$AA5?$AA?$AA@ 100019cc     shell.obj
 0001:00000a04       ??_C@_1DK@ECGJFIDF@?$AAP?$AAR?$AAC?$AAM?$AA_?$AAC?$AAO?$AAR?$AAE?$AA_?$AAS?$AAR?$AAA?$AAM?$AAA?$AAG?$AAO?$AAO?$AAD?$AAO?$AAU?$AAT?$AA_?$AAM?$AAU?$AAX?$AA1?$AA5?$AA?$AA@ 10001a04     shell.obj
 0001:00000a40       ??_C@_1DO@HDFJBAMP@?$AAP?$AAR?$AAC?$AAM?$AA_?$AAI?$AAV?$AAA?$AA2?$AA_?$AAS?$AAR?$AAA?$AAM?$AAR?$AAE?$AAT?$AAG?$AAO?$AAO?$AAD?$AAO?$AAU?$AAT?$AA_?$AAM?$AAU?$AAX?$AA1?$AA5?$AA?$AA@ 10001a40     shell.obj
 0001:00000a80       ??_C@_1DE@PKANPFF@?$AAP?$AAR?$AAC?$AAM?$AA_?$AAI?$AAV?$AAA?$AA2?$AA_?$AAS?$AAR?$AAA?$AAM?$AAA?$AAO?$AAN?$AAI?$AAN?$AA_?$AAM?$AAU?$AAX?$AA1?$AA5?$AA?$AA@ 10001a80     shell.obj
 0001:00000ab4       ??_C@_1DE@PCCNDHFJ@?$AAP?$AAR?$AAC?$AAM?$AA_?$AAM?$AAP?$AAU?$AA_?$AAP?$AAO?$AAW?$AAE?$AAR?$AA_?$AAG?$AAO?$AAO?$AAD?$AA_?$AAM?$AAU?$AAX?$AA1?$AA5?$AA?$AA@ 10001ab4     shell.obj
 0001:00000ae8       ??_C@_1CO@KFKAGKIJ@?$AAP?$AAR?$AAC?$AAM?$AA_?$AAd?$AAs?$AAs?$AA_?$AAd?$AAo?$AAm?$AAa?$AAi?$AAn?$AA_?$AAi?$AAs?$AA_?$AAo?$AAf?$AAf?$AA?$AA@ 10001ae8     shell.obj
 0001:00000b18       ??_C@_1DK@EOKIMADH@?$AAP?$AAR?$AAC?$AAM?$AA_?$AAd?$AAs?$AAs?$AA_?$AAd?$AAo?$AAm?$AAa?$AAi?$AAn?$AA_?$AAi?$AAs?$AA_?$AAr?$AAe?$AAt?$AAe?$AAn?$AAt?$AAi?$AAo?$AAn?$AA?$AA@ 10001b18     shell.obj
 0001:00000b54       ??_C@_1DI@MKGIHCNJ@?$AAP?$AAR?$AAC?$AAM?$AA_?$AAd?$AAs?$AAs?$AA_?$AAd?$AAo?$AAm?$AAa?$AAi?$AAn?$AA_?$AAi?$AAs?$AA_?$AAi?$AAn?$AAa?$AAc?$AAt?$AAi?$AAv?$AAe?$AA?$AA@ 10001b54     shell.obj
 0001:00000b8c       ??_C@_1CI@BIGLKAA@?$AAP?$AAR?$AAC?$AAM?$AA_?$AAD?$AAS?$AAS?$AA_?$AAd?$AAo?$AAm?$AAa?$AAi?$AAn?$AAI?$AAs?$AAO?$AAn?$AA?$AA@ 10001b8c     shell.obj
 0001:00000bb4       ??_C@_1CK@FMDNMMCO@?$AAP?$AAR?$AAC?$AAM?$AA_?$AAG?$AAl?$AAb?$AAl?$AAS?$AAe?$AAc?$AAu?$AAr?$AAe?$AAR?$AAs?$AAt?$AA_?$AAn?$AA?$AA@ 10001bb4     shell.obj
 0001:00000be0       ??_C@_1CI@EBFAEHKA@?$AAP?$AAR?$AAC?$AAM?$AA_?$AAD?$AAP?$AAL?$AAL?$AA3?$AA_?$AAR?$AAS?$AAT?$AAP?$AAW?$AAR?$AAO?$AAN?$AA?$AA@ 10001be0     shell.obj
 0001:00000c08       ??_C@_1CC@NLANNGOA@?$AAP?$AAR?$AAC?$AAM?$AA_?$AAC?$AAO?$AAR?$AAE?$AA_?$AAR?$AAS?$AAT?$AAR?$AAE?$AAT?$AA?$AA@ 10001c08     shell.obj
 0001:00000c2c       ??_C@_1CK@IOMGIDJK@?$AAP?$AAR?$AAC?$AAM?$AA_?$AAG?$AAP?$AAT?$AA2?$AA_?$AAA?$AAL?$AAW?$AAO?$AAN?$AA_?$AAF?$AAC?$AAL?$AAK?$AA?$AA@ 10001c2c     shell.obj
 0001:00000c58       ??_C@_1CE@JGOJJBLN@?$AAP?$AAR?$AAC?$AAM?$AA_?$AAE?$AAM?$AAU?$AA_?$AAS?$AAY?$AAS?$AA_?$AAG?$AAC?$AAL?$AAK?$AA?$AA@ 10001c58     shell.obj
 0001:00000c7c       ??_C@_1CM@OEEHAKDJ@?$AAP?$AAR?$AAC?$AAM?$AA_?$AAU?$AAS?$AAB?$AAT?$AAL?$AAL?$AA_?$AAS?$AAT?$AAA?$AAR?$AAT?$AAS?$AAA?$AAV?$AAE?$AA?$AA@ 10001c7c     shell.obj
 0001:00000ca8       ??_C@_1DE@FGANFEDK@?$AAP?$AAR?$AAC?$AAM?$AA_?$AAU?$AAS?$AAB?$AAH?$AAO?$AAS?$AAT?$AA_?$AAS?$AAR?$AAA?$AAM?$AAA?$AAG?$AAO?$AAO?$AAD?$AAO?$AAU?$AAT?$AA?$AA@ 10001ca8     shell.obj
 0001:00000cdc       ??_C@_1CI@OCIGPKFH@?$AAP?$AAR?$AAC?$AAM?$AA_?$AAD?$AAP?$AAL?$AAL?$AA5?$AA_?$AAP?$AAO?$AAW?$AAE?$AAR?$AA_?$AAO?$AAN?$AA?$AA@ 10001cdc     shell.obj
 0001:00000d04       ??_C@_1CM@JGBHHFHG@?$AAP?$AAR?$AAC?$AAM?$AA_?$AAE?$AAM?$AAU?$AA_?$AAS?$AAR?$AAA?$AAM?$AAA?$AAG?$AAO?$AAO?$AAD?$AAO?$AAU?$AAT?$AA?$AA@ 10001d04     shell.obj
 0001:00000d30       ??_C@_1CG@DNOFLNLC@?$AAP?$AAR?$AAC?$AAM?$AA_?$AAD?$AAS?$AAS?$AA_?$AAS?$AAR?$AAA?$AAM?$AAA?$AAO?$AAN?$AAI?$AAN?$AA?$AA@ 10001d30     shell.obj
 0001:00000d58       ??_C@_1DG@LLAIPCKA@?$AAP?$AAR?$AAC?$AAM?$AA_?$AAN?$AAE?$AAO?$AAN?$AA_?$AAP?$AAO?$AAW?$AAE?$AAR?$AA_?$AAG?$AAO?$AAO?$AAD?$AA_?$AAM?$AAU?$AAX?$AA1?$AA4?$AA?$AA@ 10001d58     shell.obj
 0001:00000d90       ??_C@_1DK@PKNFDPFA@?$AAP?$AAR?$AAC?$AAM?$AA_?$AAC?$AAO?$AAR?$AAE?$AA_?$AAS?$AAR?$AAA?$AAM?$AAA?$AAG?$AAO?$AAO?$AAD?$AAO?$AAU?$AAT?$AA_?$AAM?$AAU?$AAX?$AA1?$AA4?$AA?$AA@ 10001d90     shell.obj
 0001:00000dcc       ??_C@_1DO@MLOFHHKK@?$AAP?$AAR?$AAC?$AAM?$AA_?$AAI?$AAV?$AAA?$AA2?$AA_?$AAS?$AAR?$AAA?$AAM?$AAR?$AAE?$AAT?$AAG?$AAO?$AAO?$AAD?$AAO?$AAU?$AAT?$AA_?$AAM?$AAU?$AAX?$AA1?$AA4?$AA?$AA@ 10001dcc     shell.obj
 0001:00000e0c       ??_C@_1DG@DLPIIKCA@?$AAP?$AAR?$AAC?$AAM?$AA_?$AAI?$AAV?$AAA?$AA2?$AA_?$AAP?$AAO?$AAW?$AAE?$AAR?$AA_?$AAG?$AAO?$AAO?$AAD?$AA_?$AAM?$AAU?$AAX?$AA1?$AA4?$AA?$AA@ 10001e0c     shell.obj
 0001:00000e44       ??_C@_1DE@EKJBFADM@?$AAP?$AAR?$AAC?$AAM?$AA_?$AAM?$AAP?$AAU?$AA_?$AAP?$AAO?$AAW?$AAE?$AAR?$AA_?$AAG?$AAO?$AAO?$AAD?$AA_?$AAM?$AAU?$AAX?$AA1?$AA4?$AA?$AA@ 10001e44     shell.obj
 0001:00000e78       ??_C@_1BI@EHBMPLFJ@?$AAP?$AAR?$AAC?$AAM?$AA_?$AAI?$AAO?$AA_?$AAI?$AAS?$AAO?$AA?$AA@ 10001e78     shell.obj
 0001:00000e90       ??_C@_1DA@NCACHJPE@?$AAP?$AAR?$AAC?$AAM?$AA_?$AAU?$AAS?$AAB?$AAH?$AAO?$AAS?$AAT?$AA_?$AAd?$AAo?$AAm?$AAa?$AAi?$AAn?$AAI?$AAs?$AAO?$AAn?$AA?$AA@ 10001e90     shell.obj
 0001:00000ec0       ??_C@_1DC@CCEEGEHO@?$AAP?$AAR?$AAC?$AAM?$AA_?$AAv?$AAd?$AAd?$AA2?$AA_?$AAd?$AAo?$AAm?$AAa?$AAi?$AAn?$AA_?$AAi?$AAs?$AA_?$AAg?$AAo?$AAo?$AAd?$AA?$AA@ 10001ec0     shell.obj
 0001:00000ef4       ??_C@_1CM@LEBBONAA@?$AAP?$AAR?$AAC?$AAM?$AA_?$AAD?$AAS?$AAS?$AA_?$AAd?$AAo?$AAm?$AAa?$AAi?$AAn?$AAW?$AAa?$AAk?$AAe?$AAu?$AAp?$AA?$AA@ 10001ef4     shell.obj
 0001:00000f20       ??_C@_1CO@DALCONFG@?$AAP?$AAR?$AAC?$AAM?$AA_?$AAC?$AAO?$AAR?$AAE?$AAL?$AA4?$AA_?$AAd?$AAo?$AAm?$AAa?$AAi?$AAn?$AAI?$AAs?$AAO?$AAn?$AA?$AA@ 10001f20     shell.obj
 0001:00000f50       ??_C@_1CI@JHMBBIGH@?$AAP?$AAR?$AAC?$AAM?$AA_?$AAG?$AAl?$AAb?$AAl?$AAP?$AAw?$AAr?$AAO?$AAn?$AAR?$AAs?$AAt?$AA_?$AAn?$AA?$AA@ 10001f50     shell.obj
 0001:00000f78       ??_C@_1CI@FGHICDGA@?$AAP?$AAR?$AAC?$AAM?$AA_?$AAD?$AAP?$AAL?$AAL?$AA2?$AA_?$AAR?$AAS?$AAT?$AAP?$AAW?$AAR?$AAO?$AAN?$AA?$AA@ 10001f78     shell.obj
 0001:00000fa0       ??_C@_1CM@DANCKEGH@?$AAP?$AAR?$AAC?$AAM?$AA_?$AAC?$AAO?$AAR?$AAE?$AA_?$AAR?$AAS?$AAT?$AAP?$AAW?$AAR?$AAO?$AAN?$AAR?$AAE?$AAT?$AA?$AA@ 10001fa0     shell.obj
 0001:00000fcc       ??_C@_1BO@FDDEMIKG@?$AAP?$AAR?$AAC?$AAM?$AA_?$AAG?$AAP?$AAT?$AA1?$AA_?$AAF?$AAC?$AAL?$AAK?$AA?$AA@ 10001fcc     shell.obj
 0001:00000fec       ??_C@_1CE@IMGPKFII@?$AAP?$AAR?$AAC?$AAM?$AA_?$AAG?$AAP?$AAT?$AA1?$AA_?$AAS?$AAW?$AAA?$AAK?$AAE?$AAU?$AAP?$AA?$AA@ 10001fec     shell.obj
 0001:00001010       ??_C@_1CI@LFIGHDMA@?$AAP?$AAR?$AAC?$AAM?$AA_?$AAU?$AAS?$AAB?$AAT?$AAL?$AAL?$AA_?$AAI?$AAS?$AAO?$AA_?$AAS?$AAA?$AAR?$AA?$AA@ 10002010     shell.obj
 0001:00001038       ??_C@_1CO@GCAIOMAB@?$AAP?$AAR?$AAC?$AAM?$AA_?$AAU?$AAS?$AAB?$AAH?$AAO?$AAS?$AAT?$AA_?$AAS?$AAR?$AAA?$AAM?$AAA?$AAO?$AAN?$AAI?$AAN?$AA?$AA@ 10002038     shell.obj
 0001:00001068       ??_C@_1CM@BPEMOMKK@?$AAP?$AAR?$AAC?$AAM?$AA_?$AAD?$AAP?$AAL?$AAL?$AA4?$AA_?$AAP?$AAO?$AAW?$AAE?$AAR?$AA_?$AAG?$AAO?$AAO?$AAD?$AA?$AA@ 10002068     shell.obj
 0001:00001094       ??_C@_1CG@EMMILJIK@?$AAP?$AAR?$AAC?$AAM?$AA_?$AAE?$AAM?$AAU?$AA_?$AAS?$AAR?$AAA?$AAM?$AAA?$AAO?$AAN?$AAI?$AAN?$AA?$AA@ 10002094     shell.obj
 0001:000010bc       ??_C@_1DE@MOIIGIJK@?$AAP?$AAR?$AAC?$AAM?$AA_?$AAD?$AAS?$AAS?$AA_?$AAP?$AAO?$AAW?$AAE?$AAR?$AA_?$AAG?$AAO?$AAO?$AAD?$AA_?$AAM?$AAU?$AAX?$AA1?$AA3?$AA?$AA@ 100020bc     shell.obj
 0001:000010f0       ??_C@_1CI@NALEGCH@?$AAP?$AAR?$AAC?$AAM?$AA_?$AAN?$AAE?$AAO?$AAN?$AA_?$AAP?$AAO?$AAW?$AAE?$AAR?$AA_?$AAI?$AAS?$AAO?$AA?$AA@ 100020f0     shell.obj
 0001:00001118       ??_C@_1DK@GHACAHOJ@?$AAP?$AAR?$AAC?$AAM?$AA_?$AAC?$AAO?$AAR?$AAE?$AA_?$AAS?$AAR?$AAA?$AAM?$AAA?$AAG?$AAO?$AAO?$AAD?$AAO?$AAU?$AAT?$AA_?$AAM?$AAU?$AAX?$AA1?$AA3?$AA?$AA@ 10002118     shell.obj
 0001:00001154       ??_C@_1DO@FGDCEPBD@?$AAP?$AAR?$AAC?$AAM?$AA_?$AAI?$AAV?$AAA?$AA2?$AA_?$AAS?$AAR?$AAA?$AAM?$AAR?$AAE?$AAT?$AAG?$AAO?$AAO?$AAD?$AAO?$AAU?$AAT?$AA_?$AAM?$AAU?$AAX?$AA1?$AA3?$AA?$AA@ 10002154     shell.obj
 0001:00001194       ??_C@_1DG@KGCPLCJJ@?$AAP?$AAR?$AAC?$AAM?$AA_?$AAI?$AAV?$AAA?$AA2?$AA_?$AAP?$AAO?$AAW?$AAE?$AAR?$AA_?$AAG?$AAO?$AAO?$AAD?$AA_?$AAM?$AAU?$AAX?$AA1?$AA3?$AA?$AA@ 10002194     shell.obj
 0001:000011cc       ??_C@_1DE@NHEGGIIF@?$AAP?$AAR?$AAC?$AAM?$AA_?$AAM?$AAP?$AAU?$AA_?$AAP?$AAO?$AAW?$AAE?$AAR?$AA_?$AAG?$AAO?$AAO?$AAD?$AA_?$AAM?$AAU?$AAX?$AA1?$AA3?$AA?$AA@ 100021cc     shell.obj
 0001:00001200       ??_C@_1BO@OIOCJLDE@?$AAP?$AAR?$AAC?$AAM?$AA_?$AAI?$AAO?$AA_?$AAI?$AAS?$AAO?$AAC?$AAL?$AAK?$AA?$AA@ 10002200     shell.obj
 0001:00001220       ??_C@_1DE@GOMJJKMI@?$AAP?$AAR?$AAC?$AAM?$AA_?$AAU?$AAS?$AAB?$AAH?$AAO?$AAS?$AAT?$AA_?$AAd?$AAo?$AAm?$AAa?$AAi?$AAn?$AAW?$AAa?$AAk?$AAe?$AAu?$AAp?$AA?$AA@ 10002220     shell.obj
 0001:00001254       ??_C@_1CO@NLJHGFEM@?$AAP?$AAR?$AAC?$AAM?$AA_?$AAv?$AAd?$AAd?$AA2?$AA_?$AAd?$AAo?$AAm?$AAa?$AAi?$AAn?$AA_?$AAi?$AAs?$AA_?$AAo?$AAn?$AA?$AA@ 10002254     shell.obj
 0001:00001284       ??_C@_1DA@MBCPKFAE@?$AAP?$AAR?$AAC?$AAM?$AA_?$AAv?$AAd?$AAd?$AA1?$AA_?$AAd?$AAo?$AAm?$AAa?$AAi?$AAn?$AA_?$AAi?$AAs?$AA_?$AAr?$AAe?$AAt?$AA?$AA@ 10002284     shell.obj
 0001:000012b4       ??_C@_1DC@NJHAHGIG@?$AAP?$AAR?$AAC?$AAM?$AA_?$AAC?$AAO?$AAR?$AAE?$AAL?$AA4?$AA_?$AAd?$AAo?$AAm?$AAa?$AAi?$AAn?$AAW?$AAa?$AAk?$AAe?$AAu?$AAp?$AA?$AA@ 100022b4     shell.obj
 0001:000012e8       ??_C@_1CG@CFBNJBAJ@?$AAP?$AAR?$AAC?$AAM?$AA_?$AAG?$AAl?$AAb?$AAl?$AAW?$AAa?$AAr?$AAm?$AAR?$AAs?$AAt?$AA_?$AAn?$AA?$AA@ 100022e8     shell.obj
 0001:00001310       ??_C@_1CI@GPAAIOCA@?$AAP?$AAR?$AAC?$AAM?$AA_?$AAD?$AAP?$AAL?$AAL?$AA1?$AA_?$AAR?$AAS?$AAT?$AAP?$AAW?$AAR?$AAO?$AAN?$AA?$AA@ 10002310     shell.obj
 0001:00001338       ??_C@_1BM@JCNJILPK@?$AAP?$AAR?$AAC?$AAM?$AA_?$AAC?$AAO?$AAR?$AAE?$AA_?$AAR?$AAS?$AAT?$AA?$AA@ 10002338     shell.obj
 0001:00001354       ??_C@_1DA@PDAJOEMB@?$AAP?$AAR?$AAC?$AAM?$AA_?$AAP?$AAE?$AAR?$AA_?$AA3?$AA2?$AAK?$AA_?$AAA?$AAL?$AAW?$AAO?$AAN?$AA_?$AAF?$AAC?$AAL?$AAK?$AA?$AA@ 10002354     shell.obj
 0001:00001384       ??_C@_1DC@OCBGBKAI@?$AAP?$AAR?$AAC?$AAM?$AA_?$AAU?$AAS?$AAB?$AAH?$AAO?$AAS?$AAT?$AA_?$AAR?$AAE?$AAS?$AAT?$AAO?$AAR?$AAE?$AAD?$AAO?$AAN?$AAE?$AA?$AA@ 10002384     shell.obj
 0001:000013b8       ??_C@_1DA@HPBPEIMJ@?$AAP?$AAR?$AAC?$AAM?$AA_?$AAU?$AAS?$AAB?$AAH?$AAO?$AAS?$AAT?$AA_?$AAP?$AAO?$AAW?$AAE?$AAR?$AA_?$AAG?$AAO?$AAO?$AAD?$AA?$AA@ 100023b8     shell.obj
 0001:000013e8       ??_C@_1CK@JDOHAHJJ@?$AAP?$AAR?$AAC?$AAM?$AA_?$AAD?$AAP?$AAL?$AAL?$AA4?$AA_?$AAP?$AAO?$AAW?$AAE?$AAR?$AA_?$AAI?$AAS?$AAO?$AA?$AA@ 100023e8     shell.obj
 0001:00001414       ??_C@_1CI@LMGJICPC@?$AAP?$AAR?$AAC?$AAM?$AA_?$AAE?$AAM?$AAU?$AA_?$AAP?$AAO?$AAW?$AAE?$AAR?$AA_?$AAG?$AAO?$AAO?$AAD?$AA?$AA@ 10002414     shell.obj
 0001:0000143c       ??_C@_1DE@HGDEAPPP@?$AAP?$AAR?$AAC?$AAM?$AA_?$AAD?$AAS?$AAS?$AA_?$AAP?$AAO?$AAW?$AAE?$AAR?$AA_?$AAG?$AAO?$AAO?$AAD?$AA_?$AAM?$AAU?$AAX?$AA1?$AA2?$AA?$AA@ 1000243c     shell.obj
 0001:00001470       ??_C@_1CG@CJOJHPEP@?$AAP?$AAR?$AAC?$AAM?$AA_?$AAN?$AAE?$AAO?$AAN?$AA_?$AAP?$AAO?$AAW?$AAE?$AAR?$AA_?$AAO?$AAN?$AA?$AA@ 10002470     shell.obj
 0001:00001498       ??_C@_1DK@NPLOGAIM@?$AAP?$AAR?$AAC?$AAM?$AA_?$AAC?$AAO?$AAR?$AAE?$AA_?$AAS?$AAR?$AAA?$AAM?$AAA?$AAG?$AAO?$AAO?$AAD?$AAO?$AAU?$AAT?$AA_?$AAM?$AAU?$AAX?$AA1?$AA2?$AA?$AA@ 10002498     shell.obj
 0001:000014d4       ??_C@_1DO@OOIOCIHG@?$AAP?$AAR?$AAC?$AAM?$AA_?$AAI?$AAV?$AAA?$AA2?$AA_?$AAS?$AAR?$AAA?$AAM?$AAR?$AAE?$AAT?$AAG?$AAO?$AAO?$AAD?$AAO?$AAU?$AAT?$AA_?$AAM?$AAU?$AAX?$AA1?$AA2?$AA?$AA@ 100024d4     shell.obj
 0001:00001514       ??_C@_1DG@BOJDNFPM@?$AAP?$AAR?$AAC?$AAM?$AA_?$AAI?$AAV?$AAA?$AA2?$AA_?$AAP?$AAO?$AAW?$AAE?$AAR?$AA_?$AAG?$AAO?$AAO?$AAD?$AA_?$AAM?$AAU?$AAX?$AA1?$AA2?$AA?$AA@ 10002514     shell.obj
 0001:0000154c       ??_C@_1DE@GPPKAPOA@?$AAP?$AAR?$AAC?$AAM?$AA_?$AAM?$AAP?$AAU?$AA_?$AAP?$AAO?$AAW?$AAE?$AAR?$AA_?$AAG?$AAO?$AAO?$AAD?$AA_?$AAM?$AAU?$AAX?$AA1?$AA2?$AA?$AA@ 1000254c     shell.obj
 0001:00001580       ??_C@_1BM@IKEMBLLG@?$AAP?$AAR?$AAC?$AAM?$AA_?$AAI?$AAO?$AA_?$AAW?$AAU?$AAC?$AAL?$AAK?$AA?$AA@ 10002580     shell.obj
 0001:0000159c       ??_C@_1DA@MKNCGFCA@?$AAP?$AAR?$AAC?$AAM?$AA_?$AAc?$AAo?$AAr?$AAe?$AA_?$AAd?$AAo?$AAm?$AAa?$AAi?$AAn?$AA_?$AAi?$AAs?$AA_?$AAo?$AAf?$AAf?$AA?$AA@ 1000259c     shell.obj
 0001:000015cc       ??_C@_1DM@EJGJKBKI@?$AAP?$AAR?$AAC?$AAM?$AA_?$AAc?$AAo?$AAr?$AAe?$AA_?$AAd?$AAo?$AAm?$AAa?$AAi?$AAn?$AA_?$AAi?$AAs?$AA_?$AAr?$AAe?$AAt?$AAe?$AAn?$AAt?$AAi?$AAo?$AAn?$AA?$AA@ 100025cc     shell.obj
 0001:00001608       ??_C@_1DK@NDBHDGPC@?$AAP?$AAR?$AAC?$AAM?$AA_?$AAc?$AAo?$AAr?$AAe?$AA_?$AAd?$AAo?$AAm?$AAa?$AAi?$AAn?$AA_?$AAi?$AAs?$AA_?$AAi?$AAn?$AAa?$AAc?$AAt?$AAi?$AAv?$AAe?$AA?$AA@ 10002608     shell.obj
 0001:00001644       ??_C@_1CI@HOLOMKNK@?$AAP?$AAR?$AAC?$AAM?$AA_?$AAS?$AAG?$AAX?$AA_?$AAd?$AAo?$AAm?$AAa?$AAi?$AAn?$AAI?$AAs?$AAO?$AAn?$AA?$AA@ 10002644     shell.obj
 0001:0000166c       ??_C@_1CA@MAGEKNEK@?$AAP?$AAR?$AAC?$AAM?$AA_?$AAG?$AAl?$AAb?$AAR?$AAs?$AAt?$AAD?$AAa?$AAt?$AAa?$AA?$AA@ 1000266c     shell.obj
 0001:0000168c       ??_C@_1BI@MHOHAMFP@?$AAP?$AAR?$AAC?$AAM?$AA_?$AAS?$AAR?$AA_?$AAR?$AAS?$AAT?$AA?$AA@ 1000268c     shell.obj
 0001:000016a4       ??_C@_1CE@FGBAGBEI@?$AAP?$AAR?$AAC?$AAM?$AA_?$AAI?$AAV?$AAA?$AA2?$AA_?$AAR?$AAS?$AAT?$AAD?$AAO?$AAN?$AAE?$AA?$AA@ 100026a4     shell.obj
 0001:000016c8       ??_C@_1CM@MAIDINPI@?$AAP?$AAR?$AAC?$AAM?$AA_?$AAE?$AAF?$AAU?$AAS?$AAE?$AA_?$AAA?$AAL?$AAW?$AAO?$AAN?$AA_?$AAF?$AAC?$AAL?$AAK?$AA?$AA@ 100026c8     shell.obj
 0001:000016f4       ??_C@_1CI@BKCFDMFL@?$AAP?$AAR?$AAC?$AAM?$AA_?$AAW?$AAA?$AAI?$AAT?$AAI?$AAN?$AAR?$AAE?$AAS?$AAE?$AAT?$AA_?$AAW?$AAK?$AA?$AA@ 100026f4     shell.obj
 0001:0000171c       ??_C@_1DE@CFGFPIFF@?$AAP?$AAR?$AAC?$AAM?$AA_?$AAU?$AAS?$AAB?$AAH?$AAO?$AAS?$AAT?$AA_?$AAS?$AAT?$AAA?$AAR?$AAT?$AAR?$AAE?$AAS?$AAT?$AAO?$AAR?$AAE?$AA?$AA@ 1000271c     shell.obj
 0001:00001750       ??_C@_1CO@NKFKIKBB@?$AAP?$AAR?$AAC?$AAM?$AA_?$AAU?$AAS?$AAB?$AAH?$AAO?$AAS?$AAT?$AA_?$AAP?$AAO?$AAW?$AAE?$AAR?$AA_?$AAI?$AAS?$AAO?$AA?$AA@ 10002750     shell.obj
 0001:00001780       ??_C@_1CI@PFKOJOJH@?$AAP?$AAR?$AAC?$AAM?$AA_?$AAD?$AAP?$AAL?$AAL?$AA4?$AA_?$AAP?$AAO?$AAW?$AAE?$AAR?$AA_?$AAO?$AAN?$AA?$AA@ 10002780     shell.obj
 0001:000017a8       ??_C@_1CG@PEJKNPJK@?$AAP?$AAR?$AAC?$AAM?$AA_?$AAE?$AAM?$AAU?$AA_?$AAP?$AAO?$AAW?$AAE?$AAR?$AA_?$AAI?$AAS?$AAO?$AA?$AA@ 100027a8     shell.obj
 0001:000017d0       ??_C@_1DE@GEIBKABB@?$AAP?$AAR?$AAC?$AAM?$AA_?$AAD?$AAS?$AAS?$AA_?$AAP?$AAO?$AAW?$AAE?$AAR?$AA_?$AAG?$AAO?$AAO?$AAD?$AA_?$AAM?$AAU?$AAX?$AA1?$AA1?$AA?$AA@ 100027d0     shell.obj
 0001:00001804       ??_C@_1DO@EIMFLOFK@?$AAP?$AAR?$AAC?$AAM?$AA_?$AAC?$AAO?$AAR?$AAE?$AA_?$AAS?$AAR?$AAA?$AAM?$AAR?$AAE?$AAT?$AAG?$AAO?$AAO?$AAD?$AAO?$AAU?$AAT?$AA_?$AAM?$AAU?$AAX?$AA1?$AA1?$AA?$AA@ 10002804     shell.obj
 0001:00001844       ??_C@_1DE@FODEJGFK@?$AAP?$AAR?$AAC?$AAM?$AA_?$AAC?$AAO?$AAR?$AAE?$AA_?$AAS?$AAR?$AAA?$AAM?$AAA?$AAO?$AAN?$AAI?$AAN?$AA_?$AAM?$AAU?$AAX?$AA1?$AA1?$AA?$AA@ 10002844     shell.obj
 0001:00001878       ??_C@_1DI@EADIAHHJ@?$AAP?$AAR?$AAC?$AAM?$AA_?$AAI?$AAV?$AAA?$AA2?$AA_?$AAS?$AAR?$AAA?$AAM?$AAR?$AAE?$AAT?$AAO?$AAN?$AAI?$AAN?$AA_?$AAM?$AAU?$AAX?$AA1?$AA1?$AA?$AA@ 10002878     shell.obj
 0001:000018b0       ??_C@_1DG@MCGHKBC@?$AAP?$AAR?$AAC?$AAM?$AA_?$AAI?$AAV?$AAA?$AA2?$AA_?$AAP?$AAO?$AAW?$AAE?$AAR?$AA_?$AAG?$AAO?$AAO?$AAD?$AA_?$AAM?$AAU?$AAX?$AA1?$AA1?$AA?$AA@ 100028b0     shell.obj
 0001:000018e8       ??_C@_1DE@HNEPKAAO@?$AAP?$AAR?$AAC?$AAM?$AA_?$AAM?$AAP?$AAU?$AA_?$AAP?$AAO?$AAW?$AAE?$AAR?$AA_?$AAG?$AAO?$AAO?$AAD?$AA_?$AAM?$AAU?$AAX?$AA1?$AA1?$AA?$AA@ 100028e8     shell.obj
 0001:0000191c       ??_C@_1CI@PPGLADOI@?$AAP?$AAR?$AAC?$AAM?$AA_?$AAG?$AAL?$AAO?$AAB?$AAA?$AAL?$AA_?$AAW?$AAK?$AAU?$AAP?$AA_?$AAe?$AAn?$AA?$AA@ 1000291c     shell.obj
 0001:00001944       ??_C@_1CC@IMLCLAHH@?$AAP?$AAR?$AAC?$AAM?$AA_?$AAP?$AAR?$AAM?$AA2?$AAM?$AAP?$AAU?$AA_?$AAI?$AAR?$AAQ?$AA?$AA@ 10002944     shell.obj
 0001:00001968       ??_C@_1CO@KJGEBCFG@?$AAP?$AAR?$AAC?$AAM?$AA_?$AAv?$AAd?$AAd?$AA1?$AA_?$AAd?$AAo?$AAm?$AAa?$AAi?$AAn?$AA_?$AAi?$AAs?$AA_?$AAl?$AAp?$AA?$AA@ 10002968     shell.obj
 0001:00001998       ??_C@_1DA@FKBFGMEE@?$AAP?$AAR?$AAC?$AAM?$AA_?$AAv?$AAd?$AAd?$AA1?$AA_?$AAd?$AAo?$AAm?$AAa?$AAi?$AAn?$AA_?$AAi?$AAs?$AA_?$AAo?$AAf?$AAf?$AA?$AA@ 10002998     shell.obj
 0001:000019c8       ??_C@_1CM@HOCMAMPL@?$AAP?$AAR?$AAC?$AAM?$AA_?$AAS?$AAG?$AAX?$AA_?$AAd?$AAo?$AAm?$AAa?$AAi?$AAn?$AAW?$AAa?$AAk?$AAe?$AAu?$AAp?$AA?$AA@ 100029c8     shell.obj
 0001:000019f4       ??_C@_1CG@PMKFHOLO@?$AAP?$AAR?$AAC?$AAM?$AA_?$AAD?$AAP?$AAL?$AAL?$AA3?$AA_?$AAr?$AAs?$AAt?$AAd?$AAa?$AAt?$AAa?$AA?$AA@ 100029f4     shell.obj
 0001:00001a1c       ??_C@_1CI@HOBMHOFE@?$AAP?$AAR?$AAC?$AAM?$AA_?$AAE?$AAF?$AAU?$AAS?$AAE?$AA_?$AAR?$AAS?$AAT?$AAP?$AAW?$AAR?$AAO?$AAN?$AA?$AA@ 10002a1c     shell.obj
 0001:00001a44       ??_C@_1CG@MIDGPNEA@?$AAP?$AAR?$AAC?$AAM?$AA_?$AAI?$AAV?$AAA?$AA2?$AA_?$AAR?$AAS?$AAT?$AAP?$AAW?$AAR?$AAO?$AAN?$AA?$AA@ 10002a44     shell.obj
 0001:00001a6c       ??_C@_1CK@HHBFNGO@?$AAP?$AAR?$AAC?$AAM?$AA_?$AAD?$AAS?$AAS?$AA2?$AA_?$AAA?$AAL?$AAW?$AAO?$AAN?$AA_?$AAF?$AAC?$AAL?$AAK?$AA?$AA@ 10002a6c     shell.obj
 0001:00001a98       ??_C@_1CG@EDPGHILA@?$AAP?$AAR?$AAC?$AAM?$AA_?$AAG?$AAP?$AAI?$AAO?$AA1?$AA_?$AAS?$AAW?$AAA?$AAK?$AAE?$AAU?$AAP?$AA?$AA@ 10002a98     shell.obj
 0001:00001ac0       ??_C@_1CM@JJAGMEGL@?$AAP?$AAR?$AAC?$AAM?$AA_?$AAU?$AAS?$AAB?$AAH?$AAO?$AAS?$AAT?$AA_?$AAS?$AAA?$AAV?$AAE?$AAD?$AAO?$AAN?$AAE?$AA?$AA@ 10002ac0     shell.obj
 0001:00001aec       ??_C@_1CM@IEFLJKPE@?$AAP?$AAR?$AAC?$AAM?$AA_?$AAU?$AAS?$AAB?$AAH?$AAO?$AAS?$AAT?$AA_?$AAP?$AAO?$AAW?$AAE?$AAR?$AA_?$AAO?$AAN?$AA?$AA@ 10002aec     shell.obj
 0001:00001b18       ??_C@_1CM@MHIPJHIM@?$AAP?$AAR?$AAC?$AAM?$AA_?$AAD?$AAP?$AAL?$AAL?$AA3?$AA_?$AAP?$AAO?$AAW?$AAE?$AAR?$AA_?$AAG?$AAO?$AAO?$AAD?$AA?$AA@ 10002b18     shell.obj
 0001:00001b44       ??_C@_1CE@GNIDHNHH@?$AAP?$AAR?$AAC?$AAM?$AA_?$AAE?$AAM?$AAU?$AA_?$AAP?$AAO?$AAW?$AAE?$AAR?$AA_?$AAO?$AAN?$AA?$AA@ 10002b44     shell.obj
 0001:00001b68       ??_C@_1DE@NMDNMHHE@?$AAP?$AAR?$AAC?$AAM?$AA_?$AAD?$AAS?$AAS?$AA_?$AAP?$AAO?$AAW?$AAE?$AAR?$AA_?$AAG?$AAO?$AAO?$AAD?$AA_?$AAM?$AAU?$AAX?$AA1?$AA0?$AA?$AA@ 10002b68     shell.obj
 0001:00001b9c       ??_C@_1DO@PAHJNJDP@?$AAP?$AAR?$AAC?$AAM?$AA_?$AAC?$AAO?$AAR?$AAE?$AA_?$AAS?$AAR?$AAA?$AAM?$AAR?$AAE?$AAT?$AAG?$AAO?$AAO?$AAD?$AAO?$AAU?$AAT?$AA_?$AAM?$AAU?$AAX?$AA1?$AA0?$AA?$AA@ 10002b9c     shell.obj
 0001:00001bdc       ??_C@_1DE@OGIIPBDP@?$AAP?$AAR?$AAC?$AAM?$AA_?$AAC?$AAO?$AAR?$AAE?$AA_?$AAS?$AAR?$AAA?$AAM?$AAA?$AAO?$AAN?$AAI?$AAN?$AA_?$AAM?$AAU?$AAX?$AA1?$AA0?$AA?$AA@ 10002bdc     shell.obj
 0001:00001c10       ??_C@_1DI@PIIEGABM@?$AAP?$AAR?$AAC?$AAM?$AA_?$AAI?$AAV?$AAA?$AA2?$AA_?$AAS?$AAR?$AAA?$AAM?$AAR?$AAE?$AAT?$AAO?$AAN?$AAI?$AAN?$AA_?$AAM?$AAU?$AAX?$AA1?$AA0?$AA?$AA@ 10002c10     shell.obj
 0001:00001c48       ??_C@_1DG@LEJKBNHH@?$AAP?$AAR?$AAC?$AAM?$AA_?$AAI?$AAV?$AAA?$AA2?$AA_?$AAP?$AAO?$AAW?$AAE?$AAR?$AA_?$AAG?$AAO?$AAO?$AAD?$AA_?$AAM?$AAU?$AAX?$AA1?$AA0?$AA?$AA@ 10002c48     shell.obj
 0001:00001c80       ??_C@_1CG@MLMHHBPP@?$AAP?$AAR?$AAC?$AAM?$AA_?$AAM?$AAP?$AAU?$AA_?$AAP?$AAO?$AAW?$AAE?$AAR?$AA_?$AAI?$AAS?$AAO?$AA?$AA@ 10002c80     shell.obj
 0001:00001ca8       ??_C@_1CG@NPEHKJNL@?$AAP?$AAR?$AAC?$AAM?$AA_?$AAP?$AAA?$AAD?$AAS?$AA_?$AAO?$AAF?$AAF?$AA_?$AAm?$AAo?$AAd?$AAe?$AA?$AA@ 10002ca8     shell.obj
 0001:00001cd0       ??_C@_1CO@IFOFEKCM@?$AAP?$AAR?$AAC?$AAM?$AA_?$AAs?$AAg?$AAx?$AA_?$AAd?$AAo?$AAm?$AAa?$AAi?$AAn?$AA_?$AAi?$AAs?$AA_?$AAo?$AAf?$AAf?$AA?$AA@ 10002cd0     shell.obj
 0001:00001d00       ??_C@_1DK@NCADMCKP@?$AAP?$AAR?$AAC?$AAM?$AA_?$AAs?$AAg?$AAx?$AA_?$AAd?$AAo?$AAm?$AAa?$AAi?$AAn?$AA_?$AAi?$AAs?$AA_?$AAr?$AAe?$AAt?$AAe?$AAn?$AAt?$AAi?$AAo?$AAn?$AA?$AA@ 10002d00     shell.obj
 0001:00001d3c       ??_C@_1DI@KJCIMEPK@?$AAP?$AAR?$AAC?$AAM?$AA_?$AAs?$AAg?$AAx?$AA_?$AAd?$AAo?$AAm?$AAa?$AAi?$AAn?$AA_?$AAi?$AAs?$AA_?$AAi?$AAn?$AAa?$AAc?$AAt?$AAi?$AAv?$AAe?$AA?$AA@ 10002d3c     shell.obj
 0001:00001d74       ??_C@_1CO@OIHBJGHA@?$AAP?$AAR?$AAC?$AAM?$AA_?$AAC?$AAO?$AAR?$AAE?$AAL?$AA3?$AA_?$AAd?$AAo?$AAm?$AAa?$AAi?$AAn?$AAI?$AAs?$AAO?$AAn?$AA?$AA@ 10002d74     shell.obj
 0001:00001da4       ??_C@_1CI@MCDCHDGG@?$AAP?$AAR?$AAC?$AAM?$AA_?$AAC?$AAM?$AA_?$AAR?$AAS?$AAT?$AAP?$AAW?$AAR?$AAO?$AAN?$AAR?$AAE?$AAT?$AA?$AA@ 10002da4     shell.obj
 0001:00001dcc       ??_C@_1CE@LMKEJKAA@?$AAP?$AAR?$AAC?$AAM?$AA_?$AAE?$AAM?$AAU?$AA_?$AAR?$AAS?$AAT?$AAP?$AAW?$AAR?$AAO?$AAN?$AA?$AA@ 10002dcc     shell.obj
 0001:00001df0       ??_C@_1BO@LHFPOBCL@?$AAP?$AAR?$AAC?$AAM?$AA_?$AAI?$AAV?$AAA?$AA2?$AA_?$AAR?$AAS?$AAT?$AA3?$AA?$AA@ 10002df0     shell.obj
 0001:00001e10       ??_C@_1DA@FIFMGCKB@?$AAP?$AAR?$AAC?$AAM?$AA_?$AAF?$AAU?$AAN?$AAC?$AA_?$AA9?$AA6?$AAM?$AA_?$AAA?$AAL?$AAW?$AAO?$AAN?$AA_?$AAC?$AAL?$AAK?$AA?$AA@ 10002e10     shell.obj
 0001:00001e40       ??_C@_1CI@PBFADKEP@?$AAP?$AAR?$AAC?$AAM?$AA_?$AAU?$AAS?$AAB?$AAT?$AAL?$AAL?$AA_?$AAS?$AAW?$AAA?$AAK?$AAE?$AAU?$AAP?$AA?$AA@ 10002e40     shell.obj
 0001:00001e68       ??_C@_1CO@JNKAGHH@?$AAP?$AAR?$AAC?$AAM?$AA_?$AAU?$AAS?$AAB?$AAH?$AAO?$AAS?$AAT?$AA_?$AAS?$AAT?$AAA?$AAR?$AAT?$AAS?$AAA?$AAV?$AAE?$AA?$AA@ 10002e68     shell.obj
 0001:00001e98       ??_C@_1DA@KIKLMODH@?$AAP?$AAR?$AAC?$AAM?$AA_?$AAP?$AAE?$AAR?$AA_?$AAS?$AAR?$AAA?$AAM?$AAR?$AAE?$AAT?$AAG?$AAO?$AAO?$AAD?$AAO?$AAU?$AAT?$AA?$AA@ 10002e98     shell.obj
 0001:00001ec8       ??_C@_1CK@KCPPDAOO@?$AAP?$AAR?$AAC?$AAM?$AA_?$AAD?$AAP?$AAL?$AAL?$AA3?$AA_?$AAP?$AAO?$AAW?$AAE?$AAR?$AA_?$AAI?$AAS?$AAO?$AA?$AA@ 10002ec8     shell.obj
 0001:00001ef4       ??_C@_1DA@ENPLEEHK@?$AAP?$AAR?$AAC?$AAM?$AA_?$AAC?$AAA?$AAM?$AA_?$AAS?$AAR?$AAA?$AAM?$AAR?$AAE?$AAT?$AAG?$AAO?$AAO?$AAD?$AAO?$AAU?$AAT?$AA?$AA@ 10002ef4     shell.obj
 0001:00001f24       ??_C@_1CG@IFLHNLKC@?$AAP?$AAR?$AAC?$AAM?$AA_?$AAD?$AAS?$AAS?$AA_?$AAP?$AAO?$AAW?$AAE?$AAR?$AA_?$AAI?$AAS?$AAO?$AA?$AA@ 10002f24     shell.obj
 0001:00001f4c       ??_C@_1DM@IMMIBOFM@?$AAP?$AAR?$AAC?$AAM?$AA_?$AAC?$AAO?$AAR?$AAE?$AA_?$AAS?$AAR?$AAA?$AAM?$AAR?$AAE?$AAT?$AAG?$AAO?$AAO?$AAD?$AAO?$AAU?$AAT?$AA_?$AAM?$AAU?$AAX?$AA9?$AA?$AA@ 10002f4c     shell.obj
 0001:00001f88       ??_C@_1DC@LJPKGONJ@?$AAP?$AAR?$AAC?$AAM?$AA_?$AAC?$AAO?$AAR?$AAE?$AA_?$AAS?$AAR?$AAA?$AAM?$AAA?$AAO?$AAN?$AAI?$AAN?$AA_?$AAM?$AAU?$AAX?$AA9?$AA?$AA@ 10002f88     shell.obj
 0001:00001fbc       ??_C@_1DG@LHNLMCFD@?$AAP?$AAR?$AAC?$AAM?$AA_?$AAI?$AAV?$AAA?$AA2?$AA_?$AAS?$AAR?$AAA?$AAM?$AAR?$AAE?$AAT?$AAO?$AAN?$AAI?$AAN?$AA_?$AAM?$AAU?$AAX?$AA9?$AA?$AA@ 10002fbc     shell.obj
 0001:00001ff4       ??_C@_1DE@NNNOHFFC@?$AAP?$AAR?$AAC?$AAM?$AA_?$AAI?$AAV?$AAA?$AA2?$AA_?$AAP?$AAO?$AAW?$AAE?$AAR?$AA_?$AAG?$AAO?$AAO?$AAD?$AA_?$AAM?$AAU?$AAX?$AA9?$AA?$AA@ 10002ff4     shell.obj
 0001:00002028       ??_C@_1CE@HNOPOIDA@?$AAP?$AAR?$AAC?$AAM?$AA_?$AAM?$AAP?$AAU?$AA_?$AAP?$AAO?$AAW?$AAE?$AAR?$AA_?$AAO?$AAN?$AA?$AA@ 10003028     shell.obj
 0001:0000204c       ??_C@_1CG@CMLCABKE@?$AAP?$AAR?$AAC?$AAM?$AA_?$AAD?$AAe?$AAv?$AAi?$AAc?$AAe?$AA_?$AAw?$AAa?$AAk?$AAe?$AAu?$AAp?$AA?$AA@ 1000304c     shell.obj
 0001:00002074       ??_C@_1DA@NKEFHDME@?$AAP?$AAR?$AAC?$AAM?$AA_?$AAv?$AAd?$AAd?$AA4?$AA_?$AAd?$AAo?$AAm?$AAa?$AAi?$AAn?$AA_?$AAi?$AAs?$AA_?$AAo?$AAf?$AAf?$AA?$AA@ 10003074     shell.obj
 0001:000020a4       ??_C@_1DE@EKAJKKPC@?$AAP?$AAR?$AAC?$AAM?$AA_?$AAv?$AAd?$AAd?$AA1?$AA_?$AAd?$AAo?$AAm?$AAa?$AAi?$AAn?$AA_?$AAi?$AAs?$AA_?$AAs?$AAl?$AAe?$AAe?$AAp?$AA?$AA@ 100030a4     shell.obj
 0001:000020d8       ??_C@_1DC@EPMCJHCE@?$AAP?$AAR?$AAC?$AAM?$AA_?$AAv?$AAd?$AAd?$AA1?$AA_?$AAd?$AAo?$AAm?$AAa?$AAi?$AAn?$AA_?$AAi?$AAs?$AA_?$AAg?$AAo?$AAo?$AAd?$AA?$AA@ 100030d8     shell.obj
 0001:0000210c       ??_C@_1DC@GMFCNPLO@?$AAP?$AAR?$AAC?$AAM?$AA_?$AAC?$AAO?$AAR?$AAE?$AAL?$AA3?$AA_?$AAd?$AAo?$AAm?$AAa?$AAi?$AAn?$AAW?$AAa?$AAk?$AAe?$AAu?$AAp?$AA?$AA@ 1000310c     shell.obj
 0001:00002140       ??_C@_1CK@HEEGGAKL@?$AAP?$AAR?$AAC?$AAM?$AA_?$AAV?$AAD?$AAD?$AA2?$AA_?$AAV?$AAO?$AAL?$AAC?$AAO?$AAN?$AA_?$AAR?$AAS?$AAT?$AA?$AA@ 10003140     shell.obj
 0001:0000216c       ??_C@_1BK@DLAMNOLF@?$AAP?$AAR?$AAC?$AAM?$AA_?$AAE?$AAM?$AAU?$AA_?$AAR?$AAS?$AAT?$AA?$AA@ 1000316c     shell.obj
 0001:00002188       ??_C@_1BO@PODIGEO@?$AAP?$AAR?$AAC?$AAM?$AA_?$AAI?$AAV?$AAA?$AA2?$AA_?$AAR?$AAS?$AAT?$AA2?$AA?$AA@ 10003188     shell.obj
 0001:000021a8       ??_C@_1CK@HIHEHNBF@?$AAP?$AAR?$AAC?$AAM?$AA_?$AAU?$AAS?$AAB?$AAT?$AAL?$AAL?$AA_?$AAS?$AAA?$AAR?$AA_?$AAF?$AAC?$AAL?$AAK?$AA?$AA@ 100031a8     shell.obj
 0001:000021d4       ??_C@_1CG@EDEAHMMI@?$AAP?$AAR?$AAC?$AAM?$AA_?$AAG?$AAP?$AAT?$AA1?$AA0?$AA_?$AAS?$AAW?$AAA?$AAK?$AAE?$AAU?$AAP?$AA?$AA@ 100031d4     shell.obj
 0001:000021fc       ??_C@_1CK@HKOIIHFD@?$AAP?$AAR?$AAC?$AAM?$AA_?$AAU?$AAS?$AAB?$AAH?$AAO?$AAS?$AAT?$AA_?$AAI?$AAS?$AAO?$AA_?$AAS?$AAA?$AAR?$AA?$AA@ 100031fc     shell.obj
 0001:00002228       ??_C@_1CK@DACBAOIB@?$AAP?$AAR?$AAC?$AAM?$AA_?$AAP?$AAE?$AAR?$AA_?$AAS?$AAR?$AAA?$AAM?$AAR?$AAE?$AAT?$AAO?$AAN?$AAI?$AAN?$AA?$AA@ 10003228     shell.obj
 0001:00002254       ??_C@_1CI@JAHHKANH@?$AAP?$AAR?$AAC?$AAM?$AA_?$AAD?$AAP?$AAL?$AAL?$AA3?$AA_?$AAP?$AAO?$AAW?$AAE?$AAR?$AA_?$AAO?$AAN?$AA?$AA@ 10003254     shell.obj
 0001:0000227c       ??_C@_1CK@HBNCOJM@?$AAP?$AAR?$AAC?$AAM?$AA_?$AAC?$AAA?$AAM?$AA_?$AAS?$AAR?$AAA?$AAM?$AAR?$AAE?$AAT?$AAO?$AAN?$AAI?$AAN?$AA?$AA@ 1000327c     shell.obj
 0001:000022a8       ??_C@_1CE@OFDEJALD@?$AAP?$AAR?$AAC?$AAM?$AA_?$AAD?$AAS?$AAS?$AA_?$AAP?$AAO?$AAW?$AAE?$AAR?$AA_?$AAO?$AAN?$AA?$AA@ 100032a8     shell.obj
 0001:000022cc       ??_C@_1DM@DEHEHJDJ@?$AAP?$AAR?$AAC?$AAM?$AA_?$AAC?$AAO?$AAR?$AAE?$AA_?$AAS?$AAR?$AAA?$AAM?$AAR?$AAE?$AAT?$AAG?$AAO?$AAO?$AAD?$AAO?$AAU?$AAT?$AA_?$AAM?$AAU?$AAX?$AA8?$AA?$AA@ 100032cc     shell.obj
 0001:00002308       ??_C@_1DC@BEGAJLM@?$AAP?$AAR?$AAC?$AAM?$AA_?$AAC?$AAO?$AAR?$AAE?$AA_?$AAS?$AAR?$AAA?$AAM?$AAA?$AAO?$AAN?$AAI?$AAN?$AA_?$AAM?$AAU?$AAX?$AA8?$AA?$AA@ 10003308     shell.obj
 0001:0000233c       ??_C@_1DG@PGHKFDG@?$AAP?$AAR?$AAC?$AAM?$AA_?$AAI?$AAV?$AAA?$AA2?$AA_?$AAS?$AAR?$AAA?$AAM?$AAR?$AAE?$AAT?$AAO?$AAN?$AAI?$AAN?$AA_?$AAM?$AAU?$AAX?$AA8?$AA?$AA@ 1000333c     shell.obj
 0001:00002374       ??_C@_1CI@NHDFBAPG@?$AAP?$AAR?$AAC?$AAM?$AA_?$AAI?$AAV?$AAA?$AA2?$AA_?$AAP?$AAO?$AAW?$AAE?$AAR?$AA_?$AAI?$AAS?$AAO?$AA?$AA@ 10003374     shell.obj
 0001:0000239c       ??_C@_1CK@HBOGJNML@?$AAP?$AAR?$AAC?$AAM?$AA_?$AAS?$AAR?$AAA?$AAM?$AAA?$AAL?$AAL?$AAO?$AAF?$AAF?$AA_?$AAM?$AAU?$AAX?$AA8?$AA?$AA@ 1000339c     shell.obj
 0001:000023c8       ??_C@_1DA@CBNLEIPF@?$AAP?$AAR?$AAC?$AAM?$AA_?$AAi?$AAv?$AAa?$AA2?$AA_?$AAd?$AAo?$AAm?$AAa?$AAi?$AAn?$AA_?$AAi?$AAs?$AA_?$AAo?$AAf?$AAf?$AA?$AA@ 100033c8     shell.obj
 0001:000023f8       ??_C@_1DM@IEAIBFHI@?$AAP?$AAR?$AAC?$AAM?$AA_?$AAi?$AAv?$AAa?$AA2?$AA_?$AAd?$AAo?$AAm?$AAa?$AAi?$AAn?$AA_?$AAi?$AAs?$AA_?$AAr?$AAe?$AAt?$AAe?$AAn?$AAt?$AAi?$AAo?$AAn?$AA?$AA@ 100033f8     shell.obj
 0001:00002434       ??_C@_1DK@HHJPOMN@?$AAP?$AAR?$AAC?$AAM?$AA_?$AAi?$AAv?$AAa?$AA2?$AA_?$AAd?$AAo?$AAm?$AAa?$AAi?$AAn?$AA_?$AAi?$AAs?$AA_?$AAi?$AAn?$AAa?$AAc?$AAt?$AAi?$AAv?$AAe?$AA?$AA@ 10003434     shell.obj
 0001:00002470       ??_C@_1CK@NDOHGLOK@?$AAP?$AAR?$AAC?$AAM?$AA_?$AAI?$AAV?$AAA?$AA2?$AA_?$AAd?$AAo?$AAm?$AAa?$AAi?$AAn?$AAI?$AAs?$AAO?$AAn?$AA?$AA@ 10003470     shell.obj
 0001:0000249c       ??_C@_1CK@IGBBINFD@?$AAP?$AAR?$AAC?$AAM?$AA_?$AAV?$AAD?$AAD?$AA1?$AA_?$AAV?$AAO?$AAL?$AAC?$AAO?$AAN?$AA_?$AAR?$AAS?$AAT?$AA?$AA@ 1000349c     shell.obj
 0001:000024c8       ??_C@_1CG@JDGEBFFN@?$AAP?$AAR?$AAC?$AAM?$AA_?$AAW?$AAK?$AAU?$AAP?$AA_?$AAR?$AAS?$AAT?$AAP?$AAW?$AAR?$AAO?$AAN?$AA?$AA@ 100034c8     shell.obj
 0001:000024f0       ??_C@_1BM@DFBLBGAE@?$AAP?$AAR?$AAC?$AAM?$AA_?$AAN?$AAE?$AAO?$AAN?$AA_?$AAR?$AAS?$AAT?$AA?$AA@ 100034f0     shell.obj
 0001:0000250c       ??_C@_1CO@FCLMIPLE@?$AAP?$AAR?$AAC?$AAM?$AA_?$AAU?$AAS?$AAB?$AAT?$AAH?$AAO?$AAS?$AAT?$AA_?$AAS?$AAA?$AAR?$AA_?$AAF?$AAC?$AAL?$AAK?$AA?$AA@ 1000350c     shell.obj
 0001:0000253c       ??_C@_1CG@KDJFJDOF@?$AAP?$AAR?$AAC?$AAM?$AA_?$AAU?$AAS?$AAB?$AAH?$AAS?$AA_?$AAS?$AAW?$AAA?$AAK?$AAE?$AAU?$AAP?$AA?$AA@ 1000353c     shell.obj
 0001:00002564       ??_C@_1CG@IHNABLHO@?$AAP?$AAR?$AAC?$AAM?$AA_?$AAA?$AAc?$AAt?$AAL?$AAi?$AAk?$AAe?$AAS?$AAe?$AAc?$AAu?$AAr?$AAe?$AA?$AA@ 10003564     shell.obj
 0001:0000258c       ??_C@_1CM@FDBMOEFH@?$AAP?$AAR?$AAC?$AAM?$AA_?$AAP?$AAE?$AAR?$AA_?$AAS?$AAR?$AAA?$AAM?$AAA?$AAG?$AAO?$AAO?$AAD?$AAO?$AAU?$AAT?$AA?$AA@ 1000358c     shell.obj
 0001:000025b8       ??_C@_1CM@CAJCDBBL@?$AAP?$AAR?$AAC?$AAM?$AA_?$AAD?$AAP?$AAL?$AAL?$AA2?$AA_?$AAP?$AAO?$AAW?$AAE?$AAR?$AA_?$AAG?$AAO?$AAO?$AAD?$AA?$AA@ 100035b8     shell.obj
 0001:000025e4       ??_C@_1CM@JHBOJPLP@?$AAP?$AAR?$AAC?$AAM?$AA_?$AAC?$AAA?$AAM?$AA_?$AAS?$AAR?$AAA?$AAM?$AAA?$AAG?$AAO?$AAO?$AAD?$AAO?$AAU?$AAT?$AA?$AA@ 100035e4     shell.obj
 0001:00002610       ??_C@_1DA@KCLEEMKG@?$AAP?$AAR?$AAC?$AAM?$AA_?$AAS?$AAG?$AAX?$AA_?$AAS?$AAR?$AAA?$AAM?$AAR?$AAE?$AAT?$AAG?$AAO?$AAO?$AAD?$AAO?$AAU?$AAT?$AA?$AA@ 10003610     shell.obj
 0001:00002640       ??_C@_1DM@GMBHGJGP@?$AAP?$AAR?$AAC?$AAM?$AA_?$AAC?$AAO?$AAR?$AAE?$AA_?$AAS?$AAR?$AAA?$AAM?$AAR?$AAE?$AAT?$AAG?$AAO?$AAO?$AAD?$AAO?$AAU?$AAT?$AA_?$AAM?$AAU?$AAX?$AA7?$AA?$AA@ 10003640     shell.obj
 0001:0000267c       ??_C@_1DC@FJCFBJOK@?$AAP?$AAR?$AAC?$AAM?$AA_?$AAC?$AAO?$AAR?$AAE?$AA_?$AAS?$AAR?$AAA?$AAM?$AAA?$AAO?$AAN?$AAI?$AAN?$AA_?$AAM?$AAU?$AAX?$AA7?$AA?$AA@ 1000367c     shell.obj
 0001:000026b0       ??_C@_1DG@FHAELFGA@?$AAP?$AAR?$AAC?$AAM?$AA_?$AAI?$AAV?$AAA?$AA2?$AA_?$AAS?$AAR?$AAA?$AAM?$AAR?$AAE?$AAT?$AAO?$AAN?$AAI?$AAN?$AA_?$AAM?$AAU?$AAX?$AA7?$AA?$AA@ 100036b0     shell.obj
 0001:000026e8       ??_C@_1CG@BJBBBKDH@?$AAP?$AAR?$AAC?$AAM?$AA_?$AAI?$AAV?$AAA?$AA2?$AA_?$AAP?$AAO?$AAW?$AAE?$AAR?$AA_?$AAO?$AAN?$AA?$AA@ 100036e8     shell.obj
 0001:00002710       ??_C@_1CK@CJIFINJN@?$AAP?$AAR?$AAC?$AAM?$AA_?$AAS?$AAR?$AAA?$AAM?$AAA?$AAL?$AAL?$AAO?$AAF?$AAF?$AA_?$AAM?$AAU?$AAX?$AA7?$AA?$AA@ 10003710     shell.obj
 0001:0000273c       ??_C@_1DG@IJHFCFPF@?$AAP?$AAR?$AAC?$AAM?$AA_?$AAu?$AAs?$AAb?$AAh?$AAo?$AAs?$AAt?$AA_?$AAd?$AAo?$AAm?$AAa?$AAi?$AAn?$AA_?$AAi?$AAs?$AA_?$AAo?$AAf?$AAf?$AA?$AA@ 1000373c     shell.obj
 0001:00002778       ??_C@_1EC@PHKFNENB@?$AAP?$AAR?$AAC?$AAM?$AA_?$AAu?$AAs?$AAb?$AAh?$AAo?$AAs?$AAt?$AA_?$AAd?$AAo?$AAm?$AAa?$AAi?$AAn?$AA_?$AAi?$AAs?$AA_?$AAr?$AAe?$AAt?$AAe?$AAn?$AAt?$AAi?$AAo?$AAn@ 10003778     shell.obj
 0001:000027c0       ??_C@_1EA@GBNGPAIJ@?$AAP?$AAR?$AAC?$AAM?$AA_?$AAu?$AAs?$AAb?$AAh?$AAo?$AAs?$AAt?$AA_?$AAd?$AAo?$AAm?$AAa?$AAi?$AAn?$AA_?$AAi?$AAs?$AA_?$AAi?$AAn?$AAa?$AAc?$AAt?$AAi?$AAv?$AAe?$AA?$AA@ 100037c0     shell.obj
 0001:00002800       ??_C@_1CO@JFKDPKEF@?$AAP?$AAR?$AAC?$AAM?$AA_?$AAI?$AAV?$AAA?$AA2?$AA_?$AAd?$AAo?$AAm?$AAa?$AAi?$AAn?$AAW?$AAa?$AAk?$AAe?$AAu?$AAp?$AA?$AA@ 10003800     shell.obj
 0001:00002830       ??_C@_1CC@JHHCKIAL@?$AAP?$AAR?$AAC?$AAM?$AA_?$AAI?$AAC?$AAE?$AAP?$AAI?$AAC?$AAK?$AA_?$AAR?$AAS?$AAT?$AA?$AA@ 10003830     shell.obj
 0001:00002854       ??_C@_1BM@JCJFHMEP@?$AAP?$AAR?$AAC?$AAM?$AA_?$AAW?$AAK?$AAU?$AAP?$AA_?$AAR?$AAS?$AAT?$AA?$AA@ 10003854     shell.obj
 0001:00002870       ??_C@_1BO@BNFGCJKA@?$AAP?$AAR?$AAC?$AAM?$AA_?$AAI?$AAV?$AAA?$AA2?$AA_?$AAR?$AAS?$AAT?$AA1?$AA?$AA@ 10003870     shell.obj
 0001:00002890       ??_C@_1BO@LMENJGMC@?$AAP?$AAR?$AAC?$AAM?$AA_?$AAU?$AAS?$AAI?$AAM?$AA_?$AAF?$AAC?$AAL?$AAK?$AA?$AA@ 10003890     shell.obj
 0001:000028b0       ??_C@_1CI@JKCBBPF@?$AAP?$AAR?$AAC?$AAM?$AA_?$AAM?$AAC?$AAB?$AAS?$AAP?$AA2?$AA_?$AAS?$AAW?$AAA?$AAK?$AAE?$AAU?$AAP?$AA?$AA@ 100038b0     shell.obj
 0001:000028d8       ??_C@_1BG@BMEIDLGF@?$AAP?$AAR?$AAC?$AAM?$AA_?$AAI?$AAP?$AAP?$AAW?$AAR?$AA?$AA@ 100038d8     shell.obj
 0001:000028f0       ??_C@_1CE@JEADGMMJ@?$AAP?$AAR?$AAC?$AAM?$AA_?$AAP?$AAE?$AAR?$AA_?$AAS?$AAR?$AAA?$AAM?$AAO?$AAN?$AAI?$AAN?$AA?$AA@ 100038f0     shell.obj
 0001:00002914       ??_C@_1CK@CDNKFFMJ@?$AAP?$AAR?$AAC?$AAM?$AA_?$AAD?$AAP?$AAL?$AAL?$AA2?$AA_?$AAP?$AAO?$AAW?$AAE?$AAR?$AA_?$AAI?$AAS?$AAO?$AA?$AA@ 10003914     shell.obj
 0001:00002940       ??_C@_1CG@JLKPEPCF@?$AAP?$AAR?$AAC?$AAM?$AA_?$AAC?$AAA?$AAM?$AA_?$AAS?$AAR?$AAA?$AAM?$AAA?$AAO?$AAN?$AAI?$AAN?$AA?$AA@ 10003940     shell.obj
 0001:00002968       ??_C@_1CK@IPDLNCPM@?$AAP?$AAR?$AAC?$AAM?$AA_?$AAS?$AAG?$AAX?$AA_?$AAS?$AAR?$AAA?$AAM?$AAR?$AAE?$AAT?$AAO?$AAN?$AAI?$AAN?$AA?$AA@ 10003968     shell.obj
 0001:00002994       ??_C@_1DM@NEKLAOAK@?$AAP?$AAR?$AAC?$AAM?$AA_?$AAC?$AAO?$AAR?$AAE?$AA_?$AAS?$AAR?$AAA?$AAM?$AAR?$AAE?$AAT?$AAG?$AAO?$AAO?$AAD?$AAO?$AAU?$AAT?$AA_?$AAM?$AAU?$AAX?$AA6?$AA?$AA@ 10003994     shell.obj
 0001:000029d0       ??_C@_1DC@OBJJHOIP@?$AAP?$AAR?$AAC?$AAM?$AA_?$AAC?$AAO?$AAR?$AAE?$AA_?$AAS?$AAR?$AAA?$AAM?$AAA?$AAO?$AAN?$AAI?$AAN?$AA_?$AAM?$AAU?$AAX?$AA6?$AA?$AA@ 100039d0     shell.obj
 0001:00002a04       ??_C@_1DI@OOFFIDLK@?$AAP?$AAR?$AAC?$AAM?$AA_?$AAI?$AAV?$AAA?$AA2?$AA_?$AAS?$AAR?$AAA?$AAM?$AAA?$AAG?$AAO?$AAO?$AAD?$AAO?$AAU?$AAT?$AA_?$AAM?$AAU?$AAX?$AA6?$AA?$AA@ 10003a04     shell.obj
 0001:00002a3c       ??_C@_1DK@PINGLKKL@?$AAP?$AAR?$AAC?$AAM?$AA_?$AAM?$AAP?$AAU?$AA_?$AAS?$AAR?$AAA?$AAM?$AAR?$AAE?$AAT?$AAG?$AAO?$AAO?$AAD?$AAO?$AAU?$AAT?$AA_?$AAM?$AAU?$AAX?$AA6?$AA?$AA@ 10003a3c     shell.obj
 0001:00002a78       ??_C@_1CK@OCCFDFDI@?$AAP?$AAR?$AAC?$AAM?$AA_?$AAS?$AAR?$AAA?$AAM?$AAA?$AAL?$AAL?$AAR?$AAE?$AAT?$AA_?$AAM?$AAU?$AAX?$AA6?$AA?$AA@ 10003a78     shell.obj
 0001:00002aa4       ??_C@_1DA@GMOODOAN@?$AAP?$AAR?$AAC?$AAM?$AA_?$AAn?$AAe?$AAo?$AAn?$AA_?$AAd?$AAo?$AAm?$AAa?$AAi?$AAn?$AA_?$AAi?$AAs?$AA_?$AAo?$AAf?$AAf?$AA?$AA@ 10003aa4     shell.obj
 0001:00002ad4       ??_C@_1DM@HBBJLIAO@?$AAP?$AAR?$AAC?$AAM?$AA_?$AAn?$AAe?$AAo?$AAn?$AA_?$AAd?$AAo?$AAm?$AAa?$AAi?$AAn?$AA_?$AAi?$AAs?$AA_?$AAr?$AAe?$AAt?$AAe?$AAn?$AAt?$AAi?$AAo?$AAn?$AA?$AA@ 10003ad4     shell.obj
 0001:00002b10       ??_C@_1DK@GPKKMBFP@?$AAP?$AAR?$AAC?$AAM?$AA_?$AAn?$AAe?$AAo?$AAn?$AA_?$AAd?$AAo?$AAm?$AAa?$AAi?$AAn?$AA_?$AAi?$AAs?$AA_?$AAi?$AAn?$AAa?$AAc?$AAt?$AAi?$AAv?$AAe?$AA?$AA@ 10003b10     shell.obj
 0001:00002b4c       ??_C@_1CK@MJMMLBEL@?$AAP?$AAR?$AAC?$AAM?$AA_?$AAN?$AAE?$AAO?$AAN?$AA_?$AAd?$AAo?$AAm?$AAa?$AAi?$AAn?$AAI?$AAs?$AAO?$AAn?$AA?$AA@ 10003b4c     shell.obj
 0001:00002b78       ??_C@_1CC@IECIDCEK@?$AAP?$AAR?$AAC?$AAM?$AA_?$AAI?$AAC?$AAE?$AAP?$AAI?$AAC?$AAK?$AA_?$AAP?$AAO?$AAR?$AA?$AA@ 10003b78     shell.obj
 0001:00002b9c       ??_C@_1CA@IMFIGAPB@?$AAP?$AAR?$AAC?$AAM?$AA_?$AAP?$AAE?$AAR?$AA_?$AAR?$AAS?$AAT?$AAR?$AAE?$AAT?$AA?$AA@ 10003b9c     shell.obj
 0001:00002bbc       ??_C@_1CE@KMMIAPEH@?$AAP?$AAR?$AAC?$AAM?$AA_?$AAM?$AAP?$AAU?$AA_?$AAR?$AAS?$AAT?$AAP?$AAW?$AAR?$AAO?$AAN?$AA?$AA@ 10003bbc     shell.obj
 0001:00002be0       ??_C@_1CM@KKLFOOHO@?$AAP?$AAR?$AAC?$AAM?$AA_?$AAS?$AAR?$AA_?$AAA?$AAL?$AAW?$AAA?$AAY?$AAS?$AAO?$AAN?$AA_?$AAF?$AAC?$AAL?$AAK?$AA?$AA@ 10003be0     shell.obj
 0001:00002c0c       ??_C@_1CE@CDMGOIEC@?$AAP?$AAR?$AAC?$AAM?$AA_?$AAG?$AAP?$AAT?$AA2?$AA_?$AAS?$AAW?$AAA?$AAK?$AAE?$AAU?$AAP?$AA?$AA@ 10003c0c     shell.obj
 0001:00002c30       ??_C@_1BK@FCMFEHBK@?$AAP?$AAR?$AAC?$AAM?$AA_?$AAW?$AAA?$AAK?$AAE?$AAE?$AAM?$AAU?$AA?$AA@ 10003c30     shell.obj
 0001:00002c4c       ??_C@_1CG@IMJGBNOI@?$AAP?$AAR?$AAC?$AAM?$AA_?$AAP?$AAE?$AAR?$AA_?$AAP?$AAO?$AAW?$AAE?$AAR?$AA_?$AAI?$AAS?$AAO?$AA?$AA@ 10003c4c     shell.obj
 0001:00002c74       ??_C@_1CI@IHFPMEBH@?$AAP?$AAR?$AAC?$AAM?$AA_?$AAD?$AAP?$AAL?$AAL?$AA2?$AA_?$AAP?$AAO?$AAW?$AAE?$AAR?$AA_?$AAO?$AAN?$AA?$AA@ 10003c74     shell.obj
 0001:00002c9c       ??_C@_1DC@EDGHGJFA@?$AAP?$AAR?$AAC?$AAM?$AA_?$AAC?$AAA?$AAM?$AA_?$AAP?$AAO?$AAW?$AAE?$AAR?$AA_?$AAG?$AAO?$AAO?$AAD?$AA_?$AAM?$AAU?$AAX?$AA5?$AA?$AA@ 10003c9c     shell.obj
 0001:00002cd0       ??_C@_1CM@EGOIMCAJ@?$AAP?$AAR?$AAC?$AAM?$AA_?$AAS?$AAG?$AAX?$AA_?$AAS?$AAR?$AAA?$AAM?$AAA?$AAG?$AAO?$AAO?$AAD?$AAO?$AAU?$AAT?$AA?$AA@ 10003cd0     shell.obj
 0001:00002cfc       ??_C@_1DG@OOAEILJC@?$AAP?$AAR?$AAC?$AAM?$AA_?$AAC?$AAO?$AAR?$AAE?$AA_?$AAS?$AAR?$AAA?$AAM?$AAR?$AAE?$AAT?$AAO?$AAN?$AAI?$AAN?$AA_?$AAM?$AAU?$AAX?$AA5?$AA?$AA@ 10003cfc     shell.obj
 0001:00002d34       ??_C@_1CI@DNPNOKKC@?$AAP?$AAR?$AAC?$AAM?$AA_?$AAC?$AAO?$AAR?$AAE?$AA_?$AAP?$AAO?$AAW?$AAE?$AAR?$AA_?$AAR?$AAE?$AAT?$AA?$AA@ 10003d34     shell.obj
 0001:00002d5c       ??_C@_1DI@PMOACMFE@?$AAP?$AAR?$AAC?$AAM?$AA_?$AAI?$AAV?$AAA?$AA2?$AA_?$AAS?$AAR?$AAA?$AAM?$AAA?$AAG?$AAO?$AAO?$AAD?$AAO?$AAU?$AAT?$AA_?$AAM?$AAU?$AAX?$AA5?$AA?$AA@ 10003d5c     shell.obj
 0001:00002d94       ??_C@_1DK@OKGDBFEF@?$AAP?$AAR?$AAC?$AAM?$AA_?$AAM?$AAP?$AAU?$AA_?$AAS?$AAR?$AAA?$AAM?$AAR?$AAE?$AAT?$AAG?$AAO?$AAO?$AAD?$AAO?$AAU?$AAT?$AA_?$AAM?$AAU?$AAX?$AA5?$AA?$AA@ 10003d94     shell.obj
 0001:00002dd0       ??_C@_1CK@PAJAJKNG@?$AAP?$AAR?$AAC?$AAM?$AA_?$AAS?$AAR?$AAA?$AAM?$AAA?$AAL?$AAL?$AAR?$AAE?$AAT?$AA_?$AAM?$AAU?$AAX?$AA5?$AA?$AA@ 10003dd0     shell.obj
 0001:00002dfc       ??_C@_1CI@DPMKMKBF@?$AAP?$AAR?$AAC?$AAM?$AA_?$AAS?$AAY?$AAS?$AA_?$AAC?$AAL?$AAK?$AAR?$AAE?$AAQ?$AA_?$AAo?$AAe?$AAn?$AA?$AA@ 10003dfc     shell.obj
 0001:00002e24       ??_C@_1CO@FCNFCPHM@?$AAP?$AAR?$AAC?$AAM?$AA_?$AAv?$AAd?$AAd?$AA4?$AA_?$AAd?$AAo?$AAm?$AAa?$AAi?$AAn?$AA_?$AAi?$AAs?$AA_?$AAo?$AAn?$AA?$AA@ 10003e24     shell.obj
 0001:00002e54       ??_C@_1CO@HIEHNJMF@?$AAP?$AAR?$AAC?$AAM?$AA_?$AAe?$AAm?$AAu?$AA_?$AAd?$AAo?$AAm?$AAa?$AAi?$AAn?$AA_?$AAi?$AAs?$AA_?$AAo?$AAf?$AAf?$AA?$AA@ 10003e54     shell.obj
 0001:00002e84       ??_C@_1CO@JPDGEAFE@?$AAP?$AAR?$AAC?$AAM?$AA_?$AAv?$AAd?$AAd?$AA1?$AA_?$AAd?$AAo?$AAm?$AAa?$AAi?$AAn?$AA_?$AAi?$AAs?$AA_?$AAo?$AAn?$AA?$AA@ 10003e84     shell.obj
 0001:00002eb4       ??_C@_1CO@GLHIDANA@?$AAP?$AAR?$AAC?$AAM?$AA_?$AAN?$AAE?$AAO?$AAN?$AA_?$AAd?$AAo?$AAm?$AAa?$AAi?$AAn?$AAW?$AAa?$AAk?$AAe?$AAu?$AAp?$AA?$AA@ 10003eb4     shell.obj
 0001:00002ee4       ??_C@_1BO@PMELKLHD@?$AAP?$AAR?$AAC?$AAM?$AA_?$AAS?$AAY?$AAN?$AAC?$AAT?$AA_?$AAR?$AAS?$AAT?$AA?$AA@ 10003ee4     shell.obj
 0001:00002f04       ??_C@_1BK@OALDMKIE@?$AAP?$AAR?$AAC?$AAM?$AA_?$AAP?$AAE?$AAR?$AA_?$AAR?$AAS?$AAT?$AA?$AA@ 10003f04     shell.obj
 0001:00002f20       ??_C@_1BK@JJFHANMN@?$AAP?$AAR?$AAC?$AAM?$AA_?$AAM?$AAP?$AAU?$AA_?$AAR?$AAS?$AAT?$AA?$AA@ 10003f20     shell.obj
 0001:00002f3c       ??_C@_1CM@DHEJCCJC@?$AAP?$AAR?$AAC?$AAM?$AA_?$AAD?$AAP?$AAL?$AAL?$AA5?$AA_?$AAA?$AAL?$AAW?$AAO?$AAN?$AA_?$AAF?$AAC?$AAL?$AAK?$AA?$AA@ 10003f3c     shell.obj
 0001:00002f68       ??_C@_1CG@OMFPDFHK@?$AAP?$AAR?$AAC?$AAM?$AA_?$AAG?$AAP?$AAI?$AAO?$AA2?$AA_?$AAS?$AAW?$AAA?$AAK?$AAE?$AAU?$AAP?$AA?$AA@ 10003f68     shell.obj
 0001:00002f90       ??_C@_1CK@OLMMIPAH@?$AAP?$AAR?$AAC?$AAM?$AA_?$AAF?$AAO?$AAR?$AAC?$AAE?$AAA?$AAC?$AAT?$AAI?$AAV?$AAE?$AAC?$AAO?$AAR?$AAE?$AA?$AA@ 10003f90     shell.obj
 0001:00002fbc       ??_C@_1CG@PPNAABIN@?$AAP?$AAR?$AAC?$AAM?$AA_?$AAP?$AAE?$AAR?$AA_?$AAP?$AAO?$AAW?$AAE?$AAR?$AA_?$AAR?$AAE?$AAT?$AA?$AA@ 10003fbc     shell.obj
 0001:00002fe4       ??_C@_1CM@NCMFNMOD@?$AAP?$AAR?$AAC?$AAM?$AA_?$AAD?$AAP?$AAL?$AAL?$AA1?$AA_?$AAP?$AAO?$AAW?$AAE?$AAR?$AA_?$AAG?$AAO?$AAO?$AAD?$AA?$AA@ 10003fe4     shell.obj
 0001:00003010       ??_C@_1DC@PLNLAODF@?$AAP?$AAR?$AAC?$AAM?$AA_?$AAC?$AAA?$AAM?$AA_?$AAP?$AAO?$AAW?$AAE?$AAR?$AA_?$AAG?$AAO?$AAO?$AAD?$AA_?$AAM?$AAU?$AAX?$AA4?$AA?$AA@ 10004010     shell.obj
 0001:00003044       ??_C@_1CG@CIGGMHAB@?$AAP?$AAR?$AAC?$AAM?$AA_?$AAS?$AAG?$AAX?$AA_?$AAS?$AAR?$AAA?$AAM?$AAA?$AAO?$AAN?$AAI?$AAN?$AA?$AA@ 10004044     shell.obj
 0001:0000306c       ??_C@_1DG@FGLIOMPH@?$AAP?$AAR?$AAC?$AAM?$AA_?$AAC?$AAO?$AAR?$AAE?$AA_?$AAS?$AAR?$AAA?$AAM?$AAR?$AAE?$AAT?$AAO?$AAN?$AAI?$AAN?$AA_?$AAM?$AAU?$AAX?$AA4?$AA?$AA@ 1000406c     shell.obj
 0001:000030a4       ??_C@_1DE@PBECHDNH@?$AAP?$AAR?$AAC?$AAM?$AA_?$AAC?$AAO?$AAR?$AAE?$AA_?$AAP?$AAO?$AAW?$AAE?$AAR?$AA_?$AAG?$AAO?$AAO?$AAD?$AA_?$AAM?$AAU?$AAX?$AA4?$AA?$AA@ 100040a4     shell.obj
 0001:000030d8       ??_C@_1DI@EEFMELDB@?$AAP?$AAR?$AAC?$AAM?$AA_?$AAI?$AAV?$AAA?$AA2?$AA_?$AAS?$AAR?$AAA?$AAM?$AAA?$AAG?$AAO?$AAO?$AAD?$AAO?$AAU?$AAT?$AA_?$AAM?$AAU?$AAX?$AA4?$AA?$AA@ 100040d8     shell.obj
 0001:00003110       ??_C@_1DE@DENIMAJC@?$AAP?$AAR?$AAC?$AAM?$AA_?$AAM?$AAP?$AAU?$AA_?$AAS?$AAR?$AAA?$AAM?$AAR?$AAE?$AAT?$AAO?$AAN?$AAI?$AAN?$AA_?$AAM?$AAU?$AAX?$AA4?$AA?$AA@ 10004110     shell.obj
 0001:00003144       ??_C@_1DK@EMHNHPKE@?$AAP?$AAR?$AAC?$AAM?$AA_?$AAv?$AAd?$AAd?$AA1?$AA_?$AAd?$AAo?$AAm?$AAa?$AAi?$AAn?$AA_?$AAg?$AAo?$AA_?$AAo?$AAf?$AAf?$AA_?$AAm?$AAo?$AAd?$AAe?$AA?$AA@ 10004144     shell.obj
 0001:00003180       ??_C@_1CG@FMODDPHJ@?$AAP?$AAR?$AAC?$AAM?$AA_?$AAS?$AAY?$AAS?$AA_?$AAC?$AAL?$AAK?$AAR?$AAE?$AAQ?$AA_?$AAi?$AAn?$AA?$AA@ 10004180     shell.obj
 0001:000031a8       ??_C@_1CO@GELJOLFH@?$AAP?$AAR?$AAC?$AAM?$AA_?$AAm?$AAp?$AAu?$AA_?$AAd?$AAo?$AAm?$AAa?$AAi?$AAn?$AA_?$AAi?$AAs?$AA_?$AAo?$AAf?$AAf?$AA?$AA@ 100041a8     shell.obj
 0001:000031d8       ??_C@_1DK@DJENHBLD@?$AAP?$AAR?$AAC?$AAM?$AA_?$AAm?$AAp?$AAu?$AA_?$AAd?$AAo?$AAm?$AAa?$AAi?$AAn?$AA_?$AAi?$AAs?$AA_?$AAr?$AAe?$AAt?$AAe?$AAn?$AAt?$AAi?$AAo?$AAn?$AA?$AA@ 100041d8     shell.obj
 0001:00003214       ??_C@_1DI@PDAAGHBA@?$AAP?$AAR?$AAC?$AAM?$AA_?$AAm?$AAp?$AAu?$AA_?$AAd?$AAo?$AAm?$AAa?$AAi?$AAn?$AA_?$AAi?$AAs?$AA_?$AAi?$AAn?$AAa?$AAc?$AAt?$AAi?$AAv?$AAe?$AA?$AA@ 10004214     shell.obj
 0001:0000324c       ??_C@_1CI@DIJAJNJP@?$AAP?$AAR?$AAC?$AAM?$AA_?$AAM?$AAP?$AAU?$AA_?$AAd?$AAo?$AAm?$AAa?$AAi?$AAn?$AAI?$AAs?$AAO?$AAn?$AA?$AA@ 1000424c     shell.obj
 0001:00003274       ??_C@_1CG@IOHNIOCH@?$AAP?$AAR?$AAC?$AAM?$AA_?$AAS?$AAE?$AAC?$AAU?$AAR?$AAE?$AA_?$AAW?$AAD?$AA_?$AAR?$AAS?$AAT?$AA?$AA@ 10004274     shell.obj
 0001:0000329c       ??_C@_1BK@EIHMLNHO@?$AAP?$AAR?$AAC?$AAM?$AA_?$AAC?$AAA?$AAM?$AA_?$AAR?$AAS?$AAT?$AA?$AA@ 1000429c     shell.obj
 0001:000032b8       ??_C@_1CK@CJLIEDNO@?$AAP?$AAR?$AAC?$AAM?$AA_?$AAG?$AAP?$AAT?$AA9?$AA_?$AAA?$AAL?$AAW?$AAO?$AAN?$AA_?$AAF?$AAC?$AAL?$AAK?$AA?$AA@ 100042b8     shell.obj
 0001:000032e4       ??_C@_1CM@NAFEIEAF@?$AAP?$AAR?$AAC?$AAM?$AA_?$AAD?$AAP?$AAL?$AAL?$AA4?$AA_?$AAA?$AAL?$AAW?$AAO?$AAN?$AA_?$AAF?$AAC?$AAL?$AAK?$AA?$AA@ 100042e4     shell.obj
 0001:00003310       ??_C@_1CK@DODOMONM@?$AAP?$AAR?$AAC?$AAM?$AA_?$AAU?$AAS?$AAB?$AAH?$AAO?$AAS?$AAT?$AA_?$AAS?$AAW?$AAA?$AAK?$AAE?$AAU?$AAP?$AA?$AA@ 10004310     shell.obj
 0001:0000333c       ??_C@_1CK@DLABDHHK@?$AAP?$AAR?$AAC?$AAM?$AA_?$AAF?$AAO?$AAR?$AAC?$AAE?$AAA?$AAC?$AAT?$AAI?$AAV?$AAE?$AAW?$AAK?$AAU?$AAP?$AA?$AA@ 1000433c     shell.obj
 0001:00003368       ??_C@_1DC@COLGIIKK@?$AAP?$AAR?$AAC?$AAM?$AA_?$AAP?$AAE?$AAR?$AA_?$AAP?$AAO?$AAW?$AAE?$AAR?$AA_?$AAG?$AAO?$AAO?$AAD?$AA_?$AAM?$AAU?$AAX?$AA3?$AA?$AA@ 10004368     shell.obj
 0001:0000339c       ??_C@_1CK@HLMEPMOB@?$AAP?$AAR?$AAC?$AAM?$AA_?$AAD?$AAP?$AAL?$AAL?$AA1?$AA_?$AAP?$AAO?$AAW?$AAE?$AAR?$AA_?$AAI?$AAS?$AAO?$AA?$AA@ 1000439c     shell.obj
 0001:000033c8       ??_C@_1DC@GGAMDGIM@?$AAP?$AAR?$AAC?$AAM?$AA_?$AAC?$AAA?$AAM?$AA_?$AAP?$AAO?$AAW?$AAE?$AAR?$AA_?$AAG?$AAO?$AAO?$AAD?$AA_?$AAM?$AAU?$AAX?$AA3?$AA?$AA@ 100043c8     shell.obj
 0001:000033fc       ??_C@_1DC@EFFKNLOC@?$AAP?$AAR?$AAC?$AAM?$AA_?$AAS?$AAG?$AAX?$AA_?$AAP?$AAO?$AAW?$AAE?$AAR?$AA_?$AAG?$AAO?$AAO?$AAD?$AA_?$AAM?$AAU?$AAX?$AA3?$AA?$AA@ 100043fc     shell.obj
 0001:00003430       ??_C@_1DG@MLGPNEEO@?$AAP?$AAR?$AAC?$AAM?$AA_?$AAC?$AAO?$AAR?$AAE?$AA_?$AAS?$AAR?$AAA?$AAM?$AAR?$AAE?$AAT?$AAO?$AAN?$AAI?$AAN?$AA_?$AAM?$AAU?$AAX?$AA3?$AA?$AA@ 10004430     shell.obj
 0001:00003468       ??_C@_1DE@GMJFELGO@?$AAP?$AAR?$AAC?$AAM?$AA_?$AAC?$AAO?$AAR?$AAE?$AA_?$AAP?$AAO?$AAW?$AAE?$AAR?$AA_?$AAG?$AAO?$AAO?$AAD?$AA_?$AAM?$AAU?$AAX?$AA3?$AA?$AA@ 10004468     shell.obj
 0001:0000349c       ??_C@_1DI@NJILHDII@?$AAP?$AAR?$AAC?$AAM?$AA_?$AAI?$AAV?$AAA?$AA2?$AA_?$AAS?$AAR?$AAA?$AAM?$AAA?$AAG?$AAO?$AAO?$AAD?$AAO?$AAU?$AAT?$AA_?$AAM?$AAU?$AAX?$AA3?$AA?$AA@ 1000449c     shell.obj
 0001:000034d4       ??_C@_1DE@KJAPPICL@?$AAP?$AAR?$AAC?$AAM?$AA_?$AAM?$AAP?$AAU?$AA_?$AAS?$AAR?$AAA?$AAM?$AAR?$AAE?$AAT?$AAO?$AAN?$AAI?$AAN?$AA_?$AAM?$AAU?$AAX?$AA3?$AA?$AA@ 100044d4     shell.obj
 0001:00003508       ??_C@_1CI@DLIHPHF@?$AAP?$AAR?$AAC?$AAM?$AA_?$AAS?$AAY?$AAS?$AA_?$AAC?$AAL?$AAK?$AAR?$AAE?$AAQ?$AA_?$AAo?$AAu?$AAt?$AA?$AA@ 10004508     shell.obj
 0001:00003530       ??_C@_1CO@ONMFDHEO@?$AAP?$AAR?$AAC?$AAM?$AA_?$AAv?$AAd?$AAd?$AA2?$AA_?$AAd?$AAo?$AAm?$AAa?$AAi?$AAn?$AA_?$AAi?$AAs?$AA_?$AAl?$AAp?$AA?$AA@ 10004530     shell.obj
 0001:00003560       ??_C@_1CI@BBHELDMP@?$AAP?$AAR?$AAC?$AAM?$AA_?$AAE?$AAM?$AAU?$AA_?$AAd?$AAo?$AAm?$AAa?$AAi?$AAn?$AAI?$AAs?$AAO?$AAn?$AA?$AA@ 10004560     shell.obj
 0001:00003588       ??_C@_1DK@JNLDBNOB@?$AAP?$AAR?$AAC?$AAM?$AA_?$AAe?$AAf?$AAu?$AAs?$AAe?$AAC?$AAl?$AAk?$AA_?$AAi?$AAs?$AA_?$AAn?$AAo?$AAt?$AA_?$AAr?$AAu?$AAn?$AAn?$AAi?$AAn?$AAg?$AA?$AA@ 10004588     shell.obj
 0001:000035c4       ??_C@_1CM@CPKNHBEI@?$AAP?$AAR?$AAC?$AAM?$AA_?$AAM?$AAP?$AAU?$AA_?$AAd?$AAo?$AAm?$AAa?$AAi?$AAn?$AAW?$AAa?$AAk?$AAe?$AAu?$AAp?$AA?$AA@ 100045c4     shell.obj
 0001:000035f0       ??_C@_1CA@CMELPKEB@?$AAP?$AAR?$AAC?$AAM?$AA_?$AAM?$AAP?$AAU?$AA_?$AAW?$AAD?$AA_?$AAR?$AAS?$AAT?$AA?$AA@ 100045f0     shell.obj
 0001:00003610       ??_C@_1CK@MOKFOFEJ@?$AAP?$AAR?$AAC?$AAM?$AA_?$AAG?$AAP?$AAT?$AA8?$AA_?$AAA?$AAL?$AAW?$AAO?$AAN?$AA_?$AAF?$AAC?$AAL?$AAK?$AA?$AA@ 10004610     shell.obj
 0001:0000363c       ??_C@_1CM@IJHPPCD@?$AAP?$AAR?$AAC?$AAM?$AA_?$AAD?$AAP?$AAL?$AAL?$AA3?$AA_?$AAA?$AAL?$AAW?$AAO?$AAN?$AA_?$AAF?$AAC?$AAL?$AAK?$AA?$AA@ 1000463c     shell.obj
 0001:00003668       ??_C@_1CC@BAIMAFFK@?$AAP?$AAR?$AAC?$AAM?$AA_?$AAD?$AAS?$AAS?$AA_?$AAS?$AAW?$AAA?$AAK?$AAE?$AAU?$AAP?$AA?$AA@ 10004668     shell.obj
 0001:0000368c       ??_C@_1DA@HGHFBFNF@?$AAP?$AAR?$AAC?$AAM?$AA_?$AAE?$AAM?$AAU?$AA_?$AAb?$AAl?$AAo?$AAc?$AAk?$AA_?$AAr?$AAe?$AAs?$AAe?$AAt?$AA_?$AAc?$AAm?$AA?$AA@ 1000468c     shell.obj
 0001:000036bc       ??_C@_1DC@JGAKOPMP@?$AAP?$AAR?$AAC?$AAM?$AA_?$AAP?$AAE?$AAR?$AA_?$AAP?$AAO?$AAW?$AAE?$AAR?$AA_?$AAG?$AAO?$AAO?$AAD?$AA_?$AAM?$AAU?$AAX?$AA2?$AA?$AA@ 100046bc     shell.obj
 0001:000036f0       ??_C@_1CI@LOCHGJFH@?$AAP?$AAR?$AAC?$AAM?$AA_?$AAD?$AAP?$AAL?$AAL?$AA1?$AA_?$AAP?$AAO?$AAW?$AAE?$AAR?$AA_?$AAO?$AAN?$AA?$AA@ 100046f0     shell.obj
 0001:00003718       ??_C@_1DC@NOLAFBOJ@?$AAP?$AAR?$AAC?$AAM?$AA_?$AAC?$AAA?$AAM?$AA_?$AAP?$AAO?$AAW?$AAE?$AAR?$AA_?$AAG?$AAO?$AAO?$AAD?$AA_?$AAM?$AAU?$AAX?$AA2?$AA?$AA@ 10004718     shell.obj
 0001:0000374c       ??_C@_1DC@PNOGLMIH@?$AAP?$AAR?$AAC?$AAM?$AA_?$AAS?$AAG?$AAX?$AA_?$AAP?$AAO?$AAW?$AAE?$AAR?$AA_?$AAG?$AAO?$AAO?$AAD?$AA_?$AAM?$AAU?$AAX?$AA2?$AA?$AA@ 1000474c     shell.obj
 0001:00003780       ??_C@_1DG@HDNDLDCL@?$AAP?$AAR?$AAC?$AAM?$AA_?$AAC?$AAO?$AAR?$AAE?$AA_?$AAS?$AAR?$AAA?$AAM?$AAR?$AAE?$AAT?$AAO?$AAN?$AAI?$AAN?$AA_?$AAM?$AAU?$AAX?$AA2?$AA?$AA@ 10004780     shell.obj
 0001:000037b8       ??_C@_1DK@MLDHCDKJ@?$AAP?$AAR?$AAC?$AAM?$AA_?$AAC?$AAO?$AAR?$AAE?$AA_?$AAP?$AAO?$AAW?$AAE?$AAR?$AA_?$AAG?$AAO?$AAO?$AAD?$AAO?$AAU?$AAT?$AA_?$AAM?$AAU?$AAX?$AA2?$AA?$AA@ 100047b8     shell.obj
 0001:000037f4       ??_C@_1DI@GBDHBEON@?$AAP?$AAR?$AAC?$AAM?$AA_?$AAI?$AAV?$AAA?$AA2?$AA_?$AAS?$AAR?$AAA?$AAM?$AAA?$AAG?$AAO?$AAO?$AAD?$AAO?$AAU?$AAT?$AA_?$AAM?$AAU?$AAX?$AA2?$AA?$AA@ 100047f4     shell.obj
 0001:0000382c       ??_C@_1DG@OBEGADBD@?$AAP?$AAR?$AAC?$AAM?$AA_?$AAM?$AAP?$AAU?$AA_?$AAS?$AAR?$AAA?$AAM?$AAA?$AAG?$AAO?$AAO?$AAD?$AAO?$AAU?$AAT?$AA_?$AAM?$AAU?$AAX?$AA2?$AA?$AA@ 1000482c     shell.obj
 0001:00003864       ??_C@_1DE@BHNHOBCC@?$AAP?$AAR?$AAC?$AAM?$AA_?$AAC?$AAo?$AAn?$AAt?$AAr?$AAo?$AAl?$AA_?$AAr?$AAe?$AAs?$AAt?$AAo?$AAr?$AAe?$AA_?$AAd?$AAo?$AAn?$AAe?$AA?$AA@ 10004864     shell.obj
 0001:00003898       ??_C@_1DE@COOJNBAM@?$AAP?$AAR?$AAC?$AAM?$AA_?$AAv?$AAd?$AAd?$AA2?$AA_?$AAd?$AAo?$AAm?$AAa?$AAi?$AAn?$AA_?$AAi?$AAs?$AA_?$AAs?$AAl?$AAe?$AAe?$AAp?$AA?$AA@ 10004898     shell.obj
 0001:000038cc       ??_C@_1CM@KONDLLIE@?$AAP?$AAR?$AAC?$AAM?$AA_?$AAE?$AAM?$AAU?$AA_?$AAd?$AAo?$AAm?$AAa?$AAi?$AAn?$AAW?$AAa?$AAk?$AAe?$AAu?$AAp?$AA?$AA@ 100048cc     shell.obj
 0001:000038f8       ??_C@_1CI@GMDFJDKH@?$AAP?$AAR?$AAC?$AAM?$AA_?$AAC?$AAA?$AAM?$AA_?$AAd?$AAo?$AAm?$AAa?$AAi?$AAn?$AAI?$AAs?$AAO?$AAn?$AA?$AA@ 100048f8     shell.obj
 0001:00003920       ??_C@_1CO@CCKALPKN@?$AAP?$AAR?$AAC?$AAM?$AA_?$AAc?$AAa?$AAm?$AA_?$AAd?$AAo?$AAm?$AAa?$AAi?$AAn?$AA_?$AAi?$AAs?$AA_?$AAo?$AAf?$AAf?$AA?$AA@ 10004920     shell.obj
 0001:00003950       ??_C@_1CM@MHIMDDGN@?$AAP?$AAR?$AAC?$AAM?$AA_?$AAB?$AAA?$AAN?$AAD?$AAG?$AAA?$AAP?$AA_?$AAR?$AAS?$AAT?$AAP?$AAW?$AAR?$AAO?$AAN?$AA?$AA@ 10004950     shell.obj
 0001:0000397c       ??_C@_1CK@EDEPLDND@?$AAP?$AAR?$AAC?$AAM?$AA_?$AAG?$AAP?$AAT?$AA7?$AA_?$AAA?$AAL?$AAW?$AAO?$AAN?$AA_?$AAF?$AAC?$AAL?$AAK?$AA?$AA@ 1000497c     shell.obj
 0001:000039a8       ??_C@_1CM@OPIKFJLE@?$AAP?$AAR?$AAC?$AAM?$AA_?$AAD?$AAP?$AAL?$AAL?$AA2?$AA_?$AAA?$AAL?$AAW?$AAO?$AAN?$AA_?$AAF?$AAC?$AAL?$AAK?$AA?$AA@ 100049a8     shell.obj
 0001:000039d4       ??_C@_1DA@OBHLONNA@?$AAP?$AAR?$AAC?$AAM?$AA_?$AAI?$AAV?$AAA?$AA2?$AA_?$AAW?$AAU?$AAG?$AAE?$AAN?$AA_?$AAS?$AAW?$AAA?$AAK?$AAE?$AAU?$AAP?$AA?$AA@ 100049d4     shell.obj
 0001:00003a08       ??_C@_1EA@DIJJLLJE@?$AAP?$AAR?$AAC?$AAM?$AA_?$AAe?$AAm?$AAu?$AAd?$AAp?$AAl?$AAl?$AA3?$AAs?$AAr?$AAc?$AAc?$AAl?$AAk?$AAa?$AAc?$AAt?$AAi?$AAv?$AAi?$AAt?$AAy?$AAc?$AAt?$AAr?$AAl?$AA?$AA@ 10004a08     shell.obj
 0001:00003a48       ??_C@_1DC@IELPEACB@?$AAP?$AAR?$AAC?$AAM?$AA_?$AAP?$AAE?$AAR?$AA_?$AAP?$AAO?$AAW?$AAE?$AAR?$AA_?$AAG?$AAO?$AAO?$AAD?$AA_?$AAM?$AAU?$AAX?$AA1?$AA?$AA@ 10004a48     shell.obj
 0001:00003a7c       ??_C@_1CG@BCJCMNMC@?$AAP?$AAR?$AAC?$AAM?$AA_?$AAS?$AAR?$AA_?$AAP?$AAO?$AAW?$AAE?$AAR?$AA_?$AAG?$AAO?$AAO?$AAD?$AA?$AA@ 10004a7c     shell.obj
 0001:00003aa4       ??_C@_1CG@CDPNCJDF@?$AAP?$AAR?$AAC?$AAM?$AA_?$AAC?$AAA?$AAM?$AA_?$AAP?$AAO?$AAW?$AAE?$AAR?$AA_?$AAI?$AAS?$AAO?$AA?$AA@ 10004aa4     shell.obj
 0001:00003acc       ??_C@_1DC@OPFDBDGJ@?$AAP?$AAR?$AAC?$AAM?$AA_?$AAS?$AAG?$AAX?$AA_?$AAP?$AAO?$AAW?$AAE?$AAR?$AA_?$AAG?$AAO?$AAO?$AAD?$AA_?$AAM?$AAU?$AAX?$AA1?$AA?$AA@ 10004acc     shell.obj
 0001:00003b00       ??_C@_1DG@GBGGBMMF@?$AAP?$AAR?$AAC?$AAM?$AA_?$AAC?$AAO?$AAR?$AAE?$AA_?$AAS?$AAR?$AAA?$AAM?$AAR?$AAE?$AAT?$AAO?$AAN?$AAI?$AAN?$AA_?$AAM?$AAU?$AAX?$AA1?$AA?$AA@ 10004b00     shell.obj
 0001:00003b38       ??_C@_1DE@MGJMIDOF@?$AAP?$AAR?$AAC?$AAM?$AA_?$AAC?$AAO?$AAR?$AAE?$AA_?$AAP?$AAO?$AAW?$AAE?$AAR?$AA_?$AAG?$AAO?$AAO?$AAD?$AA_?$AAM?$AAU?$AAX?$AA1?$AA?$AA@ 10004b38     shell.obj
 0001:00003b6c       ??_C@_1DC@IOLCPDFG@?$AAP?$AAR?$AAC?$AAM?$AA_?$AAI?$AAV?$AAA?$AA2?$AA_?$AAS?$AAR?$AAA?$AAM?$AAA?$AAO?$AAN?$AAI?$AAN?$AA_?$AAM?$AAU?$AAX?$AA1?$AA?$AA@ 10004b6c     shell.obj
 0001:00003ba0       ??_C@_1DG@PDPDKMPN@?$AAP?$AAR?$AAC?$AAM?$AA_?$AAM?$AAP?$AAU?$AA_?$AAS?$AAR?$AAA?$AAM?$AAA?$AAG?$AAO?$AAO?$AAD?$AAO?$AAU?$AAT?$AA_?$AAM?$AAU?$AAX?$AA1?$AA?$AA@ 10004ba0     shell.obj
 0001:00003bd8       ??_C@_1CE@IDLABAFN@?$AAP?$AAR?$AAC?$AAM?$AA_?$AAd?$AAe?$AAv?$AAi?$AAc?$AAe?$AA_?$AAi?$AAs?$AA_?$AAl?$AAp?$AA?$AA@ 10004bd8     shell.obj
 0001:00003bfc       ??_C@_1DG@IPMNDOPL@?$AAP?$AAR?$AAC?$AAM?$AA_?$AAC?$AAo?$AAn?$AAt?$AAr?$AAo?$AAl?$AA_?$AAs?$AAt?$AAa?$AAr?$AAt?$AA_?$AAr?$AAe?$AAs?$AAt?$AAo?$AAr?$AAe?$AA?$AA@ 10004bfc     shell.obj
 0001:00003c34       ??_C@_1DK@CJKDAJMP@?$AAP?$AAR?$AAC?$AAM?$AA_?$AAc?$AAa?$AAm?$AA_?$AAd?$AAo?$AAm?$AAa?$AAi?$AAn?$AA_?$AAi?$AAs?$AA_?$AAr?$AAe?$AAt?$AAe?$AAn?$AAt?$AAi?$AAo?$AAn?$AA?$AA@ 10004c34     shell.obj
 0001:00003c70       ??_C@_1DI@JPPPABHJ@?$AAP?$AAR?$AAC?$AAM?$AA_?$AAc?$AAa?$AAm?$AA_?$AAd?$AAo?$AAm?$AAa?$AAi?$AAn?$AA_?$AAi?$AAs?$AA_?$AAi?$AAn?$AAa?$AAc?$AAt?$AAi?$AAv?$AAe?$AA?$AA@ 10004c70     shell.obj
 0001:00003ca8       ??_C@_1CM@KPNKFBEN@?$AAP?$AAR?$AAC?$AAM?$AA_?$AAC?$AAA?$AAM?$AA_?$AAd?$AAo?$AAm?$AAa?$AAi?$AAn?$AAW?$AAa?$AAk?$AAe?$AAu?$AAp?$AA?$AA@ 10004ca8     shell.obj
 0001:00003cd4       ??_C@_1CE@PJPNAKOO@?$AAP?$AAR?$AAC?$AAM?$AA_?$AAe?$AAF?$AAu?$AAs?$AAe?$AAR?$AAe?$AAa?$AAd?$AAy?$AA_?$AAn?$AA?$AA@ 10004cd4     shell.obj
 0001:00003cf8       ??_C@_1CM@JGPDKBGN@?$AAP?$AAR?$AAC?$AAM?$AA_?$AAI?$AAC?$AAE?$AAP?$AAI?$AAC?$AAK?$AA_?$AAR?$AAS?$AAT?$AAP?$AAW?$AAR?$AAO?$AAN?$AA?$AA@ 10004cf8     shell.obj
 0001:00003d24       ??_C@_1BK@NHHAIDCI@?$AAP?$AAR?$AAC?$AAM?$AA_?$AAD?$AAS?$AAS?$AA_?$AAR?$AAS?$AAT?$AA?$AA@ 10004d24     shell.obj
 0001:00003d40       ??_C@_1CK@KEFCBFEE@?$AAP?$AAR?$AAC?$AAM?$AA_?$AAG?$AAP?$AAT?$AA6?$AA_?$AAA?$AAL?$AAW?$AAO?$AAN?$AA_?$AAF?$AAC?$AAL?$AAK?$AA?$AA@ 10004d40     shell.obj
 0001:00003d6c       ??_C@_1CM@BNNNLEEM@?$AAP?$AAR?$AAC?$AAM?$AA_?$AAD?$AAP?$AAL?$AAL?$AA1?$AA_?$AAA?$AAL?$AAW?$AAO?$AAN?$AA_?$AAF?$AAC?$AAL?$AAK?$AA?$AA@ 10004d6c     shell.obj
 0001:00003d98       ??_C@_1CM@JEFFLEPF@?$AAP?$AAR?$AAC?$AAM?$AA_?$AAM?$AAP?$AAU?$AA_?$AAI?$AAN?$AAT?$AAC?$AA_?$AAS?$AAW?$AAA?$AAK?$AAE?$AAU?$AAP?$AA?$AA@ 10004d98     shell.obj
 0001:00003dc4       ??_C@_1BI@FBNDDKEI@?$AAf?$AAo?$AAr?$AAc?$AAe?$AAe?$AAn?$AAu?$AAm?$AAo?$AAn?$AA?$AA@ 10004dc4     shell.obj
 0001:00003ddc       ??_C@_1DC@DMADCHEE@?$AAP?$AAR?$AAC?$AAM?$AA_?$AAP?$AAE?$AAR?$AA_?$AAP?$AAO?$AAW?$AAE?$AAR?$AA_?$AAG?$AAO?$AAO?$AAD?$AA_?$AAM?$AAU?$AAX?$AA0?$AA?$AA@ 10004ddc     shell.obj
 0001:00003e10       ??_C@_1CE@LOMLKDGB@?$AAP?$AAR?$AAC?$AAM?$AA_?$AAS?$AAR?$AA_?$AAP?$AAO?$AAW?$AAE?$AAR?$AA_?$AAI?$AAS?$AAO?$AA?$AA@ 10004e10     shell.obj
 0001:00003e34       ??_C@_1CE@PJOCGOGG@?$AAP?$AAR?$AAC?$AAM?$AA_?$AAC?$AAA?$AAM?$AA_?$AAP?$AAO?$AAW?$AAE?$AAR?$AA_?$AAO?$AAN?$AA?$AA@ 10004e34     shell.obj
 0001:00003e58       ??_C@_1DC@FHOPHEAM@?$AAP?$AAR?$AAC?$AAM?$AA_?$AAS?$AAG?$AAX?$AA_?$AAP?$AAO?$AAW?$AAE?$AAR?$AA_?$AAG?$AAO?$AAO?$AAD?$AA_?$AAM?$AAU?$AAX?$AA0?$AA?$AA@ 10004e58     shell.obj
 0001:00003e8c       ??_C@_1DG@NJNKHLKA@?$AAP?$AAR?$AAC?$AAM?$AA_?$AAC?$AAO?$AAR?$AAE?$AA_?$AAS?$AAR?$AAA?$AAM?$AAR?$AAE?$AAT?$AAO?$AAN?$AAI?$AAN?$AA_?$AAM?$AAU?$AAX?$AA0?$AA?$AA@ 10004e8c     shell.obj
 0001:00003ec4       ??_C@_1CI@EOLLPGMH@?$AAP?$AAR?$AAC?$AAM?$AA_?$AAC?$AAO?$AAR?$AAE?$AA_?$AAP?$AAO?$AAW?$AAE?$AAR?$AA_?$AAI?$AAS?$AAO?$AA?$AA@ 10004ec4     shell.obj
 0001:00003eec       ??_C@_1DC@DGAOJEDD@?$AAP?$AAR?$AAC?$AAM?$AA_?$AAI?$AAV?$AAA?$AA2?$AA_?$AAS?$AAR?$AAA?$AAM?$AAA?$AAO?$AAN?$AAI?$AAN?$AA_?$AAM?$AAU?$AAX?$AA0?$AA?$AA@ 10004eec     shell.obj
 0001:00003f20       ??_C@_1DA@JMDDMPJD@?$AAP?$AAR?$AAC?$AAM?$AA_?$AAM?$AAP?$AAU?$AA_?$AAS?$AAR?$AAA?$AAM?$AAA?$AAO?$AAN?$AAI?$AAN?$AA_?$AAM?$AAU?$AAX?$AA0?$AA?$AA@ 10004f20     shell.obj
 0001:00003f50       ??_C@_1CE@LFOCECFP@?$AAP?$AAR?$AAC?$AAM?$AA_?$AAd?$AAe?$AAv?$AAi?$AAc?$AAe?$AA_?$AAi?$AAs?$AA_?$AAo?$AAn?$AA?$AA@ 10004f50     shell.obj
 0001:00003f74       ??_C@_1CO@GOLFMMHE@?$AAP?$AAR?$AAC?$AAM?$AA_?$AAv?$AAd?$AAd?$AA5?$AA_?$AAd?$AAo?$AAm?$AAa?$AAi?$AAn?$AA_?$AAi?$AAs?$AA_?$AAo?$AAn?$AA?$AA@ 10004f74     shell.obj
 0001:00003fa4       ??_C@_1DA@IDAKNLL@?$AAP?$AAR?$AAC?$AAM?$AA_?$AAv?$AAd?$AAd?$AA2?$AA_?$AAd?$AAo?$AAm?$AAa?$AAi?$AAn?$AA_?$AAi?$AAs?$AA_?$AAr?$AAe?$AAt?$AA?$AA@ 10004fa4     shell.obj
 0001:00003fd4       ??_C@_1CO@EMNHGBOJ@?$AAP?$AAR?$AAC?$AAM?$AA_?$AAW?$AAK?$AAU?$AAP?$AA_?$AAd?$AAo?$AAm?$AAa?$AAi?$AAn?$AAW?$AAa?$AAk?$AAe?$AAu?$AAp?$AA?$AA@ 10004fd4     shell.obj
 0001:00004004       ??_C@_1CO@GKHNPBCM@?$AAP?$AAR?$AAC?$AAM?$AA_?$AAC?$AAO?$AAR?$AAE?$AAC?$AAM?$AA_?$AAd?$AAo?$AAm?$AAa?$AAi?$AAn?$AAI?$AAs?$AAO?$AAn?$AA?$AA@ 10005004     shell.obj
 0001:00004034       ??_C@_1CC@GJPMEMBE@?$AAP?$AAR?$AAC?$AAM?$AA_?$AAU?$AAS?$AAB?$AAH?$AAO?$AAS?$AAT?$AA_?$AAR?$AAS?$AAT?$AA?$AA@ 10005034     shell.obj
 0001:00004058       ??_C@_1BK@MCCCFCLK@?$AAP?$AAR?$AAC?$AAM?$AA_?$AAS?$AAG?$AAX?$AA_?$AAR?$AAS?$AAT?$AA?$AA@ 10005058     shell.obj
 0001:00004074       ??_C@_1CK@FGAFPILM@?$AAP?$AAR?$AAC?$AAM?$AA_?$AAG?$AAP?$AAT?$AA5?$AA_?$AAA?$AAL?$AAW?$AAO?$AAN?$AA_?$AAF?$AAC?$AAL?$AAK?$AA?$AA@ 10005074     shell.obj
 0001:000040a0       ??_C@_1BK@FEHCFJGK@?$AAP?$AAR?$AAC?$AAM?$AA_?$AAS?$AAY?$AAS?$AA_?$AAC?$AAL?$AAK?$AA?$AA@ 100050a0     shell.obj
 0001:000040bc       ??_C@_1CI@GKJFPFJE@?$AAP?$AAR?$AAC?$AAM?$AA_?$AAD?$AAP?$AAL?$AAL?$AA4?$AA_?$AAM?$AA5?$AAX?$AA2?$AA_?$AAC?$AAL?$AAK?$AA?$AA@ 100050bc     shell.obj
 0001:000040e4       ??_C@_1CM@MDHAJJGA@?$AAP?$AAR?$AAC?$AAM?$AA_?$AAS?$AAT?$AAA?$AAT?$AAE?$AA_?$AAI?$AAS?$AA_?$AAO?$AAN?$AA_?$AAI?$AAV?$AAA?$AA2?$AA?$AA@ 100050e4     shell.obj
 0001:00004110       ??_C@_1DE@NAGKCOLG@?$AAP?$AAR?$AAC?$AAM?$AA_?$AAW?$AAK?$AAU?$AAP?$AA_?$AAd?$AAo?$AAm?$AAa?$AAi?$AAn?$AAW?$AAa?$AAk?$AAe?$AAu?$AAp?$AAA?$AAc?$AAk?$AA?$AA@ 10005110     shell.obj
 0001:00004144       ??_C@_1DC@PADBIDGD@?$AAP?$AAR?$AAC?$AAM?$AA_?$AAC?$AAO?$AAR?$AAE?$AAL?$AA3?$AA_?$AAd?$AAo?$AAm?$AAa?$AAi?$AAn?$AAN?$AAr?$AAe?$AAa?$AAd?$AAy?$AA?$AA@ 10005144     shell.obj
 0001:00004178       ??_C@_1CO@OCGOANNC@?$AAP?$AAR?$AAC?$AAM?$AA_?$AAN?$AAE?$AAO?$AAN?$AA_?$AAd?$AAo?$AAm?$AAa?$AAi?$AAn?$AAI?$AAs?$AAI?$AAd?$AAl?$AAe?$AA?$AA@ 10005178     shell.obj
 0001:000041a8       ??_C@_1DI@FOLLPNGH@?$AAP?$AAR?$AAC?$AAM?$AA_?$AAD?$AAS?$AAS?$AA_?$AAd?$AAo?$AAm?$AAa?$AAi?$AAn?$AAF?$AAr?$AAe?$AAe?$AAz?$AAe?$AA_?$AAM?$AAU?$AAX?$AA1?$AA7?$AA?$AA@ 100051a8     shell.obj
 0001:000041e0       ??_C@_1CC@GBHPOKJH@?$AAP?$AAR?$AAC?$AAM?$AA_?$AAD?$AAP?$AAL?$AAL?$AA3?$AA_?$AAi?$AAn?$AAi?$AAt?$AAz?$AA?$AA@ 100051e0     shell.obj
 0001:00004204       ??_C@_1BO@NIOCEMMF@?$AAP?$AAR?$AAC?$AAM?$AA_?$AAS?$AAG?$AAX?$AA_?$AAG?$AAF?$AAC?$AAL?$AAK?$AA?$AA@ 10005204     shell.obj
 0001:00004224       ??_C@_1DG@DOOLAPPF@?$AAP?$AAR?$AAC?$AAM?$AA_?$AAS?$AAR?$AA1?$AA_?$AAF?$AAR?$AAE?$AAQ?$AAE?$AAR?$AAR?$AAI?$AAN?$AAT?$AAZ?$AA_?$AAM?$AAU?$AAX?$AA1?$AA6?$AA?$AA@ 10005224     shell.obj
 0001:0000425c       ??_C@_1CI@MEPNGEAF@?$AAP?$AAR?$AAC?$AAM?$AA_?$AAD?$AAP?$AAL?$AAL?$AA4?$AA_?$AAM?$AA4?$AAX?$AA2?$AA_?$AAC?$AAL?$AAK?$AA?$AA@ 1000525c     shell.obj
 0001:00004284       ??_C@_1BO@CJOJBHEI@?$AAP?$AAR?$AAC?$AAM?$AA_?$AAS?$AAG?$AAX?$AA_?$AAG?$AAI?$AAC?$AAL?$AAK?$AA?$AA@ 10005284     shell.obj
 0001:000042a4       ??_C@_1CM@EICJCGN@?$AAP?$AAR?$AAC?$AAM?$AA_?$AAS?$AAT?$AAA?$AAT?$AAE?$AA_?$AAI?$AAS?$AA_?$AAO?$AAF?$AAF?$AA_?$AAM?$AAP?$AAU?$AA?$AA@ 100052a4     shell.obj
 0001:000042d0       ??_C@_1CO@MFMBFMOL@?$AAP?$AAR?$AAC?$AAM?$AA_?$AAW?$AAK?$AAU?$AAP?$AA_?$AAd?$AAo?$AAm?$AAa?$AAi?$AAn?$AAI?$AAs?$AAI?$AAd?$AAl?$AAe?$AA?$AA@ 100052d0     shell.obj
 0001:00004300       ??_C@_1CO@JODGACJI@?$AAP?$AAR?$AAC?$AAM?$AA_?$AAC?$AAO?$AAR?$AAE?$AA_?$AAd?$AAo?$AAm?$AAa?$AAi?$AAn?$AAN?$AAr?$AAe?$AAa?$AAd?$AAy?$AA?$AA@ 10005300     shell.obj
 0001:00004330       ??_C@_1DI@NPGPIPML@?$AAP?$AAR?$AAC?$AAM?$AA_?$AAM?$AAP?$AAU?$AA_?$AAd?$AAo?$AAm?$AAa?$AAi?$AAn?$AAF?$AAr?$AAe?$AAe?$AAz?$AAe?$AA_?$AAM?$AAU?$AAX?$AA1?$AA6?$AA?$AA@ 10005330     shell.obj
 0001:00004368       ??_C@_1CA@OIGALNOB@?$AAP?$AAR?$AAC?$AAM?$AA_?$AAD?$AAP?$AAL?$AAL?$AA3?$AA_?$AAi?$AAd?$AAl?$AAe?$AA?$AA@ 10005368     shell.obj
 0001:00004388       ??_C@_1CA@NFAMDJHB@?$AAP?$AAR?$AAC?$AAM?$AA_?$AAG?$AAP?$AAT?$AA1?$AA1?$AA_?$AAF?$AAC?$AAL?$AAK?$AA?$AA@ 10005388     shell.obj
 0001:000043a8       ??_C@_1DC@DFCPPCEI@?$AAP?$AAR?$AAC?$AAM?$AA_?$AAS?$AAR?$AA1?$AA_?$AAU?$AAP?$AAD?$AAA?$AAT?$AAE?$AAC?$AAL?$AAK?$AA_?$AAM?$AAU?$AAX?$AA1?$AA5?$AA?$AA@ 100053a8     shell.obj
 0001:000043dc       ??_C@_1CI@JHGMANOB@?$AAP?$AAR?$AAC?$AAM?$AA_?$AAD?$AAP?$AAL?$AAL?$AA4?$AA_?$AAM?$AA2?$AAX?$AA2?$AA_?$AAC?$AAL?$AAK?$AA?$AA@ 100053dc     shell.obj
 0001:00004404       ??_C@_1DA@PNPHGKDD@?$AAP?$AAR?$AAC?$AAM?$AA_?$AAU?$AAS?$AAB?$AAH?$AAO?$AAS?$AAT?$AA_?$AA1?$AA2?$AA0?$AAM?$AA_?$AAG?$AAF?$AAC?$AAL?$AAK?$AA?$AA@ 10005404     shell.obj
 0001:00004434       ??_C@_1CK@KLDGDDJA@?$AAP?$AAR?$AAC?$AAM?$AA_?$AAS?$AAT?$AAA?$AAT?$AAE?$AA_?$AAI?$AAS?$AA_?$AAO?$AAN?$AA_?$AAM?$AAP?$AAU?$AA?$AA@ 10005434     shell.obj
 0001:00004460       ??_C@_1CI@KNBJDHLL@?$AAP?$AAR?$AAC?$AAM?$AA_?$AAP?$AAE?$AAR?$AA_?$AAf?$AAo?$AAr?$AAc?$AAe?$AAS?$AAl?$AAe?$AAe?$AAp?$AA?$AA@ 10005460     shell.obj
 0001:00004488       ??_C@_1DC@IGAECCAD@?$AAP?$AAR?$AAC?$AAM?$AA_?$AAC?$AAO?$AAR?$AAE?$AAC?$AAM?$AA_?$AAd?$AAo?$AAm?$AAa?$AAi?$AAn?$AAI?$AAs?$AAI?$AAd?$AAl?$AAe?$AA?$AA@ 10005488     shell.obj
 0001:000044bc       ??_C@_1CM@LDMOCNJF@?$AAP?$AAR?$AAC?$AAM?$AA_?$AAM?$AAP?$AAU?$AA_?$AAd?$AAo?$AAm?$AAa?$AAi?$AAn?$AAN?$AAr?$AAe?$AAa?$AAd?$AAy?$AA?$AA@ 100054bc     shell.obj
 0001:000044e8       ??_C@_1DK@MEDGOJKA@?$AAP?$AAR?$AAC?$AAM?$AA_?$AAI?$AAV?$AAA?$AA2?$AA_?$AAd?$AAo?$AAm?$AAa?$AAi?$AAn?$AAF?$AAr?$AAe?$AAe?$AAz?$AAe?$AA_?$AAM?$AAU?$AAX?$AA1?$AA5?$AA?$AA@ 100054e8     shell.obj
 0001:00004524       ??_C@_1CE@PIACICIN@?$AAP?$AAR?$AAC?$AAM?$AA_?$AAD?$AAP?$AAL?$AAL?$AA3?$AA_?$AAb?$AAy?$AAp?$AAa?$AAs?$AAs?$AA?$AA@ 10005524     shell.obj
 0001:00004548       ??_C@_1CA@EIADNIAH@?$AAP?$AAR?$AAC?$AAM?$AA_?$AAG?$AAP?$AAT?$AA1?$AA0?$AA_?$AAF?$AAC?$AAL?$AAK?$AA?$AA@ 10005548     shell.obj
 0001:00004568       ??_C@_1BK@PAFBBKEN@?$AAP?$AAR?$AAC?$AAM?$AA_?$AAI?$AAV?$AAA?$AA_?$AAC?$AAL?$AAK?$AA?$AA@ 10005568     shell.obj
 0001:00004584       ??_C@_1CO@DFKJGDCJ@?$AAP?$AAR?$AAC?$AAM?$AA_?$AAE?$AAM?$AAU?$AA_?$AAP?$AAE?$AAR?$AA_?$AAA?$AAL?$AAW?$AAO?$AAN?$AA_?$AAC?$AAL?$AAK?$AA?$AA@ 10005584     shell.obj
 0001:000045b4       ??_C@_1CO@JGMGGGCD@?$AAP?$AAR?$AAC?$AAM?$AA_?$AAU?$AAS?$AAB?$AAH?$AAO?$AAS?$AAT?$AA_?$AA4?$AA8?$AAM?$AA_?$AAG?$AAF?$AAC?$AAL?$AAK?$AA?$AA@ 100055b4     shell.obj
 0001:000045e4       ??_C@_1CE@CHBKEFDL@?$AAP?$AAR?$AAC?$AAM?$AA_?$AAE?$AAM?$AAU?$AA_?$AAM?$AAS?$AAt?$AAa?$AAn?$AAd?$AAb?$AAy?$AA?$AA@ 100055e4     shell.obj
 0001:00004608       ??_C@_1CM@PHLLHGHI@?$AAP?$AAR?$AAC?$AAM?$AA_?$AAP?$AAE?$AAR?$AA_?$AAd?$AAo?$AAm?$AAa?$AAi?$AAn?$AAN?$AAr?$AAe?$AAa?$AAd?$AAy?$AA?$AA@ 10005608     shell.obj
 0001:00004634       ??_C@_1CM@KGLLEMEK@?$AAP?$AAR?$AAC?$AAM?$AA_?$AAM?$AAP?$AAU?$AA_?$AAd?$AAo?$AAm?$AAa?$AAi?$AAn?$AAI?$AAs?$AAI?$AAd?$AAl?$AAe?$AA?$AA@ 10005634     shell.obj
 0001:00004660       ??_C@_1DI@HFGGEHEA@?$AAP?$AAR?$AAC?$AAM?$AA_?$AAM?$AAP?$AAU?$AA_?$AAd?$AAo?$AAm?$AAa?$AAi?$AAn?$AAF?$AAr?$AAe?$AAe?$AAz?$AAe?$AA_?$AAM?$AAU?$AAX?$AA1?$AA4?$AA?$AA@ 10005660     shell.obj
 0001:00004698       ??_C@_1CI@FMFOAJBF@?$AAP?$AAR?$AAC?$AAM?$AA_?$AAD?$AAP?$AAL?$AAL?$AA3?$AA_?$AAf?$AAr?$AAe?$AAq?$AAl?$AAo?$AAc?$AAk?$AA?$AA@ 10005698     shell.obj
 0001:000046c0       ??_C@_1BM@KDIKFELI@?$AAP?$AAR?$AAC?$AAM?$AA_?$AAS?$AAS?$AAI?$AA_?$AAF?$AAC?$AAL?$AAK?$AA?$AA@ 100056c0     shell.obj
 0001:000046dc       ??_C@_1BK@NDLMMLPP@?$AAP?$AAR?$AAC?$AAM?$AA_?$AAM?$AAP?$AAU?$AA_?$AAC?$AAL?$AAK?$AA?$AA@ 100056dc     shell.obj
 0001:000046f8       ??_C@_1DA@PDGNHMIE@?$AAP?$AAR?$AAC?$AAM?$AA_?$AAE?$AAM?$AAU?$AA_?$AAC?$AAO?$AAR?$AAE?$AA_?$AAA?$AAL?$AAW?$AAO?$AAN?$AA_?$AAC?$AAL?$AAK?$AA?$AA@ 100056f8     shell.obj
 0001:00004728       ??_C@_1CG@MMFKGFPF@?$AAP?$AAR?$AAC?$AAM?$AA_?$AAU?$AAS?$AAB?$AAH?$AAO?$AAS?$AAT?$AA_?$AAG?$AAI?$AAC?$AAL?$AAK?$AA?$AA@ 10005728     shell.obj
 0001:00004750       ??_C@_1DC@PMOLENNG@?$AAP?$AAR?$AAC?$AAM?$AA_?$AAI?$AAV?$AAA?$AAA?$AA2?$AA_?$AAD?$AAP?$AAL?$AAL?$AAC?$AAH?$AAA?$AAN?$AAG?$AAE?$AAA?$AAC?$AAK?$AA?$AA@ 10005750     shell.obj
 0001:00004784       ??_C@_1CK@BNLEPAAM@?$AAP?$AAR?$AAC?$AAM?$AA_?$AAP?$AAE?$AAR?$AA_?$AAf?$AAo?$AAr?$AAc?$AAe?$AAW?$AAa?$AAk?$AAe?$AAu?$AAp?$AA?$AA@ 10005784     shell.obj
 0001:000047b0       ??_C@_1DC@FAGGELIE@?$AAP?$AAR?$AAC?$AAM?$AA_?$AAC?$AAO?$AAR?$AAE?$AAL?$AA4?$AA_?$AAd?$AAo?$AAm?$AAa?$AAi?$AAn?$AAI?$AAs?$AAI?$AAd?$AAl?$AAe?$AA?$AA@ 100057b0     shell.obj
 0001:000047e4       ??_C@_1DM@LEHJGNGE@?$AAP?$AAR?$AAC?$AAM?$AA_?$AAC?$AAP?$AAE?$AAF?$AAU?$AAS?$AAE?$AA_?$AAF?$AAC?$AAl?$AAk?$AAI?$AAs?$AAN?$AAo?$AAt?$AAR?$AAu?$AAn?$AAn?$AAi?$AAn?$AAg?$AA?$AA@ 100057e4     shell.obj
 0001:00004820       ??_C@_1CK@LDDOKKMN@?$AAP?$AAR?$AAC?$AAM?$AA_?$AAD?$AAP?$AAL?$AAL?$AA5?$AA_?$AAe?$AAn?$AAa?$AAb?$AAl?$AAe?$AAd?$AAi?$AAv?$AA?$AA@ 10005820     shell.obj
 0001:0000484c       ??_C@_1CK@ICCGJNLK@?$AAP?$AAR?$AAC?$AAM?$AA_?$AAD?$AAP?$AAL?$AAL?$AA2?$AA_?$AAe?$AAn?$AAa?$AAb?$AAl?$AAe?$AAd?$AAi?$AAv?$AA?$AA@ 1000584c     shell.obj
 0001:00004878       ??_C@_1CA@HPMLLCLO@?$AAP?$AAR?$AAC?$AAM?$AA_?$AAD?$AAP?$AAL?$AAL?$AA2?$AA_?$AAF?$AAC?$AAL?$AAK?$AA?$AA@ 10005878     shell.obj
 0001:00004898       ??_C@_1CC@CHEDABBC@?$AAP?$AAR?$AAC?$AAM?$AA_?$AAS?$AAR?$AA_?$AAL?$AA4?$AA_?$AAG?$AAI?$AAC?$AAL?$AAK?$AA?$AA@ 10005898     shell.obj
 0001:000048bc       ??_C@_1CI@EILOFLIE@?$AAP?$AAR?$AAC?$AAM?$AA_?$AAI?$AAV?$AAA?$AA2?$AA_?$AAD?$AAP?$AAL?$AAL?$AAC?$AAH?$AAA?$AAN?$AAG?$AA?$AA@ 100058bc     shell.obj
 0001:000048e4       ??_C@_1CM@OCMOBHKH@?$AAP?$AAR?$AAC?$AAM?$AA_?$AAP?$AAE?$AAR?$AA_?$AAd?$AAo?$AAm?$AAa?$AAi?$AAn?$AAI?$AAs?$AAI?$AAd?$AAl?$AAe?$AA?$AA@ 100058e4     shell.obj
 0001:00004910       ??_C@_1DC@OFEEOCLM@?$AAP?$AAR?$AAC?$AAM?$AA_?$AAC?$AAO?$AAR?$AAE?$AAL?$AA3?$AA_?$AAd?$AAo?$AAm?$AAa?$AAi?$AAn?$AAI?$AAs?$AAI?$AAd?$AAl?$AAe?$AA?$AA@ 10005910     shell.obj
 0001:00004944       ??_C@_1CM@HFNGGKMP@?$AAP?$AAR?$AAC?$AAM?$AA_?$AAE?$AAM?$AAU?$AA_?$AAC?$AAl?$AAk?$AAI?$AAs?$AAR?$AAu?$AAn?$AAn?$AAi?$AAn?$AAg?$AA?$AA@ 10005944     shell.obj
 0001:00004970       ??_C@_1CE@CKCCMFID@?$AAP?$AAR?$AAC?$AAM?$AA_?$AAD?$AAP?$AAL?$AAL?$AA5?$AA_?$AAe?$AAn?$AAa?$AAb?$AAl?$AAe?$AA?$AA@ 10005970     shell.obj
 0001:00004994       ??_C@_1CE@MLAMMPOH@?$AAP?$AAR?$AAC?$AAM?$AA_?$AAD?$AAP?$AAL?$AAL?$AA2?$AA_?$AAe?$AAn?$AAa?$AAb?$AAl?$AAe?$AA?$AA@ 10005994     shell.obj
 0001:000049b8       ??_C@_1CA@DKKJHGF@?$AAP?$AAR?$AAC?$AAM?$AA_?$AAD?$AAP?$AAL?$AAL?$AA1?$AA_?$AAF?$AAC?$AAL?$AAK?$AA?$AA@ 100059b8     shell.obj
 0001:000049d8       ??_C@_1CI@IFGJEACI@?$AAP?$AAR?$AAC?$AAM?$AA_?$AAD?$AAP?$AAL?$AAL?$AA4?$AA_?$AAT?$AAI?$AAC?$AAO?$AAP?$AAW?$AAD?$AAN?$AA?$AA@ 100059d8     shell.obj
 0001:00004a00       ??_C@_1CI@OALAHOGI@?$AAP?$AAR?$AAC?$AAM?$AA_?$AAD?$AAP?$AAL?$AAL?$AA3?$AA_?$AAT?$AAI?$AAC?$AAO?$AAP?$AAW?$AAD?$AAN?$AA?$AA@ 10005a00     shell.obj
 0001:00004a28       ??_C@_1CI@PHJIBKKI@?$AAP?$AAR?$AAC?$AAM?$AA_?$AAD?$AAP?$AAL?$AAL?$AA2?$AA_?$AAT?$AAI?$AAC?$AAO?$AAP?$AAW?$AAD?$AAN?$AA?$AA@ 10005a28     shell.obj
 0001:00004a50       ??_C@_1CI@MOOALHOI@?$AAP?$AAR?$AAC?$AAM?$AA_?$AAD?$AAP?$AAL?$AAL?$AA1?$AA_?$AAT?$AAI?$AAC?$AAO?$AAP?$AAW?$AAD?$AAN?$AA?$AA@ 10005a50     shell.obj
 0001:00004a78       ??_C@_1CE@JABJPFEA@?$AAP?$AAR?$AAC?$AAM?$AA_?$AAP?$AAE?$AAR?$AA_?$AAL?$AA4?$AA_?$AAG?$AAI?$AAC?$AAL?$AAK?$AA?$AA@ 10005a78     shell.obj
 0001:00004a9c       ??_C@_1DG@KDDMDHEM@?$AAP?$AAR?$AAC?$AAM?$AA_?$AAS?$AAR?$AA1?$AA_?$AAF?$AAR?$AAE?$AAQ?$AAE?$AAR?$AAR?$AAI?$AAN?$AAT?$AAZ?$AA_?$AAM?$AAU?$AAX?$AA1?$AA1?$AA?$AA@ 10005a9c     shell.obj
 0001:00004ad8       ??_C@_1EE@FELIFBNG@?$AAP?$AAR?$AAC?$AAM?$AA_?$AAe?$AAm?$AAu?$AAd?$AAp?$AAl?$AAl?$AA3?$AAs?$AAr?$AAc?$AAc?$AAl?$AAk?$AAa?$AAc?$AAt?$AAi?$AAv?$AAi?$AAt?$AAy?$AAs?$AAt?$AAa?$AAt?$AAu@ 10005ad8     shell.obj
 0001:00004b1c       ??_C@_1DI@HLNAKCLL@?$AAP?$AAR?$AAC?$AAM?$AA_?$AAD?$AAS?$AAS?$AA_?$AAd?$AAo?$AAm?$AAa?$AAi?$AAn?$AAF?$AAr?$AAe?$AAe?$AAz?$AAe?$AA_?$AAM?$AAU?$AAX?$AA1?$AA1?$AA?$AA@ 10005b1c     shell.obj
 0001:00004b54       ??_C@_1CI@KKLAIOEK@?$AAP?$AAR?$AAC?$AAM?$AA_?$AAS?$AAG?$AAX?$AA_?$AAf?$AAo?$AAr?$AAc?$AAe?$AAS?$AAl?$AAe?$AAe?$AAp?$AA?$AA@ 10005b54     shell.obj
 0001:00004b7c       ??_C@_1DI@JJBHFLDG@?$AAP?$AAR?$AAC?$AAM?$AA_?$AAP?$AAE?$AAR?$AAL?$AA4?$AA_?$AAI?$AAC?$AAl?$AAk?$AAI?$AAs?$AAN?$AAo?$AAt?$AAR?$AAu?$AAn?$AAn?$AAi?$AAn?$AAg?$AA?$AA@ 10005b7c     shell.obj
 0001:00004bb4       ??_C@_1CC@DCOOIDHD@?$AAP?$AAR?$AAC?$AAM?$AA_?$AAD?$AAP?$AAL?$AAL?$AA5?$AA_?$AAi?$AAn?$AAi?$AAt?$AAz?$AA?$AA@ 10005bb4     shell.obj
 0001:00004bd8       ??_C@_1CC@MPBHHLAG@?$AAP?$AAR?$AAC?$AAM?$AA_?$AAD?$AAP?$AAL?$AAL?$AA2?$AA_?$AAi?$AAn?$AAi?$AAt?$AAz?$AA?$AA@ 10005bd8     shell.obj
 0001:00004bfc       ??_C@_1CE@OJMJLJJI@?$AAP?$AAR?$AAC?$AAM?$AA_?$AAD?$AAP?$AAL?$AAL?$AA5?$AA_?$AAM?$AA2?$AA_?$AAC?$AAL?$AAK?$AA?$AA@ 10005bfc     shell.obj
 0001:00004c20       ??_C@_1CE@NNMMOAEH@?$AAP?$AAR?$AAC?$AAM?$AA_?$AAD?$AAP?$AAL?$AAL?$AA4?$AA_?$AAB?$AAY?$AAP?$AAA?$AAS?$AAS?$AA?$AA@ 10005c20     shell.obj
[...]
 0002:00005404       ?PRCM_IVA2_POWER_GOOD_MUX9@@3UOBSERVE_ENTRY@@A 10023404     shell.obj
 0002:00005418       ?PRCM_IVA2_SRAMRETONIN_MUX9@@3UOBSERVE_ENTRY@@A 10023418     shell.obj
 0002:0000542c       ?PRCM_CORE_SRAMAONIN_MUX9@@3UOBSERVE_ENTRY@@A 1002342c     shell.obj
 0002:00005440       ?PRCM_CORE_SRAMRETGOODOUT_MUX9@@3UOBSERVE_ENTRY@@A 10023440     shell.obj
 0002:00005454       ?PRCM_DSS_POWER_ISO@@3UOBSERVE_ENTRY@@A 10023454     shell.obj
 0002:00005468       ?PRCM_CAM_SRAMRETGOODOUT@@3UOBSERVE_ENTRY@@A 10023468     shell.obj
 0002:0000547c       ?PRCM_DPLL3_POWER_ISO@@3UOBSERVE_ENTRY@@A 1002347c     shell.obj
 0002:00005490       ?PRCM_PER_SRAMRETGOODOUT@@3UOBSERVE_ENTRY@@A 10023490     shell.obj
 0002:000054a4       ?PRCM_USBHOST_STARTSAVE@@3UOBSERVE_ENTRY@@A 100234a4     shell.obj
 0002:000054b8       ?PRCM_USBTLL_SWAKEUP@@3UOBSERVE_ENTRY@@A 100234b8     shell.obj
 0002:000054cc       ?PRCM_FUNC_96M_ALWON_CLK@@3UOBSERVE_ENTRY@@A 100234cc     shell.obj
 0002:000054e0       ?PRCM_IVA2_RST3@@3UOBSERVE_ENTRY@@A 100234e0     shell.obj
 0002:000054f4       ?PRCM_EMU_RSTPWRON@@3UOBSERVE_ENTRY@@A 100234f4     shell.obj
 0002:00005508       ?PRCM_CM_RSTPWRONRET@@3UOBSERVE_ENTRY@@A 10023508     shell.obj
 0002:0000551c       ?PRCM_COREL3_domainIsOn@@3UOBSERVE_ENTRY@@A 1002351c     shell.obj
 0002:00005530       ?PRCM_sgx_domain_is_inactive@@3UOBSERVE_ENTRY@@A 10023530     shell.obj
 0002:00005544       ?PRCM_sgx_domain_is_retention@@3UOBSERVE_ENTRY@@A 10023544     shell.obj
 0002:00005558       ?PRCM_sgx_domain_is_off@@3UOBSERVE_ENTRY@@A 10023558     shell.obj
 0002:0000556c       ?PRCM_PADS_OFF_mode@@3UOBSERVE_ENTRY@@A 1002356c     shell.obj
 0002:00005580       ?PRCM_MPU_POWER_ISO@@3UOBSERVE_ENTRY@@A 10023580     shell.obj
 0002:00005594       ?PRCM_IVA2_POWER_GOOD_MUX10@@3UOBSERVE_ENTRY@@A 10023594     shell.obj
 0002:000055a8       ?PRCM_IVA2_SRAMRETONIN_MUX10@@3UOBSERVE_ENTRY@@A 100235a8     shell.obj
 0002:000055bc       ?PRCM_CORE_SRAMAONIN_MUX10@@3UOBSERVE_ENTRY@@A 100235bc     shell.obj
 0002:000055d0       ?PRCM_CORE_SRAMRETGOODOUT_MUX10@@3UOBSERVE_ENTRY@@A 100235d0     shell.obj
 0002:000055e4       ?PRCM_DSS_POWER_GOOD_MUX10@@3UOBSERVE_ENTRY@@A 100235e4     shell.obj
 0002:000055f8       ?PRCM_EMU_POWER_ON@@3UOBSERVE_ENTRY@@A 100235f8     shell.obj
 0002:0000560c       ?PRCM_DPLL3_POWER_GOOD@@3UOBSERVE_ENTRY@@A 1002360c     shell.obj
 0002:00005620       ?PRCM_USBHOST_POWER_ON@@3UOBSERVE_ENTRY@@A 10023620     shell.obj
 0002:00005634       ?PRCM_USBHOST_SAVEDONE@@3UOBSERVE_ENTRY@@A 10023634     shell.obj
 0002:00005648       ?PRCM_GPIO1_SWAKEUP@@3UOBSERVE_ENTRY@@A 10023648     shell.obj
 0002:0000565c       ?PRCM_DSS2_ALWON_FCLK@@3UOBSERVE_ENTRY@@A 1002365c     shell.obj
 0002:00005670       ?PRCM_IVA2_RSTPWRON@@3UOBSERVE_ENTRY@@A 10023670     shell.obj
 0002:00005684       ?PRCM_EFUSE_RSTPWRON@@3UOBSERVE_ENTRY@@A 10023684     shell.obj
 0002:00005698       ?PRCM_DPLL3_rstdata@@3UOBSERVE_ENTRY@@A 10023698     shell.obj
 0002:000056ac       ?PRCM_SGX_domainWakeup@@3UOBSERVE_ENTRY@@A 100236ac     shell.obj
 0002:000056c0       ?PRCM_vdd1_domain_is_off@@3UOBSERVE_ENTRY@@A 100236c0     shell.obj
 0002:000056d4       ?PRCM_vdd1_domain_is_lp@@3UOBSERVE_ENTRY@@A 100236d4     shell.obj
 0002:000056e8       ?PRCM_PRM2MPU_IRQ@@3UOBSERVE_ENTRY@@A 100236e8     shell.obj
 0002:000056fc       ?PRCM_GLOBAL_WKUP_en@@3UOBSERVE_ENTRY@@A 100236fc     shell.obj
 0002:00005710       ?PRCM_MPU_POWER_GOOD_MUX11@@3UOBSERVE_ENTRY@@A 10023710     shell.obj
 0002:00005724       ?PRCM_IVA2_POWER_GOOD_MUX11@@3UOBSERVE_ENTRY@@A 10023724     shell.obj
 0002:00005738       ?PRCM_IVA2_SRAMRETONIN_MUX11@@3UOBSERVE_ENTRY@@A 10023738     shell.obj
 0002:0000574c       ?PRCM_CORE_SRAMAONIN_MUX11@@3UOBSERVE_ENTRY@@A 1002374c     shell.obj
 0002:00005760       ?PRCM_CORE_SRAMRETGOODOUT_MUX11@@3UOBSERVE_ENTRY@@A 10023760     shell.obj
 0002:00005774       ?PRCM_DSS_POWER_GOOD_MUX11@@3UOBSERVE_ENTRY@@A 10023774     shell.obj
 0002:00005788       ?PRCM_EMU_POWER_ISO@@3UOBSERVE_ENTRY@@A 10023788     shell.obj
 0002:0000579c       ?PRCM_DPLL4_POWER_ON@@3UOBSERVE_ENTRY@@A 1002379c     shell.obj
 0002:000057b0       ?PRCM_USBHOST_POWER_ISO@@3UOBSERVE_ENTRY@@A 100237b0     shell.obj
 0002:000057c4       ?PRCM_USBHOST_STARTRESTORE@@3UOBSERVE_ENTRY@@A 100237c4     shell.obj
 0002:000057d8       ?PRCM_WAITINRESET_WK@@3UOBSERVE_ENTRY@@A 100237d8     shell.obj
 0002:000057ec       ?PRCM_EFUSE_ALWON_FCLK@@3UOBSERVE_ENTRY@@A 100237ec     shell.obj
 0002:00005800       ?PRCM_IVA2_RSTDONE@@3UOBSERVE_ENTRY@@A 10023800     shell.obj
 0002:00005814       ?PRCM_SR_RST@@3UOBSERVE_ENTRY@@A 10023814     shell.obj
 0002:00005828       ?PRCM_GlbRstData@@3UOBSERVE_ENTRY@@A 10023828     shell.obj
 0002:0000583c       ?PRCM_SGX_domainIsOn@@3UOBSERVE_ENTRY@@A 1002383c     shell.obj
 0002:00005850       ?PRCM_core_domain_is_inactive@@3UOBSERVE_ENTRY@@A 10023850     shell.obj
 0002:00005864       ?PRCM_core_domain_is_retention@@3UOBSERVE_ENTRY@@A 10023864     shell.obj
 0002:00005878       ?PRCM_core_domain_is_off@@3UOBSERVE_ENTRY@@A 10023878     shell.obj
 0002:0000588c       ?PRCM_IO_WUCLK@@3UOBSERVE_ENTRY@@A 1002388c     shell.obj
 0002:000058a0       ?PRCM_MPU_POWER_GOOD_MUX12@@3UOBSERVE_ENTRY@@A 100238a0     shell.obj
 0002:000058b4       ?PRCM_IVA2_POWER_GOOD_MUX12@@3UOBSERVE_ENTRY@@A 100238b4     shell.obj
 0002:000058c8       ?PRCM_IVA2_SRAMRETGOODOUT_MUX12@@3UOBSERVE_ENTRY@@A 100238c8     shell.obj
 0002:000058dc       ?PRCM_CORE_SRAMAGOODOUT_MUX12@@3UOBSERVE_ENTRY@@A 100238dc     shell.obj
 0002:000058f0       ?PRCM_NEON_POWER_ON@@3UOBSERVE_ENTRY@@A 100238f0     shell.obj
 0002:00005904       ?PRCM_DSS_POWER_GOOD_MUX12@@3UOBSERVE_ENTRY@@A 10023904     shell.obj
 0002:00005918       ?PRCM_EMU_POWER_GOOD@@3UOBSERVE_ENTRY@@A 10023918     shell.obj
 0002:0000592c       ?PRCM_DPLL4_POWER_ISO@@3UOBSERVE_ENTRY@@A 1002392c     shell.obj
 0002:00005940       ?PRCM_USBHOST_POWER_GOOD@@3UOBSERVE_ENTRY@@A 10023940     shell.obj
 0002:00005954       ?PRCM_USBHOST_RESTOREDONE@@3UOBSERVE_ENTRY@@A 10023954     shell.obj
 0002:00005968       ?PRCM_PER_32K_ALWON_FCLK@@3UOBSERVE_ENTRY@@A 10023968     shell.obj
 0002:0000597c       ?PRCM_CORE_RST@@3UOBSERVE_ENTRY@@A 1002397c     shell.obj
 0002:00005990       ?PRCM_DPLL1_RSTPWRON@@3UOBSERVE_ENTRY@@A 10023990     shell.obj
 0002:000059a4       ?PRCM_GlblWarmRst_n@@3UOBSERVE_ENTRY@@A 100239a4     shell.obj
 0002:000059b8       ?PRCM_COREL4_domainWakeup@@3UOBSERVE_ENTRY@@A 100239b8     shell.obj
 0002:000059cc       ?PRCM_vdd1_domain_is_ret@@3UOBSERVE_ENTRY@@A 100239cc     shell.obj
 0002:000059e0       ?PRCM_vdd2_domain_is_on@@3UOBSERVE_ENTRY@@A 100239e0     shell.obj
 0002:000059f4       ?PRCM_USBHOST_domainWakeup@@3UOBSERVE_ENTRY@@A 100239f4     shell.obj
 0002:00005a08       ?PRCM_IO_ISOCLK@@3UOBSERVE_ENTRY@@A 10023a08     shell.obj
 0002:00005a1c       ?PRCM_MPU_POWER_GOOD_MUX13@@3UOBSERVE_ENTRY@@A 10023a1c     shell.obj
 0002:00005a30       ?PRCM_IVA2_POWER_GOOD_MUX13@@3UOBSERVE_ENTRY@@A 10023a30     shell.obj
 0002:00005a44       ?PRCM_IVA2_SRAMRETGOODOUT_MUX13@@3UOBSERVE_ENTRY@@A 10023a44     shell.obj
 0002:00005a58       ?PRCM_CORE_SRAMAGOODOUT_MUX13@@3UOBSERVE_ENTRY@@A 10023a58     shell.obj
 0002:00005a6c       ?PRCM_NEON_POWER_ISO@@3UOBSERVE_ENTRY@@A 10023a6c     shell.obj
 0002:00005a80       ?PRCM_DSS_POWER_GOOD_MUX13@@3UOBSERVE_ENTRY@@A 10023a80     shell.obj
 0002:00005a94       ?PRCM_EMU_SRAMAONIN@@3UOBSERVE_ENTRY@@A 10023a94     shell.obj
 0002:00005aa8       ?PRCM_DPLL4_POWER_GOOD@@3UOBSERVE_ENTRY@@A 10023aa8     shell.obj
 0002:00005abc       ?PRCM_USBHOST_SRAMAONIN@@3UOBSERVE_ENTRY@@A 10023abc     shell.obj
 0002:00005ad0       ?PRCM_USBTLL_ISO_SAR@@3UOBSERVE_ENTRY@@A 10023ad0     shell.obj
 0002:00005ae4       ?PRCM_GPT1_SWAKEUP@@3UOBSERVE_ENTRY@@A 10023ae4     shell.obj
 0002:00005af8       ?PRCM_GPT1_FCLK@@3UOBSERVE_ENTRY@@A 10023af8     shell.obj
 0002:00005b0c       ?PRCM_CORE_RSTPWRONRET@@3UOBSERVE_ENTRY@@A 10023b0c     shell.obj
 0002:00005b20       ?PRCM_DPLL2_RSTPWRON@@3UOBSERVE_ENTRY@@A 10023b20     shell.obj
 0002:00005b34       ?PRCM_GlblPwrOnRst_n@@3UOBSERVE_ENTRY@@A 10023b34     shell.obj
 0002:00005b48       ?PRCM_COREL4_domainIsOn@@3UOBSERVE_ENTRY@@A 10023b48     shell.obj
 0002:00005b5c       ?PRCM_DSS_domainWakeup@@3UOBSERVE_ENTRY@@A 10023b5c     shell.obj
 0002:00005b70       ?PRCM_vdd2_domain_is_good@@3UOBSERVE_ENTRY@@A 10023b70     shell.obj
 0002:00005b84       ?PRCM_USBHOST_domainIsOn@@3UOBSERVE_ENTRY@@A 10023b84     shell.obj
 0002:00005b98       ?PRCM_IO_ISO@@3UOBSERVE_ENTRY@@A 10023b98     shell.obj
 0002:00005bac       ?PRCM_MPU_POWER_GOOD_MUX14@@3UOBSERVE_ENTRY@@A 10023bac     shell.obj
 0002:00005bc0       ?PRCM_IVA2_POWER_GOOD_MUX14@@3UOBSERVE_ENTRY@@A 10023bc0     shell.obj
 0002:00005bd4       ?PRCM_IVA2_SRAMRETGOODOUT_MUX14@@3UOBSERVE_ENTRY@@A 10023bd4     shell.obj
 0002:00005be8       ?PRCM_CORE_SRAMAGOODOUT_MUX14@@3UOBSERVE_ENTRY@@A 10023be8     shell.obj
 0002:00005bfc       ?PRCM_NEON_POWER_GOOD_MUX14@@3UOBSERVE_ENTRY@@A 10023bfc     shell.obj
 0002:00005c10       ?PRCM_DSS_SRAMAONIN@@3UOBSERVE_ENTRY@@A 10023c10     shell.obj
 0002:00005c24       ?PRCM_EMU_SRAMAGOODOUT@@3UOBSERVE_ENTRY@@A 10023c24     shell.obj
 0002:00005c38       ?PRCM_DPLL5_POWER_ON@@3UOBSERVE_ENTRY@@A 10023c38     shell.obj
 0002:00005c4c       ?PRCM_USBHOST_SRAMAGOODOUT@@3UOBSERVE_ENTRY@@A 10023c4c     shell.obj
 0002:00005c60       ?PRCM_USBTLL_STARTSAVE@@3UOBSERVE_ENTRY@@A 10023c60     shell.obj
 0002:00005c74       ?PRCM_EMU_SYS_GCLK@@3UOBSERVE_ENTRY@@A 10023c74     shell.obj
 0002:00005c88       ?PRCM_GPT2_ALWON_FCLK@@3UOBSERVE_ENTRY@@A 10023c88     shell.obj
 0002:00005c9c       ?PRCM_CORE_RSTRET@@3UOBSERVE_ENTRY@@A 10023c9c     shell.obj
 0002:00005cb0       ?PRCM_DPLL3_RSTPWRON@@3UOBSERVE_ENTRY@@A 10023cb0     shell.obj
 0002:00005cc4       ?PRCM_GlblSecureRst_n@@3UOBSERVE_ENTRY@@A 10023cc4     shell.obj
 0002:00005cd8       ?PRCM_DSS_domainIsOn@@3UOBSERVE_ENTRY@@A 10023cd8     shell.obj
 0002:00005cec       ?PRCM_dss_domain_is_inactive@@3UOBSERVE_ENTRY@@A 10023cec     shell.obj
 0002:00005d00       ?PRCM_dss_domain_is_retention@@3UOBSERVE_ENTRY@@A 10023d00     shell.obj
 0002:00005d14       ?PRCM_dss_domain_is_off@@3UOBSERVE_ENTRY@@A 10023d14     shell.obj
 0002:00005d28       ?PRCM_MPU_POWER_GOOD_MUX15@@3UOBSERVE_ENTRY@@A 10023d28     shell.obj
 0002:00005d3c       ?PRCM_IVA2_SRAMAONIN_MUX15@@3UOBSERVE_ENTRY@@A 10023d3c     shell.obj
 0002:00005d50       ?PRCM_IVA2_SRAMRETGOODOUT_MUX15@@3UOBSERVE_ENTRY@@A 10023d50     shell.obj
 0002:00005d64       ?PRCM_CORE_SRAMAGOODOUT_MUX15@@3UOBSERVE_ENTRY@@A 10023d64     shell.obj
 0002:00005d78       ?PRCM_NEON_POWER_GOOD_MUX15@@3UOBSERVE_ENTRY@@A 10023d78     shell.obj
 0002:00005d8c       ?PRCM_DSS_SRAMAGOODOUT@@3UOBSERVE_ENTRY@@A 10023d8c     shell.obj
 0002:00005da0       ?PRCM_EMU_SRAMRETONIN@@3UOBSERVE_ENTRY@@A 10023da0     shell.obj
 0002:00005db4       ?PRCM_DPLL5_POWER_ISO@@3UOBSERVE_ENTRY@@A 10023db4     shell.obj
 0002:00005dc8       ?PRCM_USBHOST_SRAMRETONIN@@3UOBSERVE_ENTRY@@A 10023dc8     shell.obj
 0002:00005ddc       ?PRCM_USBTLL_SAVEDONE@@3UOBSERVE_ENTRY@@A 10023ddc     shell.obj
 0002:00005df0       ?PRCM_GPT3_ALWON_FCLK@@3UOBSERVE_ENTRY@@A 10023df0     shell.obj
 0002:00005e04       ?PRCM_CPEFUSE_RST@@3UOBSERVE_ENTRY@@A 10023e04     shell.obj
 0002:00005e18       ?PRCM_DPLL4_RSTPWRON@@3UOBSERVE_ENTRY@@A 10023e18     shell.obj
 0002:00005e2c       ?PRCM_MPU_SECURITY_VIOL_RST@@3UOBSERVE_ENTRY@@A 10023e2c     shell.obj
 0002:00005e40       ?PRCM_PER_domainWakeup@@3UOBSERVE_ENTRY@@A 10023e40     shell.obj
 0002:00005e54       ?PRCM_vdd2_domain_is_off@@3UOBSERVE_ENTRY@@A 10023e54     shell.obj
 0002:00005e68       ?PRCM_vdd5_domain_is_off@@3UOBSERVE_ENTRY@@A 10023e68     shell.obj
 0002:00005e7c       ?PRCM_PRM2IVA2_IRQ@@3UOBSERVE_ENTRY@@A 10023e7c     shell.obj
 0002:00005e90       ?PRCM_MPU_POWER_GOOD_MUX16@@3UOBSERVE_ENTRY@@A 10023e90     shell.obj
 0002:00005ea4       ?PRCM_IVA2_SRAMAONIN_MUX16@@3UOBSERVE_ENTRY@@A 10023ea4     shell.obj
 0002:00005eb8       ?PRCM_IVA2_SRAMRETGOODOUT_MUX16@@3UOBSERVE_ENTRY@@A 10023eb8     shell.obj
 0002:00005ecc       ?PRCM_CORE_SRAMAGOODOUT_MUX16@@3UOBSERVE_ENTRY@@A 10023ecc     shell.obj
 0002:00005ee0       ?PRCM_SGX_POWER_ON@@3UOBSERVE_ENTRY@@A 10023ee0     shell.obj
 0002:00005ef4       ?PRCM_DSS_SRAMRETONIN@@3UOBSERVE_ENTRY@@A 10023ef4     shell.obj
 0002:00005f08       ?PRCM_EMU_SRAMRETGOODOUT@@3UOBSERVE_ENTRY@@A 10023f08     shell.obj
 0002:00005f1c       ?PRCM_DPLL5_POWER_GOOD@@3UOBSERVE_ENTRY@@A 10023f1c     shell.obj
 0002:00005f30       ?PRCM_USBHOST_SRAMRETGOODOUT@@3UOBSERVE_ENTRY@@A 10023f30     shell.obj
 0002:00005f44       ?PRCM_USBTLL_STARTRESTORE@@3UOBSERVE_ENTRY@@A 10023f44     shell.obj
 0002:00005f58       ?PRCM_WKUP_32K_GFCLK@@3UOBSERVE_ENTRY@@A 10023f58     shell.obj
 0002:00005f6c       ?PRCM_GPT4_ALWON_FCLK@@3UOBSERVE_ENTRY@@A 10023f6c     shell.obj
 0002:00005f80       ?PRCM_USBTLL_RST@@3UOBSERVE_ENTRY@@A 10023f80     shell.obj
 0002:00005f94       ?PRCM_DPLL5_RSTPWRON@@3UOBSERVE_ENTRY@@A 10023f94     shell.obj
 0002:00005fa8       ?PRCM_ICECRUSHER_RST@@3UOBSERVE_ENTRY@@A 10023fa8     shell.obj
 0002:00005fbc       ?PRCM_CORECM_domainWakeup@@3UOBSERVE_ENTRY@@A 10023fbc     shell.obj
 0002:00005fd0       ?PRCM_PER_domainIsOn@@3UOBSERVE_ENTRY@@A 10023fd0     shell.obj
 0002:00005fe4       ?PRCM_per_domain_is_inactive@@3UOBSERVE_ENTRY@@A 10023fe4     shell.obj
 0002:00005ff8       ?PRCM_per_domain_is_retention@@3UOBSERVE_ENTRY@@A 10023ff8     shell.obj
 0002:0000600c       ?PRCM_per_domain_is_off@@3UOBSERVE_ENTRY@@A 1002400c     shell.obj
 0002:00006020       ?PRCM_MPU_SRAMAONIN_MUX17@@3UOBSERVE_ENTRY@@A 10024020     shell.obj
 0002:00006034       ?PRCM_IVA2_SRAMAONIN_MUX17@@3UOBSERVE_ENTRY@@A 10024034     shell.obj
 0002:00006048       ?PRCM_CORE_POWER_ON@@3UOBSERVE_ENTRY@@A 10024048     shell.obj
 0002:0000605c       ?PRCM_CORE_SRAMAGOODOUT@@3UOBSERVE_ENTRY@@A 1002405c     shell.obj
 0002:00006070       ?PRCM_SGX_POWER_ISO@@3UOBSERVE_ENTRY@@A 10024070     shell.obj
 0002:00006084       ?PRCM_DSS_SRAMRETGOODOUT@@3UOBSERVE_ENTRY@@A 10024084     shell.obj
 0002:00006098       ?PRCM_SR_POWER_ON@@3UOBSERVE_ENTRY@@A 10024098     shell.obj
 0002:000060ac       ?PRCM_PER_POWER_ON@@3UOBSERVE_ENTRY@@A 100240ac     shell.obj
 0002:000060c0       ?PRCM_ldoemuonz@@3UOBSERVE_ENTRY@@A 100240c0     shell.obj
 0002:000060d4       ?PRCM_USBTLL_RESTOREDONE@@3UOBSERVE_ENTRY@@A 100240d4     shell.obj
 0002:000060e8       ?PRCM_WKUP_L4_GICLK@@3UOBSERVE_ENTRY@@A 100240e8     shell.obj
 0002:00006100       ?g_rgObservabilityList@@3PAUOBSERVE_ITEM@@A 10024100     shell.obj
 0002:000087b0       ?_rgDeviceClockNames@@3PAPBGA 100267b0     utils.obj
 0002:00008908       ?_rgDpllClockNames@@3PAPBGA 10026908     utils.obj
 0002:00008948       ?_rgDpllNames@@3PAPBGA     10026948     utils.obj
 0002:00008960       ?_rgVddNames@@3PAPBGA      10026960     utils.obj
 0002:00008984       ?_rgVddMap@@3PAPBGA        10026984     utils.obj
 0002:000089b0       ?_rgOmapDeviceMap@@3PAUOMAP_CLOCK_MAP@@A 100269b0     utils.obj
 0002:00008c20       ?_rgDpllMap@@3PAPBGA       10026c20     utils.obj
 0002:00008c40       ?_rgDpllClkOutMap@@3PAPBGA 10026c40     utils.obj
 0002:00008c84       ?_rgClockMap@@3PAPAPBGA    10026c84     utils.obj
 0002:00008c98       g_dwMeasuredSysClkFreq     10026c98     bspcfg:bspcfg.obj
 0002:00008c9c       _rgScaleTable              10026c9c     bspcfg:bspcfg.obj
 0002:00008cc0       _rgI2CDevice               10026cc0     bspcfg:bspcfg.obj
 0002:00008da0       SupportedNands             10026da0     bspcfg:bspcfg.obj
 0002:00008ddc       BSPGpioTables              10026ddc     bspcfg:bspcfg.obj
 0002:00008df4       __security_cookie          10026df4     corelib0:seccinit.obj
 0002:00008df8       __security_cookie_complement 10026df8     corelib0:seccinit.obj
 0002:00008e0c       ??_B?1??get_lock@?$singleton@V?$free_list@$0GE@Vallocator@ce@@@ce@@$03V?$static_allocator@V?$free_list@$0GE@Vallocator@ce@@@ce@@$03@2@@ce@@KAAAVcritical_section@2@XZ@51 10026e0c     shell.obj
 0002:00008e10       ?cs@?1??get_lock@?$singleton@V?$free_list@$0GE@Vallocator@ce@@@ce@@$03V?$static_allocator@V?$free_list@$0GE@Vallocator@ce@@@ce@@$03@2@@ce@@KAAAVcritical_section@3@XZ@4V43@A 10026e10     shell.obj
 0002:00008e24       ?_factory@?$singleton@V?$free_list@$0GE@Vallocator@ce@@@ce@@$03V?$static_allocator@V?$free_list@$0GE@Vallocator@ce@@@ce@@$03@2@@ce@@1Ulock_factory@12@A 10026e24     shell.obj
 0002:00008e8c       _exitflag                  10026e8c     corelib0:cexit.obj
 0002:00008e90       __onexitend                10026e90     <common>
 0002:00008e94       __onexitbegin              10026e94     <common>
 0002:00008e98       g_pcsExit                  10026e98     <common>
 0002:00008e9c       _pRawDllMain               10026e9c     <common>

 entry point at        0001:0001c4c4

 Static symbols

 0001:00013404       ?Help@@YAHKQAPAGP6AXPAGZZ@Z 10014404 f   shell.obj
 0001:000135d8       ?GetNEONStat@@YAHKQAPAGP6AXPAGZZ@Z 100145d8 f   shell.obj
 0001:00013894       ?TouchScreenCalibrate@@YAHKQAPAGP6AXPAGZZ@Z 10014894 f   shell.obj
 0001:000138a8       ?GetDec@@YAJPBG@Z          100148a8 f   shell.obj
 0001:00013900       ?GetHex@@YAIPBG@Z          10014900 f   shell.obj
 0001:00013974       ?CpuIdle@@YAHKQAPAGP6AXPAGZZ@Z 10014974 f   shell.obj
 0001:00013d70       ?OPMode@@YAHKQAPAGP6AXPAGZZ@Z 10014d70 f   shell.obj
 0001:00014010       ?SmartReflex@@YAHKQAPAGP6AXPAGZZ@Z 10015010 f   shell.obj
 0001:00014128       ?Dump_GPMC@@YAXP6AXPAGZZ@Z 10015128 f   shell.obj
 0001:00015604       ?Dump_SDRC@@YAXP6AXPAGZZ@Z 10016604 f   shell.obj
 0001:00015dd8       ?Dump_PRCM@@YAXP6AXPAGZZ@Z 10016dd8 f   shell.obj
 0001:000165f0       ?Dump_DSS@@YAXP6AXPAGZZ@Z  100175f0 f   shell.obj
 0001:00017a3c       ?Dump_ContextRestore@@YAXP6AXPAGZZ@Z 10018a3c f   shell.obj
 0001:00018680       ?Dump_EFuse@@YAXP6AXPAGZZ@Z 10019680 f   shell.obj
 0001:000187c8       ?Dump_PRCMStates@@YAXP6AXPAGZZ@Z 100197c8 f   shell.obj
 0001:00019754       ?Device_xxx@@YAHKQAPAGP6AXPAGZZ@Z 1001a754 f   shell.obj
 0001:00019910       ?Observe@@YAHKQAPAGP6AXPAGZZ@Z 1001a910 f   shell.obj
 0001:00019acc       ?SetContrast@@YAHKQAPAGP6AXPAGZZ@Z 1001aacc f   shell.obj
 0001:00019b60       ?Reboot@@YAHKQAPAGP6AXPAGZZ@Z 1001ab60 f   shell.obj
 0001:00019bc4       ?Display@@YAHKQAPAGP6AXPAGZZ@Z 1001abc4 f   shell.obj
 0001:00019cc4       ?TvOut@@YAHKQAPAGP6AXPAGZZ@Z 1001acc4 f   shell.obj
 0001:0001a00c       ?DVIControl@@YAHKQAPAGP6AXPAGZZ@Z 1001b00c f   shell.obj
 0001:0001a118       ?PowerDomain@@YAHKQAPAGP6AXPAGZZ@Z 1001b118 f   shell.obj
 0001:0001a340       ?HalProfile@@YAHKQAPAGP6AXPAGZZ@Z 1001b340 f   shell.obj
 0001:0001a528       ?InterruptLatency@@YAHKQAPAGP6AXPAGZZ@Z 1001b528 f   shell.obj
 0001:0001aa54       ?InReg8@@YAHKQAPAGP6AXPAGZZ@Z 1001ba54 f   shell.obj
 0001:0001abe8       ?InReg16@@YAHKQAPAGP6AXPAGZZ@Z 1001bbe8 f   shell.obj
 0001:0001ad90       ?InReg32@@YAHKQAPAGP6AXPAGZZ@Z 1001bd90 f   shell.obj
 0001:0001af30       ?OutReg8@@YAHKQAPAGP6AXPAGZZ@Z 1001bf30 f   shell.obj
 0001:0001afec       ?OutReg16@@YAHKQAPAGP6AXPAGZZ@Z 1001bfec f   shell.obj
 0001:0001b0a8       ?OutReg32@@YAHKQAPAGP6AXPAGZZ@Z 1001c0a8 f   shell.obj
 0001:0001b150       ?InI2C@@YAHKQAPAGP6AXPAGZZ@Z 1001c150 f   shell.obj
 0001:0001b4f8       ?OutI2C@@YAHKQAPAGP6AXPAGZZ@Z 1001c4f8 f   shell.obj
 0001:0001b7b4       ?Dump_RegisterGroup@@YAHKQAPAGP6AXPAGZZ@Z 1001c7b4 f   shell.obj
 0001:0001b8fc       ?ScreenRotate@@YAHKQAPAGP6AXPAGZZ@Z 1001c8fc f   shell.obj
 0001:0001c3c8       _DllMainCRTStartupHelper   1001d3c8 f   corelib0:pegdmain.obj
 0001:0001c7b8       doexit                     1001d7b8 f   corelib0:cexit.obj
 0001:0001cb28       ??__E?_factory@?$singleton@V?$free_list@$0GE@Vallocator@ce@@@ce@@$03V?$static_allocator@V?$free_list@$0GE@Vallocator@ce@@@ce@@$03@2@@ce@@1Ulock_factory@12@A@@YAXXZ 1001db28 f   shell.obj
