 tiwlnapi

 Timestamp is 51dcc79f (Wed Jul 10 10:31:59 2013)

 Preferred load address is 10000000

 Start         Length     Name                   Class
 0001:00000000 000182a3H .rdata                  CODE
 0001:000182a4 00000025H .rdata$debug            CODE
 0001:000182cc 00089f08H .text                   CODE
 0001:000a21d4 000003f4H .xdata                  CODE
 0001:000a25c8 00000064H .idata$2                CODE
 0001:000a262c 00000014H .idata$3                CODE
 0001:000a2640 00000168H .idata$4                CODE
 0001:000a27a8 0000040aH .idata$6                CODE
 0001:000a2bc0 0000004bH .edata                  CODE
 0002:00000000 00000168H .idata$5                DATA
 0002:00000168 000059a0H .data                   DATA
 0002:00005b08 000003c4H .bss                    DATA
 0003:00000000 000044f0H .pdata                  DATA

  Address         Publics by Value              Rva+Base       Lib:Object

 0000:00000000       ___safe_se_handler_count   00000000     <absolute>
 0000:00000000       ___safe_se_handler_table   00000000     <absolute>
 0001:00000020       ??_C@_0EE@KNMGGJN@JSR?3?5TICCXWLN?3Else?5calling?5callb@ 10001020     ipc_k.obj
 0001:00000068       ??_C@_1HO@PKCFBODD@?$AAJ?$AAS?$AAR?$AA?3?$AAE?$AAV?$AAE?$AAN?$AAT?$AA?3?$AA?3?$AA?5?$AAS?$AAe?$AAt?$AA?5?$AAE?$AAv?$AAe?$AAn?$AAt?$AA?5?$AAF?$AAa?$AAi?$AAl?$AAe?$AAd?$AA?4?$AA?4?$AA?4?$AA?4@ 10001068     ipc_k.obj
 0001:000000e8       ??_C@_1BK@HCHILLOM@?$AAI?$AAP?$AAC?$AA_?$AAR?$AAX?$AA_?$AAE?$AAV?$AAE?$AAN?$AAT?$AA?$AA@ 100010e8     ipc_k.obj
 0001:00000108       ??_C@_0EI@KHKIEJFM@JSR?3EVENT?3?5TICCXWLN?3IPC_K?4C?3Set?5@ 10001108     ipc_k.obj
 0001:00000150       ??_C@_0CB@JEBBFCCI@JSR?3EVENT?3?3?5PC?4pRxIPCEvent?5?$DNNULL@ 10001150     ipc_k.obj
 0001:00000208       ??_C@_1FG@PFFGBJGK@?$AA?6?$AAo?$AAs?$AA_?$AAs?$AAe?$AAt?$AAD?$AAe?$AAb?$AAu?$AAg?$AAO?$AAu?$AAt?$AAp?$AAu?$AAt?$AAT?$AAo?$AAL?$AAo?$AAg?$AAg?$AAe?$AAr?$AA?5?$AAs?$AAe?$AAt?$AA?5?$AAf@ 10001208     osapi.obj
 0001:00000260       ??_C@_15GANGMFKL@?$AA?$CF?$AAs?$AA?$AA@ 10001260     osapi.obj
 0001:00000268       ??_C@_1O@CHBMPDIL@?$AAT?$AAI?$AAW?$AAL?$AAA?$AAN?$AA?$AA@ 10001268     osapi.obj
 0001:00000278       ??_C@_1CA@KOJLDMDP@?$AA?$CF?$AAs?$AA?3?$AA?5?$AA?$CF?$AAd?$AA?4?$AA?$CF?$AA0?$AA6?$AAd?$AA?3?$AA?5?$AA?$CF?$AAs?$AA?$AA@ 10001278     osapi.obj
 0001:00000298       ??_C@_1GI@DBNJIBPD@?$AAE?$AAr?$AAr?$AAo?$AAr?$AA?5?$AAs?$AAe?$AAn?$AAd?$AAt?$AAo?$AA?5?$AAs?$AAo?$AAc?$AAk?$AAe?$AAt?$AA?4?$AA?5?$AAP?$AAr?$AAi?$AAn?$AAt?$AAo?$AAu?$AAt?$AA?5?$AAr?$AAe@ 10001298     osapi.obj
 0001:00000300       ??_C@_0BM@KHKGDMAA@TIWL?3?5DISASSOCIATED?5?$DM?$DM?$DM?$DM?$DM?5?6?$AA@ 10001300     osapi.obj
 0001:0000031c       ??_C@_0CG@LDMFOADB@TIWL?3?5Not?5supported?5Connection?5E@ 1000131c     osapi.obj
 0001:00000344       ??_C@_0CD@GFENJFCK@TIWL?3?5Connection?5Status?3?5Event?$DN?$CF@ 10001344     osapi.obj
 0001:00000368       ??_C@_0CG@BHGKFIGA@Could?5not?5find?5a?5usable?5WinSock?5@ 10001368     osapi.obj
 0001:00000390       ??_C@_0BL@OENIHIIK@os_initPrintRedirectSocket?$AA@ 10001390     osapi.obj
 0001:000003ac       ??_C@_0CC@PHJHEFJL@?$CFs?3?5error?5opening?5socket?5socket?4@ 100013ac     osapi.obj
 0001:000003d0       ??_C@_0CC@PMLEMPFG@Could?5not?5initializate?5WinSocks?4@ 100013d0     osapi.obj
 0001:000003f8       ??_C@_1FE@DPNAIBPG@?$AA?6?$AAo?$AAs?$AA_?$AAs?$AAe?$AAt?$AAD?$AAe?$AAb?$AAu?$AAg?$AAO?$AAu?$AAt?$AAp?$AAu?$AAt?$AAT?$AAo?$AAT?$AAi?$AAc?$AAo?$AAn?$AA?5?$AAs?$AAe?$AAt?$AA?5?$AAf?$AAl@ 100013f8     osapi.obj
 0001:00000450       ??_C@_1FI@PKGHCKEJ@?$AAE?$AAr?$AAr?$AAo?$AAr?$AA?5?$AAi?$AAn?$AAi?$AAt?$AA?5?$AAs?$AAo?$AAc?$AAk?$AAe?$AAt?$AA?5?$AAf?$AAo?$AAr?$AA?5?$AAp?$AAr?$AAi?$AAn?$AAt?$AAo?$AAu?$AAt?$AA?5?$AAr@ 10001450     osapi.obj
 0001:00000538       ??_C@_0BN@MNPBLLGD@TI?5WLAN?3?5DLL_PROCESS_DETACH?6?$AA@ 10001538     osentry.obj
 0001:00000558       ??_C@_0BN@EELICCHN@TI?5WLAN?3?5DLL_PROCESS_ATTACH?6?$AA@ 10001558     osentry.obj
 0001:00000578       ??_C@_0CN@LFMHEBBI@TIWL?3?5entryMiniportInitialize?5Go@ 10001578     osentry.obj
 0001:000005a8       ??_C@_0BL@JOGHLAKE@wlanDrvIf_Start?$CI?$CJ?3?5Failed?6?$AA@ 100015a8     osentry.obj
 0001:000005c4       ??_C@_0DB@GKLNMHEH@TIWL?3?5entryMiniportInitialize?5wl@ 100015c4     osentry.obj
 0001:000005f8       ??_C@_0CI@JKMPPIGL@TIWL?3?5Could?5not?5register?5interru@ 100015f8     osentry.obj
 0001:00000620       ??_C@_0CB@FDJPHBOI@TIWL?3?5wlanDrvIf_Create?5failed?$CB?$CB?6@ 10001620     osentry.obj
 0001:00000644       ??_C@_0CG@EBOGJFLG@TIWL?3?5Could?5not?5create?5drvThread@ 10001644     osentry.obj
 0001:0000066c       ??_C@_0CF@GMNBGID@TIWL?3?5Could?5not?5create?5drvEvent?$CI@ 1000166c     osentry.obj
 0001:00000694       ??_C@_0CK@NMHJBFJH@TIWL?3?5NdisAllocateBufferPool?$CI?$CJ?5f@ 10001694     osentry.obj
 0001:000006c0       ??_C@_0CK@FIDPDPK@TIWL?3?5NdisAllocatePacketPool?$CI?$CJ?5f@ 100016c0     osentry.obj
 0001:000006ec       ??_C@_0DB@CNNEDHBL@TIWL?3?5Could?8n?5open?5the?5device?5co@ 100016ec     osentry.obj
 0001:00000720       ??_C@_0CA@MAACLNMD@TIWL?3?5os_memoryAlloc?5failed?$CB?$CB?$CB?6?$AA@ 10001720     osentry.obj
 0001:00000740       ??_C@_0EB@FEHNIFIB@TIWL?3?5entryMiniportInitialize?5Ou@ 10001740     osentry.obj
 0001:00000784       ??_C@_0CC@DNGOFEPB@TIWL?3?5entryMiniportInitialize?5In@ 10001784     osentry.obj
 0001:000007a8       ??_C@_0BH@DJOBIEAN@TIWL?3?5DriverEntry?5Out?6?$AA@ 100017a8     osentry.obj
 0001:000007c0       ??_C@_0BG@IGEGGBMI@TIWL?3?5DriverEntry?5In?6?$AA@ 100017c0     osentry.obj
 0001:000007d8       ??_C@_0BM@OFILIJFP@TIWL?3?5ndisMiniportHalt?5Out?6?$AA@ 100017d8     osndis.obj
 0001:000007f4       ??_C@_0BD@DEHPELOE@MiniportHalt?$CI?$CJ?5In?6?$AA@ 100017f4     osndis.obj
 0001:00000808       ??_C@_0BE@LILNBME@MiniportHalt?$CI?$CJ?5Out?6?$AA@ 10001808     osndis.obj
 0001:0000081c       ??_C@_0BL@DKEGPMOG@TIWL?3?5ndisMiniportHalt?5In?6?$AA@ 1000181c     osndis.obj
 0001:00000838       ??_C@_0BM@MLOILGEN@TIWL?3?5ndisMiniportReset?5In?6?$AA@ 10001838     osndis.obj
 0001:00000854       ??_C@_0BL@DFLIKJGI@TIWL?3?5ndisMiniportISR?5Out?6?$AA@ 10001854     osndis.obj
 0001:00000870       ??_C@_0BK@GJHADMAD@TIWL?3?5ndisMiniportISR?5In?6?$AA@ 10001870     osndis.obj
 0001:00000890       ??_C@_0GA@BPJAMLLF@TIWL?3?5InsertCommand?$CI?$CJ?5failed?5to?5@ 10001890     osoid.obj
 0001:000008f0       ??_C@_0DH@KOPHIKEJ@cmdInterpret?3?5Wrong?5buffer?5size?5@ 100018f0     osoid.obj
 0001:00000928       ??_C@_0BN@PLCPPALE@TIWL?3?5OID_GEN_LINK_SPEED?5?$CFd?6?$AA@ 10001928     osoid.obj
 0001:00000948       ??_C@_0CD@MEIGCGL@TIWL?3?5?$CISET?$CJ?5OID_PNP_SET_POWER?5?$CF?5@ 10001948     osoid.obj
 0001:0000096c       ??_C@_0CL@OFOJHPLN@SET?5POWER_MODE_ACTIVE?5?$CINdisDevic@ 1000196c     osoid.obj
 0001:00000998       ??_C@_0CL@PHNIBGBF@SET?5OID_PNP_SET_POWER?5?$CINdisDevic@ 10001998     osoid.obj
 0001:000009c4       ??_C@_0DB@LDEPMBLJ@TIWL?3?5?$CISET?$CJOID_PNP_SET_POWER?5Ndi@ 100019c4     osoid.obj
 0001:000009f8       ??_C@_0CL@OFGNLJPL@SET?5OID_PNP_SET_POWER?5?$CINdisDevic@ 100019f8     osoid.obj
 0001:00000a24       ??_C@_0DB@KBPKGOFH@TIWL?3?5?$CISET?$CJOID_PNP_SET_POWER?5Ndi@ 10001a24     osoid.obj
 0001:00000a58       ??_C@_0DB@BJEGAJDC@TIWL?3?5?$CISET?$CJOID_PNP_SET_POWER?5Ndi@ 10001a58     osoid.obj
 0001:00000a8c       ??_C@_0BE@EECMLNJC@POWER_MODE?5unknown?6?$AA@ 10001a8c     osoid.obj
 0001:00000aa0       ??_C@_0CB@FBOIDJDJ@TIWL?3?5?$CISET?$CJOID_PNP_SET_POWER?5?$CFd?6@ 10001aa0     osoid.obj
 0001:00000ac8       ??_C@_0IA@CNDMMFEI@TIWLN?3?5PacketFilter?4?5Block?4?5SrcA@ 10001ac8     osrecv.obj
 0001:00000b48       ??_C@_0BM@CLJDKDGI@TIWL?3?5recvReturnPacket?5Out?6?$AA@ 10001b48     osrecv.obj
 0001:00000b64       ??_C@_0CC@FJMOOIJB@?5?5Could?5not?5allocate?5NDIS?5buffer@ 10001b64     osrecv.obj
 0001:00000b88       ??_C@_0CN@FCAKMNKJ@?5?5Could?5not?5allocate?5NDIS?5packet@ 10001b88     osrecv.obj
 0001:00000bb8       ??_C@_0CE@PGBNENLH@TIWL?3?5Received?5packet?4?5Length?5?9?5@ 10001bb8     osrecv.obj
 0001:00000c70       ??_C@_0DJ@OFEIPBM@cmdInterpret_init?3?5failed?5to?5all@ 10001c70     cmdinterpretoid.obj
 0001:00000cb0       ??_C@_0EE@EGCJJPF@TIWLN?3?5cmdGetAppIndexByPort?$CI?$CJ?3?5C@ 10001cb0     cmdinterpretoid.obj
 0001:00000cf4       ??_C@_0DE@LNBKGJLJ@cmdInterpret_ServiceCompleteCB?3?5@ 10001cf4     cmdinterpretoid.obj
 0001:00000d28       ??_C@_0CD@OJBAEJHN@App?5EVENT?5registration?4?5App?5id?$DN?$CF@ 10001d28     cmdinterpretoid.obj
 0001:00000d4c       ??_C@_0CI@JEJINKLA@App?5DISABLE?5EVENT?4?5App?5id?$DN?$CFX?0?5ev@ 10001d4c     cmdinterpretoid.obj
 0001:00000d74       ??_C@_0CH@CAJHDOAA@App?5ENABLE?5EVENT?4?5App?5id?$DN?$CFX?0?5eve@ 10001d74     cmdinterpretoid.obj
 0001:00000d9c       ??_C@_0BL@KDAMFAFK@App?5UNREGISTER?4?5App?5id?$DN?$CFX?6?$AA@ 10001d9c     cmdinterpretoid.obj
 0001:00000db8       ??_C@_0CP@JIFODCLJ@Redirecting?5driver?5output?5to?5tic@ 10001db8     cmdinterpretoid.obj
 0001:00000de8       ??_C@_0FD@HKHFHJGO@UtilAssociationInfoGet?3?5pData?$DN?$CFp@ 10001de8     cmdinterpretoid.obj
 0001:00000e3c       ??_C@_09PFCHIMEP@127?40?40?41?$AA@ 10001e3c     cmdinterpretoid.obj
 0001:00000e48       ??_C@_0DG@NFLJLAHD@?$CFs?5cmd?$DN0x?$CFx?5ndisStatus?$DN0x?$CFx?5b1?$DN0@ 10001e48     cmdinterpretoid.obj
 0001:00000e7e       ??_C@_00CNPNBAHC@?$AA@     10001e7e     cmdinterpretoid.obj
 0001:00000e80       ??_C@_03CEMDFJG@Set?$AA@   10001e80     cmdinterpretoid.obj
 0001:00000e84       ??_C@_0CL@BHBFPAIF@TIWL?3?5TIWLN_802_11_AVAILABLE_OPT@ 10001e84     cmdinterpretoid.obj
 0001:00000eb0       ??_C@_0CE@KLDLPBEK@TIWL?3?5TIWLN_802_11_WPA_OPTIONS_G@ 10001eb0     cmdinterpretoid.obj
 0001:00000ed4       ??_C@_0CE@DOFLMAAI@TIWL?3?5TIWLN_802_11_WPA_OPTIONS_S@ 10001ed4     cmdinterpretoid.obj
 0001:00000ef8       ??_C@_0BM@GLJCMPGF@TIWL?3?5UNSUPPORTED?5OID?5?$CI?$CFX?$CJ?6?$AA@ 10001ef8     cmdinterpretoid.obj
 0001:00000f14       ??_C@_0CE@BOIMNNC@TIWL?3?5?$CISET?$CJ?5OID_PNP_ENABLE_WAKE_@ 10001f14     cmdinterpretoid.obj
 0001:00000f38       ??_C@_0BN@JHGBFHNC@TIWL?3?5OID_PNP_CAPABILITIES?5?6?$AA@ 10001f38     cmdinterpretoid.obj
 0001:00000f58       ??_C@_0CD@BAKNIDMD@TIWL?3?5?$CIGET?$CJOID_PNP_QUERY_POWER?5?$CF@ 10001f58     cmdinterpretoid.obj
 0001:00000f7c       ??_C@_0CM@BFGLCMHA@TIWL?3?5?$CISET?$CJ?5OID_PNP_REMOVE_WAKE_@ 10001f7c     cmdinterpretoid.obj
 0001:00000fa8       ??_C@_0CJ@ELFINLNK@TIWL?3?5?$CISET?$CJ?5OID_PNP_ADD_WAKE_UP_@ 10001fa8     cmdinterpretoid.obj
 0001:00000fd4       ??_C@_0CA@PBCGMEDL@TIWL?3?5OID_802_11_POWER_MODE?5?$CFd?6?$AA@ 10001fd4     cmdinterpretoid.obj
 0001:00000ff4       ??_C@_0BB@JPGKHKBB@POWER_MODE_AUTO?6?$AA@ 10001ff4     cmdinterpretoid.obj
 0001:00001008       ??_C@_0BD@GFCCGPLH@POWER_MODE_ACTIVE?6?$AA@ 10002008     cmdinterpretoid.obj
 0001:0000101c       ??_C@_0BH@CNOJFDED@POWER_MODE_SHORT_DOZE?6?$AA@ 1000201c     cmdinterpretoid.obj
 0001:00001034       ??_C@_0BG@OMABKAAA@POWER_MODE_LONG_DOZE?6?$AA@ 10002034     cmdinterpretoid.obj
 0001:0000104c       ??_C@_0DI@LGEHAIDM@SET?5POWER_MODE_LONG_DOZE?5?$CINdis80@ 1000204c     cmdinterpretoid.obj
 0001:00001084       ??_C@_0CP@CMOHPMLC@SET?5POWER_MODE_SHORT_DOZE?5?$CINdisD@ 10002084     cmdinterpretoid.obj
 0001:000010b4       ??_C@_0DA@OFGFLEA@SET?5POWER_MODE_ACTIVE?5?$CINdis802_1@ 100020b4     cmdinterpretoid.obj
 0001:000010e4       ??_C@_0CK@MABMEAIF@TIWL?3?5OID_802_11_BSSID_LIST?50x?$CFx@ 100020e4     cmdinterpretoid.obj
 0001:00001110       ??_C@_0CN@HLAKBLHK@TIWL?3?5OID_802_11_CONFIGURATION?50@ 10002110     cmdinterpretoid.obj
 0001:00001140       ??_C@_0CM@NEILGEPM@OID_802_11_DESIRED_RATES?5is?5not?5@ 10002140     cmdinterpretoid.obj
 0001:0000116c       ??_C@_0CN@DNINCEMG@TIWL?3?5OID_802_11_SUPPORTED_RATES@ 1000216c     cmdinterpretoid.obj
 0001:0000119c       ??_C@_0DH@MKCIJMPN@TIWL?3?5OID_802_11_TX_ANTENNA_SELE@ 1000219c     cmdinterpretoid.obj
 0001:000011d4       ??_C@_0DH@FBPIJMDD@TIWL?3?5OID_802_11_RX_ANTENNA_SELE@ 100021d4     cmdinterpretoid.obj
 0001:0000120c       ??_C@_0CI@OENNMPOK@TIWL?3?5OID_802_11_NUMBER_OF_ANTEN@ 1000220c     cmdinterpretoid.obj
 0001:00001234       ??_C@_0CD@CFLLDEDO@TIWL?3?5OID_802_11_RTS_THRESHOLD?5?$CF@ 10002234     cmdinterpretoid.obj
 0001:00001258       ??_C@_0CC@MHLHLKEG@TIWL?3?5OID_802_11_RSSI_TRIGGER?5?$CFd@ 10002258     cmdinterpretoid.obj
 0001:0000127c       ??_C@_0BK@NHOPAFCH@TIWL?3?5OID_802_11_RSSI?5?$CFd?6?$AA@ 1000227c     cmdinterpretoid.obj
 0001:00001298       ??_C@_0CE@LBNMCBOK@TIWL?3?5OID_802_11_TX_POWER_LEVEL?5@ 10002298     cmdinterpretoid.obj
 0001:000012bc       ??_C@_0CH@PGDPAMIP@TIWL?3?5SITE_MGR_NETWORK_TYPE_IN_U@ 100022bc     cmdinterpretoid.obj
 0001:000012e4       ??_C@_0CN@GDCJLIIF@TIWL?3?5OID_802_11_NETWORK_TYPES_S@ 100022e4     cmdinterpretoid.obj
 0001:00001314       ??_C@_0BN@NAPOFGIF@TIWL?3?5?$CISET?$CJ?5OID_802_11_TEST?6?$AA@ 10002314     cmdinterpretoid.obj
 0001:00001334       ??_C@_0CH@ONENMLNF@TIWL?3?5OID_802_11_ENCRYPTION_STAT@ 10002334     cmdinterpretoid.obj
 0001:0000135c       ??_C@_0CD@PAEAAOPC@TIWL?3?5?$CISET?$CJ?5OID_802_11_WEP_STATU@ 1000235c     cmdinterpretoid.obj
 0001:00001380       ??_C@_0CI@OJEGPOFH@TIWL?3?5?$CISET?$CJ?5OID_802_11_RELOAD_DE@ 10002380     cmdinterpretoid.obj
 0001:000013a8       ??_C@_0DA@OBEEPFN@Unexpected?5COMMAND?5PENDING?5resul@ 100023a8     cmdinterpretoid.obj
 0001:000013d8       ??_C@_0CE@GPHCPIBM@TIWL?3?5OID_802_11_PRIVACY_FILTER?5@ 100023d8     cmdinterpretoid.obj
 0001:000013fc       ??_C@_0CJ@JDKILECC@TIWL?3?5OID_802_11_AUTHENTICATION_@ 100023fc     cmdinterpretoid.obj
 0001:00001428       ??_C@_0DI@ICGMJBFL@TIWL?3?5?$CISET?$CJOID_802_11_AUTHENTICA@ 10002428     cmdinterpretoid.obj
 0001:00001460       ??_C@_0CD@BJNIBJCE@TIWL?3?5?$CISET?$CJ?5OID_802_11_REMOVE_KE@ 10002460     cmdinterpretoid.obj
 0001:00001484       ??_C@_0CA@ODICINBC@TIWL?3?5?$CISET?$CJ?5OID_802_11_ADD_KEY?6?$AA@ 10002484     cmdinterpretoid.obj
 0001:000014a4       ??_C@_0BM@CHMEPDOK@TIWL?3?5OID_802_11_PMKID?5GET?6?$AA@ 100024a4     cmdinterpretoid.obj
 0001:000014c0       ??_C@_0CF@NAIPMHIA@TIWL?3?5?$CISET?$CJ?5OID_802_11_DISASSOCI@ 100024c0     cmdinterpretoid.obj
 0001:000014e8       ??_C@_0CH@HFANJGCL@TIWL?3?5OID_802_3_XMIT_ONE_COLLISI@ 100024e8     cmdinterpretoid.obj
 0001:00001510       ??_C@_0CJ@FNHGKJGJ@TIWL?3?5OID_802_3_XMIT_MORE_COLLIS@ 10002510     cmdinterpretoid.obj
 0001:0000153c       ??_C@_0DK@OBCIPIFO@TIWL?3?5OID_802_11_BSSID?5?$CF02x?3?$CF02x@ 1000253c     cmdinterpretoid.obj
 0001:00001578       ??_C@_0CC@KGCKHECJ@TIWL?3?5OID_802_11_SSID?5?$CFs?0?5len?5?$CFd@ 10002578     cmdinterpretoid.obj
 0001:0000159c       ??_C@_0BK@LPCOBPCF@set?5OID_802_11_SSID?5?$HM?$CFs?$HM?6?$AA@ 1000259c     cmdinterpretoid.obj
 0001:000015b8       ??_C@_0BM@JGLNBFBL@set?5OID_802_11_SSID?5?$HMJUNK?$HM?6?$AA@ 100025b8     cmdinterpretoid.obj
 0001:000015d4       ??_C@_01LOCGONAA@?$AA?$AA@ 100025d4     cmdinterpretoid.obj
 0001:000015d8       ??_C@_0CN@IELBAIGC@TIWL?3?5OID_802_11_FRAGMENTATION_T@ 100025d8     cmdinterpretoid.obj
 0001:00001608       ??_C@_0CA@EJEDMMBO@TIWL?3?5?$CISET?$CJ?5OID_802_11_ADD_WEP?6?$AA@ 10002608     cmdinterpretoid.obj
 0001:00001628       ??_C@_0CD@LDBJFICI@TIWL?3?5?$CISET?$CJ?5OID_802_11_REMOVE_WE@ 10002628     cmdinterpretoid.obj
 0001:0000164c       ??_C@_0CI@CGHDHNGN@TIWL?3?5OID_802_3_RCV_ERROR_ALIGNM@ 1000264c     cmdinterpretoid.obj
 0001:00001678       ??_C@_0ED@PFAIKKJA@TIWL?3?5OID_802_3_CURRENT_ADDRESS?5@ 10002678     cmdinterpretoid.obj
 0001:000016bc       ??_C@_0O@IPCIPD@?4?4?4LIST?5FULL?6?$AA@ 100026bc     cmdinterpretoid.obj
 0001:000016cc       ??_C@_0CG@MBMHJPEO@TIWL?3?5?$CISET?$CJ?5OID_802_3_MULTICAST_@ 100026cc     cmdinterpretoid.obj
 0001:000016f8       ??_C@_0EA@FEIEOJGN@cmdInterpret?3?5Wrong?5buffer?5size?5@ 100026f8     cmdinterpretoid.obj
 0001:00001738       ??_C@_0CG@LOACOKKC@TIWL?3?5OID_802_3_MAXIMUM_LIST_SIZ@ 10002738     cmdinterpretoid.obj
 0001:00001760       ??_C@_0EF@FCGDIHHE@TIWL?3?5OID_802_3_PERMANENT_ADDRES@ 10002760     cmdinterpretoid.obj
 0001:000017a8       ??_C@_0CP@HEOCFNEN@TIWL?3?5OID_GEN_BROADCAST_FRAMES_R@ 100027a8     cmdinterpretoid.obj
 0001:000017d8       ??_C@_0CI@NKAMNBN@TIWL?3?5OID_GEN_RCV_CRC_ERROR?5?$CFd?0?5@ 100027d8     cmdinterpretoid.obj
 0001:00001800       ??_C@_0BP@NLEIIGNA@TIWL?3?5OID_GEN_INIT_TIME_MS?5?$CFd?6?$AA@ 10002800     cmdinterpretoid.obj
 0001:00001820       ??_C@_0CF@CPLJOEDF@TIWL?3?5OID_GEN_MEDIA_SENSE_COUNTS@ 10002820     cmdinterpretoid.obj
 0001:00001848       ??_C@_0CO@PFIEOPNE@TIWL?3?5OID_GEN_BROADCAST_BYTES_RC@ 10002848     cmdinterpretoid.obj
 0001:00001878       ??_C@_0CP@BENNCING@TIWL?3?5OID_GEN_MULTICAST_FRAMES_R@ 10002878     cmdinterpretoid.obj
 0001:000018a8       ??_C@_0CO@HKHPKBEL@TIWL?3?5OID_GEN_MULTICAST_BYTES_RC@ 100028a8     cmdinterpretoid.obj
 0001:000018d8       ??_C@_0CO@BPPONLEA@TIWL?3?5OID_GEN_DIRECTED_FRAMES_RC@ 100028d8     cmdinterpretoid.obj
 0001:00001908       ??_C@_0CN@ICFDBGIE@TIWL?3?5OID_GEN_DIRECTED_BYTES_RCV@ 10002908     cmdinterpretoid.obj
 0001:00001938       ??_C@_0DA@HKJCKMPA@TIWL?3?5OID_GEN_BROADCAST_FRAMES_X@ 10002938     cmdinterpretoid.obj
 0001:00001968       ??_C@_0CP@PDMAOBKC@TIWL?3?5OID_GEN_BROADCAST_BYTES_XM@ 10002968     cmdinterpretoid.obj
 0001:00001998       ??_C@_0DA@BNCPNJEJ@TIWL?3?5OID_GEN_MULTICAST_FRAMES_X@ 10002998     cmdinterpretoid.obj
 0001:000019c8       ??_C@_0CP@JDPPJEDJ@TIWL?3?5OID_GEN_MULTICAST_BYTES_XM@ 100029c8     cmdinterpretoid.obj
 0001:000019f8       ??_C@_0CP@EEIMMML@TIWL?3?5OID_GEN_DIRECTED_FRAMES_XM@ 100029f8     cmdinterpretoid.obj
 0001:00001a28       ??_C@_0CE@PLPPLPBN@TIWL?3?5OID_GEN_RCV_ERROR?5?$CFd?0?5len?5@ 10002a28     cmdinterpretoid.obj
 0001:00001a4c       ??_C@_0CI@BECFFADM@TIWL?3?5OID_GEN_RCV_NO_BUFFER?5?$CFd?0?5@ 10002a4c     cmdinterpretoid.obj
 0001:00001a74       ??_C@_0CO@JINMGHKP@TIWL?3?5OID_GEN_DIRECTED_BYTES_XMI@ 10002a74     cmdinterpretoid.obj
 0001:00001aa4       ??_C@_0CF@ODFNDAD@TIWL?3?5OID_GEN_XMIT_ERROR?5?$CFd?0?5len@ 10002aa4     cmdinterpretoid.obj
 0001:00001acc       ??_C@_0DM@FBIAEDEC@cmdInterpret?3?5Wrong?5buffer?5size?5@ 10002acc     cmdinterpretoid.obj
 0001:00001b08       ??_C@_0BP@EDPHKCG@TIWL?3?5OID_GEN_PHYSICAL_MEDIUM?6?$AA@ 10002b08     cmdinterpretoid.obj
 0001:00001b28       ??_C@_0CC@GKJLMABO@TIWL?3?5OID_GEN_XMIT_OK?5?$CFd?0?5len?5?$CFd@ 10002b28     cmdinterpretoid.obj
 0001:00001b4c       ??_C@_0DM@MJFDPOBD@cmdInterpret?3?5ERROR?5on?5return?5fr@ 10002b4c     cmdinterpretoid.obj
 0001:00001b88       ??_C@_0CB@KPJLCIEH@TIWL?3?5OID_GEN_RCV_OK?5?$CFd?0?5len?5?$CFd?6@ 10002b88     cmdinterpretoid.obj
 0001:00001bac       ??_C@_0DP@IICLILKO@cmdInterpret?3?5Wrong?5buffer?5size?5@ 10002bac     cmdinterpretoid.obj
 0001:00001bec       ??_C@_0CC@JCKPMLKA@TIWL?3?5OID_GEN_MEDIA_CAPABILITIES@ 10002bec     cmdinterpretoid.obj
 0001:00001c10       ??_C@_0BO@PPJPODJG@TIWL?3?5OID_GEN_MAC_OPTIONS?5?$CFd?6?$AA@ 10002c10     cmdinterpretoid.obj
 0001:00001c30       ??_C@_0EC@BNOALACN@cmdInterpret?3?5Wrong?5buffer?5size?5@ 10002c30     cmdinterpretoid.obj
 0001:00001c74       ??_C@_0CI@MMIFEEEC@TIWL?3?5OID_GEN_CURRENT_PACKET_FIL@ 10002c74     cmdinterpretoid.obj
 0001:00001c9c       ??_C@_0CC@OKEGKNG@TIWLN?3?5Filter?5not?5supported?50x?$CFx@ 10002c9c     cmdinterpretoid.obj
 0001:00001cc0       ??_C@_0CL@FJOFPJEP@TIWL?3?5?$CISET?$CJ?5OID_GEN_CURRENT_PACK@ 10002cc0     cmdinterpretoid.obj
 0001:00001cec       ??_C@_0DL@GFFJIPFC@cmdInterpret?3?5Wrong?5buffer?5size?5@ 10002cec     cmdinterpretoid.obj
 0001:00001d28       ??_C@_0EC@IDBGECKH@cmdInterpret?3?5Wrong?5buffer?5size?5@ 10002d28     cmdinterpretoid.obj
 0001:00001d6c       ??_C@_0CI@FCHDAOJM@TIWL?3?5OID_GEN_VENDOR_DRIVER_VERS@ 10002d6c     cmdinterpretoid.obj
 0001:00001d94       ??_C@_0DG@ECEMOLCF@cmdInterpret?3?5Wrong?5buffer?5size?5@ 10002d94     cmdinterpretoid.obj
 0001:00001dcc       ??_C@_0CE@LFEDABNM@TIWL?3?5OID_GEN_VENDOR_ID?5?$CFs?0?5len?5@ 10002dcc     cmdinterpretoid.obj
 0001:00001df0       ??_C@_0DP@LFNDBANB@cmdInterpret?3?5Wrong?5buffer?5size?5@ 10002df0     cmdinterpretoid.obj
 0001:00001e30       ??_C@_0CN@HGCGNEHM@TIWL?3?5OID_GEN_VENDOR_DESCRIPTION@ 10002e30     cmdinterpretoid.obj
 0001:00001e60       ??_C@_08KKGJGOHA@TNET1271?$AA@ 10002e60     cmdinterpretoid.obj
 0001:00001e70       ??_C@_0EB@IIFLOEPI@cmdInterpret?3?5Wrong?5buffer?5size?5@ 10002e70     cmdinterpretoid.obj
 0001:00001eb4       ??_C@_0CH@KGOFNAHA@TIWL?3?5OID_GEN_MAXIMUM_SEND_PACKE@ 10002eb4     cmdinterpretoid.obj
 0001:00001ee0       ??_C@_0EB@LOCIFHEG@cmdInterpret?3?5Wrong?5buffer?5size?5@ 10002ee0     cmdinterpretoid.obj
 0001:00001f24       ??_C@_0CH@GPMBNOKB@TIWL?3?5OID_GEN_RECEIVE_BUFFER_SPA@ 10002f24     cmdinterpretoid.obj
 0001:00001f50       ??_C@_0EC@HFPNEGHD@cmdInterpret?3?5Wrong?5buffer?5size?5@ 10002f50     cmdinterpretoid.obj
 0001:00001f94       ??_C@_0CI@ILEHGNHC@TIWL?3?5OID_GEN_TRANSMIT_BUFFER_SP@ 10002f94     cmdinterpretoid.obj
 0001:00001fbc       ??_C@_0DP@NPIMLAOD@cmdInterpret?3?5Wrong?5buffer?5size?5@ 10002fbc     cmdinterpretoid.obj
 0001:00001ffc       ??_C@_0CF@BCPBMJGG@TIWL?3?5OID_GEN_MAXIMUM_TOTAL_SIZE@ 10002ffc     cmdinterpretoid.obj
 0001:00002024       ??_C@_0DP@JLHOGMHH@cmdInterpret?3?5Wrong?5buffer?5size?5@ 10003024     cmdinterpretoid.obj
 0001:00002064       ??_C@_0CF@JGNFMACN@TIWL?3?5OID_GEN_RECEIVE_BLOCK_SIZE@ 10003064     cmdinterpretoid.obj
 0001:00002090       ??_C@_0EA@DCHJOLIL@cmdInterpret?3?5Wrong?5buffer?5size?5@ 10003090     cmdinterpretoid.obj
 0001:000020d0       ??_C@_0CG@OCFHKKPF@TIWL?3?5OID_GEN_TRANSMIT_BLOCK_SIZ@ 100030d0     cmdinterpretoid.obj
 0001:000020f8       ??_C@_0DP@GCDBOINP@cmdInterpret?3?5Wrong?5buffer?5size?5@ 100030f8     cmdinterpretoid.obj
 0001:00002138       ??_C@_0CF@PIDCMNEC@TIWL?3?5OID_GEN_MAXIMUM_FRAME_SIZE@ 10003138     cmdinterpretoid.obj
 0001:00002160       ??_C@_0DO@HJJENIAA@cmdInterpret?3?5Wrong?5buffer?5size?5@ 10003160     cmdinterpretoid.obj
 0001:000021a0       ??_C@_0CE@PPHAINHG@TIWL?3?5OID_GEN_CURRENT_LOOKAHEAD?5@ 100031a0     cmdinterpretoid.obj
 0001:000021c4       ??_C@_0DO@JDKDOIMG@cmdInterpret?3?5Wrong?5buffer?5size?5@ 100031c4     cmdinterpretoid.obj
 0001:00002204       ??_C@_0CE@NKJPEJC@TIWL?3?5OID_GEN_MAXIMUM_LOOKAHEAD?5@ 10003204     cmdinterpretoid.obj
 0001:00002228       ??_C@_0EB@HCFGKBCC@cmdInterpret?3?5Wrong?5buffer?5size?5@ 10003228     cmdinterpretoid.obj
 0001:0000226c       ??_C@_0CH@NFEEKHJB@TIWL?3?5OID_GEN_MEDIA_CONNECT_STAT@ 1000326c     cmdinterpretoid.obj
 0001:00002294       ??_C@_0DJ@OCOOHNFL@cmdInterpret?3?5Wrong?5buffer?5size?5@ 10003294     cmdinterpretoid.obj
 0001:000022d0       ??_C@_0BP@PEADMHFM@TIWL?3?5OID_GEN_MEDIA_SUPPORTED?6?$AA@ 100032d0     cmdinterpretoid.obj
 0001:000022f0       ??_C@_0DM@LPHHOOEB@cmdInterpret?3?5Wrong?5buffer?5size?5@ 100032f0     cmdinterpretoid.obj
 0001:0000232c       ??_C@_0BP@OKMINHCF@TIWL?3?5OID_GEN_HARDWARE_STATUS?6?$AA@ 1000332c     cmdinterpretoid.obj
 0001:0000234c       ??_C@_0DF@LJHHFBPK@Buffer?5for?5parameter?50x?$CFX?5is?5big@ 1000334c     cmdinterpretoid.obj
 0001:00002384       ??_C@_0BO@OEIBGDFG@TIWL?3?5OID_GEN_SUPPORTED_LIST?6?$AA@ 10003384     cmdinterpretoid.obj
 0001:000023a4       ??_C@_0CI@PFPIHLBJ@cmdObj?$DN0x?$CFx?5cmd?$DN0x?$CFx?5b1?$DN0x?$CFx?5b1_@ 100033a4     cmdinterpretoid.obj
 0001:000023cc       ??_C@_0DN@BJFOPFCM@TIWL?3?5OID_TI_WILINK_IOCTL?3?5cbInf@ 100033cc     cmdinterpretoid.obj
 0001:0000240c       ??_C@_0CL@NFDOGJEI@wlanDrvIf_UpdateDriverState?$CI?$CJ?3?5S@ 1000340c     wlandrvif.obj
 0001:00002438       ??_C@_0CN@MCFFAIG@TIWL?3?5Could?5not?5map?5image?5file?0?5@ 10003438     wlandrvif.obj
 0001:00002468       ??_C@_0CO@PAKLKDO@TIWL?3?5Could?5not?5open?5image?5file?0@ 10003468     wlandrvif.obj
 0001:00002498       ??_C@_0DP@CENJACHM@wlanDrvIf_loadFile?3?5name?$DN?$CFs?0?5han@ 10003498     wlandrvif.obj
 0001:000024d8       ??_C@_0M@NNOAEJJL@nvs_map?4bin?$AA@ 100034d8     wlandrvif.obj
 0001:000024e4       ??_C@_0DE@MJDABMIA@wlanDrvIf_GetFile?3?5No?4?5of?5Bytes?5@ 100034e4     wlandrvif.obj
 0001:00002518       ??_C@_0DO@ENGBOCAD@wlanDrvIf_GetFile?3?5o?4?5of?5Bytes?5L@ 10003518     wlandrvif.obj
 0001:00002558       ??_C@_0BA@KIPAOKFL@Fw1273_CHIP?4bin?$AA@ 10003558     wlandrvif.obj
 0001:00002568       ??_C@_0CN@HNOFBPBJ@drvThread?$CI?$CJ?5WaitForSingleObject?5@ 10003568     wlandrvif.obj
 0001:00002598       ??_C@_0CH@PPEOIDPA@wlanDrvIf_Start?$CI?$CJ?5Driver?5not?5cre@ 10003598     wlandrvif.obj
 0001:000025c0       ??_C@_0BD@KBNPNBNP@wlanDrvIf_Start?$CI?$CJ?6?$AA@ 100035c0     wlandrvif.obj
 0001:000025d4       ??_C@_0BC@JAONNHOD@wlanDrvIf_Stop?$CI?$CJ?6?$AA@ 100035d4     wlandrvif.obj
 0001:000025e8       ??_C@_0DI@JFJHIMHA@wlanDrvIf_FreeTxPacket?$CI?$CJ?5sending@ 100035e8     wlandrvif.obj
 0001:00002620       ??_C@_0FF@FOJHOLNM@wlanDrvIf_SendPacket?$CI?$CJ?5BAD?5NDIS?5@ 10003620     wlandrvif.obj
 0001:00002678       ??_C@_0BI@PCNIOAPM@TIWL?3?5Send?5returned?5?$CFX?6?$AA@ 10003678     wlandrvif.obj
 0001:00002690       ??_C@_0DB@LIAHOFND@TIWL?3?5Sending?4?4?4?5OsCtx?3?$CFX?5?5Packe@ 10003690     wlandrvif.obj
 0001:000026c8       ??_C@_0EB@DGBFBDDN@wlanDrvIf_SendPacket?$CI?$CJ?5Too?5many?5@ 100036c8     wlandrvif.obj
 0001:00002710       ??_C@_0EC@DHMCOKBP@wlanDrvIf_SendPacket?$CI?$CJ?3?5txCtrl_A@ 10003710     wlandrvif.obj
 0001:00002754       ??_C@_0CE@POCPCCDM@TWD_txCtrlBlkAlloc?$CI?$CJ?5returned?5NU@ 10003754     wlandrvif.obj
 0001:00002778       ??_C@_0DB@ODMFNAKE@wlanDrvIf_SendPacket?3?5NumBufs?5?$DN?5@ 10003778     wlandrvif.obj
 0001:000027ac       ??_C@_0BM@FCEKJLBE@TIWL?3?5sendMultipleSend?5Out?6?$AA@ 100037ac     wlandrvif.obj
 0001:000027c8       ??_C@_0EH@DDMJIDMC@MiniportMultipleSend?$CI?$CJ?3?5No?5resou@ 100037c8     wlandrvif.obj
 0001:00002810       ??_C@_0CJ@GIOIIFDE@TIWL?3?5sendMultipleSend?5In?4?5Packe@ 10003810     wlandrvif.obj
 0001:0000283c       ??_C@_0CI@LDGKEBOP@jkljz98c?$CG2?$DOa?$CLt?$CJcl5?$FLd?$DNn3?$DL?$CCf_um6?2d@ 1000383c     oscommon:osRgstry.obj
 0001:00002864       ??_C@_1CK@NEIDNDNM@?$AAI?$AAn?$AAc?$AAl?$AAu?$AAd?$AAe?$AAW?$AAS?$AAC?$AAi?$AAn?$AAP?$AAr?$AAo?$AAb?$AAe?$AAR?$AAe?$AAq?$AA?$AA@ 10003864     oscommon:osRgstry.obj
 0001:00002890       ??_C@_1CO@PODOGDMN@?$AAR?$AAa?$AAt?$AAe?$AAM?$AAn?$AAg?$AAR?$AAa?$AAt?$AAe?$AAR?$AAe?$AAt?$AAr?$AAy?$AAP?$AAo?$AAl?$AAi?$AAc?$AAy?$AA?$AA@ 10003890     oscommon:osRgstry.obj
 0001:000028c0       ??_C@_1CK@PMIIFHFA@?$AAR?$AAa?$AAt?$AAe?$AAM?$AAn?$AAg?$AAR?$AAa?$AAt?$AAe?$AAC?$AAh?$AAe?$AAc?$AAk?$AAD?$AAo?$AAw?$AAn?$AA?$AA@ 100038c0     oscommon:osRgstry.obj
 0001:000028ec       ??_C@_1CG@EBKKBBEE@?$AAR?$AAa?$AAt?$AAe?$AAM?$AAn?$AAg?$AAR?$AAa?$AAt?$AAe?$AAC?$AAh?$AAe?$AAc?$AAk?$AAU?$AAp?$AA?$AA@ 100038ec     oscommon:osRgstry.obj
 0001:00002914       ??_C@_1CK@DMLJIHCB@?$AAR?$AAa?$AAt?$AAe?$AAM?$AAn?$AAg?$AAP?$AAe?$AAr?$AAB?$AAe?$AAt?$AAa?$AA2?$AAS?$AAh?$AAi?$AAf?$AAt?$AA?$AA@ 10003914     oscommon:osRgstry.obj
 0001:00002940       ??_C@_1CK@EANIKCPK@?$AAR?$AAa?$AAt?$AAe?$AAM?$AAn?$AAg?$AAP?$AAe?$AAr?$AAB?$AAe?$AAt?$AAa?$AA1?$AAS?$AAh?$AAi?$AAf?$AAt?$AA?$AA@ 10003940     oscommon:osRgstry.obj
 0001:0000296c       ??_C@_1CG@JKJDCDLH@?$AAR?$AAa?$AAt?$AAe?$AAM?$AAn?$AAg?$AAP?$AAe?$AAr?$AAA?$AAd?$AAd?$AAS?$AAh?$AAi?$AAf?$AAt?$AA?$AA@ 1000396c     oscommon:osRgstry.obj
 0001:00002994       ??_C@_1CK@HAMEPAAL@?$AAR?$AAa?$AAt?$AAe?$AAM?$AAn?$AAg?$AAP?$AAe?$AAr?$AAA?$AAl?$AAp?$AAh?$AAa?$AAS?$AAh?$AAi?$AAf?$AAt?$AA?$AA@ 10003994     oscommon:osRgstry.obj
 0001:000029c0       ??_C@_1CI@MBONAFCD@?$AAR?$AAa?$AAt?$AAe?$AAM?$AAn?$AAg?$AAT?$AAx?$AAF?$AAa?$AAi?$AAl?$AAH?$AAi?$AAg?$AAh?$AAT?$AAh?$AA?$AA@ 100039c0     oscommon:osRgstry.obj
 0001:000029e8       ??_C@_1CG@NNDGNGCN@?$AAR?$AAa?$AAt?$AAe?$AAM?$AAn?$AAg?$AAT?$AAx?$AAF?$AAa?$AAi?$AAl?$AAL?$AAo?$AAw?$AAT?$AAh?$AA?$AA@ 100039e8     oscommon:osRgstry.obj
 0001:00002a10       ??_C@_1DM@BAADOCLO@?$AAR?$AAa?$AAt?$AAe?$AAM?$AAn?$AAg?$AAI?$AAn?$AAv?$AAe?$AAr?$AAs?$AAe?$AAC?$AAu?$AAr?$AAi?$AAo?$AAs?$AAi?$AAt?$AAy?$AAF?$AAa?$AAc?$AAt?$AAo?$AAr?$AA?$AA@ 10003a10     oscommon:osRgstry.obj
 0001:00002a4c       ??_C@_1BM@LEBNFINJ@?$AAR?$AAa?$AAt?$AAe?$AAM?$AAn?$AAg?$AAM?$AAa?$AAx?$AAP?$AAe?$AAr?$AA?$AA@ 10003a4c     oscommon:osRgstry.obj
 0001:00002a68       ??_C@_1BM@NCLBPKEB@?$AAR?$AAa?$AAt?$AAe?$AAM?$AAn?$AAg?$AAP?$AAe?$AAr?$AAT?$AAh?$AA2?$AA?$AA@ 10003a68     oscommon:osRgstry.obj
 0001:00002a84       ??_C@_1BM@MAAEFFKP@?$AAR?$AAa?$AAt?$AAe?$AAM?$AAn?$AAg?$AAP?$AAe?$AAr?$AAT?$AAh?$AA1?$AA?$AA@ 10003a84     oscommon:osRgstry.obj
 0001:00002aa0       ??_C@_1BM@HPEOFFAL@?$AAR?$AAa?$AAt?$AAe?$AAM?$AAn?$AAg?$AAP?$AAe?$AAr?$AAA?$AAd?$AAd?$AA?$AA@ 10003aa0     oscommon:osRgstry.obj
 0001:00002abc       ??_C@_1CM@PMFGPLCC@?$AAR?$AAa?$AAt?$AAe?$AAM?$AAn?$AAg?$AAR?$AAa?$AAt?$AAe?$AAR?$AAe?$AAt?$AAr?$AAy?$AAS?$AAc?$AAo?$AAr?$AAe?$AA?$AA@ 10003abc     oscommon:osRgstry.obj
 0001:00002ae8       ??_C@_1CI@GBNJOELB@?$AAF?$AAm?$AAC?$AAo?$AAe?$AAx?$AAS?$AAw?$AAa?$AAl?$AAl?$AAo?$AAw?$AAC?$AAl?$AAk?$AAD?$AAi?$AAf?$AA?$AA@ 10003ae8     oscommon:osRgstry.obj
 0001:00002b10       ??_C@_1DG@HALAPDNN@?$AAF?$AAm?$AAC?$AAo?$AAe?$AAx?$AAu?$AAD?$AAi?$AAs?$AAt?$AAu?$AAr?$AAb?$AAe?$AAd?$AAB?$AAa?$AAn?$AAd?$AAM?$AAa?$AAr?$AAg?$AAi?$AAn?$AA?$AA@ 10003b10     oscommon:osRgstry.obj
 0001:00002b48       ??_C@_1DI@KJKABHID@?$AAF?$AAm?$AAC?$AAo?$AAe?$AAx?$AAu?$AAL?$AAd?$AAo?$AAS?$AAt?$AAa?$AAb?$AAi?$AAl?$AAi?$AAz?$AAa?$AAt?$AAi?$AAo?$AAn?$AAT?$AAi?$AAm?$AAe?$AA?$AA@ 10003b48     oscommon:osRgstry.obj
 0001:00002b80       ??_C@_1DI@GNODNCLJ@?$AAF?$AAm?$AAC?$AAo?$AAe?$AAx?$AAu?$AAP?$AAl?$AAl?$AAS?$AAt?$AAa?$AAb?$AAi?$AAl?$AAi?$AAz?$AAa?$AAt?$AAi?$AAo?$AAn?$AAT?$AAi?$AAm?$AAe?$AA?$AA@ 10003b80     oscommon:osRgstry.obj
 0001:00002bb8       ??_C@_1DA@CLBHBOBP@?$AAF?$AAm?$AAC?$AAo?$AAe?$AAx?$AAu?$AAM?$AAD?$AAi?$AAv?$AAi?$AAd?$AAe?$AAr?$AAF?$AAr?$AAe?$AAf?$AAS?$AAe?$AAt?$AA2?$AA?$AA@ 10003bb8     oscommon:osRgstry.obj
 0001:00002be8       ??_C@_1DA@DJKCLBPB@?$AAF?$AAm?$AAC?$AAo?$AAe?$AAx?$AAu?$AAM?$AAD?$AAi?$AAv?$AAi?$AAd?$AAe?$AAr?$AAF?$AAr?$AAe?$AAf?$AAS?$AAe?$AAt?$AA1?$AA?$AA@ 10003be8     oscommon:osRgstry.obj
 0001:00002c18       ??_C@_1DA@EGJBONEF@?$AAF?$AAm?$AAC?$AAo?$AAe?$AAx?$AAu?$AAN?$AAD?$AAi?$AAv?$AAi?$AAd?$AAe?$AAr?$AAF?$AAr?$AAe?$AAf?$AAS?$AAe?$AAt?$AA2?$AA?$AA@ 10003c18     oscommon:osRgstry.obj
 0001:00002c48       ??_C@_1DA@FECEECKL@?$AAF?$AAm?$AAC?$AAo?$AAe?$AAx?$AAu?$AAN?$AAD?$AAi?$AAv?$AAi?$AAd?$AAe?$AAr?$AAF?$AAr?$AAe?$AAf?$AAS?$AAe?$AAt?$AA1?$AA?$AA@ 10003c48     oscommon:osRgstry.obj
 0001:00002c78       ??_C@_1CK@IACPIPHA@?$AAF?$AAm?$AAC?$AAo?$AAe?$AAx?$AAu?$AAS?$AAw?$AAa?$AAl?$AAl?$AAo?$AAw?$AAP?$AAe?$AAr?$AAi?$AAo?$AAd?$AA?$AA@ 10003c78     oscommon:osRgstry.obj
 0001:00002ca4       ??_C@_1BM@IALOKDPN@?$AAF?$AAm?$AAC?$AAo?$AAe?$AAx?$AAu?$AAE?$AAn?$AAa?$AAb?$AAl?$AAe?$AA?$AA@ 10003ca4     oscommon:osRgstry.obj
 0001:00002cc0       ??_C@_1CI@DCGPJHLD@?$AAS?$AAe?$AAn?$AAd?$AAT?$AAs?$AAp?$AAe?$AAc?$AAI?$AAn?$AAR?$AAe?$AAa?$AAs?$AAs?$AAP?$AAk?$AAt?$AA?$AA@ 10003cc0     oscommon:osRgstry.obj
 0001:00002ce8       ??_C@_1CO@MPPJPJBK@?$AAR?$AAo?$AAa?$AAm?$AAi?$AAn?$AAg?$AAO?$AAp?$AAe?$AAr?$AAa?$AAt?$AAi?$AAo?$AAn?$AAa?$AAl?$AAM?$AAo?$AAd?$AAe?$AA?$AA@ 10003ce8     oscommon:osRgstry.obj
 0001:00002d18       ??_C@_1BM@LFMDLMPE@?$AAS?$AAu?$AAs?$AAp?$AAe?$AAn?$AAd?$AAA?$AAc?$AAt?$AAi?$AAo?$AAn?$AA?$AA@ 10003d18     oscommon:osRgstry.obj
 0001:00002d34       ??_C@_1CC@LLFMINJE@?$AAS?$AAd?$AAi?$AAo?$AAB?$AAl?$AAk?$AAS?$AAi?$AAz?$AAe?$AAS?$AAh?$AAi?$AAf?$AAt?$AA?$AA@ 10003d34     oscommon:osRgstry.obj
 0001:00002d58       ??_C@_1CK@HABIJOJB@?$AAB?$AAu?$AAs?$AAD?$AAr?$AAv?$AAT?$AAh?$AAr?$AAe?$AAa?$AAd?$AAP?$AAr?$AAi?$AAo?$AAr?$AAi?$AAt?$AAy?$AA?$AA@ 10003d58     oscommon:osRgstry.obj
 0001:00002d84       ??_C@_1CM@CLDGHDEL@?$AAW?$AAl?$AAa?$AAn?$AAD?$AAr?$AAv?$AAT?$AAh?$AAr?$AAe?$AAa?$AAd?$AAP?$AAr?$AAi?$AAo?$AAr?$AAi?$AAt?$AAy?$AA?$AA@ 10003d84     oscommon:osRgstry.obj
 0001:00002db0       ??_C@_1FG@OFFJKOMI@?$AAF?$AAE?$AAM?$AA0?$AA_?$AAT?$AAx?$AAP?$AAe?$AAr?$AAC?$AAh?$AAa?$AAn?$AAn?$AAe?$AAl?$AAP?$AAo?$AAw?$AAe?$AAr?$AAC?$AAo?$AAm?$AAp?$AAe?$AAn?$AAs?$AAa?$AAt?$AAi@ 10003db0     oscommon:osRgstry.obj
 0001:00002e08       ??_C@_1FA@GLGEFKMD@?$AAF?$AAE?$AAM?$AA0?$AA_?$AAT?$AAx?$AAP?$AAe?$AAr?$AAC?$AAh?$AAa?$AAn?$AAn?$AAe?$AAl?$AAP?$AAo?$AAw?$AAe?$AAr?$AAC?$AAo?$AAm?$AAp?$AAe?$AAn?$AAs?$AAa?$AAt?$AAi@ 10003e08     oscommon:osRgstry.obj
 0001:00002e58       ??_C@_1EK@JEFCHHGH@?$AAF?$AAE?$AAM?$AA0?$AA_?$AAR?$AAx?$AAR?$AAs?$AAs?$AAi?$AAA?$AAn?$AAd?$AAP?$AAr?$AAo?$AAc?$AAe?$AAs?$AAs?$AAC?$AAo?$AAm?$AAp?$AAe?$AAn?$AAs?$AAa?$AAt?$AAi?$AAo@ 10003e58     oscommon:osRgstry.obj
 0001:00002ea4       ??_C@_1CI@DFLLIGAA@?$AAF?$AAE?$AAM?$AA0?$AA_?$AAT?$AAX?$AAT?$AAr?$AAa?$AAc?$AAe?$AAL?$AAo?$AAs?$AAs?$AA_?$AA5?$AAG?$AA?$AA@ 10003ea4     oscommon:osRgstry.obj
 0001:00002ecc       ??_C@_1DK@KFGLOBNJ@?$AAF?$AAE?$AAM?$AA0?$AA_?$AAR?$AAx?$AAT?$AAr?$AAa?$AAc?$AAe?$AAI?$AAn?$AAs?$AAe?$AAr?$AAt?$AAi?$AAo?$AAn?$AAL?$AAo?$AAs?$AAs?$AA_?$AA5?$AAG?$AA?$AA@ 10003ecc     oscommon:osRgstry.obj
 0001:00002f08       ??_C@_1DG@LIMMNKEK@?$AAF?$AAE?$AAM?$AA0?$AA_?$AAR?$AAx?$AAF?$AAe?$AAm?$AAI?$AAn?$AAs?$AAe?$AAr?$AAt?$AAi?$AAo?$AAn?$AAL?$AAo?$AAs?$AAs?$AA_?$AA5?$AAG?$AA?$AA@ 10003f08     oscommon:osRgstry.obj
 0001:00002f40       ??_C@_1CK@CEOJAKKJ@?$AAF?$AAE?$AAM?$AA0?$AA_?$AAT?$AAx?$AAI?$AAb?$AAi?$AAa?$AAs?$AAT?$AAa?$AAb?$AAl?$AAe?$AA_?$AA5?$AAG?$AA?$AA@ 10003f40     oscommon:osRgstry.obj
 0001:00002f6c       ??_C@_1DE@PCDILKGC@?$AAF?$AAE?$AAM?$AA0?$AA_?$AAT?$AAx?$AAP?$AAD?$AAV?$AAs?$AAR?$AAa?$AAt?$AAe?$AAO?$AAf?$AAf?$AAs?$AAe?$AAt?$AAs?$AA_?$AA5?$AAG?$AA?$AA@ 10003f6c     oscommon:osRgstry.obj
 0001:00002fa0       ??_C@_1EK@PCPDINPL@?$AAF?$AAE?$AAM?$AA0?$AA_?$AAT?$AAx?$AAP?$AAe?$AAr?$AAC?$AAh?$AAa?$AAn?$AAn?$AAe?$AAl?$AAP?$AAo?$AAw?$AAe?$AAr?$AAL?$AAi?$AAm?$AAi?$AAt?$AAs?$AA_?$AA5?$AAG?$AA_@ 10003fa0     oscommon:osRgstry.obj
 0001:00002ff0       ??_C@_1EK@DDHFIOJK@?$AAF?$AAE?$AAM?$AA0?$AA_?$AAT?$AAx?$AAP?$AAe?$AAr?$AAR?$AAa?$AAt?$AAe?$AAP?$AAo?$AAw?$AAe?$AAr?$AAL?$AAi?$AAm?$AAi?$AAt?$AAs?$AA_?$AA5?$AAG?$AA_?$AAE?$AAx?$AAt@ 10003ff0     oscommon:osRgstry.obj
 0001:00003040       ??_C@_1EM@DJKCPHFG@?$AAF?$AAE?$AAM?$AA0?$AA_?$AAT?$AAx?$AAP?$AAe?$AAr?$AAR?$AAa?$AAt?$AAe?$AAP?$AAo?$AAw?$AAe?$AAr?$AAL?$AAi?$AAm?$AAi?$AAt?$AAs?$AA_?$AA5?$AAG?$AA_?$AAD?$AAe?$AAg@ 10004040     oscommon:osRgstry.obj
 0001:00003090       ??_C@_1EI@OLKECLIP@?$AAF?$AAE?$AAM?$AA0?$AA_?$AAT?$AAx?$AAP?$AAe?$AAr?$AAR?$AAa?$AAt?$AAe?$AAP?$AAo?$AAw?$AAe?$AAr?$AAL?$AAi?$AAm?$AAi?$AAt?$AAs?$AA_?$AA5?$AAG?$AA_?$AAN?$AAo?$AAr@ 10004090     oscommon:osRgstry.obj
 0001:000030d8       ??_C@_1CM@POPLAFGK@?$AAF?$AAE?$AAM?$AA0?$AA_?$AAT?$AAx?$AAB?$AAi?$AAP?$AAO?$AAf?$AAf?$AAs?$AAe?$AAt?$AAd?$AAB?$AA_?$AA5?$AAG?$AA?$AA@ 100040d8     oscommon:osRgstry.obj
 0001:00003104       ??_C@_1DI@LCHEBCNG@?$AAF?$AAE?$AAM?$AA0?$AA_?$AAT?$AAx?$AAB?$AAi?$AAP?$AAR?$AAe?$AAf?$AAe?$AAr?$AAe?$AAn?$AAc?$AAe?$AAP?$AAo?$AAw?$AAe?$AAr?$AA_?$AA5?$AAG?$AA?$AA@ 10004104     oscommon:osRgstry.obj
 0001:00003140       ??_C@_1EA@BPMKKPAM@?$AAF?$AAE?$AAM?$AA0?$AA_?$AAT?$AAX?$AAB?$AAi?$AAP?$AAR?$AAe?$AAf?$AAe?$AAr?$AAe?$AAn?$AAc?$AAe?$AAP?$AAD?$AAv?$AAo?$AAl?$AAt?$AAa?$AAg?$AAe?$AA_?$AA5?$AAG?$AA?$AA@ 10004140     oscommon:osRgstry.obj
 0001:00003180       ??_C@_1EO@FMAKMNDM@?$AAF?$AAE?$AAM?$AA0?$AA_?$AAR?$AAx?$AAR?$AAs?$AAs?$AAi?$AAA?$AAn?$AAd?$AAP?$AAr?$AAo?$AAc?$AAe?$AAs?$AAs?$AAC?$AAo?$AAm?$AAp?$AAe?$AAn?$AAs?$AAa?$AAt?$AAi?$AAo@ 10004180     oscommon:osRgstry.obj
 0001:000031d0       ??_C@_1CM@GAJAMALK@?$AAF?$AAE?$AAM?$AA0?$AA_?$AAT?$AAX?$AAT?$AAr?$AAa?$AAc?$AAe?$AAL?$AAo?$AAs?$AAs?$AA_?$AA2?$AA_?$AA4?$AAG?$AA?$AA@ 100041d0     oscommon:osRgstry.obj
 0001:000031fc       ??_C@_1DO@HGDLNFH@?$AAF?$AAE?$AAM?$AA0?$AA_?$AAR?$AAx?$AAT?$AAr?$AAa?$AAc?$AAe?$AAI?$AAn?$AAs?$AAe?$AAr?$AAt?$AAi?$AAo?$AAn?$AAL?$AAo?$AAs?$AAs?$AA_?$AA2?$AA_?$AA4?$AAG?$AA?$AA@ 100041fc     oscommon:osRgstry.obj
 0001:00003240       ??_C@_1EA@POOMGDHP@?$AAF?$AAE?$AAM?$AA0?$AA_?$AAN?$AAo?$AAr?$AAm?$AAa?$AAl?$AAT?$AAo?$AAD?$AAe?$AAg?$AAr?$AAa?$AAd?$AAe?$AAd?$AAH?$AAi?$AAg?$AAh?$AAT?$AAh?$AAr?$AA_?$AA5?$AAG?$AA?$AA@ 10004240     oscommon:osRgstry.obj
 0001:00003280       ??_C@_1DO@COODJDOJ@?$AAF?$AAE?$AAM?$AA0?$AA_?$AAD?$AAe?$AAg?$AAr?$AAa?$AAd?$AAe?$AAd?$AAL?$AAo?$AAw?$AAT?$AAo?$AAN?$AAo?$AAr?$AAm?$AAa?$AAl?$AAT?$AAh?$AAr?$AA_?$AA5?$AAG?$AA?$AA@ 10004280     oscommon:osRgstry.obj
 0001:000032c0       ??_C@_1EE@FKJLCJA@?$AAF?$AAE?$AAM?$AA0?$AA_?$AAN?$AAo?$AAr?$AAm?$AAa?$AAl?$AAT?$AAo?$AAD?$AAe?$AAg?$AAr?$AAa?$AAd?$AAe?$AAd?$AAH?$AAi?$AAg?$AAh?$AAT?$AAh?$AAr?$AA_?$AA2?$AA_?$AA4@ 100042c0     oscommon:osRgstry.obj
 0001:00003308       ??_C@_1EC@CJANLBCD@?$AAF?$AAE?$AAM?$AA0?$AA_?$AAD?$AAe?$AAg?$AAr?$AAa?$AAd?$AAe?$AAd?$AAL?$AAo?$AAw?$AAT?$AAo?$AAN?$AAo?$AAr?$AAm?$AAa?$AAl?$AAT?$AAh?$AAr?$AA_?$AA2?$AA_?$AA4?$AAG@ 10004308     oscommon:osRgstry.obj
 0001:0000334c       ??_C@_1DK@COILPJL@?$AAF?$AAE?$AAM?$AA0?$AA_?$AAR?$AAx?$AAF?$AAe?$AAm?$AAI?$AAn?$AAs?$AAe?$AAr?$AAt?$AAi?$AAo?$AAn?$AAL?$AAo?$AAs?$AAs?$AA_?$AA2?$AA_?$AA4?$AAG?$AA?$AA@ 1000434c     oscommon:osRgstry.obj
 0001:00003388       ??_C@_1CO@FKOBGLPF@?$AAF?$AAE?$AAM?$AA0?$AA_?$AAT?$AAx?$AAI?$AAb?$AAi?$AAa?$AAs?$AAT?$AAa?$AAb?$AAl?$AAe?$AA_?$AA2?$AA_?$AA4?$AAG?$AA?$AA@ 10004388     oscommon:osRgstry.obj
 0001:000033b8       ??_C@_1DI@MJGAHPFN@?$AAF?$AAE?$AAM?$AA0?$AA_?$AAT?$AAx?$AAP?$AAD?$AAV?$AAs?$AAR?$AAa?$AAt?$AAe?$AAO?$AAf?$AAf?$AAs?$AAe?$AAt?$AAs?$AA_?$AA2?$AA_?$AA4?$AAG?$AA?$AA@ 100043b8     oscommon:osRgstry.obj
 0001:000033f0       ??_C@_1EO@JFFBCMOG@?$AAF?$AAE?$AAM?$AA0?$AA_?$AAT?$AAx?$AAP?$AAe?$AAr?$AAC?$AAh?$AAa?$AAn?$AAn?$AAe?$AAl?$AAP?$AAo?$AAw?$AAe?$AAr?$AAL?$AAi?$AAm?$AAi?$AAt?$AAs?$AA_?$AA2?$AA_?$AA4@ 100043f0     oscommon:osRgstry.obj
 0001:00003440       ??_C@_1EM@HHGJLHD@?$AAF?$AAE?$AAM?$AA0?$AA_?$AAT?$AAx?$AAP?$AAe?$AAr?$AAC?$AAh?$AAa?$AAn?$AAn?$AAe?$AAl?$AAP?$AAo?$AAw?$AAe?$AAr?$AAL?$AAi?$AAm?$AAi?$AAt?$AAs?$AA_?$AA2?$AA_?$AA4@ 10004440     oscommon:osRgstry.obj
 0001:00003490       ??_C@_1EO@GBOKHDHM@?$AAF?$AAE?$AAM?$AA0?$AA_?$AAT?$AAx?$AAP?$AAe?$AAr?$AAR?$AAa?$AAt?$AAe?$AAP?$AAo?$AAw?$AAe?$AAr?$AAL?$AAi?$AAm?$AAi?$AAt?$AAs?$AA_?$AA2?$AA_?$AA4?$AAG?$AA_?$AAE@ 10004490     oscommon:osRgstry.obj
 0001:000034e0       ??_C@_1FA@PCIKHPAC@?$AAF?$AAE?$AAM?$AA0?$AA_?$AAT?$AAx?$AAP?$AAe?$AAr?$AAR?$AAa?$AAt?$AAe?$AAP?$AAo?$AAw?$AAe?$AAr?$AAL?$AAi?$AAm?$AAi?$AAt?$AAs?$AA_?$AA2?$AA_?$AA4?$AAG?$AA_?$AAD@ 100044e0     oscommon:osRgstry.obj
 0001:00003530       ??_C@_1EM@JGCDMFBL@?$AAF?$AAE?$AAM?$AA0?$AA_?$AAT?$AAx?$AAP?$AAe?$AAr?$AAR?$AAa?$AAt?$AAe?$AAP?$AAo?$AAw?$AAe?$AAr?$AAL?$AAi?$AAm?$AAi?$AAt?$AAs?$AA_?$AA2?$AA_?$AA4?$AAG?$AA_?$AAN@ 10004530     oscommon:osRgstry.obj
 0001:0000357c       ??_C@_1DA@CLLHCGDJ@?$AAF?$AAE?$AAM?$AA0?$AA_?$AAT?$AAx?$AAB?$AAi?$AAP?$AAO?$AAf?$AAf?$AAs?$AAe?$AAt?$AAd?$AAB?$AA_?$AA2?$AA_?$AA4?$AAG?$AA?$AA@ 1000457c     oscommon:osRgstry.obj
 0001:000035ac       ??_C@_1DM@KGALOLNB@?$AAF?$AAE?$AAM?$AA0?$AA_?$AAT?$AAx?$AAB?$AAi?$AAP?$AAR?$AAe?$AAf?$AAe?$AAr?$AAe?$AAn?$AAc?$AAe?$AAP?$AAo?$AAw?$AAe?$AAr?$AA_?$AA2?$AA_?$AA4?$AAG?$AA?$AA@ 100045ac     oscommon:osRgstry.obj
 0001:000035e8       ??_C@_1EE@PAEFIDAM@?$AAF?$AAE?$AAM?$AA0?$AA_?$AAT?$AAX?$AAB?$AAi?$AAP?$AAR?$AAe?$AAf?$AAe?$AAr?$AAe?$AAn?$AAc?$AAe?$AAP?$AAD?$AAv?$AAo?$AAl?$AAt?$AAa?$AAg?$AAe?$AA_?$AA2?$AA_?$AA4@ 100045e8     oscommon:osRgstry.obj
 0001:00003630       ??_C@_1FG@PJHODGNN@?$AAF?$AAE?$AAM?$AA1?$AA_?$AAT?$AAx?$AAP?$AAe?$AAr?$AAC?$AAh?$AAa?$AAn?$AAn?$AAe?$AAl?$AAP?$AAo?$AAw?$AAe?$AAr?$AAC?$AAo?$AAm?$AAp?$AAe?$AAn?$AAs?$AAa?$AAt?$AAi@ 10004630     oscommon:osRgstry.obj
 0001:00003688       ??_C@_1FA@IMCLLLJI@?$AAF?$AAE?$AAM?$AA1?$AA_?$AAT?$AAx?$AAP?$AAe?$AAr?$AAC?$AAh?$AAa?$AAn?$AAn?$AAe?$AAl?$AAP?$AAo?$AAw?$AAe?$AAr?$AAC?$AAo?$AAm?$AAp?$AAe?$AAn?$AAs?$AAa?$AAt?$AAi@ 10004688     oscommon:osRgstry.obj
 0001:000036d8       ??_C@_1EK@PBGPOPEF@?$AAF?$AAE?$AAM?$AA1?$AA_?$AAR?$AAx?$AAR?$AAs?$AAs?$AAi?$AAA?$AAn?$AAd?$AAP?$AAr?$AAo?$AAc?$AAe?$AAs?$AAs?$AAC?$AAo?$AAm?$AAp?$AAe?$AAn?$AAs?$AAa?$AAt?$AAi?$AAo@ 100046d8     oscommon:osRgstry.obj
 0001:00003724       ??_C@_1CI@BBDJNHDG@?$AAF?$AAE?$AAM?$AA1?$AA_?$AAT?$AAX?$AAT?$AAr?$AAa?$AAc?$AAe?$AAL?$AAo?$AAs?$AAs?$AA_?$AA5?$AAG?$AA?$AA@ 10004724     oscommon:osRgstry.obj
 0001:0000374c       ??_C@_1DK@MMKHBNNE@?$AAF?$AAE?$AAM?$AA1?$AA_?$AAR?$AAx?$AAT?$AAr?$AAa?$AAc?$AAe?$AAI?$AAn?$AAs?$AAe?$AAr?$AAt?$AAi?$AAo?$AAn?$AAL?$AAo?$AAs?$AAs?$AA_?$AA5?$AAG?$AA?$AA@ 1000474c     oscommon:osRgstry.obj
 0001:00003788       ??_C@_1DG@IFHNDGJG@?$AAF?$AAE?$AAM?$AA1?$AA_?$AAR?$AAx?$AAF?$AAe?$AAm?$AAI?$AAn?$AAs?$AAe?$AAr?$AAt?$AAi?$AAo?$AAn?$AAL?$AAo?$AAs?$AAs?$AA_?$AA5?$AAG?$AA?$AA@ 10004788     oscommon:osRgstry.obj
 0001:000037c0       ??_C@_1CK@LBJJNODM@?$AAF?$AAE?$AAM?$AA1?$AA_?$AAT?$AAx?$AAI?$AAb?$AAi?$AAa?$AAs?$AAT?$AAa?$AAb?$AAl?$AAe?$AA_?$AA5?$AAG?$AA?$AA@ 100047c0     oscommon:osRgstry.obj
 0001:000037ec       ??_C@_1DE@INPBCBPB@?$AAF?$AAE?$AAM?$AA1?$AA_?$AAT?$AAx?$AAP?$AAD?$AAV?$AAs?$AAR?$AAa?$AAt?$AAe?$AAO?$AAf?$AAf?$AAs?$AAe?$AAt?$AAs?$AA_?$AA5?$AAG?$AA?$AA@ 100047ec     oscommon:osRgstry.obj
 0001:00003820       ??_C@_1EK@JHMOBFNJ@?$AAF?$AAE?$AAM?$AA1?$AA_?$AAT?$AAx?$AAP?$AAe?$AAr?$AAC?$AAh?$AAa?$AAn?$AAn?$AAe?$AAl?$AAP?$AAo?$AAw?$AAe?$AAr?$AAL?$AAi?$AAm?$AAi?$AAt?$AAs?$AA_?$AA5?$AAG?$AA_@ 10004820     oscommon:osRgstry.obj
 0001:00003870       ??_C@_1EK@FGEIBGLI@?$AAF?$AAE?$AAM?$AA1?$AA_?$AAT?$AAx?$AAP?$AAe?$AAr?$AAR?$AAa?$AAt?$AAe?$AAP?$AAo?$AAw?$AAe?$AAr?$AAL?$AAi?$AAm?$AAi?$AAt?$AAs?$AA_?$AA5?$AAG?$AA_?$AAE?$AAx?$AAt@ 10004870     oscommon:osRgstry.obj
 0001:000038c0       ??_C@_1EM@GAMEMPDN@?$AAF?$AAE?$AAM?$AA1?$AA_?$AAT?$AAx?$AAP?$AAe?$AAr?$AAR?$AAa?$AAt?$AAe?$AAP?$AAo?$AAw?$AAe?$AAr?$AAL?$AAi?$AAm?$AAi?$AAt?$AAs?$AA_?$AA5?$AAG?$AA_?$AAD?$AAe?$AAg@ 100048c0     oscommon:osRgstry.obj
 0001:00003910       ??_C@_1EI@KCENIGJA@?$AAF?$AAE?$AAM?$AA1?$AA_?$AAT?$AAx?$AAP?$AAe?$AAr?$AAR?$AAa?$AAt?$AAe?$AAP?$AAo?$AAw?$AAe?$AAr?$AAL?$AAi?$AAm?$AAi?$AAt?$AAs?$AA_?$AA5?$AAG?$AA_?$AAN?$AAo?$AAr@ 10004910     oscommon:osRgstry.obj
 0001:00003958       ??_C@_1CM@HDHDPIII@?$AAF?$AAE?$AAM?$AA1?$AA_?$AAT?$AAx?$AAB?$AAi?$AAP?$AAO?$AAf?$AAf?$AAs?$AAe?$AAt?$AAd?$AAB?$AA_?$AA5?$AAG?$AA?$AA@ 10004958     oscommon:osRgstry.obj
 0001:00003984       ??_C@_1DI@DGEFALCH@?$AAF?$AAE?$AAM?$AA1?$AA_?$AAT?$AAx?$AAB?$AAi?$AAP?$AAR?$AAe?$AAf?$AAe?$AAr?$AAe?$AAn?$AAc?$AAe?$AAP?$AAo?$AAw?$AAe?$AAr?$AA_?$AA5?$AAG?$AA?$AA@ 10004984     oscommon:osRgstry.obj
 0001:000039c0       ??_C@_1EA@FFANKAJP@?$AAF?$AAE?$AAM?$AA1?$AA_?$AAT?$AAX?$AAB?$AAi?$AAP?$AAR?$AAe?$AAf?$AAe?$AAr?$AAe?$AAn?$AAc?$AAe?$AAP?$AAD?$AAv?$AAo?$AAl?$AAt?$AAa?$AAg?$AAe?$AA_?$AA5?$AAG?$AA?$AA@ 100049c0     oscommon:osRgstry.obj
 0001:00003a00       ??_C@_1EO@PCABJOKI@?$AAF?$AAE?$AAM?$AA1?$AA_?$AAR?$AAx?$AAR?$AAs?$AAs?$AAi?$AAA?$AAn?$AAd?$AAP?$AAr?$AAo?$AAc?$AAe?$AAs?$AAs?$AAC?$AAo?$AAm?$AAp?$AAe?$AAn?$AAs?$AAa?$AAt?$AAi?$AAo@ 10004a00     oscommon:osRgstry.obj
 0001:00003a50       ??_C@_1CM@ONBIDNFI@?$AAF?$AAE?$AAM?$AA1?$AA_?$AAT?$AAX?$AAT?$AAr?$AAa?$AAc?$AAe?$AAL?$AAo?$AAs?$AAs?$AA_?$AA2?$AA_?$AA4?$AAG?$AA?$AA@ 10004a50     oscommon:osRgstry.obj
 0001:00003a7c       ??_C@_1DO@BKPGKOIA@?$AAF?$AAE?$AAM?$AA1?$AA_?$AAR?$AAx?$AAT?$AAr?$AAa?$AAc?$AAe?$AAI?$AAn?$AAs?$AAe?$AAr?$AAt?$AAi?$AAo?$AAn?$AAL?$AAo?$AAs?$AAs?$AA_?$AA2?$AA_?$AA4?$AAG?$AA?$AA@ 10004a7c     oscommon:osRgstry.obj
 0001:00003ac0       ??_C@_1EA@LECLGMOM@?$AAF?$AAE?$AAM?$AA1?$AA_?$AAN?$AAo?$AAr?$AAm?$AAa?$AAl?$AAT?$AAo?$AAD?$AAe?$AAg?$AAr?$AAa?$AAd?$AAe?$AAd?$AAH?$AAi?$AAg?$AAh?$AAT?$AAh?$AAr?$AA_?$AA5?$AAG?$AA?$AA@ 10004ac0     oscommon:osRgstry.obj
 0001:00003b00       ??_C@_1DO@DDHGIADO@?$AAF?$AAE?$AAM?$AA1?$AA_?$AAD?$AAe?$AAg?$AAr?$AAa?$AAd?$AAe?$AAd?$AAL?$AAo?$AAw?$AAT?$AAo?$AAN?$AAo?$AAr?$AAm?$AAa?$AAl?$AAT?$AAh?$AAr?$AA_?$AA5?$AAG?$AA?$AA@ 10004b00     oscommon:osRgstry.obj
 0001:00003b40       ??_C@_1EE@LDLCFCOA@?$AAF?$AAE?$AAM?$AA1?$AA_?$AAN?$AAo?$AAr?$AAm?$AAa?$AAl?$AAT?$AAo?$AAD?$AAe?$AAg?$AAr?$AAa?$AAd?$AAe?$AAd?$AAH?$AAi?$AAg?$AAh?$AAT?$AAh?$AAr?$AA_?$AA2?$AA_?$AA4@ 10004b40     oscommon:osRgstry.obj
 0001:00003b88       ??_C@_1EC@ODNODPKM@?$AAF?$AAE?$AAM?$AA1?$AA_?$AAD?$AAe?$AAg?$AAr?$AAa?$AAd?$AAe?$AAd?$AAL?$AAo?$AAw?$AAT?$AAo?$AAN?$AAo?$AAr?$AAm?$AAa?$AAl?$AAT?$AAh?$AAr?$AA_?$AA2?$AA_?$AA4?$AAG@ 10004b88     oscommon:osRgstry.obj
 0001:00003bcc       ??_C@_1DK@GLCEEDJG@?$AAF?$AAE?$AAM?$AA1?$AA_?$AAR?$AAx?$AAF?$AAe?$AAm?$AAI?$AAn?$AAs?$AAe?$AAr?$AAt?$AAi?$AAo?$AAn?$AAL?$AAo?$AAs?$AAs?$AA_?$AA2?$AA_?$AA4?$AAG?$AA?$AA@ 10004bcc     oscommon:osRgstry.obj
 0001:00003c08       ??_C@_1CO@PFKFPJLC@?$AAF?$AAE?$AAM?$AA1?$AA_?$AAT?$AAx?$AAI?$AAb?$AAi?$AAa?$AAs?$AAT?$AAa?$AAb?$AAl?$AAe?$AA_?$AA2?$AA_?$AA4?$AAG?$AA?$AA@ 10004c08     oscommon:osRgstry.obj
 0001:00003c38       ??_C@_1DI@ENFBGGKM@?$AAF?$AAE?$AAM?$AA1?$AA_?$AAT?$AAx?$AAP?$AAD?$AAV?$AAs?$AAR?$AAa?$AAt?$AAe?$AAO?$AAf?$AAf?$AAs?$AAe?$AAt?$AAs?$AA_?$AA2?$AA_?$AA4?$AAG?$AA?$AA@ 10004c38     oscommon:osRgstry.obj
 0001:00003c70       ??_C@_1EO@DLFKHPHC@?$AAF?$AAE?$AAM?$AA1?$AA_?$AAT?$AAx?$AAP?$AAe?$AAr?$AAC?$AAh?$AAa?$AAn?$AAn?$AAe?$AAl?$AAP?$AAo?$AAw?$AAe?$AAr?$AAL?$AAi?$AAm?$AAi?$AAt?$AAs?$AA_?$AA2?$AA_?$AA4@ 10004c70     oscommon:osRgstry.obj
 0001:00003cc0       ??_C@_1EM@FOBAKDBI@?$AAF?$AAE?$AAM?$AA1?$AA_?$AAT?$AAx?$AAP?$AAe?$AAr?$AAC?$AAh?$AAa?$AAn?$AAn?$AAe?$AAl?$AAP?$AAo?$AAw?$AAe?$AAr?$AAL?$AAi?$AAm?$AAi?$AAt?$AAs?$AA_?$AA2?$AA_?$AA4@ 10004cc0     oscommon:osRgstry.obj
 0001:00003d10       ??_C@_1EO@MPOBCAOI@?$AAF?$AAE?$AAM?$AA1?$AA_?$AAT?$AAx?$AAP?$AAe?$AAr?$AAR?$AAa?$AAt?$AAe?$AAP?$AAo?$AAw?$AAe?$AAr?$AAL?$AAi?$AAm?$AAi?$AAt?$AAs?$AA_?$AA2?$AA_?$AA4?$AAG?$AA_?$AAE@ 10004d10     oscommon:osRgstry.obj
 0001:00003d60       ??_C@_1FA@BFMFJOFJ@?$AAF?$AAE?$AAM?$AA1?$AA_?$AAT?$AAx?$AAP?$AAe?$AAr?$AAR?$AAa?$AAt?$AAe?$AAP?$AAo?$AAw?$AAe?$AAr?$AAL?$AAi?$AAm?$AAi?$AAt?$AAs?$AA_?$AA2?$AA_?$AA4?$AAG?$AA_?$AAD@ 10004d60     oscommon:osRgstry.obj
 0001:00003db0       ??_C@_1EM@MPEFPNHA@?$AAF?$AAE?$AAM?$AA1?$AA_?$AAT?$AAx?$AAP?$AAe?$AAr?$AAR?$AAa?$AAt?$AAe?$AAP?$AAo?$AAw?$AAe?$AAr?$AAL?$AAi?$AAm?$AAi?$AAt?$AAs?$AA_?$AA2?$AA_?$AA4?$AAG?$AA_?$AAN@ 10004db0     oscommon:osRgstry.obj
 0001:00003dfc       ??_C@_1DA@IKIOKCNH@?$AAF?$AAE?$AAM?$AA1?$AA_?$AAT?$AAx?$AAB?$AAi?$AAP?$AAO?$AAf?$AAf?$AAs?$AAe?$AAt?$AAd?$AAB?$AA_?$AA2?$AA_?$AA4?$AAG?$AA?$AA@ 10004dfc     oscommon:osRgstry.obj
 0001:00003e2c       ??_C@_1DM@KHKOECGH@?$AAF?$AAE?$AAM?$AA1?$AA_?$AAT?$AAx?$AAB?$AAi?$AAP?$AAR?$AAe?$AAf?$AAe?$AAr?$AAe?$AAn?$AAc?$AAe?$AAP?$AAo?$AAw?$AAe?$AAr?$AA_?$AA2?$AA_?$AA4?$AAG?$AA?$AA@ 10004e2c     oscommon:osRgstry.obj
 0001:00003e68       ??_C@_1EE@EGFOGDHM@?$AAF?$AAE?$AAM?$AA1?$AA_?$AAT?$AAX?$AAB?$AAi?$AAP?$AAR?$AAe?$AAf?$AAe?$AAr?$AAe?$AAn?$AAc?$AAe?$AAP?$AAD?$AAv?$AAo?$AAl?$AAt?$AAa?$AAg?$AAe?$AA_?$AA2?$AA_?$AA4@ 10004e68     oscommon:osRgstry.obj
 0001:00003eac       ??_C@_1BC@PFDDLKEP@?$AAS?$AAe?$AAt?$AAt?$AAi?$AAn?$AAg?$AAs?$AA?$AA@ 10004eac     oscommon:osRgstry.obj
 0001:00003ec0       ??_C@_1DE@HOMACJCO@?$AAS?$AAi?$AAn?$AAg?$AAl?$AAe?$AA_?$AAD?$AAu?$AAa?$AAl?$AA_?$AAB?$AAa?$AAn?$AAd?$AA_?$AAS?$AAo?$AAl?$AAu?$AAt?$AAi?$AAo?$AAn?$AA?$AA@ 10004ec0     oscommon:osRgstry.obj
 0001:00003ef4       ??_C@_1BE@EPHGILCP@?$AAD?$AAC?$AA2?$AAD?$AAC?$AAM?$AAo?$AAd?$AAe?$AA?$AA@ 10004ef4     oscommon:osRgstry.obj
 0001:00003f08       ??_C@_1CG@DJAMJPBH@?$AAC?$AAl?$AAo?$AAc?$AAk?$AAV?$AAa?$AAl?$AAi?$AAd?$AAO?$AAn?$AAW?$AAa?$AAk?$AAe?$AAu?$AAp?$AA?$AA@ 10004f08     oscommon:osRgstry.obj
 0001:00003f30       ??_C@_1CK@GJMCHMGM@?$AAT?$AAX?$AAB?$AAi?$AAP?$AAF?$AAE?$AAM?$AAM?$AAa?$AAn?$AAu?$AAf?$AAa?$AAc?$AAt?$AAu?$AAr?$AAe?$AAr?$AA?$AA@ 10004f30     oscommon:osRgstry.obj
 0001:00003f5c       ??_C@_1CG@KOOFEGIK@?$AAT?$AAX?$AAB?$AAi?$AAP?$AAF?$AAE?$AAM?$AAA?$AAu?$AAt?$AAo?$AAD?$AAe?$AAt?$AAe?$AAc?$AAt?$AA?$AA@ 10004f5c     oscommon:osRgstry.obj
 0001:00003f84       ??_C@_1CA@EOIBLOHM@?$AAF?$AAR?$AAe?$AAf?$AAC?$AAl?$AAo?$AAc?$AAk?$AAS?$AAt?$AAa?$AAt?$AAu?$AAs?$AA?$AA@ 10004f84     oscommon:osRgstry.obj
 0001:00003fa4       ??_C@_1DA@EEOPOPDB@?$AAS?$AAT?$AAR?$AAF?$AAR?$AAe?$AAf?$AAC?$AAl?$AAo?$AAc?$AAk?$AAS?$AAe?$AAt?$AAt?$AAi?$AAn?$AAg?$AAT?$AAi?$AAm?$AAe?$AA?$AA@ 10004fa4     oscommon:osRgstry.obj
 0001:00003fd4       ??_C@_1BK@EBBIPLJG@?$AAS?$AAT?$AAR?$AAF?$AAR?$AAe?$AAf?$AAC?$AAl?$AAo?$AAc?$AAk?$AA?$AA@ 10004fd4     oscommon:osRgstry.obj
 0001:00003ff0       ??_C@_1CM@KEBGLAMO@?$AAC?$AAo?$AAn?$AAt?$AAe?$AAx?$AAt?$AAS?$AAw?$AAi?$AAt?$AAc?$AAh?$AAR?$AAe?$AAq?$AAu?$AAi?$AAr?$AAe?$AAd?$AA?$AA@ 10004ff0     oscommon:osRgstry.obj
 0001:0000401c       ??_C@_1DO@MDAGGJJP@?$AAN?$AAu?$AAl?$AAl?$AAD?$AAa?$AAt?$AAa?$AAK?$AAe?$AAe?$AAp?$AAA?$AAl?$AAi?$AAv?$AAe?$AAD?$AAe?$AAf?$AAa?$AAu?$AAl?$AAt?$AAP?$AAe?$AAr?$AAi?$AAo?$AAd?$AA?$AA@ 1000501c     oscommon:osRgstry.obj
 0001:0000405c       ??_C@_1CE@FICKNNML@?$AAP?$AAa?$AAr?$AAs?$AAe?$AAW?$AAS?$AAC?$AAI?$AAn?$AAB?$AAe?$AAa?$AAc?$AAo?$AAn?$AAs?$AA?$AA@ 1000505c     oscommon:osRgstry.obj
 0001:00004080       ??_C@_1CM@LHPFHCPB@?$AAS?$AAc?$AAa?$AAn?$AAC?$AAn?$AAc?$AAn?$AAR?$AAs?$AAs?$AAi?$AAT?$AAh?$AAr?$AAe?$AAs?$AAh?$AAo?$AAl?$AAd?$AA?$AA@ 10005080     oscommon:osRgstry.obj
 0001:000040ac       ??_C@_1CA@OLDIJCAO@?$AAS?$AAc?$AAa?$AAn?$AAR?$AAe?$AAs?$AAu?$AAl?$AAt?$AAA?$AAg?$AAi?$AAn?$AAg?$AA?$AA@ 100050ac     oscommon:osRgstry.obj
 0001:000040cc       ??_C@_1BK@FLIOOJFC@?$AAS?$AAc?$AAa?$AAn?$AAP?$AAu?$AAs?$AAh?$AAM?$AAo?$AAd?$AAe?$AA?$AA@ 100050cc     oscommon:osRgstry.obj
 0001:000040e8       ??_C@_1CM@BBEKGLBI@?$AAD?$AAf?$AAs?$AAP?$AAa?$AAs?$AAs?$AAi?$AAv?$AAe?$AAD?$AAw?$AAe?$AAl?$AAl?$AAT?$AAi?$AAm?$AAe?$AAM?$AAs?$AA?$AA@ 100050e8     oscommon:osRgstry.obj
 0001:00004114       ??_C@_1DM@CKOBCDEM@?$AAM?$AAi?$AAn?$AAi?$AAm?$AAu?$AAm?$AAD?$AAu?$AAr?$AAa?$AAt?$AAi?$AAo?$AAn?$AAB?$AAe?$AAt?$AAw?$AAe?$AAe?$AAn?$AAO?$AAs?$AAS?$AAc?$AAa?$AAn?$AAs?$AA?$AA@ 10005114     oscommon:osRgstry.obj
 0001:00004150       ??_C@_1CO@HAEDKFCJ@?$AAS?$AAn?$AAr?$AAP?$AAa?$AAc?$AAk?$AAe?$AAt?$AAA?$AAv?$AAe?$AAr?$AAa?$AAg?$AAe?$AAW?$AAe?$AAi?$AAg?$AAh?$AAt?$AA?$AA@ 10005150     oscommon:osRgstry.obj
 0001:00004180       ??_C@_1CO@LPJFIEJL@?$AAS?$AAn?$AAr?$AAB?$AAe?$AAa?$AAc?$AAo?$AAn?$AAA?$AAv?$AAe?$AAr?$AAa?$AAg?$AAe?$AAW?$AAe?$AAi?$AAg?$AAh?$AAt?$AA?$AA@ 10005180     oscommon:osRgstry.obj
 0001:000041b0       ??_C@_1DA@OHFNAFDP@?$AAR?$AAs?$AAs?$AAi?$AAP?$AAa?$AAc?$AAk?$AAe?$AAt?$AAA?$AAv?$AAe?$AAr?$AAa?$AAg?$AAe?$AAW?$AAe?$AAi?$AAg?$AAh?$AAt?$AA?$AA@ 100051b0     oscommon:osRgstry.obj
 0001:000041e0       ??_C@_1DA@CIILCEIN@?$AAR?$AAs?$AAs?$AAi?$AAB?$AAe?$AAa?$AAc?$AAo?$AAn?$AAA?$AAv?$AAe?$AAr?$AAa?$AAg?$AAe?$AAW?$AAe?$AAi?$AAg?$AAh?$AAt?$AA?$AA@ 100051e0     oscommon:osRgstry.obj
 0001:00004210       ??_C@_1DA@HBAEEBP@?$AAS?$AAe?$AAn?$AAd?$AAI?$AAN?$AAI?$AAB?$AAu?$AAf?$AAf?$AAe?$AAr?$AAT?$AAo?$AAU?$AAs?$AAe?$AAr?$AAM?$AAo?$AAd?$AAe?$AA?$AA@ 10005210     oscommon:osRgstry.obj
 0001:00004240       ??_C@_1BO@OIPMHELG@?$AAd?$AAo?$AAt?$AA1?$AA1?$AAS?$AAt?$AAa?$AAt?$AAi?$AAo?$AAn?$AAI?$AAD?$AA?$AA@ 10005240     oscommon:osRgstry.obj
 0001:00004260       ??_C@_1DA@CNJIKDED@?$AAE?$AAE?$AAP?$AAR?$AAO?$AAM?$AAl?$AAe?$AAs?$AAs?$AAM?$AAo?$AAd?$AAe?$AAS?$AAu?$AAp?$AAp?$AAo?$AAr?$AAt?$AAe?$AAd?$AA?$AA@ 10005260     oscommon:osRgstry.obj
 0001:00004290       ??_C@_1BM@GHPKNIOM@?$AAX?$AAC?$AAC?$AAT?$AAe?$AAs?$AAt?$AAR?$AAo?$AAg?$AAe?$AAA?$AAP?$AA?$AA@ 10005290     oscommon:osRgstry.obj
 0001:000042b0       ??_C@_1EK@IOGKEDEI@?$AAM?$AAe?$AAa?$AAs?$AAu?$AAr?$AAM?$AAa?$AAx?$AAD?$AAu?$AAr?$AAa?$AAt?$AAi?$AAo?$AAn?$AAO?$AAn?$AAN?$AAo?$AAn?$AAS?$AAe?$AAr?$AAv?$AAi?$AAn?$AAg?$AAC?$AAh?$AAa@ 100052b0     oscommon:osRgstry.obj
 0001:000042fc       ??_C@_1CO@KGOHLCIC@?$AAM?$AAe?$AAa?$AAs?$AAu?$AAr?$AAT?$AAr?$AAa?$AAf?$AAf?$AAi?$AAc?$AAT?$AAh?$AAr?$AAe?$AAs?$AAh?$AAo?$AAl?$AAd?$AA?$AA@ 100052fc     oscommon:osRgstry.obj
 0001:0000432c       ??_C@_1CI@GDEFPLKL@?$AAR?$AAe?$AAA?$AAu?$AAt?$AAh?$AAA?$AAc?$AAt?$AAi?$AAv?$AAe?$AAT?$AAi?$AAm?$AAe?$AAo?$AAu?$AAt?$AA?$AA@ 1000532c     oscommon:osRgstry.obj
 0001:00004354       ??_C@_1DK@JBLKNKHJ@?$AAR?$AAx?$AAD?$AAa?$AAt?$AAa?$AAF?$AAi?$AAl?$AAt?$AAe?$AAr?$AAs?$AA_?$AAF?$AAi?$AAl?$AAt?$AAe?$AAr?$AA4?$AAP?$AAa?$AAt?$AAt?$AAe?$AAr?$AAn?$AA?$AA@ 10005354     oscommon:osRgstry.obj
 0001:00004390       ??_C@_1DE@JPAMFILM@?$AAR?$AAx?$AAD?$AAa?$AAt?$AAa?$AAF?$AAi?$AAl?$AAt?$AAe?$AAr?$AAs?$AA_?$AAF?$AAi?$AAl?$AAt?$AAe?$AAr?$AA4?$AAM?$AAa?$AAs?$AAk?$AA?$AA@ 10005390     oscommon:osRgstry.obj
 0001:000043c4       ??_C@_1DI@LOEFKLMB@?$AAR?$AAx?$AAD?$AAa?$AAt?$AAa?$AAF?$AAi?$AAl?$AAt?$AAe?$AAr?$AAs?$AA_?$AAF?$AAi?$AAl?$AAt?$AAe?$AAr?$AA4?$AAO?$AAf?$AAf?$AAs?$AAe?$AAt?$AA?$AA@ 100053c4     oscommon:osRgstry.obj
 0001:000043fc       ??_C@_1DK@HAJENABN@?$AAR?$AAx?$AAD?$AAa?$AAt?$AAa?$AAF?$AAi?$AAl?$AAt?$AAe?$AAr?$AAs?$AA_?$AAF?$AAi?$AAl?$AAt?$AAe?$AAr?$AA3?$AAP?$AAa?$AAt?$AAt?$AAe?$AAr?$AAn?$AA?$AA@ 100053fc     oscommon:osRgstry.obj
 0001:00004438       ??_C@_1DE@OLJELBDD@?$AAR?$AAx?$AAD?$AAa?$AAt?$AAa?$AAF?$AAi?$AAl?$AAt?$AAe?$AAr?$AAs?$AA_?$AAF?$AAi?$AAl?$AAt?$AAe?$AAr?$AA3?$AAM?$AAa?$AAs?$AAk?$AA?$AA@ 10005438     oscommon:osRgstry.obj
 0001:0000446c       ??_C@_1DI@EDLMFDLE@?$AAR?$AAx?$AAD?$AAa?$AAt?$AAa?$AAF?$AAi?$AAl?$AAt?$AAe?$AAr?$AAs?$AA_?$AAF?$AAi?$AAl?$AAt?$AAe?$AAr?$AA3?$AAO?$AAf?$AAf?$AAs?$AAe?$AAt?$AA?$AA@ 1000546c     oscommon:osRgstry.obj
 0001:000044a4       ??_C@_1DK@JPMGGGPM@?$AAR?$AAx?$AAD?$AAa?$AAt?$AAa?$AAF?$AAi?$AAl?$AAt?$AAe?$AAr?$AAs?$AA_?$AAF?$AAi?$AAl?$AAt?$AAe?$AAr?$AA2?$AAP?$AAa?$AAt?$AAt?$AAe?$AAr?$AAn?$AA?$AA@ 100054a4     oscommon:osRgstry.obj
 0001:000044e0       ??_C@_1DE@HADBPNFM@?$AAR?$AAx?$AAD?$AAa?$AAt?$AAa?$AAF?$AAi?$AAl?$AAt?$AAe?$AAr?$AAs?$AA_?$AAF?$AAi?$AAl?$AAt?$AAe?$AAr?$AA2?$AAM?$AAa?$AAs?$AAk?$AA?$AA@ 100054e0     oscommon:osRgstry.obj
 0001:00004514       ??_C@_1DI@ONNEMCCF@?$AAR?$AAx?$AAD?$AAa?$AAt?$AAa?$AAF?$AAi?$AAl?$AAt?$AAe?$AAr?$AAs?$AA_?$AAF?$AAi?$AAl?$AAt?$AAe?$AAr?$AA2?$AAO?$AAf?$AAf?$AAs?$AAe?$AAt?$AA?$AA@ 10005514     oscommon:osRgstry.obj
 0001:0000454c       ??_C@_1DK@HFEALLJO@?$AAR?$AAx?$AAD?$AAa?$AAt?$AAa?$AAF?$AAi?$AAl?$AAt?$AAe?$AAr?$AAs?$AA_?$AAF?$AAi?$AAl?$AAt?$AAe?$AAr?$AA1?$AAP?$AAa?$AAt?$AAt?$AAe?$AAr?$AAn?$AA?$AA@ 1000554c     oscommon:osRgstry.obj
 0001:00004588       ??_C@_1DE@HKPCPKM@?$AAR?$AAx?$AAD?$AAa?$AAt?$AAa?$AAF?$AAi?$AAl?$AAt?$AAe?$AAr?$AAs?$AA_?$AAF?$AAi?$AAl?$AAt?$AAe?$AAr?$AA1?$AAM?$AAa?$AAs?$AAk?$AA?$AA@ 10005588     oscommon:osRgstry.obj
 0001:000045bc       ??_C@_1DI@MEBMHGNH@?$AAR?$AAx?$AAD?$AAa?$AAt?$AAa?$AAF?$AAi?$AAl?$AAt?$AAe?$AAr?$AAs?$AA_?$AAF?$AAi?$AAl?$AAt?$AAe?$AAr?$AA1?$AAO?$AAf?$AAf?$AAs?$AAe?$AAt?$AA?$AA@ 100055bc     oscommon:osRgstry.obj
 0001:000045f4       ??_C@_1DI@NBMKHONM@?$AAR?$AAx?$AAD?$AAa?$AAt?$AAa?$AAF?$AAi?$AAl?$AAt?$AAe?$AAr?$AAs?$AA_?$AAD?$AAe?$AAf?$AAa?$AAu?$AAl?$AAt?$AAA?$AAc?$AAt?$AAi?$AAo?$AAn?$AA?$AA@ 100055f4     oscommon:osRgstry.obj
 0001:0000462c       ??_C@_1CM@JHKHLDMB@?$AAR?$AAx?$AAD?$AAa?$AAt?$AAa?$AAF?$AAi?$AAl?$AAt?$AAe?$AAr?$AAs?$AA_?$AAE?$AAn?$AAa?$AAb?$AAl?$AAe?$AAd?$AA?$AA@ 1000562c     oscommon:osRgstry.obj
 0001:00004658       ??_C@_1DA@JJIJHDFO@?$AAI?$AAP?$AAP?$AAo?$AAr?$AAt?$AAC?$AAl?$AAa?$AAs?$AAs?$AAi?$AAf?$AAi?$AAe?$AAr?$AA1?$AA5?$AA_?$AAD?$AAT?$AAa?$AAg?$AA?$AA@ 10005658     oscommon:osRgstry.obj
 0001:00004688       ??_C@_1DA@EIGJCCI@?$AAI?$AAP?$AAP?$AAo?$AAr?$AAt?$AAC?$AAl?$AAa?$AAs?$AAs?$AAi?$AAf?$AAi?$AAe?$AAr?$AA1?$AA4?$AA_?$AAD?$AAT?$AAa?$AAg?$AA?$AA@ 10005688     oscommon:osRgstry.obj
 0001:000046b8       ??_C@_1DA@GBELDIOI@?$AAI?$AAP?$AAP?$AAo?$AAr?$AAt?$AAC?$AAl?$AAa?$AAs?$AAs?$AAi?$AAf?$AAi?$AAe?$AAr?$AA1?$AA3?$AA_?$AAD?$AAT?$AAa?$AAg?$AA?$AA@ 100056b8     oscommon:osRgstry.obj
 0001:000046e8       ??_C@_1DA@PMEENJJO@?$AAI?$AAP?$AAP?$AAo?$AAr?$AAt?$AAC?$AAl?$AAa?$AAs?$AAs?$AAi?$AAf?$AAi?$AAe?$AAr?$AA1?$AA2?$AA_?$AAD?$AAT?$AAa?$AAg?$AA?$AA@ 100056e8     oscommon:osRgstry.obj
 0001:00004718       ??_C@_1DA@IACFPMEF@?$AAI?$AAP?$AAP?$AAo?$AAr?$AAt?$AAC?$AAl?$AAa?$AAs?$AAs?$AAi?$AAf?$AAi?$AAe?$AAr?$AA1?$AA1?$AA_?$AAD?$AAT?$AAa?$AAg?$AA?$AA@ 10005718     oscommon:osRgstry.obj
 0001:00004748       ??_C@_1DA@BNCKBNDD@?$AAI?$AAP?$AAP?$AAo?$AAr?$AAt?$AAC?$AAl?$AAa?$AAs?$AAs?$AAi?$AAf?$AAi?$AAe?$AAr?$AA1?$AA0?$AA_?$AAD?$AAT?$AAa?$AAg?$AA?$AA@ 10005748     oscommon:osRgstry.obj
 0001:00004778       ??_C@_1DA@BNBEHDOC@?$AAI?$AAP?$AAP?$AAo?$AAr?$AAt?$AAC?$AAl?$AAa?$AAs?$AAs?$AAi?$AAf?$AAi?$AAe?$AAr?$AA0?$AA9?$AA_?$AAD?$AAT?$AAa?$AAg?$AA?$AA@ 10005778     oscommon:osRgstry.obj
 0001:000047a8       ??_C@_1DA@IABLJCJE@?$AAI?$AAP?$AAP?$AAo?$AAr?$AAt?$AAC?$AAl?$AAa?$AAs?$AAs?$AAi?$AAf?$AAi?$AAe?$AAr?$AA0?$AA8?$AA_?$AAD?$AAT?$AAa?$AAg?$AA?$AA@ 100057a8     oscommon:osRgstry.obj
 0001:000047d8       ??_C@_1DA@NGIPCGGC@?$AAI?$AAP?$AAP?$AAo?$AAr?$AAt?$AAC?$AAl?$AAa?$AAs?$AAs?$AAi?$AAf?$AAi?$AAe?$AAr?$AA0?$AA7?$AA_?$AAD?$AAT?$AAa?$AAg?$AA?$AA@ 100057d8     oscommon:osRgstry.obj
 0001:00004808       ??_C@_1DA@ELIAMHBE@?$AAI?$AAP?$AAP?$AAo?$AAr?$AAt?$AAC?$AAl?$AAa?$AAs?$AAs?$AAi?$AAf?$AAi?$AAe?$AAr?$AA0?$AA6?$AA_?$AAD?$AAT?$AAa?$AAg?$AA?$AA@ 10005808     oscommon:osRgstry.obj
 0001:00004838       ??_C@_1DA@DHOBOCMP@?$AAI?$AAP?$AAP?$AAo?$AAr?$AAt?$AAC?$AAl?$AAa?$AAs?$AAs?$AAi?$AAf?$AAi?$AAe?$AAr?$AA0?$AA5?$AA_?$AAD?$AAT?$AAa?$AAg?$AA?$AA@ 10005838     oscommon:osRgstry.obj
 0001:00004868       ??_C@_1DA@KKOOADLJ@?$AAI?$AAP?$AAP?$AAo?$AAr?$AAt?$AAC?$AAl?$AAa?$AAs?$AAs?$AAi?$AAf?$AAi?$AAe?$AAr?$AA0?$AA4?$AA_?$AAD?$AAT?$AAa?$AAg?$AA?$AA@ 10005868     oscommon:osRgstry.obj
 0001:00004898       ??_C@_1DA@MPCDKJHJ@?$AAI?$AAP?$AAP?$AAo?$AAr?$AAt?$AAC?$AAl?$AAa?$AAs?$AAs?$AAi?$AAf?$AAi?$AAe?$AAr?$AA0?$AA3?$AA_?$AAD?$AAT?$AAa?$AAg?$AA?$AA@ 10005898     oscommon:osRgstry.obj
 0001:000048c8       ??_C@_1DA@FCCMEIAP@?$AAI?$AAP?$AAP?$AAo?$AAr?$AAt?$AAC?$AAl?$AAa?$AAs?$AAs?$AAi?$AAf?$AAi?$AAe?$AAr?$AA0?$AA2?$AA_?$AAD?$AAT?$AAa?$AAg?$AA?$AA@ 100058c8     oscommon:osRgstry.obj
 0001:000048f8       ??_C@_1DA@COENGNNE@?$AAI?$AAP?$AAP?$AAo?$AAr?$AAt?$AAC?$AAl?$AAa?$AAs?$AAs?$AAi?$AAf?$AAi?$AAe?$AAr?$AA0?$AA1?$AA_?$AAD?$AAT?$AAa?$AAg?$AA?$AA@ 100058f8     oscommon:osRgstry.obj
 0001:00004928       ??_C@_1DA@LDECIMKC@?$AAI?$AAP?$AAP?$AAo?$AAr?$AAt?$AAC?$AAl?$AAa?$AAs?$AAs?$AAi?$AAf?$AAi?$AAe?$AAr?$AA0?$AA0?$AA_?$AAD?$AAT?$AAa?$AAg?$AA?$AA@ 10005928     oscommon:osRgstry.obj
 0001:00004958       ??_C@_1DA@KIIFJFKD@?$AAI?$AAP?$AAP?$AAo?$AAr?$AAt?$AAC?$AAl?$AAa?$AAs?$AAs?$AAi?$AAf?$AAi?$AAe?$AAr?$AA1?$AA5?$AA_?$AAP?$AAo?$AAr?$AAt?$AA?$AA@ 10005958     oscommon:osRgstry.obj
 0001:00004988       ??_C@_1DA@DFIKHENF@?$AAI?$AAP?$AAP?$AAo?$AAr?$AAt?$AAC?$AAl?$AAa?$AAs?$AAs?$AAi?$AAf?$AAi?$AAe?$AAr?$AA1?$AA4?$AA_?$AAP?$AAo?$AAr?$AAt?$AA?$AA@ 10005988     oscommon:osRgstry.obj
 0001:000049b8       ??_C@_1DA@FAEHNOBF@?$AAI?$AAP?$AAP?$AAo?$AAr?$AAt?$AAC?$AAl?$AAa?$AAs?$AAs?$AAi?$AAf?$AAi?$AAe?$AAr?$AA1?$AA3?$AA_?$AAP?$AAo?$AAr?$AAt?$AA?$AA@ 100059b8     oscommon:osRgstry.obj
 0001:000049e8       ??_C@_1DA@MNEIDPGD@?$AAI?$AAP?$AAP?$AAo?$AAr?$AAt?$AAC?$AAl?$AAa?$AAs?$AAs?$AAi?$AAf?$AAi?$AAe?$AAr?$AA1?$AA2?$AA_?$AAP?$AAo?$AAr?$AAt?$AA?$AA@ 100059e8     oscommon:osRgstry.obj
 0001:00004a18       ??_C@_1DA@LBCJBKLI@?$AAI?$AAP?$AAP?$AAo?$AAr?$AAt?$AAC?$AAl?$AAa?$AAs?$AAs?$AAi?$AAf?$AAi?$AAe?$AAr?$AA1?$AA1?$AA_?$AAP?$AAo?$AAr?$AAt?$AA?$AA@ 10005a18     oscommon:osRgstry.obj
 0001:00004a48       ??_C@_1DA@CMCGPLMO@?$AAI?$AAP?$AAP?$AAo?$AAr?$AAt?$AAC?$AAl?$AAa?$AAs?$AAs?$AAi?$AAf?$AAi?$AAe?$AAr?$AA1?$AA0?$AA_?$AAP?$AAo?$AAr?$AAt?$AA?$AA@ 10005a48     oscommon:osRgstry.obj
 0001:00004a78       ??_C@_1DA@CMBIJFBP@?$AAI?$AAP?$AAP?$AAo?$AAr?$AAt?$AAC?$AAl?$AAa?$AAs?$AAs?$AAi?$AAf?$AAi?$AAe?$AAr?$AA0?$AA9?$AA_?$AAP?$AAo?$AAr?$AAt?$AA?$AA@ 10005a78     oscommon:osRgstry.obj
 0001:00004aa8       ??_C@_1DA@LBBHHEGJ@?$AAI?$AAP?$AAP?$AAo?$AAr?$AAt?$AAC?$AAl?$AAa?$AAs?$AAs?$AAi?$AAf?$AAi?$AAe?$AAr?$AA0?$AA8?$AA_?$AAP?$AAo?$AAr?$AAt?$AA?$AA@ 10005aa8     oscommon:osRgstry.obj
 0001:00004ad8       ??_C@_1DA@OHIDMAJP@?$AAI?$AAP?$AAP?$AAo?$AAr?$AAt?$AAC?$AAl?$AAa?$AAs?$AAs?$AAi?$AAf?$AAi?$AAe?$AAr?$AA0?$AA7?$AA_?$AAP?$AAo?$AAr?$AAt?$AA?$AA@ 10005ad8     oscommon:osRgstry.obj
 0001:00004b08       ??_C@_1DA@HKIMCBOJ@?$AAI?$AAP?$AAP?$AAo?$AAr?$AAt?$AAC?$AAl?$AAa?$AAs?$AAs?$AAi?$AAf?$AAi?$AAe?$AAr?$AA0?$AA6?$AA_?$AAP?$AAo?$AAr?$AAt?$AA?$AA@ 10005b08     oscommon:osRgstry.obj
 0001:00004b38       ??_C@_1DA@GONAEDC@?$AAI?$AAP?$AAP?$AAo?$AAr?$AAt?$AAC?$AAl?$AAa?$AAs?$AAs?$AAi?$AAf?$AAi?$AAe?$AAr?$AA0?$AA5?$AA_?$AAP?$AAo?$AAr?$AAt?$AA?$AA@ 10005b38     oscommon:osRgstry.obj
 0001:00004b68       ??_C@_1DA@JLOCOFEE@?$AAI?$AAP?$AAP?$AAo?$AAr?$AAt?$AAC?$AAl?$AAa?$AAs?$AAs?$AAi?$AAf?$AAi?$AAe?$AAr?$AA0?$AA4?$AA_?$AAP?$AAo?$AAr?$AAt?$AA?$AA@ 10005b68     oscommon:osRgstry.obj
 0001:00004b98       ??_C@_1DA@POCPEPIE@?$AAI?$AAP?$AAP?$AAo?$AAr?$AAt?$AAC?$AAl?$AAa?$AAs?$AAs?$AAi?$AAf?$AAi?$AAe?$AAr?$AA0?$AA3?$AA_?$AAP?$AAo?$AAr?$AAt?$AA?$AA@ 10005b98     oscommon:osRgstry.obj
 0001:00004bc8       ??_C@_1DA@GDCAKOPC@?$AAI?$AAP?$AAP?$AAo?$AAr?$AAt?$AAC?$AAl?$AAa?$AAs?$AAs?$AAi?$AAf?$AAi?$AAe?$AAr?$AA0?$AA2?$AA_?$AAP?$AAo?$AAr?$AAt?$AA?$AA@ 10005bc8     oscommon:osRgstry.obj
 0001:00004bf8       ??_C@_1DA@BPEBILCJ@?$AAI?$AAP?$AAP?$AAo?$AAr?$AAt?$AAC?$AAl?$AAa?$AAs?$AAs?$AAi?$AAf?$AAi?$AAe?$AAr?$AA0?$AA1?$AA_?$AAP?$AAo?$AAr?$AAt?$AA?$AA@ 10005bf8     oscommon:osRgstry.obj
 0001:00004c28       ??_C@_1DA@ICEOGKFP@?$AAI?$AAP?$AAP?$AAo?$AAr?$AAt?$AAC?$AAl?$AAa?$AAs?$AAs?$AAi?$AAf?$AAi?$AAe?$AAr?$AA0?$AA0?$AA_?$AAP?$AAo?$AAr?$AAt?$AA?$AA@ 10005c28     oscommon:osRgstry.obj
 0001:00004c58       ??_C@_1DK@DLKPLHOI@?$AAI?$AAP?$AAP?$AAo?$AAr?$AAt?$AAC?$AAl?$AAa?$AAs?$AAs?$AAi?$AAf?$AAi?$AAe?$AAr?$AA1?$AA5?$AA_?$AAI?$AAP?$AAA?$AAd?$AAd?$AAr?$AAe?$AAs?$AAs?$AA?$AA@ 10005c58     oscommon:osRgstry.obj
 0001:00004c94       ??_C@_1DK@LKIKNCMP@?$AAI?$AAP?$AAP?$AAo?$AAr?$AAt?$AAC?$AAl?$AAa?$AAs?$AAs?$AAi?$AAf?$AAi?$AAe?$AAr?$AA1?$AA4?$AA_?$AAI?$AAP?$AAA?$AAd?$AAd?$AAr?$AAe?$AAs?$AAs?$AA?$AA@ 10005c94     oscommon:osRgstry.obj
 0001:00004cd0       ??_C@_1DK@ILJCOFLI@?$AAI?$AAP?$AAP?$AAo?$AAr?$AAt?$AAC?$AAl?$AAa?$AAs?$AAs?$AAi?$AAf?$AAi?$AAe?$AAr?$AA1?$AA3?$AA_?$AAI?$AAP?$AAA?$AAd?$AAd?$AAr?$AAe?$AAs?$AAs?$AA?$AA@ 10005cd0     oscommon:osRgstry.obj
 0001:00004d0c       ??_C@_1DK@KLHIAJP@?$AAI?$AAP?$AAP?$AAo?$AAr?$AAt?$AAC?$AAl?$AAa?$AAs?$AAs?$AAi?$AAf?$AAi?$AAe?$AAr?$AA1?$AA2?$AA_?$AAI?$AAP?$AAA?$AAd?$AAd?$AAr?$AAe?$AAs?$AAs?$AA?$AA@ 10005d0c     oscommon:osRgstry.obj
 0001:00004d48       ??_C@_1DK@FCKJCJLH@?$AAI?$AAP?$AAP?$AAo?$AAr?$AAt?$AAC?$AAl?$AAa?$AAs?$AAs?$AAi?$AAf?$AAi?$AAe?$AAr?$AA1?$AA1?$AA_?$AAI?$AAP?$AAA?$AAd?$AAd?$AAr?$AAe?$AAs?$AAs?$AA?$AA@ 10005d48     oscommon:osRgstry.obj
 0001:00004d84       ??_C@_1DK@NDIMEMJA@?$AAI?$AAP?$AAP?$AAo?$AAr?$AAt?$AAC?$AAl?$AAa?$AAs?$AAs?$AAi?$AAf?$AAi?$AAe?$AAr?$AA1?$AA0?$AA_?$AAI?$AAP?$AAA?$AAd?$AAd?$AAr?$AAe?$AAs?$AAs?$AA?$AA@ 10005d84     oscommon:osRgstry.obj
 0001:00004dc0       ??_C@_1DK@GHLJLDJO@?$AAI?$AAP?$AAP?$AAo?$AAr?$AAt?$AAC?$AAl?$AAa?$AAs?$AAs?$AAi?$AAf?$AAi?$AAe?$AAr?$AA0?$AA9?$AA_?$AAI?$AAP?$AAA?$AAd?$AAd?$AAr?$AAe?$AAs?$AAs?$AA?$AA@ 10005dc0     oscommon:osRgstry.obj
 0001:00004dfc       ??_C@_1DK@OGJMNGLJ@?$AAI?$AAP?$AAP?$AAo?$AAr?$AAt?$AAC?$AAl?$AAa?$AAs?$AAs?$AAi?$AAf?$AAi?$AAe?$AAr?$AA0?$AA8?$AA_?$AAI?$AAP?$AAA?$AAd?$AAd?$AAr?$AAe?$AAs?$AAs?$AA?$AA@ 10005dfc     oscommon:osRgstry.obj
 0001:00004e38       ??_C@_1DK@FIJNNHA@?$AAI?$AAP?$AAP?$AAo?$AAr?$AAt?$AAC?$AAl?$AAa?$AAs?$AAs?$AAi?$AAf?$AAi?$AAe?$AAr?$AA0?$AA7?$AA_?$AAI?$AAP?$AAA?$AAd?$AAd?$AAr?$AAe?$AAs?$AAs?$AA?$AA@ 10005e38     oscommon:osRgstry.obj
 0001:00004e74       ??_C@_1DK@IEKMLIFH@?$AAI?$AAP?$AAP?$AAo?$AAr?$AAt?$AAC?$AAl?$AAa?$AAs?$AAs?$AAi?$AAf?$AAi?$AAe?$AAr?$AA0?$AA6?$AA_?$AAI?$AAP?$AAA?$AAd?$AAd?$AAr?$AAe?$AAs?$AAs?$AA?$AA@ 10005e74     oscommon:osRgstry.obj
 0001:00004eb0       ??_C@_1DK@NMLCBBHP@?$AAI?$AAP?$AAP?$AAo?$AAr?$AAt?$AAC?$AAl?$AAa?$AAs?$AAs?$AAi?$AAf?$AAi?$AAe?$AAr?$AA0?$AA5?$AA_?$AAI?$AAP?$AAA?$AAd?$AAd?$AAr?$AAe?$AAs?$AAs?$AA?$AA@ 10005eb0     oscommon:osRgstry.obj
 0001:00004eec       ??_C@_1DK@FNJHHEFI@?$AAI?$AAP?$AAP?$AAo?$AAr?$AAt?$AAC?$AAl?$AAa?$AAs?$AAs?$AAi?$AAf?$AAi?$AAe?$AAr?$AA0?$AA4?$AA_?$AAI?$AAP?$AAA?$AAd?$AAd?$AAr?$AAe?$AAs?$AAs?$AA?$AA@ 10005eec     oscommon:osRgstry.obj
 0001:00004f28       ??_C@_1DK@GMIPEDCP@?$AAI?$AAP?$AAP?$AAo?$AAr?$AAt?$AAC?$AAl?$AAa?$AAs?$AAs?$AAi?$AAf?$AAi?$AAe?$AAr?$AA0?$AA3?$AA_?$AAI?$AAP?$AAA?$AAd?$AAd?$AAr?$AAe?$AAs?$AAs?$AA?$AA@ 10005f28     oscommon:osRgstry.obj
 0001:00004f64       ??_C@_1DK@ONKKCGAI@?$AAI?$AAP?$AAP?$AAo?$AAr?$AAt?$AAC?$AAl?$AAa?$AAs?$AAs?$AAi?$AAf?$AAi?$AAe?$AAr?$AA0?$AA2?$AA_?$AAI?$AAP?$AAA?$AAd?$AAd?$AAr?$AAe?$AAs?$AAs?$AA?$AA@ 10005f64     oscommon:osRgstry.obj
 0001:00004fa0       ??_C@_1DK@LFLEIPCA@?$AAI?$AAP?$AAP?$AAo?$AAr?$AAt?$AAC?$AAl?$AAa?$AAs?$AAs?$AAi?$AAf?$AAi?$AAe?$AAr?$AA0?$AA1?$AA_?$AAI?$AAP?$AAA?$AAd?$AAd?$AAr?$AAe?$AAs?$AAs?$AA?$AA@ 10005fa0     oscommon:osRgstry.obj
 0001:00004fdc       ??_C@_1DK@DEJBOKAH@?$AAI?$AAP?$AAP?$AAo?$AAr?$AAt?$AAC?$AAl?$AAa?$AAs?$AAs?$AAi?$AAf?$AAi?$AAe?$AAr?$AA0?$AA0?$AA_?$AAI?$AAP?$AAA?$AAd?$AAd?$AAr?$AAe?$AAs?$AAs?$AA?$AA@ 10005fdc     oscommon:osRgstry.obj
 0001:00005018       ??_C@_1CM@DGFAADME@?$AAP?$AAo?$AAr?$AAt?$AAC?$AAl?$AAa?$AAs?$AAs?$AAi?$AAf?$AAi?$AAe?$AAr?$AA1?$AA5?$AA_?$AAD?$AAT?$AAa?$AAg?$AA?$AA@ 10006018     oscommon:osRgstry.obj
 0001:00005044       ??_C@_1CM@KLFPOCLC@?$AAP?$AAo?$AAr?$AAt?$AAC?$AAl?$AAa?$AAs?$AAs?$AAi?$AAf?$AAi?$AAe?$AAr?$AA1?$AA4?$AA_?$AAD?$AAT?$AAa?$AAg?$AA?$AA@ 10006044     oscommon:osRgstry.obj
 0001:00005070       ??_C@_1CM@MOJCEIHC@?$AAP?$AAo?$AAr?$AAt?$AAC?$AAl?$AAa?$AAs?$AAs?$AAi?$AAf?$AAi?$AAe?$AAr?$AA1?$AA3?$AA_?$AAD?$AAT?$AAa?$AAg?$AA?$AA@ 10006070     oscommon:osRgstry.obj
 0001:0000509c       ??_C@_1CM@FDJNKJAE@?$AAP?$AAo?$AAr?$AAt?$AAC?$AAl?$AAa?$AAs?$AAs?$AAi?$AAf?$AAi?$AAe?$AAr?$AA1?$AA2?$AA_?$AAD?$AAT?$AAa?$AAg?$AA?$AA@ 1000609c     oscommon:osRgstry.obj
 0001:000050c8       ??_C@_1CM@CPPMIMNP@?$AAP?$AAo?$AAr?$AAt?$AAC?$AAl?$AAa?$AAs?$AAs?$AAi?$AAf?$AAi?$AAe?$AAr?$AA1?$AA1?$AA_?$AAD?$AAT?$AAa?$AAg?$AA?$AA@ 100060c8     oscommon:osRgstry.obj
 0001:000050f4       ??_C@_1CM@LCPDGNKJ@?$AAP?$AAo?$AAr?$AAt?$AAC?$AAl?$AAa?$AAs?$AAs?$AAi?$AAf?$AAi?$AAe?$AAr?$AA1?$AA0?$AA_?$AAD?$AAT?$AAa?$AAg?$AA?$AA@ 100060f4     oscommon:osRgstry.obj
 0001:00005120       ??_C@_1CM@LCMNADHI@?$AAP?$AAo?$AAr?$AAt?$AAC?$AAl?$AAa?$AAs?$AAs?$AAi?$AAf?$AAi?$AAe?$AAr?$AA0?$AA9?$AA_?$AAD?$AAT?$AAa?$AAg?$AA?$AA@ 10006120     oscommon:osRgstry.obj
 0001:0000514c       ??_C@_1CM@CPMCOCAO@?$AAP?$AAo?$AAr?$AAt?$AAC?$AAl?$AAa?$AAs?$AAs?$AAi?$AAf?$AAi?$AAe?$AAr?$AA0?$AA8?$AA_?$AAD?$AAT?$AAa?$AAg?$AA?$AA@ 1000614c     oscommon:osRgstry.obj
 0001:00005178       ??_C@_1CM@HJFGFGPI@?$AAP?$AAo?$AAr?$AAt?$AAC?$AAl?$AAa?$AAs?$AAs?$AAi?$AAf?$AAi?$AAe?$AAr?$AA0?$AA7?$AA_?$AAD?$AAT?$AAa?$AAg?$AA?$AA@ 10006178     oscommon:osRgstry.obj
 0001:000051a4       ??_C@_1CM@OEFJLHIO@?$AAP?$AAo?$AAr?$AAt?$AAC?$AAl?$AAa?$AAs?$AAs?$AAi?$AAf?$AAi?$AAe?$AAr?$AA0?$AA6?$AA_?$AAD?$AAT?$AAa?$AAg?$AA?$AA@ 100061a4     oscommon:osRgstry.obj
 0001:000051d0       ??_C@_1CM@JIDIJCFF@?$AAP?$AAo?$AAr?$AAt?$AAC?$AAl?$AAa?$AAs?$AAs?$AAi?$AAf?$AAi?$AAe?$AAr?$AA0?$AA5?$AA_?$AAD?$AAT?$AAa?$AAg?$AA?$AA@ 100061d0     oscommon:osRgstry.obj
 0001:000051fc       ??_C@_1CM@FDHHDCD@?$AAP?$AAo?$AAr?$AAt?$AAC?$AAl?$AAa?$AAs?$AAs?$AAi?$AAf?$AAi?$AAe?$AAr?$AA0?$AA4?$AA_?$AAD?$AAT?$AAa?$AAg?$AA?$AA@ 100061fc     oscommon:osRgstry.obj
 0001:00005228       ??_C@_1CM@GAPKNJOD@?$AAP?$AAo?$AAr?$AAt?$AAC?$AAl?$AAa?$AAs?$AAs?$AAi?$AAf?$AAi?$AAe?$AAr?$AA0?$AA3?$AA_?$AAD?$AAT?$AAa?$AAg?$AA?$AA@ 10006228     oscommon:osRgstry.obj
 0001:00005254       ??_C@_1CM@PNPFDIJF@?$AAP?$AAo?$AAr?$AAt?$AAC?$AAl?$AAa?$AAs?$AAs?$AAi?$AAf?$AAi?$AAe?$AAr?$AA0?$AA2?$AA_?$AAD?$AAT?$AAa?$AAg?$AA?$AA@ 10006254     oscommon:osRgstry.obj
 0001:00005280       ??_C@_1CM@IBJEBNEO@?$AAP?$AAo?$AAr?$AAt?$AAC?$AAl?$AAa?$AAs?$AAs?$AAi?$AAf?$AAi?$AAe?$AAr?$AA0?$AA1?$AA_?$AAD?$AAT?$AAa?$AAg?$AA?$AA@ 10006280     oscommon:osRgstry.obj
 0001:000052ac       ??_C@_1CM@BMJLPMDI@?$AAP?$AAo?$AAr?$AAt?$AAC?$AAl?$AAa?$AAs?$AAs?$AAi?$AAf?$AAi?$AAe?$AAr?$AA0?$AA0?$AA_?$AAD?$AAT?$AAa?$AAg?$AA?$AA@ 100062ac     oscommon:osRgstry.obj
 0001:000052d8       ??_C@_1CM@HFMOFDJ@?$AAP?$AAo?$AAr?$AAt?$AAC?$AAl?$AAa?$AAs?$AAs?$AAi?$AAf?$AAi?$AAe?$AAr?$AA1?$AA5?$AA_?$AAP?$AAo?$AAr?$AAt?$AA?$AA@ 100062d8     oscommon:osRgstry.obj
 0001:00005304       ??_C@_1CM@JKFDAEEP@?$AAP?$AAo?$AAr?$AAt?$AAC?$AAl?$AAa?$AAs?$AAs?$AAi?$AAf?$AAi?$AAe?$AAr?$AA1?$AA4?$AA_?$AAP?$AAo?$AAr?$AAt?$AA?$AA@ 10006304     oscommon:osRgstry.obj
 0001:00005330       ??_C@_1CM@PPJOKOIP@?$AAP?$AAo?$AAr?$AAt?$AAC?$AAl?$AAa?$AAs?$AAs?$AAi?$AAf?$AAi?$AAe?$AAr?$AA1?$AA3?$AA_?$AAP?$AAo?$AAr?$AAt?$AA?$AA@ 10006330     oscommon:osRgstry.obj
 0001:0000535c       ??_C@_1CM@GCJBEPPJ@?$AAP?$AAo?$AAr?$AAt?$AAC?$AAl?$AAa?$AAs?$AAs?$AAi?$AAf?$AAi?$AAe?$AAr?$AA1?$AA2?$AA_?$AAP?$AAo?$AAr?$AAt?$AA?$AA@ 1000635c     oscommon:osRgstry.obj
 0001:00005388       ??_C@_1CM@BOPAGKCC@?$AAP?$AAo?$AAr?$AAt?$AAC?$AAl?$AAa?$AAs?$AAs?$AAi?$AAf?$AAi?$AAe?$AAr?$AA1?$AA1?$AA_?$AAP?$AAo?$AAr?$AAt?$AA?$AA@ 10006388     oscommon:osRgstry.obj
 0001:000053b4       ??_C@_1CM@IDPPILFE@?$AAP?$AAo?$AAr?$AAt?$AAC?$AAl?$AAa?$AAs?$AAs?$AAi?$AAf?$AAi?$AAe?$AAr?$AA1?$AA0?$AA_?$AAP?$AAo?$AAr?$AAt?$AA?$AA@ 100063b4     oscommon:osRgstry.obj
 0001:000053e0       ??_C@_1CM@IDMBOFIF@?$AAP?$AAo?$AAr?$AAt?$AAC?$AAl?$AAa?$AAs?$AAs?$AAi?$AAf?$AAi?$AAe?$AAr?$AA0?$AA9?$AA_?$AAP?$AAo?$AAr?$AAt?$AA?$AA@ 100063e0     oscommon:osRgstry.obj
 0001:0000540c       ??_C@_1CM@BOMOAEPD@?$AAP?$AAo?$AAr?$AAt?$AAC?$AAl?$AAa?$AAs?$AAs?$AAi?$AAf?$AAi?$AAe?$AAr?$AA0?$AA8?$AA_?$AAP?$AAo?$AAr?$AAt?$AA?$AA@ 1000640c     oscommon:osRgstry.obj
 0001:00005438       ??_C@_1CM@EIFKLAAF@?$AAP?$AAo?$AAr?$AAt?$AAC?$AAl?$AAa?$AAs?$AAs?$AAi?$AAf?$AAi?$AAe?$AAr?$AA0?$AA7?$AA_?$AAP?$AAo?$AAr?$AAt?$AA?$AA@ 10006438     oscommon:osRgstry.obj
 0001:00005464       ??_C@_1CM@NFFFFBHD@?$AAP?$AAo?$AAr?$AAt?$AAC?$AAl?$AAa?$AAs?$AAs?$AAi?$AAf?$AAi?$AAe?$AAr?$AA0?$AA6?$AA_?$AAP?$AAo?$AAr?$AAt?$AA?$AA@ 10006464     oscommon:osRgstry.obj
 0001:00005490       ??_C@_1CM@KJDEHEKI@?$AAP?$AAo?$AAr?$AAt?$AAC?$AAl?$AAa?$AAs?$AAs?$AAi?$AAf?$AAi?$AAe?$AAr?$AA0?$AA5?$AA_?$AAP?$AAo?$AAr?$AAt?$AA?$AA@ 10006490     oscommon:osRgstry.obj
 0001:000054bc       ??_C@_1CM@DEDLJFNO@?$AAP?$AAo?$AAr?$AAt?$AAC?$AAl?$AAa?$AAs?$AAs?$AAi?$AAf?$AAi?$AAe?$AAr?$AA0?$AA4?$AA_?$AAP?$AAo?$AAr?$AAt?$AA?$AA@ 100064bc     oscommon:osRgstry.obj
 0001:000054e8       ??_C@_1CM@FBPGDPBO@?$AAP?$AAo?$AAr?$AAt?$AAC?$AAl?$AAa?$AAs?$AAs?$AAi?$AAf?$AAi?$AAe?$AAr?$AA0?$AA3?$AA_?$AAP?$AAo?$AAr?$AAt?$AA?$AA@ 100064e8     oscommon:osRgstry.obj
 0001:00005514       ??_C@_1CM@MMPJNOGI@?$AAP?$AAo?$AAr?$AAt?$AAC?$AAl?$AAa?$AAs?$AAs?$AAi?$AAf?$AAi?$AAe?$AAr?$AA0?$AA2?$AA_?$AAP?$AAo?$AAr?$AAt?$AA?$AA@ 10006514     oscommon:osRgstry.obj
 0001:00005540       ??_C@_1CM@LAJIPLLD@?$AAP?$AAo?$AAr?$AAt?$AAC?$AAl?$AAa?$AAs?$AAs?$AAi?$AAf?$AAi?$AAe?$AAr?$AA0?$AA1?$AA_?$AAP?$AAo?$AAr?$AAt?$AA?$AA@ 10006540     oscommon:osRgstry.obj
 0001:0000556c       ??_C@_1CM@CNJHBKMF@?$AAP?$AAo?$AAr?$AAt?$AAC?$AAl?$AAa?$AAs?$AAs?$AAi?$AAf?$AAi?$AAe?$AAr?$AA0?$AA0?$AA_?$AAP?$AAo?$AAr?$AAt?$AA?$AA@ 1000656c     oscommon:osRgstry.obj
 0001:00005598       ??_C@_1CM@GOMHFAF@?$AAD?$AAS?$AAC?$AAP?$AAC?$AAl?$AAa?$AAs?$AAs?$AAi?$AAf?$AAi?$AAe?$AAr?$AA1?$AA5?$AA_?$AAD?$AAT?$AAa?$AAg?$AA?$AA@ 10006598     oscommon:osRgstry.obj
 0001:000055c4       ??_C@_1CM@JLODJEHD@?$AAD?$AAS?$AAC?$AAP?$AAC?$AAl?$AAa?$AAs?$AAs?$AAi?$AAf?$AAi?$AAe?$AAr?$AA1?$AA4?$AA_?$AAD?$AAT?$AAa?$AAg?$AA?$AA@ 100065c4     oscommon:osRgstry.obj
 0001:000055f0       ??_C@_1CM@POCODOLD@?$AAD?$AAS?$AAC?$AAP?$AAC?$AAl?$AAa?$AAs?$AAs?$AAi?$AAf?$AAi?$AAe?$AAr?$AA1?$AA3?$AA_?$AAD?$AAT?$AAa?$AAg?$AA?$AA@ 100065f0     oscommon:osRgstry.obj
 0001:0000561c       ??_C@_1CM@GDCBNPMF@?$AAD?$AAS?$AAC?$AAP?$AAC?$AAl?$AAa?$AAs?$AAs?$AAi?$AAf?$AAi?$AAe?$AAr?$AA1?$AA2?$AA_?$AAD?$AAT?$AAa?$AAg?$AA?$AA@ 1000661c     oscommon:osRgstry.obj
 0001:00005648       ??_C@_1CM@BPEAPKBO@?$AAD?$AAS?$AAC?$AAP?$AAC?$AAl?$AAa?$AAs?$AAs?$AAi?$AAf?$AAi?$AAe?$AAr?$AA1?$AA1?$AA_?$AAD?$AAT?$AAa?$AAg?$AA?$AA@ 10006648     oscommon:osRgstry.obj
 0001:00005674       ??_C@_1CM@ICEPBLGI@?$AAD?$AAS?$AAC?$AAP?$AAC?$AAl?$AAa?$AAs?$AAs?$AAi?$AAf?$AAi?$AAe?$AAr?$AA1?$AA0?$AA_?$AAD?$AAT?$AAa?$AAg?$AA?$AA@ 10006674     oscommon:osRgstry.obj
 0001:000056a0       ??_C@_1CM@ICHBHFLJ@?$AAD?$AAS?$AAC?$AAP?$AAC?$AAl?$AAa?$AAs?$AAs?$AAi?$AAf?$AAi?$AAe?$AAr?$AA0?$AA9?$AA_?$AAD?$AAT?$AAa?$AAg?$AA?$AA@ 100066a0     oscommon:osRgstry.obj
 0001:000056cc       ??_C@_1CM@BPHOJEMP@?$AAD?$AAS?$AAC?$AAP?$AAC?$AAl?$AAa?$AAs?$AAs?$AAi?$AAf?$AAi?$AAe?$AAr?$AA0?$AA8?$AA_?$AAD?$AAT?$AAa?$AAg?$AA?$AA@ 100066cc     oscommon:osRgstry.obj
 0001:000056f8       ??_C@_1CM@EJOKCADJ@?$AAD?$AAS?$AAC?$AAP?$AAC?$AAl?$AAa?$AAs?$AAs?$AAi?$AAf?$AAi?$AAe?$AAr?$AA0?$AA7?$AA_?$AAD?$AAT?$AAa?$AAg?$AA?$AA@ 100066f8     oscommon:osRgstry.obj
 0001:00005724       ??_C@_1CM@NEOFMBEP@?$AAD?$AAS?$AAC?$AAP?$AAC?$AAl?$AAa?$AAs?$AAs?$AAi?$AAf?$AAi?$AAe?$AAr?$AA0?$AA6?$AA_?$AAD?$AAT?$AAa?$AAg?$AA?$AA@ 10006724     oscommon:osRgstry.obj
 0001:00005750       ??_C@_1CM@KIIEOEJE@?$AAD?$AAS?$AAC?$AAP?$AAC?$AAl?$AAa?$AAs?$AAs?$AAi?$AAf?$AAi?$AAe?$AAr?$AA0?$AA5?$AA_?$AAD?$AAT?$AAa?$AAg?$AA?$AA@ 10006750     oscommon:osRgstry.obj
 0001:0000577c       ??_C@_1CM@DFILAFOC@?$AAD?$AAS?$AAC?$AAP?$AAC?$AAl?$AAa?$AAs?$AAs?$AAi?$AAf?$AAi?$AAe?$AAr?$AA0?$AA4?$AA_?$AAD?$AAT?$AAa?$AAg?$AA?$AA@ 1000677c     oscommon:osRgstry.obj
 0001:000057a8       ??_C@_1CM@FAEGKPCC@?$AAD?$AAS?$AAC?$AAP?$AAC?$AAl?$AAa?$AAs?$AAs?$AAi?$AAf?$AAi?$AAe?$AAr?$AA0?$AA3?$AA_?$AAD?$AAT?$AAa?$AAg?$AA?$AA@ 100067a8     oscommon:osRgstry.obj
 0001:000057d4       ??_C@_1CM@MNEJEOFE@?$AAD?$AAS?$AAC?$AAP?$AAC?$AAl?$AAa?$AAs?$AAs?$AAi?$AAf?$AAi?$AAe?$AAr?$AA0?$AA2?$AA_?$AAD?$AAT?$AAa?$AAg?$AA?$AA@ 100067d4     oscommon:osRgstry.obj
 0001:00005800       ??_C@_1CM@LBCIGLIP@?$AAD?$AAS?$AAC?$AAP?$AAC?$AAl?$AAa?$AAs?$AAs?$AAi?$AAf?$AAi?$AAe?$AAr?$AA0?$AA1?$AA_?$AAD?$AAT?$AAa?$AAg?$AA?$AA@ 10006800     oscommon:osRgstry.obj
 0001:0000582c       ??_C@_1CM@CMCHIKPJ@?$AAD?$AAS?$AAC?$AAP?$AAC?$AAl?$AAa?$AAs?$AAs?$AAi?$AAf?$AAi?$AAe?$AAr?$AA0?$AA0?$AA_?$AAD?$AAT?$AAa?$AAg?$AA?$AA@ 1000682c     oscommon:osRgstry.obj
 0001:00005858       ??_C@_1DG@BKGDIHCE@?$AAD?$AAS?$AAC?$AAP?$AAC?$AAl?$AAa?$AAs?$AAs?$AAi?$AAf?$AAi?$AAe?$AAr?$AA1?$AA5?$AA_?$AAC?$AAo?$AAd?$AAe?$AAP?$AAo?$AAi?$AAn?$AAt?$AA?$AA@ 10006858     oscommon:osRgstry.obj
 0001:00005890       ??_C@_1DG@JLEGOCAD@?$AAD?$AAS?$AAC?$AAP?$AAC?$AAl?$AAa?$AAs?$AAs?$AAi?$AAf?$AAi?$AAe?$AAr?$AA1?$AA4?$AA_?$AAC?$AAo?$AAd?$AAe?$AAP?$AAo?$AAi?$AAn?$AAt?$AA?$AA@ 10006890     oscommon:osRgstry.obj
 0001:000058c8       ??_C@_1DG@KKFONFHE@?$AAD?$AAS?$AAC?$AAP?$AAC?$AAl?$AAa?$AAs?$AAs?$AAi?$AAf?$AAi?$AAe?$AAr?$AA1?$AA3?$AA_?$AAC?$AAo?$AAd?$AAe?$AAP?$AAo?$AAi?$AAn?$AAt?$AA?$AA@ 100068c8     oscommon:osRgstry.obj
 0001:00005900       ??_C@_1DG@CLHLLAFD@?$AAD?$AAS?$AAC?$AAP?$AAC?$AAl?$AAa?$AAs?$AAs?$AAi?$AAf?$AAi?$AAe?$AAr?$AA1?$AA2?$AA_?$AAC?$AAo?$AAd?$AAe?$AAP?$AAo?$AAi?$AAn?$AAt?$AA?$AA@ 10006900     oscommon:osRgstry.obj
 0001:00005938       ??_C@_1DG@HDGFBJHL@?$AAD?$AAS?$AAC?$AAP?$AAC?$AAl?$AAa?$AAs?$AAs?$AAi?$AAf?$AAi?$AAe?$AAr?$AA1?$AA1?$AA_?$AAC?$AAo?$AAd?$AAe?$AAP?$AAo?$AAi?$AAn?$AAt?$AA?$AA@ 10006938     oscommon:osRgstry.obj
 0001:00005970       ??_C@_1DG@PCEAHMFM@?$AAD?$AAS?$AAC?$AAP?$AAC?$AAl?$AAa?$AAs?$AAs?$AAi?$AAf?$AAi?$AAe?$AAr?$AA1?$AA0?$AA_?$AAC?$AAo?$AAd?$AAe?$AAP?$AAo?$AAi?$AAn?$AAt?$AA?$AA@ 10006970     oscommon:osRgstry.obj
 0001:000059a8       ??_C@_1DG@EGHFIDFC@?$AAD?$AAS?$AAC?$AAP?$AAC?$AAl?$AAa?$AAs?$AAs?$AAi?$AAf?$AAi?$AAe?$AAr?$AA0?$AA9?$AA_?$AAC?$AAo?$AAd?$AAe?$AAP?$AAo?$AAi?$AAn?$AAt?$AA?$AA@ 100069a8     oscommon:osRgstry.obj
 0001:000059e0       ??_C@_1DG@MHFAOGHF@?$AAD?$AAS?$AAC?$AAP?$AAC?$AAl?$AAa?$AAs?$AAs?$AAi?$AAf?$AAi?$AAe?$AAr?$AA0?$AA8?$AA_?$AAC?$AAo?$AAd?$AAe?$AAP?$AAo?$AAi?$AAn?$AAt?$AA?$AA@ 100069e0     oscommon:osRgstry.obj
 0001:00005a18       ??_C@_1DG@CEEFONLM@?$AAD?$AAS?$AAC?$AAP?$AAC?$AAl?$AAa?$AAs?$AAs?$AAi?$AAf?$AAi?$AAe?$AAr?$AA0?$AA7?$AA_?$AAC?$AAo?$AAd?$AAe?$AAP?$AAo?$AAi?$AAn?$AAt?$AA?$AA@ 10006a18     oscommon:osRgstry.obj
 0001:00005a50       ??_C@_1DG@KFGAIIJL@?$AAD?$AAS?$AAC?$AAP?$AAC?$AAl?$AAa?$AAs?$AAs?$AAi?$AAf?$AAi?$AAe?$AAr?$AA0?$AA6?$AA_?$AAC?$AAo?$AAd?$AAe?$AAP?$AAo?$AAi?$AAn?$AAt?$AA?$AA@ 10006a50     oscommon:osRgstry.obj
 0001:00005a88       ??_C@_1DG@PNHOCBLD@?$AAD?$AAS?$AAC?$AAP?$AAC?$AAl?$AAa?$AAs?$AAs?$AAi?$AAf?$AAi?$AAe?$AAr?$AA0?$AA5?$AA_?$AAC?$AAo?$AAd?$AAe?$AAP?$AAo?$AAi?$AAn?$AAt?$AA?$AA@ 10006a88     oscommon:osRgstry.obj
 0001:00005ac0       ??_C@_1DG@HMFLEEJE@?$AAD?$AAS?$AAC?$AAP?$AAC?$AAl?$AAa?$AAs?$AAs?$AAi?$AAf?$AAi?$AAe?$AAr?$AA0?$AA4?$AA_?$AAC?$AAo?$AAd?$AAe?$AAP?$AAo?$AAi?$AAn?$AAt?$AA?$AA@ 10006ac0     oscommon:osRgstry.obj
 0001:00005af8       ??_C@_1DG@ENEDHDOD@?$AAD?$AAS?$AAC?$AAP?$AAC?$AAl?$AAa?$AAs?$AAs?$AAi?$AAf?$AAi?$AAe?$AAr?$AA0?$AA3?$AA_?$AAC?$AAo?$AAd?$AAe?$AAP?$AAo?$AAi?$AAn?$AAt?$AA?$AA@ 10006af8     oscommon:osRgstry.obj
 0001:00005b30       ??_C@_1DG@MMGGBGME@?$AAD?$AAS?$AAC?$AAP?$AAC?$AAl?$AAa?$AAs?$AAs?$AAi?$AAf?$AAi?$AAe?$AAr?$AA0?$AA2?$AA_?$AAC?$AAo?$AAd?$AAe?$AAP?$AAo?$AAi?$AAn?$AAt?$AA?$AA@ 10006b30     oscommon:osRgstry.obj
 0001:00005b68       ??_C@_1DG@JEHILPOM@?$AAD?$AAS?$AAC?$AAP?$AAC?$AAl?$AAa?$AAs?$AAs?$AAi?$AAf?$AAi?$AAe?$AAr?$AA0?$AA1?$AA_?$AAC?$AAo?$AAd?$AAe?$AAP?$AAo?$AAi?$AAn?$AAt?$AA?$AA@ 10006b68     oscommon:osRgstry.obj
 0001:00005ba0       ??_C@_1DG@BFFNNKML@?$AAD?$AAS?$AAC?$AAP?$AAC?$AAl?$AAa?$AAs?$AAs?$AAi?$AAf?$AAi?$AAe?$AAr?$AA0?$AA0?$AA_?$AAC?$AAo?$AAd?$AAe?$AAP?$AAo?$AAi?$AAn?$AAt?$AA?$AA@ 10006ba0     oscommon:osRgstry.obj
 0001:00005bd8       ??_C@_1DE@FCLHFNMJ@?$AAN?$AAu?$AAm?$AAO?$AAf?$AAD?$AAs?$AAt?$AAI?$AAP?$AAP?$AAo?$AAr?$AAt?$AAC?$AAl?$AAa?$AAs?$AAs?$AAi?$AAf?$AAi?$AAe?$AAr?$AAs?$AA?$AA@ 10006bd8     oscommon:osRgstry.obj
 0001:00005c0c       ??_C@_1DA@IAKJKEE@?$AAN?$AAu?$AAm?$AAO?$AAf?$AAD?$AAs?$AAt?$AAP?$AAo?$AAr?$AAt?$AAC?$AAl?$AAa?$AAs?$AAs?$AAi?$AAf?$AAi?$AAe?$AAr?$AAs?$AA?$AA@ 10006c0c     oscommon:osRgstry.obj
 0001:00005c3c       ??_C@_1CA@HOGGCJLD@?$AAN?$AAu?$AAm?$AAO?$AAf?$AAC?$AAo?$AAd?$AAe?$AAP?$AAo?$AAi?$AAn?$AAt?$AAs?$AA?$AA@ 10006c3c     oscommon:osRgstry.obj
 0001:00005c5c       ??_C@_1BG@FADILEML@?$AAC?$AAl?$AAs?$AAf?$AAr?$AA_?$AAT?$AAy?$AAp?$AAe?$AA?$AA@ 10006c5c     oscommon:osRgstry.obj
 0001:00005c74       ??_C@_1BC@GCGDANPP@?$AAM?$AAa?$AAx?$AAA?$AAM?$AAP?$AAD?$AAU?$AA?$AA@ 10006c74     oscommon:osRgstry.obj
 0001:00005c88       ??_C@_1CC@FFGNBIFO@?$AAP?$AAe?$AAr?$AAf?$AAo?$AAr?$AAm?$AAa?$AAn?$AAc?$AAe?$AAB?$AAo?$AAo?$AAs?$AAt?$AA?$AA@ 10006c88     oscommon:osRgstry.obj
 0001:00005cac       ??_C@_1DC@KDHFHJBL@?$AAQ?$AAO?$AAS?$AA_?$AAP?$AAa?$AAc?$AAk?$AAe?$AAt?$AAB?$AAu?$AAr?$AAs?$AAt?$AAT?$AAx?$AAO?$AAp?$AAL?$AAi?$AAm?$AAi?$AAt?$AA?$AA@ 10006cac     oscommon:osRgstry.obj
 0001:00005ce0       ??_C@_1CM@IFOFNKJI@?$AAQ?$AAO?$AAS?$AA_?$AAP?$AAa?$AAc?$AAk?$AAe?$AAt?$AAB?$AAu?$AAr?$AAs?$AAt?$AAE?$AAn?$AAa?$AAb?$AAl?$AAe?$AA?$AA@ 10006ce0     oscommon:osRgstry.obj
 0001:00005d10       ??_C@_1EC@ILNJJEKO@?$AAT?$AAr?$AAa?$AAf?$AAf?$AAi?$AAc?$AAM?$AAo?$AAn?$AAi?$AAt?$AAo?$AAr?$AAM?$AAi?$AAn?$AAI?$AAn?$AAt?$AAe?$AAr?$AAv?$AAa?$AAl?$AAP?$AAe?$AAr?$AAc?$AAe?$AAn?$AAt@ 10006d10     oscommon:osRgstry.obj
 0001:00005d58       ??_C@_1EC@DCEEEGEO@?$AAT?$AAr?$AAa?$AAf?$AAf?$AAi?$AAc?$AAI?$AAn?$AAt?$AAe?$AAn?$AAs?$AAi?$AAt?$AAy?$AAT?$AAh?$AAr?$AAe?$AAs?$AAh?$AAo?$AAl?$AAd?$AAE?$AAn?$AAa?$AAb?$AAl?$AAe?$AAd@ 10006d58     oscommon:osRgstry.obj
 0001:00005d9c       ??_C@_1DK@MJGDAFGO@?$AAT?$AAr?$AAa?$AAf?$AAf?$AAi?$AAc?$AAI?$AAn?$AAt?$AAe?$AAn?$AAs?$AAi?$AAt?$AAy?$AAT?$AAe?$AAs?$AAt?$AAI?$AAn?$AAt?$AAe?$AAr?$AAv?$AAa?$AAl?$AA?$AA@ 10006d9c     oscommon:osRgstry.obj
 0001:00005dd8       ??_C@_1DC@JIBADLKK@?$AAT?$AAr?$AAa?$AAf?$AAf?$AAi?$AAc?$AAI?$AAn?$AAt?$AAe?$AAn?$AAs?$AAi?$AAt?$AAy?$AAT?$AAh?$AAr?$AAe?$AAs?$AAL?$AAo?$AAw?$AA?$AA@ 10006dd8     oscommon:osRgstry.obj
 0001:00005e0c       ??_C@_1DE@NHCDFBNN@?$AAT?$AAr?$AAa?$AAf?$AAf?$AAi?$AAc?$AAI?$AAn?$AAt?$AAe?$AAn?$AAs?$AAi?$AAt?$AAy?$AAT?$AAh?$AAr?$AAe?$AAs?$AAH?$AAi?$AAg?$AAh?$AA?$AA@ 10006e0c     oscommon:osRgstry.obj
 0001:00005e40       ??_C@_1BK@JDCLPMHI@?$AAR?$AAx?$AAM?$AAe?$AAm?$AAB?$AAl?$AAk?$AAs?$AAN?$AAu?$AAm?$AA?$AA@ 10006e40     oscommon:osRgstry.obj
[...]
 0001:0006e580       measurementMgrSM_acFirmwareReset 1006f580 f   AirLink_Managment:measurementMgrSM.obj
 0001:0006f224       roamingMngr_printStatistics 10070224 f   Application:roamingMngr.obj
 0001:00070bfc       reminder64                 10071bfc f   Application:scanMngr.obj
 0001:000728a8       scanMngr_reportContinuousScanResults 100738a8 f   Application:scanMngr.obj
 0001:00076f90       roamingMngr_smRoamTrigger  10077f90 f   Application:roamingMngr_autoSM.obj
 0001:000770c4       roamingMngr_smInvokeScan   100780c4 f   Application:roamingMngr_autoSM.obj
 0001:00077154       roamingMngr_smSelection    10078154 f   Application:roamingMngr_autoSM.obj
 0001:000773e4       roamingMngr_smHandover     100783e4 f   Application:roamingMngr_autoSM.obj
 0001:000775dc       roamingMngr_smDisconnectWhileConnecting 100785dc f   Application:roamingMngr_autoSM.obj
 0001:00077674       roamingMngr_smSuccHandover 10078674 f   Application:roamingMngr_autoSM.obj
 0001:00077788       roamingMngr_smFailHandover 10078788 f   Application:roamingMngr_autoSM.obj
 0001:00077804       roamingMngr_smScanFailure  10078804 f   Application:roamingMngr_autoSM.obj
 0001:00077870       roamingMngr_smStartIdle    10078870 f   Application:roamingMngr_autoSM.obj
 0001:00077960       roamingMngr_smIdleToStart  10078960 f   Application:roamingMngr_manualSM.obj
 0001:00077974       roamingMngr_smSTOP         10078974 f   Application:roamingMngr_manualSM.obj
 0001:00077990       roamingMngr_smConnectedToScan 10078990 f   Application:roamingMngr_manualSM.obj
 0001:000779d4       roamingMngr_smConnectedToHandover 100789d4 f   Application:roamingMngr_manualSM.obj
 0001:00077a28       roamingMngr_smScanToConnected 10078a28 f   Application:roamingMngr_manualSM.obj
 0001:00077a60       roamingMngr_smHandoverToHandoverConnectEvent 10078a60 f   Application:roamingMngr_manualSM.obj
 0001:00077a84       roamingMngr_SendReassocEvent 10078a84 f   Application:roamingMngr_manualSM.obj
 0001:00077afc       roamingMngr_smHandoverToHandoverFailEvent 10078afc f   Application:roamingMngr_manualSM.obj
 0001:00077b10       roamingMngr_smHandoverToConnectedSuccessEvent 10078b10 f   Application:roamingMngr_manualSM.obj
 0001:00077b24       roamingMngr_smHandoverToConnectedRejectEvent 10078b24 f   Application:roamingMngr_manualSM.obj
 0001:0007a390       findBannedSiteAndCleanup   1007b390 f   Connection_Managment:rsn.obj
 0001:0007cf90       release_module             1007df90 f   Connection_Managment:conn.obj
 0001:0007cfe8       conn_DisconnectComplete    1007dfe8 f   Connection_Managment:conn.obj
 0001:0007ddc4       apConn_smEvent             1007edc4 f   Connection_Managment:apConn.obj
 0001:0007de9c       apConn_smNop               1007ee9c f   Connection_Managment:apConn.obj
 0001:0007deec       apConn_smUnexpected        1007eeec f   Connection_Managment:apConn.obj
 0001:0007df40       apConn_smStartWaitingForTriggers 1007ef40 f   Connection_Managment:apConn.obj
 0001:0007dff8       apConn_smConnectedToNewAP  1007eff8 f   Connection_Managment:apConn.obj
 0001:0007e150       apConn_smRetainAP          1007f150 f   Connection_Managment:apConn.obj
 0001:0007e210       apConn_smReportConnFail    1007f210 f   Connection_Managment:apConn.obj
 0001:0007e2a8       apConn_smConfigureDriverBeforeRoaming 1007f2a8 f   Connection_Managment:apConn.obj
 0001:0007e314       apConn_smSwChFinished      1007f314 f   Connection_Managment:apConn.obj
 0001:0007e374       apConn_qosMngrReportResultCallb 1007f374 f   Connection_Managment:apConn.obj
 0001:0007ebd0       apConn_smStopConnection    1007fbd0 f   Connection_Managment:apConn.obj
 0001:0007ec8c       apConn_smReportDisconnected 1007fc8c f   Connection_Managment:apConn.obj
 0001:0007ed7c       apConn_smRequestCCKM       1007fd7c f   Connection_Managment:apConn.obj
 0001:0007ed94       apConn_smInvokeConnectionToNewAp 1007fd94 f   Connection_Managment:apConn.obj
 0001:0007efa8       apConn_smHandleTspecReneg  1007ffa8 f   Connection_Managment:apConn.obj
 0001:0007f064       sme_SelectRsnMatch         10080064 f   Connection_Managment:smeSelect.obj
 0001:0007fb24       smeSm_Start                10080b24 f   Connection_Managment:smeSm.obj
 0001:0007fc04       smeSm_Stop                 10080c04 f   Connection_Managment:smeSm.obj
 0001:0007fc30       smeSm_Connect              10080c30 f   Connection_Managment:smeSm.obj
 0001:0007fd8c       smeSm_ConnectSuccess       10080d8c f   Connection_Managment:smeSm.obj
 0001:0007fe0c       smeSm_Disconnect           10080e0c f   Connection_Managment:smeSm.obj
 0001:0007fec4       smeSm_DisconnectDone       10080ec4 f   Connection_Managment:smeSm.obj
 0001:0007ff50       smeSm_StopScan             10080f50 f   Connection_Managment:smeSm.obj
 0001:0007ff68       smeSm_StopConnect          10080f68 f   Connection_Managment:smeSm.obj
 0001:0007fff4       smeSm_ConnWhenConnecting   10080ff4 f   Connection_Managment:smeSm.obj
 0001:00080080       smeSm_ActionUnexpected     10081080 f   Connection_Managment:smeSm.obj
 0001:000800d0       smeSm_NopAction            100810d0 f   Connection_Managment:smeSm.obj
 0001:00080120       smeSm_CheckStartConditions 10081120 f   Connection_Managment:smeSm.obj
 0001:0008014c       sme_updateScanCycles       1008114c f   Connection_Managment:smeSm.obj
 0001:000803e8       sme_StartScan              100813e8 f   Connection_Managment:smeSm.obj
 0001:0008077c       smeSm_PreConnect           1008177c f   Connection_Managment:smeSm.obj
 0001:00081bcc       ScrWait_to_JoinWait        10082bcc f   Connection_Managment:connInfra.obj
 0001:00081c34       JoinWait_to_mlmeWait       10082c34 f   Connection_Managment:connInfra.obj
 0001:00081da0       mlmeWait_to_WaitDisconnect 10082da0 f   Connection_Managment:connInfra.obj
 0001:00081e58       JoinWait_to_WaitDisconnect 10082e58 f   Connection_Managment:connInfra.obj
 0001:00081eac       mlmeWait_to_rsnWait        10082eac f   Connection_Managment:connInfra.obj
 0001:00081f9c       configHW_to_connected      10082f9c f   Connection_Managment:connInfra.obj
 0001:000820bc       actionUnexpected           100830bc f   Connection_Managment:connInfra.obj
 0001:00082110       actionNop                  10083110 f   Connection_Managment:connInfra.obj
 0001:00082118       connInfra_ScrWait          10083118 f   Connection_Managment:connInfra.obj
 0001:000822fc       ScrWait_to_idle            100832fc f   Connection_Managment:connInfra.obj
 0001:00082398       stopModules                10083398 f   Connection_Managment:connInfra.obj
 0001:00082418       prepare_send_disconnect    10083418 f   Connection_Managment:connInfra.obj
 0001:00082484       connInfra_WaitDisconnectToIdle 10083484 f   Connection_Managment:connInfra.obj
 0001:000824fc       connect_to_ScrWait         100834fc f   Connection_Managment:connInfra.obj
 0001:000825e0       Idle_to_Idle               100835e0 f   Connection_Managment:connInfra.obj
 0001:00082694       rsnWait_to_disconnect      10083694 f   Connection_Managment:connInfra.obj
 0001:0008273c       configHW_to_disconnect     1008373c f   Connection_Managment:connInfra.obj
 0001:00082800       connInfra_ScrWaitDisconn_to_disconnect 10083800 f   Connection_Managment:connInfra.obj
 0001:000828c4       rsnWait_to_configHW        100838c4 f   Connection_Managment:connInfra.obj
 0001:00082db4       selfWait_to_rsnWait        10083db4 f   Connection_Managment:connIbss.obj
 0001:00082e2c       rsnWait_to_connected       10083e2c f   Connection_Managment:connIbss.obj
 0001:00082ecc       selfw_merge_rsnw           10083ecc f   Connection_Managment:connIbss.obj
 0001:00082f50       rsnw_merge_rsnw            10083f50 f   Connection_Managment:connIbss.obj
 0001:00082f78       conn_merge_conn            10083f78 f   Connection_Managment:connIbss.obj
 0001:00082fa0       waitDisconnToCmplt_to_idle 10083fa0 f   Connection_Managment:connIbss.obj
 0001:00082fc0       actionUnexpected           10083fc0 f   Connection_Managment:connIbss.obj
 0001:00083014       actionNop                  10084014 f   Connection_Managment:connIbss.obj
 0001:00083024       selfWait_to_waitToDisconnCmplt 10084024 f   Connection_Managment:connIbss.obj
 0001:000830b8       rsnWait_to_waitToDisconnCmplt 100840b8 f   Connection_Managment:connIbss.obj
 0001:00083144       connected_to_waitToDisconnCmplt 10084144 f   Connection_Managment:connIbss.obj
 0001:00083170       idle_to_selfWait           10084170 f   Connection_Managment:connIbss.obj
 0001:000831ec       idle_to_rsnWait            100841ec f   Connection_Managment:connIbss.obj
 0001:00083b04       admCtrlWpa_get802_1x_AkmExists 10084b04 f   Connection_Managment:admCtrlWpa.obj
 0001:00085588       admCtrlWpa2_getPreAuthStatus 10086588 f   Connection_Managment:admCtrlWpa2.obj
 0001:000855d8       admCtrlWpa2_get802_1x_AkmExists 100865d8 f   Connection_Managment:admCtrlWpa2.obj
 0001:00086364       admCtrlWpa2_buildAndSendPMKIDCandList 10087364 f   Connection_Managment:admCtrlWpa2.obj
 0001:000869c0       admCtrlWpa2_startPreAuth   100879c0 f   Connection_Managment:admCtrlWpa2.obj
 0001:000874d0       mainKeys_smEvent           100884d0 f   Connection_Managment:mainKeysSm.obj
 0001:0008acac       cmdBld_ConfigFwCb          1008bcac f   Ctrl:CmdBld.obj
 0001:0008ad60       cmdBld_ConfigSeq           1008bd60 f   Ctrl:CmdBld.obj
 0001:0008b1c0       cmdBld_JoinCmpltForReconfigCb 1008c1c0 f   Ctrl:CmdBld.obj
 0001:0008b210       cmdBld_DummyCb             1008c210 f   Ctrl:CmdBld.obj
 0001:0008b398       __cmd_probe_req            1008c398 f   Ctrl:CmdBld.obj
 0001:0008b428       __cmd_null_data            1008c428 f   Ctrl:CmdBld.obj
 0001:0008b488       __cmd_burst_mode_enable    1008c488 f   Ctrl:CmdBld.obj
 0001:0008b4c0       __cmd_disconn              1008c4c0 f   Ctrl:CmdBld.obj
 0001:0008b520       __cmd_ps_poll              1008c520 f   Ctrl:CmdBld.obj
 0001:0008b580       __cmd_qos_null_data        1008c580 f   Ctrl:CmdBld.obj
 0001:0008b5e0       __cmd_probe_resp           1008c5e0 f   Ctrl:CmdBld.obj
 0001:0008b640       __cmd_beacon               1008c640 f   Ctrl:CmdBld.obj
 0001:0008b6a0       __cmd_keep_alive_tmpl      1008c6a0 f   Ctrl:CmdBld.obj
 0001:0008b738       __cfg_mem                  1008c738 f   Ctrl:CmdBld.obj
 0001:0008b770       __cfg_rx_msdu_life_time    1008c770 f   Ctrl:CmdBld.obj
 0001:0008b7a8       __cfg_rx                   1008c7a8 f   Ctrl:CmdBld.obj
 0001:0008b7ec       __cfg_ac_params_0          1008c7ec f   Ctrl:CmdBld.obj
 0001:0008b834       __cfg_ac_params_1          1008c834 f   Ctrl:CmdBld.obj
 0001:0008b87c       __cfg_ac_params_2          1008c87c f   Ctrl:CmdBld.obj
 0001:0008b8c4       __cfg_ac_params_3          1008c8c4 f   Ctrl:CmdBld.obj
 0001:0008b90c       __cfg_tid_0                1008c90c f   Ctrl:CmdBld.obj
 0001:0008b954       __cfg_tid_1                1008c954 f   Ctrl:CmdBld.obj
 0001:0008b99c       __cfg_tid_2                1008c99c f   Ctrl:CmdBld.obj
 0001:0008b9e4       __cfg_tid_3                1008c9e4 f   Ctrl:CmdBld.obj
 0001:0008ba2c       __cfg_ps_rx_streaming      1008ca2c f   Ctrl:CmdBld.obj
 0001:0008bac8       __cfg_rx_data_filter       1008cac8 f   Ctrl:CmdBld.obj
 0001:0008bbd8       __cfg_pd_threshold         1008cbd8 f   Ctrl:CmdBld.obj
 0001:0008bc10       __cfg_slot_time            1008cc10 f   Ctrl:CmdBld.obj
 0001:0008bc48       __cfg_arp_ip_filter        1008cc48 f   Ctrl:CmdBld.obj
 0001:0008bc8c       __cfg_group_address_table  1008cc8c f   Ctrl:CmdBld.obj
 0001:0008bce0       __cfg_service_period_timeout 1008cce0 f   Ctrl:CmdBld.obj
 0001:0008bd18       __cfg_rts_threshold        1008cd18 f   Ctrl:CmdBld.obj
 0001:0008bd54       __cfg_dco_itrim_params     1008cd54 f   Ctrl:CmdBld.obj
 0001:0008bd98       __cfg_fragment_threshold   1008cd98 f   Ctrl:CmdBld.obj
 0001:0008bdd4       __cfg_pm_config            1008cdd4 f   Ctrl:CmdBld.obj
 0001:0008be18       __cfg_beacon_filter_opt    1008ce18 f   Ctrl:CmdBld.obj
 0001:0008be5c       __cfg_beacon_filter_table  1008ce5c f   Ctrl:CmdBld.obj
 0001:0008beb0       __cfg_tx_cmplt_pacing      1008ceb0 f   Ctrl:CmdBld.obj
 0001:0008befc       __cfg_rx_intr_pacing       1008cefc f   Ctrl:CmdBld.obj
 0001:0008bf48       __cfg_cca_threshold        1008cf48 f   Ctrl:CmdBld.obj
 0001:0008bf88       __cfg_bcn_brc_options      1008cf88 f   Ctrl:CmdBld.obj
 0001:0008bfe4       __cmd_enable_rx            1008cfe4 f   Ctrl:CmdBld.obj
 0001:0008c018       __cmd_enable_tx            1008d018 f   Ctrl:CmdBld.obj
 0001:0008c060       __cfg_ps_wmm               1008d060 f   Ctrl:CmdBld.obj
 0001:0008c098       __cfg_rssi_snr_weights     1008d098 f   Ctrl:CmdBld.obj
 0001:0008c0d4       __cfg_event_scan_cmplt     1008d0d4 f   Ctrl:CmdBld.obj
 0001:0008c114       __cfg_event_sps_scan_cmplt 1008d114 f   Ctrl:CmdBld.obj
 0001:0008c154       __cfg_event_plt_rx_calibration_cmplt 1008d154 f   Ctrl:CmdBld.obj
 0001:0008c194       __cfg_hw_enc_dec_enable    1008d194 f   Ctrl:CmdBld.obj
 0001:0008c1cc       __cfg_rssi_snr_trigger_0   1008d1cc f   Ctrl:CmdBld.obj
 0001:0008c208       __cfg_rssi_snr_trigger_1   1008d208 f   Ctrl:CmdBld.obj
 0001:0008c244       __cfg_rssi_snr_trigger_2   1008d244 f   Ctrl:CmdBld.obj
 0001:0008c280       __cfg_rssi_snr_trigger_3   1008d280 f   Ctrl:CmdBld.obj
 0001:0008c2bc       __cfg_rssi_snr_trigger_4   1008d2bc f   Ctrl:CmdBld.obj
 0001:0008c2f8       __cfg_rssi_snr_trigger_5   1008d2f8 f   Ctrl:CmdBld.obj
 0001:0008c334       __cfg_rssi_snr_trigger_6   1008d334 f   Ctrl:CmdBld.obj
 0001:0008c370       __cfg_rssi_snr_trigger_7   1008d370 f   Ctrl:CmdBld.obj
 0001:0008c3ac       __cfg_max_tx_retry         1008d3ac f   Ctrl:CmdBld.obj
 0001:0008c3e8       __cfg_split_scan_timeout   1008d3e8 f   Ctrl:CmdBld.obj
 0001:0008c420       __cfg_conn_monit_params    1008d420 f   Ctrl:CmdBld.obj
 0001:0008c45c       __cfg_bet                  1008d45c f   Ctrl:CmdBld.obj
 0001:0008c4a0       __cfg_cts_protection       1008d4a0 f   Ctrl:CmdBld.obj
 0001:0008c4d8       __cfg_radio_params         1008d4d8 f   Ctrl:CmdBld.obj
 0001:0008c514       __cfg_extended_radio_params 1008d514 f   Ctrl:CmdBld.obj
 0001:0008c550       __cfg_platform_params      1008d550 f   Ctrl:CmdBld.obj
 0001:0008c58c       __cfg_tx_rate_policy       1008d58c f   Ctrl:CmdBld.obj
 0001:0008c5d4       __cmd_beacon_join          1008d5d4 f   Ctrl:CmdBld.obj
 0001:0008c648       __cmd_probe_resp_join      1008d648 f   Ctrl:CmdBld.obj
 0001:0008c6c0       __cmd_probe_req_join       1008d6c0 f   Ctrl:CmdBld.obj
 0001:0008c764       __cmd_null_data_join       1008d764 f   Ctrl:CmdBld.obj
 0001:0008c7d8       __cmd_qos_null_data_join   1008d7d8 f   Ctrl:CmdBld.obj
 0001:0008c84c       __cmd_disconn_join         1008d84c f   Ctrl:CmdBld.obj
 0001:0008c8c8       __cmd_ps_poll_join         1008d8c8 f   Ctrl:CmdBld.obj
 0001:0008c940       __cmd_arp_rsp              1008d940 f   Ctrl:CmdBld.obj
 0001:0008c9a0       __cmd_arp_rsp_join         1008d9a0 f   Ctrl:CmdBld.obj
 0001:0008ca18       __cmd_keep_alive_tmpl_join 1008da18 f   Ctrl:CmdBld.obj
 0001:0008cb04       __cmd_keep_alive_params    1008db04 f   Ctrl:CmdBld.obj
 0001:0008cc10       __cmd_power_auth           1008dc10 f   Ctrl:CmdBld.obj
 0001:0008cc48       __cmd_start_join           1008dc48 f   Ctrl:CmdBld.obj
 0001:0008cccc       __cmd_sta_state            1008dccc f   Ctrl:CmdBld.obj
 0001:0008cd14       __cfg_aid                  1008dd14 f   Ctrl:CmdBld.obj
 0001:0008cd60       __cfg_slot_time_join       1008dd60 f   Ctrl:CmdBld.obj
 0001:0008cda8       __cfg_preamble_join        1008dda8 f   Ctrl:CmdBld.obj
 0001:0008cdf0       __cfg_ht_capabilities      1008ddf0 f   Ctrl:CmdBld.obj
 0001:0008ce68       __cfg_ht_information       1008de68 f   Ctrl:CmdBld.obj
 0001:0008cee4       __cfg_ba_set_session       1008dee4 f   Ctrl:CmdBld.obj
 0001:0008d188       __cfg_tx_power_join        1008e188 f   Ctrl:CmdBld.obj
 0001:0008d1d0       __cfg_keys                 1008e1d0 f   Ctrl:CmdBld.obj
 0001:0008d3b8       __cfg_sg_enable            1008e3b8 f   Ctrl:CmdBld.obj
 0001:0008d3f0       __cfg_sg                   1008e3f0 f   Ctrl:CmdBld.obj
 0001:0008d438       __cfg_fm_coex              1008e438 f   Ctrl:CmdBld.obj
 0001:0008d470       __cfg_rate_management      1008e470 f   Ctrl:CmdBld.obj
 0001:00094074       autoDetectCb               10095074 f   Ctrl:CmdBldCfgIE.obj
 0001:000956b0       RxQueue_PassPacket         100966b0 f   Data_Service:RxQueue.obj
 0001:00095734       RxQueue_PacketTimeOut      10096734 f   Data_Service:RxQueue.obj
 0001:00096ec4       hwInit_SetPartition        10097ec4 f   FW_Transfer:HwInit.obj
 0001:00096f68       hwInit_FinalizeDownloadSm  10097f68 f   FW_Transfer:HwInit.obj
 0001:0009763c       hwInit_EepromlessStartBurstSm 1009863c f   FW_Transfer:HwInit.obj
 0001:00097a48       hwInit_LoadFwImageSm       10098a48 f   FW_Transfer:HwInit.obj
 0001:000984b4       hwInit_TopRegisterWrite    100994b4 f   FW_Transfer:HwInit.obj
 0001:00098848       hwInit_BootSm              10099848 f   FW_Transfer:HwInit.obj
 0001:00099578       hwInit_TopRegisterRead     1009a578 f   FW_Transfer:HwInit.obj
 0001:0009999c       fwEvent_CallHandlers       1009a99c f   FW_Transfer:FwEvent.obj
 0001:00099c9c       fwEvent_StateMachine       1009ac9c f   FW_Transfer:FwEvent.obj
 0001:00099f10       fwEvent_NewEvent           1009af10 f   FW_Transfer:FwEvent.obj
 0001:0009a1b8       fwDbg_WriteAddrCb          1009b1b8 f   FW_Transfer:fwDebug.obj
 0001:0009a1e0       fwDbg_ReadAddrCb           1009b1e0 f   FW_Transfer:fwDebug.obj
 0001:0009a220       fwDbg_SdioValidationSM     1009b220 f   FW_Transfer:fwDebug.obj
 0001:0009a854       eventMbox_DummyCb          1009b854 f   FW_Transfer:eventMbox.obj
 0001:0009a8a0       eventMbox_ReadAddrCb       1009b8a0 f   FW_Transfer:eventMbox.obj
 0001:0009ad60       eventMbox_ReadCompleteCB   1009bd60 f   FW_Transfer:eventMbox.obj
 0001:0009b5e0       rxXfer_ForwardPacket       1009c5e0 f   FW_Transfer:RxXfer.obj
 0001:0009b77c       rxXfer_IssueTxn            1009c77c f   FW_Transfer:RxXfer.obj
 0001:0009b888       rxXfer_PktDropTxnDoneCb    1009c888 f   FW_Transfer:RxXfer.obj
 0001:0009b9d8       rxXfer_Handle              1009c9d8 f   FW_Transfer:RxXfer.obj
 0001:0009be20       rxXfer_TxnDoneCb           1009ce20 f   FW_Transfer:RxXfer.obj
 0001:0009c158       txResult_HandleNewResults  1009d158 f   FW_Transfer:txResult.obj
 0001:0009c398       txResult_StateMachine      1009d398 f   FW_Transfer:txResult.obj
 0001:0009c6ec       txXfer_SendAggregatedPkts  1009d6ec f   FW_Transfer:txXfer.obj
 0001:0009c91c       txXfer_TransferDoneCb      1009d91c f   FW_Transfer:txXfer.obj
 0001:0009f120       powerSrv802_11PsReport     100a0120 f   MacServices:PowerSrv.obj
 0001:0009fc50       scanSRVSM_PsFailWhileScanning 100a0c50 f   MacServices:ScanSrvSM.obj
 0001:0009fd68       actionUnexpected           100a0d68 f   MacServices:ScanSrvSM.obj
 0001:0009fdf8       actionNop                  100a0df8 f   MacServices:ScanSrvSM.obj
 0001:000a10c8       measurementSRVSM_requestMeasureStartResponseCB 100a20c8 f   MacServices:MeasurementSrvSM.obj
 0001:000a1ae8       powerSrvSmDoUpdateRequest  100a2ae8 f   MacServices:PowerSrvSM.obj
 0001:000a1b18       powerSrvSmDoPending        100a2b18 f   MacServices:PowerSrvSM.obj
 0001:000a1b2c       powerSrvSmDoAllready       100a2b2c f   MacServices:PowerSrvSM.obj
 0001:000a1b40       powerSrvSMActionUnexpected 100a2b40 f   MacServices:PowerSrvSM.obj
 0001:000a1b94       powerSrvSmSMEvent          100a2b94 f   MacServices:PowerSrvSM.obj
 0001:000a1c8c       powerSrvSMTimerExpired     100a2c8c f   MacServices:PowerSrvSM.obj
 0001:000a1e68       powerSrvSMSendMBXConfiguration 100a2e68 f   MacServices:PowerSrvSM.obj
 0001:000a1f38       powerSrvSmDoEnterPowerSave 100a2f38 f   MacServices:PowerSrvSM.obj
 0001:000a1f58       powerSrvSmDoExitPowerSave  100a2f58 f   MacServices:PowerSrvSM.obj
